******************************************************************************
                  TI ARM Linker Unix v16.9.6                   
******************************************************************************
>> Linked Wed May  8 04:59:58 2019

OUTPUT FILE NAME:   <test/xwr68xx_dopplerprochwa_mss.xer4f>
ENTRY POINT SYMBOL: "_c_int00"  address: 0000bee0


MEMORY CONFIGURATION

         name            origin    length      used     unused   attr    fill
----------------------  --------  ---------  --------  --------  ----  --------
PAGE 0:
  VECTORS               00000000   00000100  0000003c  000000c4     X
  PROG_RAM              00000100   0007ff00  0001132c  0006ebd4  R  X
  DATA_RAM              08000000   00030000  0001d88e  00012772  RW  
  L3_RAM                51000000   000c0000  000c0000  00000000  RW  
  HWA_RAM               52030000   00010000  00000000  00010000  RW  
  HS_RAM                52080000   00008000  00000000  00008000  RW  

PAGE 1:
  L3_RAM                51000000   000c0000  00000000  000c0000  RW  


SEGMENT ALLOCATION MAP

run origin  load origin   length   init length attrs members
----------  ----------- ---------- ----------- ----- -------
00000000    00000000    0000003c   0000003c    r--
  00000000    00000000    0000003c   0000003c    r-- .vecs
00000100    00000100    00011338   00011338    r-x
  00000100    00000100    0000eb22   0000eb22    r-x .text
  0000ec28    0000ec28    00002532   00002532    r-- .const
  00011160    00011160    000002d8   000002d8    r-- .cinit
08000000    08000000    0001d890   00000000    rw-
  08000000    08000000    00013c00   00000000    rw- .tcmb
  08013c00    08013c00    00005f96   00000000    rw- .bss
  08019b96    08019b96    00002400   00000000    rw- .MCPILogBuffer
  0801bf98    0801bf98    00001000   00000000    rw- .stack
  0801cf98    0801cf98    000008f8   00000000    rw- .data
51000000    51000000    000c0000   00000000    rw-
  51000000    51000000    000c0000   00000000    rw- .l3ram


SECTION ALLOCATION MAP

 output                                  attributes/
section   page    origin      length       input sections
--------  ----  ----------  ----------   ----------------
.vecs      0    00000000    0000003c     
                  00000000    0000003c     mss_per4ft.oer4ft (.vecs)

xdc.meta   0    00000000    0000010d     COPY SECTION
                  00000000    0000010d     mss_per4ft.oer4ft (xdc.meta)

.text      0    00000100    0000eb22     
                  00000100    0000107a     rtsv7R4_T_le_v3D16_eabi.lib : _printfi.obj (.text)
                  0000117a    00000002     libhwa_xwr68xx.aer4f : hwa.oer4f (.text:HWA_init)
                  0000117c    00000778     rtsv7R4_T_le_v3D16_eabi.lib : s_cosf.obj (.text)
                  000018f4    000006e4                                 : s_sinf.obj (.text)
                  00001fd8    000006dc     doppleprochwa_test_main.oer4f (.text:Test_task)
                  000026b4    00000670     libdopplerproc_hwa_xwr68xx.aer4f : dopplerprochwa.oer4f (.text:DPU_DopplerProcHWA_config)
                  00002d24    000005fc     rtsv7R4_T_le_v3D16_eabi.lib : k_rem_pio2.obj (.text)
                  00003320    00000578     libhwa_xwr68xx.aer4f : hwa.oer4f (.text:HWA_configParamSet)
                  00003898    00000008     doppleprochwa_test_main.oer4f (.text:Cycleprofiler_init)
                  000038a0    000004e1     sysbios.aer4ft : BIOS.obj (.text:xdc_runtime_System_doPrint__I)
                  00003d81    00000001     --HOLE-- [fill = 0]
                  00003d82    00000002     rtsv7R4_T_le_v3D16_eabi.lib : i_div0.obj (.text)
                  00003d84    000003f4                                 : s_cos.obj (.text)
                  00004178    000003f4                                 : s_sin.obj (.text)
                  0000456c    0000037c     doppleprochwa_test_main.oer4f (.text:Test_printResults)
                  000048e8    00000314     doppleprochwa_test_main.oer4f (.text:Test_cubedata_gen)
                  00004bfc    0000030c     doppleprochwa_test_main.oer4f (.text:Test_2Dfft_ref)
                  00004f08    00000300     libsoc_xwr68xx.aer4f : soc_xwr68xx_mss.oer4f (.text:SOC_deviceInit)
                  00005208    000002ec     rtsv7R4_T_le_v3D16_eabi.lib : ll_div32.obj (.text)
                  000054f4    0000000c     libedma_xwr68xx.aer4f : edma_low_level.oer4f (.text:EDMA3ChannelToParamMap)
                  00005500    000002e4     sysbios.aer4ft : BIOS.obj (.text:ti_sysbios_knl_Semaphore_pend__E)
                  000057e4    000002b8     rtsv7R4_T_le_v3D16_eabi.lib : ull_div32.obj (.text)
                  00005a9c    00000004     libedma_xwr68xx.aer4f : edma.oer4f (.text:EDMA_getNumInstances)
                  00005aa0    000002a4     sysbios.aer4ft : BIOS.obj (.text:ti_sysbios_heaps_HeapMem_freeUnprotected__E)
                  00005d44    0000000c     libedma_xwr68xx.aer4f : edma_low_level.oer4f (.text:EDMAsetRegion)
                  00005d50    00000280     sysbios.aer4ft : BIOS.obj (.text:ti_sysbios_family_arm_exc_Exception_excDumpContext__I)
                  00005fd0    00000264     rtsv7R4_T_le_v3D16_eabi.lib : e_log.obj (.text)
                  00006234    0000025c     doppleprochwa_test_main.oer4f (.text:dopplerProc_test_hwaEdmainit)
                  00006490    0000022c     sysbios.aer4ft : BIOS.obj (.text:ti_sysbios_knl_Task_Instance_finalize__E)
                  000066bc    00000004     libosal_xwr68xx.aer4f : HwiP_tirtos.oer4f (.text:HwiP_disableInterrupt)
                  000066c0    00000228     sysbios.aer4ft : BIOS.obj (.text:ti_sysbios_heaps_HeapMem_allocUnprotected__E)
                  000068e8    000001fc     doppleprochwa_test_main.oer4f (.text:Test_2Dfft_refGen)
                  00006ae4    000001f2     libhwa_xwr68xx.aer4f : hwa.oer4f (.text:HWA_configCommon)
                  00006cd6    00000002     rtsv7R4_T_le_v3D16_eabi.lib : l_div0.obj (.text)
                  00006cd8    000001dc                                 : e_log2.obj (.text)
                  00006eb4    0000000c     sysbios.aer4ft : arm_IntrinsicsSupport_asm.obj (.text:_ti_sysbios_family_arm_IntrinsicsSupport_maxbitA)
                  00006ec0    000001d8                    : BIOS.obj (.text:ti_sysbios_knl_Task_Module_startup__E)
                  00007098    000001c8     rtsv7R4_T_le_v3D16_eabi.lib : fopen.obj (.text)
                  00007260    000001c8     sysbios.aer4ft : BIOS.obj (.text:ti_sysbios_knl_Task_Instance_init__E)
                  00007428    000001c0     libedma_xwr68xx.aer4f : edma.oer4f (.text:EDMA_open)
                  000075e8    00000188                           : edma.oer4f (.text:EDMA_configChannel)
                  00007770    00000188     libhwa_xwr68xx.aer4f : hwa.oer4f (.text:HWA_open)
                  000078f8    00000008     libdopplerproc_hwa_xwr68xx.aer4f : dopplerprochwa.oer4f (.text:DPU_DopplerProcHWA_edmaDoneIsrCallback)
                  00007900    0000017c     sysbios.aer4ft : BIOS.obj (.text:ti_sysbios_family_arm_exc_Exception_excHandler__I)
                  00007a7c    00000160     doppleprochwa_test_main.oer4f (.text:Test_window2DCoef_gen)
                  00007bdc    00000004     libosal_xwr68xx.aer4f : HwiP_tirtos.oer4f (.text:HwiP_enableInterrupt)
                  00007be0    00000160     sysbios.aer4ft : BIOS.obj (.text:ti_sysbios_family_arm_v7r_vim_Hwi_reconfig__E)
                  00007d40    00000144                    : BIOS.obj (.text:ti_sysbios_timers_rti_Timer_Module_startup__E)
                  00007e84    0000000c     rtsv7R4_T_le_v3D16_eabi.lib : copy_zero_init.obj (.text:decompress:ZI)
                  00007e90    00000140     sysbios.aer4ft : BIOS.obj (.text:ti_sysbios_heaps_HeapMem_Instance_init__E)
                  00007fd0    00000140                    : BIOS.obj (.text:xdc_runtime_Core_createObject__I)
                  00008110    0000013c                    : BIOS.obj (.text:ti_sysbios_family_arm_v7r_vim_Hwi_dispatchIRQC__I)
                  0000824c    00000138     rtsv7R4_T_le_v3D16_eabi.lib : fputs.obj (.text)
                  00008384    00000134     doppleprochwa_test_main.oer4f (.text:main)
                  000084b8    00000008     libdopplerproc_hwa_xwr68xx.aer4f : dopplerprochwa.oer4f (.text:DPU_DopplerProcHWA_hwaDoneIsrCallback)
                  000084c0    00000134     sysbios.aer4ft : BIOS.obj (.text:xdc_runtime_Startup_startMods__I)
                  000085f4    0000000c                    : BIOS.obj (.text:ti_sysbios_family_arm_v7a_Pmu_configureCounterI__I)
                  00008600    00000130                    : BIOS.obj (.text:xdc_runtime_Error_policyDefault__E)
                  00008730    00000124     libedma_xwr68xx.aer4f : edma.oer4f (.text:EDMA_init)
                  00008854    00000124     gen_rand_data.oer4f (.text:GaussianNoise)
                  00008978    00000120     libtestlogger_xwr68xx.aer4f : logger.oer4f (.text:MCPI_setFeatureTestResult)
                  00008a98    0000011c     doppleprochwa_test_main.oer4f (.text:dopplerProc_test_dpuConfig)
                  00008bb4    00000114     libedma_xwr68xx.aer4f : edma.oer4f (.text:EDMA_configErrorMonitoring)
                  00008cc8    00000110                           : edma.oer4f (.text:EDMA_transferComplete_isr)
                  00008dd8    0000010c     libdpedma_hwa_xwr68xx.aer4f : dpedma.oer4f (.text:DPEDMA_configSyncAB)
                  00008ee4    0000000c     sysbios.aer4ft : BIOS.obj (.text:ti_sysbios_family_arm_v7a_Pmu_getCountI__E)
                  00008ef0    0000010c                    : BIOS.obj (.text:xdc_runtime_Core_constructObject__I)
                  00008ffc    00000108     doppleprochwa_test_main.oer4f (.text:Test_setProfile)
                  00009104    00000104     libdpedma_hwa_xwr68xx.aer4f : dpedma.oer4f (.text:DPEDMA_configSyncA_singleFrame)
                  00009208    00000008     libosal_xwr68xx.aer4f : HwiP_tirtos.oer4f (.text:HwiP_disable)
                  00009210    00000104     sysbios.aer4ft : BIOS.obj (.text:ti_sysbios_timers_rti_Timer_getFreq__E)
                  00009314    000000f8     mss_per4ft.oer4ft (.text:xdc_runtime_System_printfExtend__I)
                  0000940c    000000ec     rtsv7R4_T_le_v3D16_eabi.lib : s_scalbn.obj (.text)
                  000094f8    00000008     libosal_xwr68xx.aer4f : SemaphoreP_tirtos.oer4f (.text:SemaphoreP_Params_init)
                  00009500    000000ec     sysbios.aer4ft : BIOS.obj (.text:ti_sysbios_heaps_HeapBuf_Module_startup__E)
                  000095ec    000000e8     libdopplerproc_hwa_xwr68xx.aer4f : dopplerprochwa.oer4f (.text:DPU_DopplerProcHWA_process)
                  000096d4    0000000c     mss_per4ft.oer4ft (.text:ti_sysbios_knl_Queue_Object__get__S)
                  000096e0    000000e8     sysbios.aer4ft : BIOS.obj (.text:ti_sysbios_family_arm_v7r_vim_Hwi_Instance_init__E)
                  000097c8    000000e2     libedma_xwr68xx.aer4f : edma.oer4f (.text:EDMA_paramConfig_assist)
                  000098aa    00000002     mss_per4ft.oer4ft (.text:ti_sysbios_BIOS_nullFunc__I)
                  000098ac    000000e0     rtsv7R4_T_le_v3D16_eabi.lib : s_floor.obj (.text)
                  0000998c    000000dc                                 : setvbuf.obj (.text)
                  00009a68    00000008     sysbios.aer4ft : BIOS.obj (.text:ti_sysbios_family_arm_v7a_Pmu_getEnabled__E)
                  00009a70    000000dc                    : BIOS.obj (.text:ti_sysbios_knl_Semaphore_post__E)
                  00009b4c    000000d4     libdopplerproc_hwa_xwr68xx.aer4f : dopplerprochwa.oer4f (.text:DPU_DopplerProcHWA_init)
                  00009c20    000000d0     sysbios.aer4ft : exc_Exception_asm.obj (.text:ti_sysbios_family_arm_exc_Exception_excHandlerAsm__I)
                  00009cf0    000000cc     libhwa_xwr68xx.aer4f : hwa.oer4f (.text:HWA_enableParamSetInterrupt)
                  00009dbc    000000cc     rtsv7R4_T_le_v3D16_eabi.lib : fflush.obj (.text)
                  00009e88    00000006     libosal_xwr68xx.aer4f : CycleprofilerP_tirtos.oer4f (.text:CycleprofilerP_getTimeStamp)
                  00009e8e    00000002     mss_per4ft.oer4ft (.text:xdc_runtime_Startup_reset__I)
                  00009e90    000000cc     sysbios.aer4ft : BIOS.obj (.text:ti_sysbios_knl_Task_checkStacks__E)
                  00009f5c    000000ca     libdpedma_hwa_xwr68xx.aer4f : dpedmahwa.oer4f (.text:DPEDMAHWA_configOneHotSignature)
                  0000a026    0000000a     libosal_xwr68xx.aer4f : MemoryP_tirtos.oer4f (.text:MemoryP_ctrlFree)
                  0000a030    000000c4     sysbios.aer4ft : BIOS.obj (.text:ti_sysbios_family_arm_v7a_Pmu_configureCounter__E)
                  0000a0f4    0000000a     libosal_xwr68xx.aer4f : SemaphoreP_tirtos.oer4f (.text:SemaphoreP_post)
                  0000a0fe    00000002     --HOLE-- [fill = 0]
                  0000a100    000000c4     sysbios.aer4ft : BIOS.obj (.text:ti_sysbios_family_arm_v7r_vim_Hwi_Module_startup__E)
                  0000a1c4    0000000a                    : tms570_Core_asm.obj (.text:ti_sysbios_family_arm_v7r_tms570_Core_getId__E)
                  0000a1ce    00000002     --HOLE-- [fill = 0]
                  0000a1d0    000000c4                    : BIOS.obj (.text:ti_sysbios_knl_Task_postInit__I)
                  0000a294    0000000a     mss_per4ft.oer4ft (.text:xdc_runtime_IHeap_alloc)
                  0000a29e    00000002     --HOLE-- [fill = 0]
                  0000a2a0    000000c0     sysbios.aer4ft : BIOS.obj (.text:ti_sysbios_timers_rti_Timer_startup__E)
                  0000a360    000000bc     rtsv7R4_T_le_v3D16_eabi.lib : open.obj (.text)
                  0000a41c    000000b8                                 : k_cos.obj (.text)
                  0000a4d4    000000b6     libsoc_xwr68xx.aer4f : soc_mpu.o (.text)
                  0000a58a    00000002     --HOLE-- [fill = 0]
                  0000a58c    000000b4     libedma_xwr68xx.aer4f : edma.oer4f (.text:EDMA_startTransfer)
                  0000a640    000000b4     sysbios.aer4ft : BIOS.obj (.text:ti_sysbios_gates_GateMutex_enter__E)
                  0000a6f4    0000000a     mss_per4ft.oer4ft (.text:xdc_runtime_IHeap_free)
                  0000a6fe    00000002     --HOLE-- [fill = 0]
                  0000a700    000000b0     sysbios.aer4ft : BIOS.obj (.text:ti_sysbios_knl_Swi_restoreHwi__E)
                  0000a7b0    000000b0                    : BIOS.obj (.text:ti_sysbios_knl_Task_exit__E)
                  0000a860    000000b0                    : BIOS.obj (.text:xdc_runtime_Text_putMod__E)
                  0000a910    000000ae     rtsv7R4_T_le_v3D16_eabi.lib : _io_perm.obj (.text)
                  0000a9be    00000002     --HOLE-- [fill = 0]
                  0000a9c0    000000ac     libesm_xwr68xx.aer4f : esm.oer4f (.text:ESM_processInterrupt)
                  0000aa6c    000000a8     libedma_xwr68xx.aer4f : edma_low_level.oer4f (.text:EDMA3Init)
                  0000ab14    000000a4     libesm_xwr68xx.aer4f : esm.oer4f (.text:ESM_init)
                  0000abb8    000000a4     libsoc_xwr68xx.aer4f : soc_xwr68xx_mss.oer4f (.text:SOC_unhaltDSS)
                  0000ac5c    000000a4     rtsv7R4_T_le_v3D16_eabi.lib : k_sin.obj (.text)
                  0000ad00    000000a2     sysbios.aer4ft : BIOS.obj (.text:xdc_runtime_Text_putSite__E)
                  0000ada2    00000002     --HOLE-- [fill = 0]
                  0000ada4    000000a0     auto_init.aer4ft : auto_init.oer4ft (.text)
                  0000ae44    0000009c     rtsv7R4_T_le_v3D16_eabi.lib : memcpy_t2.obj (.text)
                  0000aee0    0000009c     sysbios.aer4ft : BIOS.obj (.text:ti_sysbios_family_arm_v7r_vim_Hwi_initIntController__I)
                  0000af7c    00000004     mss_per4ft.oer4ft (.text:ti_sysbios_BIOS_RtsGateProxy_enter__E)
                  0000af80    0000009c     sysbios.aer4ft : BIOS.obj (.text:ti_sysbios_family_arm_v7r_vim_Hwi_mapChannel__I)
                  0000b01c    00000004     mss_per4ft.oer4ft (.text:ti_sysbios_BIOS_RtsGateProxy_leave__E)
                  0000b020    0000009c     sysbios.aer4ft : BIOS.obj (.text:ti_sysbios_knl_Semaphore_Instance_init__E)
                  0000b0bc    00000004     mss_per4ft.oer4ft (.text:ti_sysbios_family_arm_TaskSupport_Module__startupDone__S)
                  0000b0c0    0000009c     sysbios.aer4ft : BIOS.obj (.text:ti_sysbios_knl_Swi_runLoop__I)
                  0000b15c    00000098     rtsv7R4_T_le_v3D16_eabi.lib : fclose.obj (.text)
                  0000b1f4    00000098                                 : fputc.obj (.text)
                  0000b28c    00000098     sysbios.aer4ft : vim_Hwi_asm_switch.obj (.text)
                  0000b324    00000096     libedma_xwr68xx.aer4f : edma.oer4f (.text:EDMA_getErrorStatusInfo)
                  0000b3ba    00000096     libhwa_xwr68xx.aer4f : hwa.oer4f (.text:HWA_configRam)
                  0000b450    00000094     rtsv7R4_T_le_v3D16_eabi.lib : snprintf.obj (.text)
                  0000b4e4    00000094     sysbios.aer4ft : vim_Hwi_asm.obj (.text:ti_sysbios_family_arm_v7r_vim_Hwi_dispatchIRQ__I)
                  0000b578    00000091     doppleprochwa_test_main.oer4f (.text:MmwDemo_EDMA_errorCallbackFxn)
                  0000b609    00000001     --HOLE-- [fill = 0]
                  0000b60a    00000006     libedma_xwr68xx.aer4f : edma_low_level.oer4f (.text:EDMA3ClrCCErr)
                  0000b610    00000090     sysbios.aer4ft : BIOS.obj (.text:ti_sysbios_family_arm_v7a_Pmu_startCounter__E)
                  0000b6a0    0000008c     libsoc_xwr68xx.aer4f : soc_xwr68xx.oer4f (.text:SOC_translateAddress)
                  0000b72c    00000004     mss_per4ft.oer4ft (.text:ti_sysbios_family_arm_v7r_vim_Hwi_delete)
                  0000b730    0000008c     sysbios.aer4ft : BIOS.obj (.text:ti_sysbios_family_arm_v7a_Pmu_getCount__E)
                  0000b7bc    00000004     mss_per4ft.oer4ft (.text:ti_sysbios_heaps_HeapMem_Module_GateProxy_enter__E)
                  0000b7c0    0000008c     sysbios.aer4ft : BIOS.obj (.text:ti_sysbios_family_arm_v7r_vim_Hwi_Instance_finalize__E)
                  0000b84c    00000004     mss_per4ft.oer4ft (.text:ti_sysbios_heaps_HeapMem_Module_GateProxy_leave__E)
                  0000b850    0000008c     sysbios.aer4ft : BIOS.obj (.text:xdc_runtime_Memory_alloc__E)
                  0000b8dc    00000088     libhwa_xwr68xx.aer4f : hwa.oer4f (.text:HWA_disableParamSetInterrupt)
                  0000b964    00000088     libsoc_xwr68xx.aer4f : soc.oer4f (.text:SOC_init)
                  0000b9ec    00000082     libhwa_xwr68xx.aer4f : hwa.oer4f (.text:HWA_paramDoneISR)
                  0000ba6e    00000002     --HOLE-- [fill = 0]
                  0000ba70    00000080     sysbios.aer4ft : BIOS.obj (.text:ti_sysbios_timers_rti_Timer_initDevice__I)
                  0000baf0    0000007e     libosal_xwr68xx.aer4f : HwiP_tirtos.oer4f (.text:HwiP_create)
                  0000bb6e    0000007c     libedma_xwr68xx.aer4f : edma.oer4f (.text:EDMA_clearErrors)
                  0000bbea    00000002     --HOLE-- [fill = 0]
                  0000bbec    0000007c     sysbios.aer4ft : arm_TaskSupport_asm.obj (.text:_ti_sysbios_family_arm_TaskSupport_buildTaskStack)
                  0000bc68    00000006     libedma_xwr68xx.aer4f : edma_low_level.oer4f (.text:EDMA3ErrIntrHighStatusGet)
                  0000bc6e    00000002     --HOLE-- [fill = 0]
                  0000bc70    0000007c     sysbios.aer4ft : BIOS.obj (.text:ti_sysbios_knl_Clock_workFunc__E)
                  0000bcec    00000004     mss_per4ft.oer4ft (.text:ti_sysbios_knl_Clock_TimerProxy_getMaxTicks__E)
                  0000bcf0    0000007c     sysbios.aer4ft : BIOS.obj (.text:ti_sysbios_timers_rti_Timer_setPeriodMicroSecs__E)
                  0000bd6c    00000004     mss_per4ft.oer4ft (.text:xdc_runtime_System_Module_GateProxy_enter__E)
                  0000bd70    0000007c     sysbios.aer4ft : BIOS.obj (.text:xdc_runtime_Core_deleteObject__I)
                  0000bdec    0000007a     rtsv7R4_T_le_v3D16_eabi.lib : memset_t2.obj (.text)
                  0000be66    00000002     --HOLE-- [fill = 0]
                  0000be68    00000078     libedma_xwr68xx.aer4f : edma.oer4f (.text:EDMA_configParamSet)
                  0000bee0    00000074     boot.aer4ft : boot.oer4ft (.text)
                  0000bf54    00000074     rtsv7R4_T_le_v3D16_eabi.lib : getdevice.obj (.text)
                  0000bfc8    00000074                                 : s_frexp.obj (.text)
                  0000c03c    00000070     libhwa_xwr68xx.aer4f : hwa.oer4f (.text:HWA_close)
                  0000c0ac    00000070                          : hwa.oer4f (.text:HWA_getDriverAccess)
                  0000c11c    00000070     rtsv7R4_T_le_v3D16_eabi.lib : printf.obj (.text)
                  0000c18c    00000004     mss_per4ft.oer4ft (.text:xdc_runtime_System_Module_GateProxy_leave__E)
                  0000c190    00000070     sysbios.aer4ft : BIOS.obj (.text:xdc_runtime_Error_print__E)
                  0000c200    00000070                    : BIOS.obj (.text:xdc_runtime_Text_visitRope2__I)
                  0000c270    0000006c     rtsv7R4_T_le_v3D16_eabi.lib : copy_decompress_lzss.obj (.text:decompress:lzss)
                  0000c2dc    0000006c                                 : trgmsg.obj (.text)
                  0000c348    00000068                                 : hostlseek.obj (.text)
                  0000c3b0    00000068                                 : hostrename.obj (.text)
                  0000c418    00000064     libedma_xwr68xx.aer4f : edma.oer4f (.text:EDMA_getTransferControllerErrorStatusInfo)
                  0000c47c    00000064     libhwa_xwr68xx.aer4f : hwa.oer4f (.text:HWA_getDMAChanIndex)
                  0000c4e0    00000064     libosal_xwr68xx.aer4f : SemaphoreP_tirtos.oer4f (.text:SemaphoreP_create)
                  0000c544    00000064     rtsv7R4_T_le_v3D16_eabi.lib : fseek.obj (.text)
                  0000c5a8    00000064                                 : sprintf.obj (.text)
                  0000c60c    00000064     sysbios.aer4ft : exc_Exception_asm.obj (.text:ti_sysbios_family_arm_exc_Exception_initCore0__I)
                  0000c670    00000064                    : BIOS.obj (.text:ti_sysbios_family_arm_v7r_vim_Hwi_phantomIntHandler__I)
                  0000c6d4    00000006     libedma_xwr68xx.aer4f : edma_low_level.oer4f (.text:EDMA3GetCCErrStatus)
                  0000c6da    00000006                           : edma_low_level.oer4f (.text:EDMA3GetErrIntrStatus)
                  0000c6e0    00000064     sysbios.aer4ft : BIOS.obj (.text:ti_sysbios_knl_Task_schedule__I)
                  0000c744    00000006     libedma_xwr68xx.aer4f : edma_low_level.oer4f (.text:EDMA3QdmaGetErrIntrStatus)
                  0000c74a    00000006     libosal_xwr68xx.aer4f : HwiP_tirtos.oer4f (.text:HwiP_restore)
                  0000c750    00000064     sysbios.aer4ft : BIOS.obj (.text:xdc_runtime_Startup_exec__E)
                  0000c7b4    00000060     libedma_xwr68xx.aer4f : edma.oer4f (.text:EDMA_close)
                  0000c814    00000060     doppleprochwa_test_main.oer4f (.text:dopplerProc_test_dpuInit)
                  0000c874    0000000c     --HOLE-- [fill = 0]
                  0000c880    00000060     sysbios.aer4ft : BIOS.obj (.text:ti_sysbios_heaps_HeapMem_alloc__E)
                  0000c8e0    00000060                    : BIOS.obj (.text:xdc_runtime_Assert_raise__I)
                  0000c940    0000005f                    : BIOS.obj (.text:xdc_runtime_Text_putLab__E)
                  0000c99f    00000001     --HOLE-- [fill = 0]
                  0000c9a0    0000005c     rtsv7R4_T_le_v3D16_eabi.lib : hostopen.obj (.text)
                  0000c9fc    0000005c                                 : hostread.obj (.text)
                  0000ca58    00000008     --HOLE-- [fill = 0]
                  0000ca60    0000005c     sysbios.aer4ft : BIOS.obj (.text:ti_sysbios_knl_Swi_schedule__I)
                  0000cabc    00000058     libedma_xwr68xx.aer4f : edma_low_level.oer4f (.text:EDMA3EnableChInShadowReg)
                  0000cb14    00000058     libesm_xwr68xx.aer4f : esm.oer4f (.text:ESM_highpriority_FIQ)
                  0000cb6c    00000058     libhwa_xwr68xx.aer4f : hwa.oer4f (.text:HWA_getDMAconfig)
                  0000cbc4    00000058     rtsv7R4_T_le_v3D16_eabi.lib : close.obj (.text)
                  0000cc1c    00000058                                 : hostwrite.obj (.text)
                  0000cc74    00000054     libedma_xwr68xx.aer4f : edma.oer4f (.text:EDMA_error_isr)
                  0000ccc8    00000054     rtsv7R4_T_le_v3D16_eabi.lib : ltoa.obj (.text)
                  0000cd1c    00000054     mss_per4ft.oer4ft (.text:ti_sysbios_family_arm_v7r_vim_Hwi_create)
                  0000cd70    00000054     sysbios.aer4ft : BIOS.obj (.text:ti_sysbios_heaps_HeapMem_getStats__E)
                  0000cdc4    0000000c     --HOLE-- [fill = 0]
                  0000cdd0    00000054                    : BIOS.obj (.text:ti_sysbios_knl_Task_startCore__E)
                  0000ce24    0000000c     --HOLE-- [fill = 0]
                  0000ce30    00000054                    : BIOS.obj (.text:xdc_runtime_Core_assignLabel__I)
                  0000ce84    00000052     libdpedma_hwa_xwr68xx.aer4f : dpedma.oer4f (.text:DPEDMA_setup_shadow_link)
                  0000ced6    00000050     libedma_xwr68xx.aer4f : edma_low_level.oer4f (.text:EDMA3MapChToEvtQ)
                  0000cf26    00000002     --HOLE-- [fill = 0]
                  0000cf28    00000050     rtsv7R4_T_le_v3D16_eabi.lib : atoi.obj (.text)
                  0000cf78    00000050                                 : exit.obj (.text)
                  0000cfc8    00000050                                 : u_div32.obj (.text)
                  0000d018    00000008     --HOLE-- [fill = 0]
                  0000d020    00000050     sysbios.aer4ft : BIOS.obj (.text:xdc_runtime_System_exit__E)
                  0000d070    0000004c     libedma_xwr68xx.aer4f : edma.oer4f (.text:EDMA_disableChannel)
                  0000d0bc    0000004c                           : edma.oer4f (.text:EDMA_enableChannel)
                  0000d108    0000004c     libhwa_xwr68xx.aer4f : hwa.oer4f (.text:HWA_enableDoneInterrupt)
                  0000d154    0000004c     rtsv7R4_T_le_v3D16_eabi.lib : cpy_tbl.obj (.text)
                  0000d1a0    0000004c     sysbios.aer4ft : BIOS.obj (.text:ti_sysbios_family_arm_v7r_vim_Hwi_getStackInfo__E)
                  0000d1ec    0000004c     mss_per4ft.oer4ft (.text:ti_sysbios_knl_Task_create)
                  0000d238    00000008     --HOLE-- [fill = 0]
                  0000d240    0000004a     sysbios.aer4ft : BIOS.obj (.text:xdc_runtime_Core_assignParams__I)
                  0000d28a    00000006     --HOLE-- [fill = 0]
                  0000d290    0000004a                    : BIOS.obj (.text:xdc_runtime_Text_xprintf__I)
                  0000d2da    00000002     --HOLE-- [fill = 0]
                  0000d2dc    00000048     libhwa_xwr68xx.aer4f : hwa.oer4f (.text:HWA_deleteInstance)
                  0000d324    00000044     rtsv7R4_T_le_v3D16_eabi.lib : hostclose.obj (.text)
                  0000d368    00000044                                 : hostunlink.obj (.text)
                  0000d3ac    00000004     --HOLE-- [fill = 0]
                  0000d3b0    00000044     sysbios.aer4ft : BIOS.obj (.text:ti_sysbios_family_arm_v7r_tms570_Core_Module_startup__E)
                  0000d3f4    0000000c     --HOLE-- [fill = 0]
                  0000d400    00000044                    : BIOS.obj (.text:ti_sysbios_knl_Task_allBlockedFunction__I)
                  0000d444    0000000c     --HOLE-- [fill = 0]
                  0000d450    00000044                    : BIOS.obj (.text:xdc_runtime_System_atexit__E)
                  0000d494    00000042     libedma_xwr68xx.aer4f : edma.oer4f (.text:EDMA_transferController_error_isr)
                  0000d4d6    00000002     --HOLE-- [fill = 0]
                  0000d4d8    00000040                           : edma.oer4f (.text:EDMA_linkParamSets)
                  0000d518    00000040     libhwa_xwr68xx.aer4f : hwa.oer4f (.text:HWA_getHWAMemInfo)
                  0000d558    00000008     --HOLE-- [fill = 0]
                  0000d560    00000040     sysbios.aer4ft : BIOS.obj (.text:ti_sysbios_family_arm_v7r_vim_Hwi_setType__E)
                  0000d5a0    00000040                    : BIOS.obj (.text:ti_sysbios_knl_Swi_post__E)
                  0000d5e0    00000040                    : BIOS.obj (.text:ti_sysbios_timers_rti_Timer_stop__E)
                  0000d620    0000003e     libhwa_xwr68xx.aer4f : hwa.oer4f (.text:CSL_FINSR)
                  0000d65e    0000003e     libsoc_xwr68xx.aer4f : soc.oer4f (.text:CSL_FINSR)
                  0000d69c    0000003e                          : soc_xwr68xx.oer4f (.text:CSL_FINSR)
                  0000d6da    0000003e                          : soc_xwr68xx_mss.oer4f (.text:CSL_FINSR)
                  0000d718    0000003e     libhwa_xwr68xx.aer4f : hwa.oer4f (.text:HWA_enable)
                  0000d756    00000002     --HOLE-- [fill = 0]
                  0000d758    0000003c     gen_rand_data.oer4f (.text:RandSimple)
                  0000d794    0000003c     libsoc_xwr68xx.aer4f : soc.oer4f (.text:SOC_unhaltBSS)
                  0000d7d0    0000003c     sysbios.aer4ft : vim_Hwi_asm.obj (.text:ti_sysbios_family_arm_v7r_vim_Hwi_init__I)
                  0000d80c    00000004     --HOLE-- [fill = 0]
                  0000d810    0000003c                    : BIOS.obj (.text:ti_sysbios_hal_Hwi_checkStack)
                  0000d84c    00000004     --HOLE-- [fill = 0]
                  0000d850    0000003c                    : BIOS.obj (.text:ti_sysbios_heaps_HeapMem_init__I)
                  0000d88c    00000004     --HOLE-- [fill = 0]
                  0000d890    0000003c                    : BIOS.obj (.text:ti_sysbios_knl_Swi_startup__E)
                  0000d8cc    00000004     --HOLE-- [fill = 0]
                  0000d8d0    0000003c                    : BIOS.obj (.text:ti_sysbios_timers_rti_Timer_setPeriod__E)
                  0000d90c    0000003a     libosal_xwr68xx.aer4f : HwiP_tirtos.oer4f (.text:HwiP_delete)
                  0000d946    00000002     --HOLE-- [fill = 0]
                  0000d948    00000038     libedma_xwr68xx.aer4f : edma_low_level.oer4f (.text:EDMA3ClrMissEvt)
                  0000d980    00000036     rtsv7R4_T_le_v3D16_eabi.lib : strncpy.obj (.text)
                  0000d9b6    00000034     libedma_xwr68xx.aer4f : edma.oer4f (.text:EDMA_configTransferControllerError)
                  0000d9ea    00000002     --HOLE-- [fill = 0]
                  0000d9ec    00000034     libhwa_xwr68xx.aer4f : hwa.oer4f (.text:HWA_disableDoneInterrupt)
                  0000da20    00000034     libsoc_xwr68xx.aer4f : soc_xwr68xx.oer4f (.text:SOC_enableHWA)
                  0000da54    00000034     mss_per4ft.oer4ft (.text:ti_sysbios_knl_Semaphore_create)
                  0000da88    00000008     --HOLE-- [fill = 0]
                  0000da90    00000034     sysbios.aer4ft : BIOS.obj (.text:ti_sysbios_knl_Task_processVitalTaskFlag__I)
                  0000dac4    00000032     libedma_xwr68xx.aer4f : edma.oer4f (.text:EDMA_configQueueThreshold)
                  0000daf6    00000002     --HOLE-- [fill = 0]
                  0000daf8    00000032     libhwa_xwr68xx.aer4f : hwa.oer4f (.text:HWA_allParamDoneISR)
                  0000db2a    00000006     --HOLE-- [fill = 0]
                  0000db30    00000032     sysbios.aer4ft : BIOS.obj (.text:ti_sysbios_hal_Hwi_initStack)
                  0000db62    00000002     --HOLE-- [fill = 0]
                  0000db64    00000030     mss_per4ft.oer4ft (.text:ti_sysbios_BIOS_atExitFunc__I)
                  0000db94    00000030     mss_per4ft.oer4ft (.text:ti_sysbios_BIOS_startFunc__I)
                  0000dbc4    0000000c     --HOLE-- [fill = 0]
                  0000dbd0    00000030     sysbios.aer4ft : BIOS.obj (.text:ti_sysbios_family_arm_TaskSupport_start__E)
                  0000dc00    00000030     mss_per4ft.oer4ft (.text:ti_sysbios_gates_GateHwi_Object__create__S)
                  0000dc30    00000030     mss_per4ft.oer4ft (.text:ti_sysbios_gates_GateMutex_Object__create__S)
                  0000dc60    00000030     mss_per4ft.oer4ft (.text:ti_sysbios_heaps_HeapMem_Object__create__S)
                  0000dc90    00000030     sysbios.aer4ft : BIOS.obj (.text:ti_sysbios_heaps_HeapMem_free__E)
                  0000dcc0    00000030     mss_per4ft.oer4ft (.text:ti_sysbios_knl_Semaphore_construct)
                  0000dcf0    0000002f     sysbios.aer4ft : BIOS.obj (.text:xdc_runtime_Text_printVisFxn__I)
                  0000dd1f    00000001     --HOLE-- [fill = 0]
                  0000dd20    0000002e     mss_per4ft.oer4ft (.text:ti_sysbios_rts_MemAlloc_alloc)
                  0000dd4e    00000002     --HOLE-- [fill = 0]
                  0000dd50    0000002c     libedma_xwr68xx.aer4f : edma.oer4f (.text:EDMA_validate_channelIdchannelType)
                  0000dd7c    0000002c     rtsv7R4_T_le_v3D16_eabi.lib : e_sqrt.obj (.text)
                  0000dda8    0000002c                                 : unlink.obj (.text)
                  0000ddd4    0000002c     mss_per4ft.oer4ft (.text:ti_sysbios_knl_Clock_doTick__I)
                  0000de00    0000002c     mss_per4ft.oer4ft (.text:ti_sysbios_knl_Queue_construct)
                  0000de2c    00000004     --HOLE-- [fill = 0]
                  0000de30    0000002c     sysbios.aer4ft : BIOS.obj (.text:ti_sysbios_knl_Semaphore_pendTimeout__I)
                  0000de5c    00000004     --HOLE-- [fill = 0]
                  0000de60    0000002c                    : BIOS.obj (.text:ti_sysbios_knl_Swi_Module_startup__E)
                  0000de8c    00000004     --HOLE-- [fill = 0]
                  0000de90    0000002c                    : BIOS.obj (.text:ti_sysbios_knl_Task_unblockI__E)
                  0000debc    00000004     --HOLE-- [fill = 0]
                  0000dec0    0000002c                    : BIOS.obj (.text:ti_sysbios_timers_rti_Timer_periodicStub__E)
                  0000deec    0000002a     libedma_xwr68xx.aer4f : edma.oer4f (.text:EDMA_isError)
                  0000df16    0000002a     libsoc_xwr68xx.aer4f : soc.oer4f (.text:SOC_SystemISR)
                  0000df40    00000028     rtsv7R4_T_le_v3D16_eabi.lib : lseek.obj (.text)
                  0000df68    00000028                                 : write.obj (.text)
                  0000df90    00000028     sysbios.aer4ft : BIOS.obj (.text:ti_sysbios_knl_Idle_run__E)
                  0000dfb8    00000008     --HOLE-- [fill = 0]
                  0000dfc0    00000028                    : BIOS.obj (.text:ti_sysbios_knl_Task_restore__E)
                  0000dfe8    00000008     --HOLE-- [fill = 0]
                  0000dff0    00000028                    : BIOS.obj (.text:xdc_runtime_SysStd_abort__E)
                  0000e018    00000008     --HOLE-- [fill = 0]
                  0000e020    00000028                    : BIOS.obj (.text:xdc_runtime_System_aprintf_va__F)
                  0000e048    00000008     --HOLE-- [fill = 0]
                  0000e050    00000026                    : BIOS.obj (.text:xdc_runtime_System_printf_va__F)
                  0000e076    00000002     --HOLE-- [fill = 0]
                  0000e078    00000024     libedma_xwr68xx.aer4f : edma_low_level.oer4f (.text:EDMA3ClrEvt)
                  0000e09c    00000024                           : edma_low_level.oer4f (.text:EDMA3ClrIntr)
                  0000e0c0    00000024                           : edma_low_level.oer4f (.text:EDMA3DisableEvtIntr)
                  0000e0e4    00000024                           : edma_low_level.oer4f (.text:EDMA3EnableDmaEvt)
                  0000e108    00000024                           : edma_low_level.oer4f (.text:EDMA3EnableEvtIntr)
                  0000e12c    00000024                           : edma_low_level.oer4f (.text:EDMA3SetEvt)
                  0000e150    00000024                           : edma.oer4f (.text:EDMA_clearTransferControllerErrors)
                  0000e174    00000024     libtestlogger_xwr68xx.aer4f : logger.oer4f (.text:MCPI_Initialize)
                  0000e198    00000024     mss_per4ft.oer4ft (.text:ti_sysbios_BIOS_errorRaiseHook__I)
                  0000e1bc    00000024     mss_per4ft.oer4ft (.text:ti_sysbios_BIOS_registerRTSLock__I)
                  0000e1e0    00000024     mss_per4ft.oer4ft (.text:ti_sysbios_BIOS_removeRTSLock__I)
                  0000e204    00000024     mss_per4ft.oer4ft (.text:ti_sysbios_gates_GateMutex_Object__delete__S)
                  0000e228    00000008     --HOLE-- [fill = 0]
                  0000e230    00000024     sysbios.aer4ft : BIOS.obj (.text:ti_sysbios_knl_Clock_Module_startup__E)
                  0000e254    0000000c     --HOLE-- [fill = 0]
                  0000e260    00000024                    : BIOS.obj (.text:ti_sysbios_knl_Task_restoreHwi__E)
                  0000e284    00000022     mathutils.oer4f (.text:mathUtils_ceilLog2)
                  0000e2a6    00000002     --HOLE-- [fill = 0]
                  0000e2a8    00000020     libedma_xwr68xx.aer4f : edma_low_level.oer4f (.text:EDMA3DisableDmaEvt)
                  0000e2c8    00000020                           : edma_low_level.oer4f (.text:EDMA3QdmaClrMissEvt)
                  0000e2e8    00000020     libesm_xwr68xx.aer4f : esm.oer4f (.text:ESM_lowpriority_IRQ)
                  0000e308    00000020     rtsv7R4_T_le_v3D16_eabi.lib : memchr.obj (.text)
                  0000e328    00000008     --HOLE-- [fill = 0]
                  0000e330    00000020     sysbios.aer4ft : BIOS.obj (.text:ti_sysbios_family_arm_v7a_Pmu_Module_startup__E)
                  0000e350    00000020     mss_per4ft.oer4ft (.text:ti_sysbios_family_arm_v7r_vim_Hwi_Object__delete__S)
                  0000e370    00000020     sysbios.aer4ft : BIOS.obj (.text:ti_sysbios_family_arm_v7r_vim_Hwi_disableInterrupt__E)
                  0000e390    00000020                    : BIOS.obj (.text:ti_sysbios_family_arm_v7r_vim_Hwi_enableInterrupt__E)
                  0000e3b0    00000020     mss_per4ft.oer4ft (.text:ti_sysbios_gates_GateHwi_Object__delete__S)
                  0000e3d0    00000020     mss_per4ft.oer4ft (.text:ti_sysbios_heaps_HeapMem_Object__delete__S)
                  0000e3f0    00000020     mss_per4ft.oer4ft (.text:ti_sysbios_knl_Semaphore_destruct)
                  0000e410    0000001e     libsoc_xwr68xx.aer4f : soc_xwr68xx_mss.oer4f (.text:SOC_getOutAddr_LUTType)
                  0000e42e    0000001e     rtsv7R4_T_le_v3D16_eabi.lib : strcat.obj (.text)
                  0000e44c    0000001c     libhwa_xwr68xx.aer4f : hwa.oer4f (.text:CSL_FEXTR)
                  0000e468    0000001c     libsoc_xwr68xx.aer4f : soc.oer4f (.text:CSL_FEXTR)
                  0000e484    0000001c                          : soc_xwr68xx_mss.oer4f (.text:CSL_FEXTR)
                  0000e4a0    0000001c                          : soc_xwr68xx_mss.oer4f (.text:SOC_getInAddr_LUTType)
                  0000e4bc    0000001c     sysbios.aer4ft : arm_TaskSupport_asm.obj (.text:_ti_sysbios_family_arm_TaskSupport_glue)
                  0000e4d8    0000001c                    : arm_TaskSupport_asm.obj (.text:_ti_sysbios_family_arm_TaskSupport_swap__E)
                  0000e4f4    0000001c     rtsv7R4_T_le_v3D16_eabi.lib : memccpy.obj (.text)
                  0000e510    0000001c     mss_per4ft.oer4ft (.text:ti_sysbios_BIOS_rtsLock__I)
                  0000e52c    00000004     --HOLE-- [fill = 0]
                  0000e530    0000001c     sysbios.aer4ft : BIOS.obj (.text:ti_sysbios_gates_GateMutex_Instance_init__E)
                  0000e54c    00000004     --HOLE-- [fill = 0]
                  0000e550    0000001c                    : BIOS.obj (.text:ti_sysbios_gates_GateMutex_leave__E)
                  0000e56c    0000001c     mss_per4ft.oer4ft (.text:ti_sysbios_knl_Queue_destruct)
                  0000e588    0000001a     libedma_xwr68xx.aer4f : edma_low_level.oer4f (.text:EDMA3SetPaRAM)
                  0000e5a2    0000001a     mss_per4ft.oer4ft (.text:free)
                  0000e5bc    0000001a     rtsv7R4_T_le_v3D16_eabi.lib : s_copysign.obj (.text)
                  0000e5d6    0000001a     mss_per4ft.oer4ft (.text:ti_sysbios_gates_GateHwi_Handle__label__S)
                  0000e5f0    0000001a     mss_per4ft.oer4ft (.text:ti_sysbios_gates_GateMutex_Handle__label__S)
                  0000e60a    0000001a     mss_per4ft.oer4ft (.text:ti_sysbios_heaps_HeapMem_Handle__label__S)
                  0000e624    0000001a     mss_per4ft.oer4ft (.text:xdc_runtime_System_aprintf__E)
                  0000e63e    0000001a     mss_per4ft.oer4ft (.text:xdc_runtime_System_printf__E)
                  0000e658    00000018     libdopplerproc_hwa_xwr68xx.aer4f : dopplerprochwa.oer4f (.text:DPU_DopplerProcHWA_deinit)
                  0000e670    00000018     libedma_xwr68xx.aer4f : edma_low_level.oer4f (.text:EDMA3DisableQdmaEvt)
                  0000e688    00000018                           : edma_low_level.oer4f (.text:EDMA3EnableQdmaEvt)
                  0000e6a0    00000018     doppleprochwa_test_main.oer4f (.text:MmwDemo_EDMA_transferControllerErrorCallbackFxn)
                  0000e6b8    00000018     rtsv7R4_T_le_v3D16_eabi.lib : args_main.obj (.text)
                  0000e6d0    00000018                                 : ll_mul_t2.obj (.text)
                  0000e6e8    00000018                                 : strcmp.obj (.text)
                  0000e700    00000018     mss_per4ft.oer4ft (.text:ti_sysbios_BIOS_rtsUnlock__I)
                  0000e718    00000018     sysbios.aer4ft : BIOS.obj (.text:ti_sysbios_family_arm_v7a_Pmu_initCounters__I)
                  0000e730    00000018     mss_per4ft.oer4ft (.text:ti_sysbios_family_arm_v7r_vim_Hwi_Module__startupDone__F)
                  0000e748    00000018     mss_per4ft.oer4ft (.text:ti_sysbios_family_arm_v7r_vim_Hwi_Params__init__S)
                  0000e760    00000018     sysbios.aer4ft : BIOS.obj (.text:ti_sysbios_family_arm_v7r_vim_Hwi_clearInterrupt__E)
                  0000e778    00000018     mss_per4ft.oer4ft (.text:ti_sysbios_knl_Semaphore_Params__init__S)
                  0000e790    00000018     mss_per4ft.oer4ft (.text:ti_sysbios_knl_Task_Params__init__S)
                  0000e7a8    00000008     --HOLE-- [fill = 0]
                  0000e7b0    00000018     sysbios.aer4ft : BIOS.obj (.text:ti_sysbios_knl_Task_enter__I)
                  0000e7c8    00000018     mss_per4ft.oer4ft (.text:ti_sysbios_timers_rti_Timer_Module__startupDone__F)
                  0000e7e0    00000018     sysbios.aer4ft : BIOS.obj (.text:xdc_runtime_Error_init__E)
                  0000e7f8    00000016     rtsv7R4_T_le_v3D16_eabi.lib : strchr.obj (.text)
                  0000e80e    00000016                                 : strlen.obj (.text)
                  0000e824    00000016     mss_per4ft.oer4ft (.text:ti_sysbios_BIOS_exitFunc__I)
                  0000e83a    00000006     --HOLE-- [fill = 0]
                  0000e840    00000016     sysbios.aer4ft : BIOS.obj (.text:ti_sysbios_knl_Idle_loop__E)
                  0000e856    00000016     doppleprochwa_test_main.oer4f (.text:ti_sysbios_knl_Task_Params_init)
                  0000e86c    00000014     libosal_xwr68xx.aer4f : CycleprofilerP_tirtos.oer4f (.text:CycleprofilerP_init)
                  0000e880    00000014     libedma_xwr68xx.aer4f : edma_low_level.oer4f (.text:EDMA3GetIntrStatus)
                  0000e894    00000014                           : edma_low_level.oer4f (.text:EDMA3IntrStatusHighGet)
                  0000e8a8    00000014                           : edma_low_level.oer4f (.text:EDMA3MapQdmaChToPaRAM)
                  0000e8bc    00000014     libosal_xwr68xx.aer4f : HwiP_tirtos.oer4f (.text:HwiP_Params_init)
                  0000e8d0    00000014     libtestlogger_xwr68xx.aer4f : logger.oer4f (.text:MCPI_setTestResult)
                  0000e8e4    00000014     libosal_xwr68xx.aer4f : DebugP_tirtos.oer4f (.text:_DebugP_assert)
                  0000e8f8    00000014     mathutils.oer4f (.text:mathUtils_floorLog2)
                  0000e90c    00000014     rtsv7R4_T_le_v3D16_eabi.lib : _lock.obj (.text)
                  0000e920    00000014                                 : strcpy.obj (.text)
                  0000e934    00000014     mss_per4ft.oer4ft (.text:ti_sysbios_heaps_HeapMem_Object__get__S)
                  0000e948    00000014     mss_per4ft.oer4ft (.text:ti_sysbios_knl_Swi_Object__get__S)
                  0000e95c    00000012     libedma_xwr68xx.aer4f : edma_low_level.oer4f (.text:EDMA3SetQdmaTrigWord)
                  0000e96e    00000012     libosal_xwr68xx.aer4f : MemoryP_tirtos.oer4f (.text:MemoryP_ctrlAlloc)
                  0000e980    00000012                           : SemaphoreP_tirtos.oer4f (.text:SemaphoreP_pend)
                  0000e992    0000000e     rtsv7R4_T_le_v3D16_eabi.lib : copy_decompress_none.obj (.text:decompress:none)
                  0000e9a0    00000012     sysbios.aer4ft : BIOS.obj (.text:ti_sysbios_hal_Hwi_Module_startup__E)
                  0000e9b2    00000012     mss_per4ft.oer4ft (.text:xdc_runtime_Startup_exec__I)
                  0000e9c4    0000000c     --HOLE-- [fill = 0]
                  0000e9d0    00000010     sysbios.aer4ft : BIOS.obj (.text:ti_sysbios_BIOS_exit__E)
                  0000e9e0    00000010                    : BIOS.obj (.text:ti_sysbios_BIOS_setThreadType__E)
                  0000e9f0    00000010                    : BIOS.obj (.text:ti_sysbios_BIOS_start__E)
                  0000ea00    00000010                    : BIOS.obj (.text:ti_sysbios_family_arm_v7a_Pmu_disableInterruptI__E)
                  0000ea10    00000010                    : BIOS.obj (.text:ti_sysbios_family_arm_v7a_Pmu_enableInterruptI__E)
                  0000ea20    00000010                    : BIOS.obj (.text:ti_sysbios_family_arm_v7a_Pmu_getNumCounters__E)
                  0000ea30    00000010                    : BIOS.obj (.text:ti_sysbios_family_arm_v7a_Pmu_startCounterI__E)
                  0000ea40    00000010                    : BIOS.obj (.text:ti_sysbios_family_arm_v7a_Pmu_stopCounterI__E)
                  0000ea50    00000010                    : BIOS.obj (.text:ti_sysbios_gates_GateMutex_Instance_finalize__E)
                  0000ea60    00000010     mss_per4ft.oer4ft (.text:ti_sysbios_heaps_HeapBuf_Object__get__S)
                  0000ea70    00000010     sysbios.aer4ft : BIOS.obj (.text:ti_sysbios_knl_Semaphore_Instance_finalize__E)
                  0000ea80    00000010                    : BIOS.obj (.text:ti_sysbios_knl_Swi_disable__E)
                  0000ea90    00000010     mss_per4ft.oer4ft (.text:ti_sysbios_knl_Task_Object__get__S)
                  0000eaa0    00000010     sysbios.aer4ft : BIOS.obj (.text:ti_sysbios_knl_Task_disable__E)
                  0000eab0    00000010                    : BIOS.obj (.text:xdc_runtime_Memory_free__E)
                  0000eac0    00000010     mss_per4ft.oer4ft (.text:xdc_runtime_Text_visitRope__I)
                  0000ead0    0000000e     sysbios.aer4ft : BIOS.obj (.text:ti_sysbios_knl_Queue_empty__E)
                  0000eade    00000002     --HOLE-- [fill = 0]
                  0000eae0    0000000c                    : BIOS.obj (.text:ti_sysbios_family_arm_TaskSupport_checkStack__E)
                  0000eaec    00000004     --HOLE-- [fill = 0]
                  0000eaf0    0000000c                    : BIOS.obj (.text:ti_sysbios_family_arm_TaskSupport_getStackAlignment__E)
                  0000eafc    00000004     --HOLE-- [fill = 0]
                  0000eb00    0000000c                    : BIOS.obj (.text:ti_sysbios_family_arm_exc_Exception_Module_startup__E)
                  0000eb0c    00000004     --HOLE-- [fill = 0]
                  0000eb10    0000000c                    : BIOS.obj (.text:ti_sysbios_family_arm_v7r_vim_Hwi_switchFromBootStack__E)
                  0000eb1c    00000004     --HOLE-- [fill = 0]
                  0000eb20    0000000c                    : BIOS.obj (.text:xdc_runtime_Startup_rtsDone__E)
                  0000eb2c    00000004     --HOLE-- [fill = 0]
                  0000eb30    0000000c                    : BIOS.obj (.text:xdc_runtime_SysStd_exit__E)
                  0000eb3c    00000004     --HOLE-- [fill = 0]
                  0000eb40    00000008                    : BIOS.obj (.text:ti_sysbios_gates_GateHwi_enter__E)
                  0000eb48    00000008     --HOLE-- [fill = 0]
                  0000eb50    00000006                    : BIOS.obj (.text:ti_sysbios_family_arm_v7r_vim_Hwi_startup__E)
                  0000eb56    0000000a     --HOLE-- [fill = 0]
                  0000eb60    00000006                    : BIOS.obj (.text:ti_sysbios_gates_GateHwi_leave__E)
                  0000eb66    0000000a     --HOLE-- [fill = 0]
                  0000eb70    00000006                    : BIOS.obj (.text:ti_sysbios_heaps_HeapMem_isBlocking__E)
                  0000eb76    0000000a     --HOLE-- [fill = 0]
                  0000eb80    00000006                    : BIOS.obj (.text:ti_sysbios_knl_Queue_Instance_init__E)
                  0000eb86    0000000a     --HOLE-- [fill = 0]
                  0000eb90    00000006                    : BIOS.obj (.text:xdc_runtime_System_Module_startup__E)
                  0000eb96    0000000a     --HOLE-- [fill = 0]
                  0000eba0    00000004                    : BIOS.obj (.text:ti_sysbios_gates_GateHwi_query__E)
                  0000eba4    0000000c     --HOLE-- [fill = 0]
                  0000ebb0    00000004                    : BIOS.obj (.text:ti_sysbios_gates_GateMutex_query__E)
                  0000ebb4    0000000c     --HOLE-- [fill = 0]
                  0000ebc0    00000004                    : BIOS.obj (.text:ti_sysbios_knl_Task_startup__E)
                  0000ebc4    0000000c     --HOLE-- [fill = 0]
                  0000ebd0    00000004                    : BIOS.obj (.text:ti_sysbios_timers_rti_Timer_getMaxTicks__E)
                  0000ebd4    0000000c     --HOLE-- [fill = 0]
                  0000ebe0    00000004                    : BIOS.obj (.text:xdc_runtime_SysStd_putch__E)
                  0000ebe4    0000000c     --HOLE-- [fill = 0]
                  0000ebf0    00000004                    : BIOS.obj (.text:xdc_runtime_SysStd_ready__E)
                  0000ebf4    0000000c     --HOLE-- [fill = 0]
                  0000ec00    00000002                    : BIOS.obj (.text:ti_sysbios_BIOS_linkedWithIncorrectBootLibrary__E)
                  0000ec02    0000000e     --HOLE-- [fill = 0]
                  0000ec10    00000002                    : BIOS.obj (.text:ti_sysbios_gates_GateHwi_Instance_init__E)
                  0000ec12    0000000e     --HOLE-- [fill = 0]
                  0000ec20    00000002                    : BIOS.obj (.text:ti_sysbios_knl_Clock_logTick__E)

.const     0    0000ec28    00002532     
                  0000ec28    00001b6f     mss_per4ft.oer4ft (.const:xdc_runtime_Text_charTab__A)
                  00010797    00000001     --HOLE-- [fill = 0]
                  00010798    00000158     rtsv7R4_T_le_v3D16_eabi.lib : k_rem_pio2.obj (.const:$O1$$)
                  000108f0    00000101                                 : ctype.obj (.const:.string:_ctypes_)
                  000109f1    00000001     --HOLE-- [fill = 0]
                  000109f2    000000d8     mss_per4ft.oer4ft (.const:xdc_runtime_Text_nodeTab__A)
                  00010aca    00000080     mss_per4ft.oer4ft (.const:ti_sysbios_family_arm_v7r_vim_Hwi_channelMap__A)
                  00010b4a    00000002     mss_per4ft.oer4ft (.const:ti_sysbios_family_arm_exc_Exception_Module__id__C)
                  00010b4c    00000058     mss_per4ft.oer4ft (.const:.string)
                  00010ba4    00000044     mss_per4ft.oer4ft (.const:ti_sysbios_knl_Task_Object__PARAMS__C)
                  00010be8    00000040     libhwa_xwr68xx.aer4f : hwa.oer4f (.const:gHwaTrigSignatures)
                  00010c28    00000038     libedma_xwr68xx.aer4f : edma_xwr1xxx.oer4f (.const:gEdmaHwAttrs)
                  00010c60    00000030     mss_per4ft.oer4ft (.const:ti_sysbios_family_arm_v7r_vim_Hwi_Object__PARAMS__C)
                  00010c90    0000002c     mss_per4ft.oer4ft (.const:xdc_runtime_Startup_sfxnTab__A)
                  00010cbc    00000028     mss_per4ft.oer4ft (.const:ti_sysbios_heaps_HeapMem_Module__FXNS__C)
                  00010ce4    00000024     doppleprochwa_test_main.oer4f (.const:$P$T1$2)
                  00010d08    00000024     mss_per4ft.oer4ft (.const:ti_sysbios_gates_GateHwi_Module__FXNS__C)
                  00010d2c    00000024     mss_per4ft.oer4ft (.const:ti_sysbios_gates_GateMutex_Module__FXNS__C)
                  00010d50    00000024     mss_per4ft.oer4ft (.const:ti_sysbios_heaps_HeapMem_Object__PARAMS__C)
                  00010d74    00000024     mss_per4ft.oer4ft (.const:ti_sysbios_knl_Semaphore_Object__PARAMS__C)
                  00010d98    00000020     libhwa_xwr68xx.aer4f : hwa.oer4f (.const:$P$T0$1)
                  00010db8    00000020     mss_per4ft.oer4ft (.const:ti_sysbios_family_arm_v7r_vim_Hwi_Object__DESC__C)
                  00010dd8    00000020     mss_per4ft.oer4ft (.const:ti_sysbios_gates_GateHwi_Object__DESC__C)
                  00010df8    00000020     mss_per4ft.oer4ft (.const:ti_sysbios_gates_GateMutex_Object__DESC__C)
                  00010e18    00000020     mss_per4ft.oer4ft (.const:ti_sysbios_heaps_HeapMem_Object__DESC__C)
                  00010e38    00000020     mss_per4ft.oer4ft (.const:ti_sysbios_knl_Queue_Object__DESC__C)
                  00010e58    00000020     mss_per4ft.oer4ft (.const:ti_sysbios_knl_Semaphore_Object__DESC__C)
                  00010e78    00000020     mss_per4ft.oer4ft (.const:ti_sysbios_knl_Task_Object__DESC__C)
                  00010e98    0000001c     doppleprochwa_test_main.oer4f (.const:$P$T0$1)
                  00010eb4    00000018     mss_per4ft.oer4ft (.const:ti_sysbios_gates_GateHwi_Object__PARAMS__C)
                  00010ecc    00000018     mss_per4ft.oer4ft (.const:ti_sysbios_gates_GateMutex_Object__PARAMS__C)
                  00010ee4    00000018     mss_per4ft.oer4ft (.const:ti_sysbios_knl_Queue_Object__PARAMS__C)
                  00010efc    00000016     mss_per4ft.oer4ft (.const:xdc_runtime_Startup_sfxnRts__A)
                  00010f12    00000002     mss_per4ft.oer4ft (.const:ti_sysbios_family_arm_v7a_Pmu_Module__id__C)
                  00010f14    00000010     libedma_xwr68xx.aer4f : edma.oer4f (.const:EDMA_config$1)
                  00010f24    00000010     mss_per4ft.oer4ft (.const:ti_sysbios_family_arm_v7r_vim_Hwi_intReqEnaSet__A)
                  00010f34    00000010     mss_per4ft.oer4ft (.const:ti_sysbios_family_arm_v7r_vim_Hwi_wakeEnaSet__A)
                  00010f44    0000000c     doppleprochwa_test_main.oer4f (.const:$P$T2$3)
                  00010f50    0000000c     doppleprochwa_test_main.oer4f (.const:$P$T3$4)
                  00010f5c    00000008     mss_per4ft.oer4ft (.const:ti_sysbios_knl_Idle_funcList__C)
                  00010f64    00000008     mss_per4ft.oer4ft (.const:xdc_runtime_Startup_firstFxns__A)
                  00010f6c    00000008     mss_per4ft.oer4ft (.const:xdc_runtime_Startup_firstFxns__C)
                  00010f74    00000008     mss_per4ft.oer4ft (.const:xdc_runtime_Startup_lastFxns__C)
                  00010f7c    00000004     mss_per4ft.oer4ft (.const:ti_sysbios_family_arm_TaskSupport_stackAlignment__C)
                  00010f80    00000004     mss_per4ft.oer4ft (.const:ti_sysbios_family_arm_exc_Exception_E_dataAbort__C)
                  00010f84    00000004     mss_per4ft.oer4ft (.const:ti_sysbios_family_arm_exc_Exception_E_prefetchAbort__C)
                  00010f88    00000004     mss_per4ft.oer4ft (.const:ti_sysbios_family_arm_exc_Exception_E_swi__C)
                  00010f8c    00000004     mss_per4ft.oer4ft (.const:ti_sysbios_family_arm_exc_Exception_E_undefinedInstruction__C)
                  00010f90    00000004     mss_per4ft.oer4ft (.const:ti_sysbios_family_arm_exc_Exception_excHookFuncs__A)
                  00010f94    00000004     mss_per4ft.oer4ft (.const:ti_sysbios_family_arm_exc_Exception_excHookFuncs__C)
                  00010f98    00000004     mss_per4ft.oer4ft (.const:ti_sysbios_family_arm_v7a_Pmu_A_invalidCounterId__C)
                  00010f9c    00000004     mss_per4ft.oer4ft (.const:ti_sysbios_family_arm_v7a_Pmu_Module__diagsEnabled__C)
                  00010fa0    00000004     mss_per4ft.oer4ft (.const:ti_sysbios_family_arm_v7a_Pmu_Module__diagsIncluded__C)
                  00010fa4    00000004     mss_per4ft.oer4ft (.const:ti_sysbios_family_arm_v7a_Pmu_Module__diagsMask__C)
                  00010fa8    00000004     mss_per4ft.oer4ft (.const:ti_sysbios_family_arm_v7r_tms570_Core_E_mismatchedIds__C)
                  00010fac    00000004     mss_per4ft.oer4ft (.const:ti_sysbios_family_arm_v7r_tms570_Core_id__C)
                  00010fb0    00000004     mss_per4ft.oer4ft (.const:ti_sysbios_family_arm_v7r_vim_Hwi_A_badChannelId__C)
                  00010fb4    00000004     mss_per4ft.oer4ft (.const:ti_sysbios_family_arm_v7r_vim_Hwi_E_alreadyDefined__C)
                  00010fb8    00000004     mss_per4ft.oer4ft (.const:ti_sysbios_family_arm_v7r_vim_Hwi_E_badIntNum__C)
                  00010fbc    00000004     mss_per4ft.oer4ft (.const:ti_sysbios_family_arm_v7r_vim_Hwi_E_phantomInterrupt__C)
                  00010fc0    00000004     mss_per4ft.oer4ft (.const:ti_sysbios_family_arm_v7r_vim_Hwi_E_undefined__C)
                  00010fc4    00000004     mss_per4ft.oer4ft (.const:ti_sysbios_family_arm_v7r_vim_Hwi_E_unsupportedMaskingOption__C)
                  00010fc8    00000004     mss_per4ft.oer4ft (.const:ti_sysbios_family_arm_v7r_vim_Hwi_Module__diagsEnabled__C)
                  00010fcc    00000004     mss_per4ft.oer4ft (.const:ti_sysbios_family_arm_v7r_vim_Hwi_Module__diagsIncluded__C)
                  00010fd0    00000004     mss_per4ft.oer4ft (.const:ti_sysbios_family_arm_v7r_vim_Hwi_Module__diagsMask__C)
                  00010fd4    00000004     mss_per4ft.oer4ft (.const:ti_sysbios_family_arm_v7r_vim_Hwi_NUM_INTERRUPTS__C)
                  00010fd8    00000004     mss_per4ft.oer4ft (.const:ti_sysbios_family_arm_v7r_vim_Hwi_channelMap__C)
                  00010fdc    00000004     mss_per4ft.oer4ft (.const:ti_sysbios_family_arm_v7r_vim_Hwi_intReqEnaSet__C)
                  00010fe0    00000004     mss_per4ft.oer4ft (.const:ti_sysbios_family_arm_v7r_vim_Hwi_phantomFunc__C)
                  00010fe4    00000004     mss_per4ft.oer4ft (.const:ti_sysbios_family_arm_v7r_vim_Hwi_swiDisable__C)
                  00010fe8    00000004     mss_per4ft.oer4ft (.const:ti_sysbios_family_arm_v7r_vim_Hwi_swiRestoreHwi__C)
                  00010fec    00000004     mss_per4ft.oer4ft (.const:ti_sysbios_family_arm_v7r_vim_Hwi_taskDisable__C)
                  00010ff0    00000004     mss_per4ft.oer4ft (.const:ti_sysbios_family_arm_v7r_vim_Hwi_taskRestoreHwi__C)
                  00010ff4    00000004     mss_per4ft.oer4ft (.const:ti_sysbios_family_arm_v7r_vim_Hwi_wakeEnaSet__C)
                  00010ff8    00000004     mss_per4ft.oer4ft (.const:ti_sysbios_gates_GateMutex_A_badContext__C)
                  00010ffc    00000004     mss_per4ft.oer4ft (.const:ti_sysbios_gates_GateMutex_Instance_State_sem__O)
                  00011000    00000004     mss_per4ft.oer4ft (.const:ti_sysbios_gates_GateMutex_Module__diagsEnabled__C)
                  00011004    00000004     mss_per4ft.oer4ft (.const:ti_sysbios_gates_GateMutex_Module__diagsIncluded__C)
                  00011008    00000004     mss_per4ft.oer4ft (.const:ti_sysbios_gates_GateMutex_Module__diagsMask__C)
                  0001100c    00000004     mss_per4ft.oer4ft (.const:ti_sysbios_hal_Hwi_E_stackOverflow__C)
                  00011010    00000004     mss_per4ft.oer4ft (.const:ti_sysbios_heaps_HeapBuf_Instance_State_freeList__O)
                  00011014    00000004     mss_per4ft.oer4ft (.const:ti_sysbios_heaps_HeapBuf_Object__count__C)
                  00011018    00000004     mss_per4ft.oer4ft (.const:ti_sysbios_heaps_HeapBuf_numConstructedHeaps__C)
                  0001101c    00000004     mss_per4ft.oer4ft (.const:ti_sysbios_heaps_HeapMem_A_align__C)
                  00011020    00000004     mss_per4ft.oer4ft (.const:ti_sysbios_heaps_HeapMem_A_heapSize__C)
                  00011024    00000004     mss_per4ft.oer4ft (.const:ti_sysbios_heaps_HeapMem_A_invalidFree__C)
                  00011028    00000004     mss_per4ft.oer4ft (.const:ti_sysbios_heaps_HeapMem_A_zeroBlock__C)
                  0001102c    00000004     mss_per4ft.oer4ft (.const:ti_sysbios_heaps_HeapMem_E_memory__C)
                  00011030    00000004     mss_per4ft.oer4ft (.const:ti_sysbios_heaps_HeapMem_Module__diagsEnabled__C)
                  00011034    00000004     mss_per4ft.oer4ft (.const:ti_sysbios_heaps_HeapMem_Module__diagsIncluded__C)
                  00011038    00000004     mss_per4ft.oer4ft (.const:ti_sysbios_heaps_HeapMem_Module__diagsMask__C)
                  0001103c    00000004     mss_per4ft.oer4ft (.const:ti_sysbios_heaps_HeapMem_Module__gateObj__C)
                  00011040    00000004     mss_per4ft.oer4ft (.const:ti_sysbios_heaps_HeapMem_Object__count__C)
                  00011044    00000004     mss_per4ft.oer4ft (.const:ti_sysbios_heaps_HeapMem_reqAlign__C)
                  00011048    00000004     mss_per4ft.oer4ft (.const:ti_sysbios_knl_Clock_Module_State_clockQ__O)
                  0001104c    00000004     mss_per4ft.oer4ft (.const:ti_sysbios_knl_Idle_funcList__A)
                  00011050    00000004     mss_per4ft.oer4ft (.const:ti_sysbios_knl_Semaphore_A_badContext__C)
                  00011054    00000004     mss_per4ft.oer4ft (.const:ti_sysbios_knl_Semaphore_A_noEvents__C)
                  00011058    00000004     mss_per4ft.oer4ft (.const:ti_sysbios_knl_Semaphore_A_overflow__C)
                  0001105c    00000004     mss_per4ft.oer4ft (.const:ti_sysbios_knl_Semaphore_A_pendTaskDisabled__C)
                  00011060    00000004     mss_per4ft.oer4ft (.const:ti_sysbios_knl_Semaphore_Instance_State_pendQ__O)
                  00011064    00000004     mss_per4ft.oer4ft (.const:ti_sysbios_knl_Semaphore_Module__diagsEnabled__C)
                  00011068    00000004     mss_per4ft.oer4ft (.const:ti_sysbios_knl_Semaphore_Module__diagsIncluded__C)
                  0001106c    00000004     mss_per4ft.oer4ft (.const:ti_sysbios_knl_Semaphore_Module__diagsMask__C)
                  00011070    00000004     mss_per4ft.oer4ft (.const:ti_sysbios_knl_Swi_Object__count__C)
                  00011074    00000004     mss_per4ft.oer4ft (.const:ti_sysbios_knl_Task_A_badPriority__C)
                  00011078    00000004     mss_per4ft.oer4ft (.const:ti_sysbios_knl_Task_A_badTaskState__C)
                  0001107c    00000004     mss_per4ft.oer4ft (.const:ti_sysbios_knl_Task_A_badThreadType__C)
                  00011080    00000004     mss_per4ft.oer4ft (.const:ti_sysbios_knl_Task_A_noPendElem__C)
                  00011084    00000004     mss_per4ft.oer4ft (.const:ti_sysbios_knl_Task_E_spOutOfBounds__C)
                  00011088    00000004     mss_per4ft.oer4ft (.const:ti_sysbios_knl_Task_E_stackOverflow__C)
                  0001108c    00000004     mss_per4ft.oer4ft (.const:ti_sysbios_knl_Task_Module_State_inactiveQ__O)
                  00011090    00000004     mss_per4ft.oer4ft (.const:ti_sysbios_knl_Task_Module__diagsEnabled__C)
                  00011094    00000004     mss_per4ft.oer4ft (.const:ti_sysbios_knl_Task_Module__diagsIncluded__C)
                  00011098    00000004     mss_per4ft.oer4ft (.const:ti_sysbios_knl_Task_Module__diagsMask__C)
                  0001109c    00000004     mss_per4ft.oer4ft (.const:ti_sysbios_knl_Task_Object__count__C)
                  000110a0    00000004     mss_per4ft.oer4ft (.const:ti_sysbios_knl_Task_allBlockedFunc__C)
                  000110a4    00000004     mss_per4ft.oer4ft (.const:ti_sysbios_knl_Task_defaultStackHeap__C)
                  000110a8    00000004     mss_per4ft.oer4ft (.const:ti_sysbios_knl_Task_defaultStackSize__C)
                  000110ac    00000004     mss_per4ft.oer4ft (.const:ti_sysbios_knl_Task_numConstructedTasks__C)
                  000110b0    00000004     mss_per4ft.oer4ft (.const:ti_sysbios_timers_rti_Timer_E_cannotSupport__C)
                  000110b4    00000004     mss_per4ft.oer4ft (.const:ti_sysbios_timers_rti_Timer_Module__diagsEnabled__C)
                  000110b8    00000004     mss_per4ft.oer4ft (.const:ti_sysbios_timers_rti_Timer_Module__diagsIncluded__C)
                  000110bc    00000004     mss_per4ft.oer4ft (.const:ti_sysbios_timers_rti_Timer_Module__diagsMask__C)
                  000110c0    00000004     mss_per4ft.oer4ft (.const:ti_sysbios_timers_rti_Timer_numTimerDevices__C)
                  000110c4    00000004     mss_per4ft.oer4ft (.const:ti_sysbios_timers_rti_Timer_startupNeeded__C)
                  000110c8    00000004     mss_per4ft.oer4ft (.const:xdc_runtime_Assert_E_assertFailed__C)
                  000110cc    00000004     mss_per4ft.oer4ft (.const:xdc_runtime_Core_A_initializedParams__C)
                  000110d0    00000004     mss_per4ft.oer4ft (.const:xdc_runtime_Core_Module__diagsEnabled__C)
                  000110d4    00000004     mss_per4ft.oer4ft (.const:xdc_runtime_Core_Module__diagsIncluded__C)
                  000110d8    00000004     mss_per4ft.oer4ft (.const:xdc_runtime_Core_Module__diagsMask__C)
                  000110dc    00000004     mss_per4ft.oer4ft (.const:xdc_runtime_Error_E_memory__C)
                  000110e0    00000004     mss_per4ft.oer4ft (.const:xdc_runtime_Error_policyFxn__C)
                  000110e4    00000004     mss_per4ft.oer4ft (.const:xdc_runtime_Error_policy__C)
                  000110e8    00000004     mss_per4ft.oer4ft (.const:xdc_runtime_Error_raiseHook__C)
                  000110ec    00000004     mss_per4ft.oer4ft (.const:xdc_runtime_IGateProvider_Interface__BASE__C)
                  000110f0    00000004     mss_per4ft.oer4ft (.const:xdc_runtime_IHeap_Interface__BASE__C)
                  000110f4    00000004     mss_per4ft.oer4ft (.const:xdc_runtime_IModule_Interface__BASE__C)
                  000110f8    00000004     mss_per4ft.oer4ft (.const:xdc_runtime_Memory_defaultHeapInstance__C)
                  000110fc    00000004     mss_per4ft.oer4ft (.const:xdc_runtime_Startup_execImpl__C)
                  00011100    00000004     mss_per4ft.oer4ft (.const:xdc_runtime_Startup_maxPasses__C)
                  00011104    00000004     mss_per4ft.oer4ft (.const:xdc_runtime_Startup_sfxnRts__C)
                  00011108    00000004     mss_per4ft.oer4ft (.const:xdc_runtime_Startup_sfxnTab__C)
                  0001110c    00000004     mss_per4ft.oer4ft (.const:xdc_runtime_System_Module__gateObj__C)
                  00011110    00000004     mss_per4ft.oer4ft (.const:xdc_runtime_System_abortFxn__C)
                  00011114    00000004     mss_per4ft.oer4ft (.const:xdc_runtime_System_exitFxn__C)
                  00011118    00000004     mss_per4ft.oer4ft (.const:xdc_runtime_System_extendFxn__C)
                  0001111c    00000004     mss_per4ft.oer4ft (.const:xdc_runtime_System_maxAtexitHandlers__C)
                  00011120    00000004     mss_per4ft.oer4ft (.const:xdc_runtime_Text_charTab__C)
                  00011124    00000004     mss_per4ft.oer4ft (.const:xdc_runtime_Text_nameEmpty__C)
                  00011128    00000004     mss_per4ft.oer4ft (.const:xdc_runtime_Text_nameStatic__C)
                  0001112c    00000004     mss_per4ft.oer4ft (.const:xdc_runtime_Text_nameUnknown__C)
                  00011130    00000004     mss_per4ft.oer4ft (.const:xdc_runtime_Text_nodeTab__C)
                  00011134    00000004     mss_per4ft.oer4ft (.const:xdc_runtime_Text_visitRopeFxn__C)
                  00011138    00000002     mss_per4ft.oer4ft (.const:ti_sysbios_family_arm_v7r_tms570_Core_Module__id__C)
                  0001113a    00000002     mss_per4ft.oer4ft (.const:ti_sysbios_family_arm_v7r_vim_Hwi_Module__id__C)
                  0001113c    00000002     mss_per4ft.oer4ft (.const:ti_sysbios_gates_GateMutex_Module__id__C)
                  0001113e    00000002     mss_per4ft.oer4ft (.const:ti_sysbios_hal_Hwi_Module__id__C)
                  00011140    00000002     mss_per4ft.oer4ft (.const:ti_sysbios_heaps_HeapMem_Module__id__C)
                  00011142    00000002     mss_per4ft.oer4ft (.const:ti_sysbios_knl_Semaphore_Module__id__C)
                  00011144    00000002     mss_per4ft.oer4ft (.const:ti_sysbios_knl_Task_Module__id__C)
                  00011146    00000002     mss_per4ft.oer4ft (.const:ti_sysbios_timers_rti_Timer_Module__id__C)
                  00011148    00000002     mss_per4ft.oer4ft (.const:ti_sysbios_timers_rti_Timer_continueOnSuspend__C)
                  0001114a    00000002     mss_per4ft.oer4ft (.const:xdc_runtime_Core_Module__id__C)
                  0001114c    00000002     mss_per4ft.oer4ft (.const:xdc_runtime_Error_maxDepth__C)
                  0001114e    00000002     mss_per4ft.oer4ft (.const:xdc_runtime_Main_Module__id__C)
                  00011150    00000002     mss_per4ft.oer4ft (.const:xdc_runtime_Memory_Module__id__C)
                  00011152    00000002     mss_per4ft.oer4ft (.const:xdc_runtime_Text_charCnt__C)
                  00011154    00000002     mss_per4ft.oer4ft (.const:xdc_runtime_Text_isLoaded__C)
                  00011156    00000002     mss_per4ft.oer4ft (.const:xdc_runtime_Text_registryModsLastId__C)
                  00011158    00000002     mss_per4ft.oer4ft (.const:xdc_runtime_Text_unnamedModsLastId__C)

.cinit     0    00011160    000002d8     
                  00011160    00000281     (.cinit..data.load) [load image, compression = lzss]
                  000113e1    00000003     --HOLE-- [fill = 0]
                  000113e4    0000000c     (__TI_handler_table)
                  000113f0    00000008     (.cinit..MCPILogBuffer.load) [load image, compression = zero_init]
                  000113f8    00000008     (.cinit..bss.load) [load image, compression = zero_init]
                  00011400    00000008     (.cinit..l3ram.load) [load image, compression = zero_init]
                  00011408    00000008     (.cinit..tcmb.load) [load image, compression = zero_init]
                  00011410    00000028     (__TI_cinit_table)

.bss       0    08013c00    00005f96     UNINITIALIZED
                  08013c00    00004000     (.common:ti_sysbios_heaps_HeapMem_Instance_State_0_buf__A)
                  08017c00    00001000     (.common:ti_sysbios_family_arm_exc_Exception_Module_State_0_excStack_0__A)
                  08018c00    000004e8     libedma_xwr68xx.aer4f : edma.oer4f (.bss:$O1$$)
                  080190e8    00000400     mss_per4ft.oer4ft (.bss:taskStackSection)
                  080194e8    00000400     (.common:ti_sysbios_family_arm_v7r_vim_Hwi_Module_State_0_fiqStack__A)
                  080198e8    00000120     rtsv7R4_T_le_v3D16_eabi.lib : trgmsg.obj (.bss:_CIOBUF_)
                  08019a08    000000a0     (.common:__TI_tmpnams)
                  08019aa8    00000070     (.common:gEsmMCB)
                  08019b18    00000064     (.common:dopplerProcDpuCfg)
                  08019b7c    00000008     (.common:parmbuf)
                  08019b84    00000004     (.common:dopplerProcDpuHandle)
                  08019b88    00000004     (.common:edmaHandle)
                  08019b8c    00000004     (.common:hwaHandle)
                  08019b90    00000004     (.common:socHandle)
                  08019b94    00000001     (.common:checkResults)
                  08019b95    00000001     (.common:finalResults)

.MCPILogBuffer 
*          0    08019b96    00002400     UNINITIALIZED
                  08019b96    00002400     doppleprochwa_test_main.oer4f (.MCPILogBuffer)

.stack     0    0801bf98    00001000     UNINITIALIZED
                  0801bf98    00001000     --HOLE--

.data      0    0801cf98    000008f8     UNINITIALIZED
                  0801cf98    00000200     mss_per4ft.oer4ft (.data:ti_sysbios_family_arm_v7r_vim_Hwi_Module_State_0_dispatchTable__A)
                  0801d198    000000f0     rtsv7R4_T_le_v3D16_eabi.lib : defs.obj (.data:_ftable)
                  0801d288    00000080     mss_per4ft.oer4ft (.data:ti_sysbios_knl_Swi_Module_State_0_readyQ__A)
                  0801d308    00000080     mss_per4ft.oer4ft (.data:ti_sysbios_knl_Task_Module_State_0_readyQ__A)
                  0801d388    00000078     rtsv7R4_T_le_v3D16_eabi.lib : write.obj (.data:_device)
                  0801d400    0000005c     mss_per4ft.oer4ft (.data:ti_sysbios_knl_Task_Object__table__V)
                  0801d45c    00000050     rtsv7R4_T_le_v3D16_eabi.lib : write.obj (.data:_stream)
                  0801d4ac    00000048     mss_per4ft.oer4ft (.data:ti_sysbios_knl_Task_Module__state__V)
                  0801d4f4    00000040     libsoc_xwr68xx.aer4f : soc_xwr68xx.oer4f (.data:SOC_TranslateAddr_LUT)
                  0801d534    00000040     mss_per4ft.oer4ft (.data:ti_sysbios_gates_GateMutex_Object__table__V)
                  0801d574    0000003c     mss_per4ft.oer4ft (.data:ti_sysbios_timers_rti_Timer_Object__table__V)
                  0801d5b0    00000034     mss_per4ft.oer4ft (.data:ti_sysbios_family_arm_v7r_vim_Hwi_Module__state__V)
                  0801d5e4    00000030     libhwa_xwr68xx.aer4f : hwa_xwr68xx.oer4f (.data:gHWAHwCfg)
                  0801d614    00000030     mss_per4ft.oer4ft (.data:ti_sysbios_knl_Swi_Object__table__V)
                  0801d644    0000002c     mss_per4ft.oer4ft (.data:ti_sysbios_family_arm_v7r_vim_Hwi_Object__table__V)
                  0801d670    0000002c     mss_per4ft.oer4ft (.data:ti_sysbios_knl_Clock_Module__state__V)
                  0801d69c    00000024     mss_per4ft.oer4ft (.data:ti_sysbios_BIOS_Module__state__V)
                  0801d6c0    00000020     mss_per4ft.oer4ft (.data:xdc_runtime_Error_IgnoreBlock)
                  0801d6e0    00000020     mss_per4ft.oer4ft (.data:xdc_runtime_System_Module_State_0_atexitHandlers__A)
                  0801d700    0000001c     mss_per4ft.oer4ft (.data:ti_sysbios_knl_Swi_Module__state__V)
                  0801d71c    00000018     mss_per4ft.oer4ft (.data:ti_sysbios_heaps_HeapMem_Object__table__V)
                  0801d734    00000018     mss_per4ft.oer4ft (.data:ti_sysbios_timers_rti_Timer_Module_State_0_device__A)
                  0801d74c    00000014     libsoc_xwr68xx.aer4f : soc_xwr68xx_mss.oer4f (.data:gSOCHwAttrib)
                  0801d760    00000014     mss_per4ft.oer4ft (.data:ti_sysbios_family_arm_exc_Exception_Module__state__V)
                  0801d774    00000010     libhwa_xwr68xx.aer4f : hwa.oer4f (.data:gHwaEDMAChanMapping)
                  0801d784    00000010     rtsv7R4_T_le_v3D16_eabi.lib : defs.obj (.data)
                  0801d794    00000010     mss_per4ft.oer4ft (.data:ti_sysbios_timers_rti_Timer_Module_State_0_intFreqs__A)
                  0801d7a4    00000010     mss_per4ft.oer4ft (.data:ti_sysbios_timers_rti_Timer_Module__state__V)
                  0801d7b4    0000000c     libtestlogger_xwr68xx.aer4f : logger.oer4f (.data:$O1$$)
                  0801d7c0    0000000c     rtsv7R4_T_le_v3D16_eabi.lib : exit.obj (.data:$O1$$)
                  0801d7cc    0000000c     libesm_xwr68xx.aer4f : esm_xwr1xxx.oer4f (.data:gESMHwCfgAttrs)
                  0801d7d8    0000000c     mss_per4ft.oer4ft (.data:ti_sysbios_family_arm_v7a_Pmu_Module__state__V)
                  0801d7e4    00000008     rtsv7R4_T_le_v3D16_eabi.lib : _lock.obj (.data:$O1$$)
                  0801d7ec    00000004     doppleprochwa_test_main.oer4f (.data)
                  0801d7f0    00000008     gen_rand_data.oer4f (.data)
                  0801d7f8    00000008     mss_per4ft.oer4ft (.data:ti_sysbios_family_arm_v7r_vim_Hwi_Module__root__V)
                  0801d800    00000008     mss_per4ft.oer4ft (.data:ti_sysbios_gates_GateHwi_Module__root__V)
                  0801d808    00000008     mss_per4ft.oer4ft (.data:ti_sysbios_gates_GateMutex_Module__root__V)
                  0801d810    00000008     mss_per4ft.oer4ft (.data:ti_sysbios_hal_Hwi_Object__table__V)
                  0801d818    00000008     mss_per4ft.oer4ft (.data:ti_sysbios_heaps_HeapMem_Module__root__V)
                  0801d820    00000008     mss_per4ft.oer4ft (.data:ti_sysbios_knl_Queue_Module__root__V)
                  0801d828    00000008     mss_per4ft.oer4ft (.data:ti_sysbios_knl_Semaphore_Module__root__V)
                  0801d830    00000008     mss_per4ft.oer4ft (.data:ti_sysbios_knl_Task_Module__root__V)
                  0801d838    00000008     mss_per4ft.oer4ft (.data:ti_sysbios_timers_rti_Timer_Module_State_0_handles__A)
                  0801d840    00000008     mss_per4ft.oer4ft (.data:xdc_runtime_Registry_Module__state__V)
                  0801d848    00000008     mss_per4ft.oer4ft (.data:xdc_runtime_Startup_Module__state__V)
                  0801d850    00000008     mss_per4ft.oer4ft (.data:xdc_runtime_System_Module__state__V)
                  0801d858    00000004     libhwa_xwr68xx.aer4f : hwa_xwr68xx.oer4f (.data:gHWADriverPtr)
                  0801d85c    00000004     libedma_xwr68xx.aer4f : edma_low_level.oer4f (.data)
                  0801d860    00000004     rtsv7R4_T_le_v3D16_eabi.lib : errno.obj (.data)
                  0801d864    00000004                                 : fopen.obj (.data)
                  0801d868    00000004                                 : open.obj (.data)
                  0801d86c    00000004                                 : stkdepth_vars.obj (.data)
                  0801d870    00000004     mss_per4ft.oer4ft (.data:ti_sysbios_family_arm_exc_Exception_Module_State_0_excContext__A)
                  0801d874    00000004     mss_per4ft.oer4ft (.data:ti_sysbios_family_arm_exc_Exception_Module_State_0_excStackBuffers__A)
                  0801d878    00000004     mss_per4ft.oer4ft (.data:ti_sysbios_family_arm_exc_Exception_Module_State_0_excStack__A)
                  0801d87c    00000004     mss_per4ft.oer4ft (.data:ti_sysbios_gates_GateHwi_Object__table__V)
                  0801d880    00000004     mss_per4ft.oer4ft (.data:ti_sysbios_heaps_HeapBuf_Module__state__V)
                  0801d884    00000004     mss_per4ft.oer4ft (.data:ti_sysbios_knl_Task_Module_State_0_idleTask__A)
                  0801d888    00000004     mss_per4ft.oer4ft (.data:xdc_runtime_Memory_Module__state__V)
                  0801d88c    00000002     mss_per4ft.oer4ft (.data:ti_sysbios_family_arm_exc_Exception_Module_State_0_excActive__A)
                  0801d88e    00000002     mss_per4ft.oer4ft (.data:xdc_runtime_Error_Module__state__V)

.l3ram     0    51000000    000c0000     UNINITIALIZED
                  51000000    000c0000     doppleprochwa_test_main.oer4f (.l3ram)

.tcmb      0    08000000    00013c00     UNINITIALIZED
                  08000000    00013c00     doppleprochwa_test_main.oer4f (.tcmb)

MODULE SUMMARY

       Module                          code    ro data   rw data
       ------                          ----    -------   -------
[...]
00010e18  ti_sysbios_heaps_HeapMem_Object__DESC__C                             
00010e38  ti_sysbios_knl_Queue_Object__DESC__C                                 
00010e58  ti_sysbios_knl_Semaphore_Object__DESC__C                             
00010e78  ti_sysbios_knl_Task_Object__DESC__C                                  
00010eb4  ti_sysbios_gates_GateHwi_Object__PARAMS__C                           
00010ecc  ti_sysbios_gates_GateMutex_Object__PARAMS__C                         
00010ee4  ti_sysbios_knl_Queue_Object__PARAMS__C                               
00010efc  xdc_runtime_Startup_sfxnRts__A                                       
00010f12  ti_sysbios_family_arm_v7a_Pmu_Module__id__C                          
00010f24  ti_sysbios_family_arm_v7r_vim_Hwi_intReqEnaSet__A                    
00010f34  ti_sysbios_family_arm_v7r_vim_Hwi_wakeEnaSet__A                      
00010f5c  ti_sysbios_knl_Idle_funcList__C                                      
00010f64  xdc_runtime_Startup_firstFxns__A                                     
00010f6c  xdc_runtime_Startup_firstFxns__C                                     
00010f74  xdc_runtime_Startup_lastFxns__C                                      
00010f7c  ti_sysbios_family_arm_TaskSupport_stackAlignment__C                  
00010f80  ti_sysbios_family_arm_exc_Exception_E_dataAbort__C                   
00010f84  ti_sysbios_family_arm_exc_Exception_E_prefetchAbort__C               
00010f88  ti_sysbios_family_arm_exc_Exception_E_swi__C                         
00010f8c  ti_sysbios_family_arm_exc_Exception_E_undefinedInstruction__C        
00010f90  ti_sysbios_family_arm_exc_Exception_excHookFuncs__A                  
00010f94  ti_sysbios_family_arm_exc_Exception_excHookFuncs__C                  
00010f98  ti_sysbios_family_arm_v7a_Pmu_A_invalidCounterId__C                  
00010f9c  ti_sysbios_family_arm_v7a_Pmu_Module__diagsEnabled__C                
00010fa0  ti_sysbios_family_arm_v7a_Pmu_Module__diagsIncluded__C               
00010fa4  ti_sysbios_family_arm_v7a_Pmu_Module__diagsMask__C                   
00010fa8  ti_sysbios_family_arm_v7r_tms570_Core_E_mismatchedIds__C             
00010fac  ti_sysbios_family_arm_v7r_tms570_Core_id__C                          
00010fb0  ti_sysbios_family_arm_v7r_vim_Hwi_A_badChannelId__C                  
00010fb4  ti_sysbios_family_arm_v7r_vim_Hwi_E_alreadyDefined__C                
00010fb8  ti_sysbios_family_arm_v7r_vim_Hwi_E_badIntNum__C                     
00010fbc  ti_sysbios_family_arm_v7r_vim_Hwi_E_phantomInterrupt__C              
00010fc0  ti_sysbios_family_arm_v7r_vim_Hwi_E_undefined__C                     
00010fc4  ti_sysbios_family_arm_v7r_vim_Hwi_E_unsupportedMaskingOption__C      
00010fc8  ti_sysbios_family_arm_v7r_vim_Hwi_Module__diagsEnabled__C            
00010fcc  ti_sysbios_family_arm_v7r_vim_Hwi_Module__diagsIncluded__C           
00010fd0  ti_sysbios_family_arm_v7r_vim_Hwi_Module__diagsMask__C               
00010fd4  ti_sysbios_family_arm_v7r_vim_Hwi_NUM_INTERRUPTS__C                  
00010fd8  ti_sysbios_family_arm_v7r_vim_Hwi_channelMap__C                      
00010fdc  ti_sysbios_family_arm_v7r_vim_Hwi_intReqEnaSet__C                    
00010fe0  ti_sysbios_family_arm_v7r_vim_Hwi_phantomFunc__C                     
00010fe4  ti_sysbios_family_arm_v7r_vim_Hwi_swiDisable__C                      
00010fe8  ti_sysbios_family_arm_v7r_vim_Hwi_swiRestoreHwi__C                   
00010fec  ti_sysbios_family_arm_v7r_vim_Hwi_taskDisable__C                     
00010ff0  ti_sysbios_family_arm_v7r_vim_Hwi_taskRestoreHwi__C                  
00010ff4  ti_sysbios_family_arm_v7r_vim_Hwi_wakeEnaSet__C                      
00010ff8  ti_sysbios_gates_GateMutex_A_badContext__C                           
00010ffc  ti_sysbios_gates_GateMutex_Instance_State_sem__O                     
00011000  ti_sysbios_gates_GateMutex_Module__diagsEnabled__C                   
00011004  ti_sysbios_gates_GateMutex_Module__diagsIncluded__C                  
00011008  ti_sysbios_gates_GateMutex_Module__diagsMask__C                      
0001100c  ti_sysbios_hal_Hwi_E_stackOverflow__C                                
00011010  ti_sysbios_heaps_HeapBuf_Instance_State_freeList__O                  
00011014  ti_sysbios_heaps_HeapBuf_Object__count__C                            
00011018  ti_sysbios_heaps_HeapBuf_numConstructedHeaps__C                      
0001101c  ti_sysbios_heaps_HeapMem_A_align__C                                  
00011020  ti_sysbios_heaps_HeapMem_A_heapSize__C                               
00011024  ti_sysbios_heaps_HeapMem_A_invalidFree__C                            
00011028  ti_sysbios_heaps_HeapMem_A_zeroBlock__C                              
0001102c  ti_sysbios_heaps_HeapMem_E_memory__C                                 
00011030  ti_sysbios_heaps_HeapMem_Module__diagsEnabled__C                     
00011034  ti_sysbios_heaps_HeapMem_Module__diagsIncluded__C                    
00011038  ti_sysbios_heaps_HeapMem_Module__diagsMask__C                        
0001103c  ti_sysbios_heaps_HeapMem_Module__gateObj__C                          
00011040  ti_sysbios_heaps_HeapMem_Object__count__C                            
00011044  ti_sysbios_heaps_HeapMem_reqAlign__C                                 
00011048  ti_sysbios_knl_Clock_Module_State_clockQ__O                          
0001104c  ti_sysbios_knl_Idle_funcList__A                                      
00011050  ti_sysbios_knl_Semaphore_A_badContext__C                             
00011054  ti_sysbios_knl_Semaphore_A_noEvents__C                               
00011058  ti_sysbios_knl_Semaphore_A_overflow__C                               
0001105c  ti_sysbios_knl_Semaphore_A_pendTaskDisabled__C                       
00011060  ti_sysbios_knl_Semaphore_Instance_State_pendQ__O                     
00011064  ti_sysbios_knl_Semaphore_Module__diagsEnabled__C                     
00011068  ti_sysbios_knl_Semaphore_Module__diagsIncluded__C                    
0001106c  ti_sysbios_knl_Semaphore_Module__diagsMask__C                        
00011070  ti_sysbios_knl_Swi_Object__count__C                                  
00011074  ti_sysbios_knl_Task_A_badPriority__C                                 
00011078  ti_sysbios_knl_Task_A_badTaskState__C                                
0001107c  ti_sysbios_knl_Task_A_badThreadType__C                               
00011080  ti_sysbios_knl_Task_A_noPendElem__C                                  
00011084  ti_sysbios_knl_Task_E_spOutOfBounds__C                               
00011088  ti_sysbios_knl_Task_E_stackOverflow__C                               
0001108c  ti_sysbios_knl_Task_Module_State_inactiveQ__O                        
00011090  ti_sysbios_knl_Task_Module__diagsEnabled__C                          
00011094  ti_sysbios_knl_Task_Module__diagsIncluded__C                         
00011098  ti_sysbios_knl_Task_Module__diagsMask__C                             
0001109c  ti_sysbios_knl_Task_Object__count__C                                 
000110a0  ti_sysbios_knl_Task_allBlockedFunc__C                                
000110a4  ti_sysbios_knl_Task_defaultStackHeap__C                              
000110a8  ti_sysbios_knl_Task_defaultStackSize__C                              
000110ac  ti_sysbios_knl_Task_numConstructedTasks__C                           
000110b0  ti_sysbios_timers_rti_Timer_E_cannotSupport__C                       
000110b4  ti_sysbios_timers_rti_Timer_Module__diagsEnabled__C                  
000110b8  ti_sysbios_timers_rti_Timer_Module__diagsIncluded__C                 
000110bc  ti_sysbios_timers_rti_Timer_Module__diagsMask__C                     
000110c0  ti_sysbios_timers_rti_Timer_numTimerDevices__C                       
000110c4  ti_sysbios_timers_rti_Timer_startupNeeded__C                         
000110c8  xdc_runtime_Assert_E_assertFailed__C                                 
000110cc  xdc_runtime_Core_A_initializedParams__C                              
000110d0  xdc_runtime_Core_Module__diagsEnabled__C                             
000110d4  xdc_runtime_Core_Module__diagsIncluded__C                            
000110d8  xdc_runtime_Core_Module__diagsMask__C                                
000110dc  xdc_runtime_Error_E_memory__C                                        
000110e0  xdc_runtime_Error_policyFxn__C                                       
000110e4  xdc_runtime_Error_policy__C                                          
000110e8  xdc_runtime_Error_raiseHook__C                                       
000110ec  xdc_runtime_IGateProvider_Interface__BASE__C                         
000110f0  xdc_runtime_IHeap_Interface__BASE__C                                 
000110f4  xdc_runtime_IModule_Interface__BASE__C                               
000110f8  xdc_runtime_Memory_defaultHeapInstance__C                            
000110fc  xdc_runtime_Startup_execImpl__C                                      
00011100  xdc_runtime_Startup_maxPasses__C                                     
00011104  xdc_runtime_Startup_sfxnRts__C                                       
00011108  xdc_runtime_Startup_sfxnTab__C                                       
0001110c  xdc_runtime_System_Module__gateObj__C                                
00011110  xdc_runtime_System_abortFxn__C                                       
00011114  xdc_runtime_System_exitFxn__C                                        
00011118  xdc_runtime_System_extendFxn__C                                      
0001111c  xdc_runtime_System_maxAtexitHandlers__C                              
00011120  xdc_runtime_Text_charTab__C                                          
00011124  xdc_runtime_Text_nameEmpty__C                                        
00011128  xdc_runtime_Text_nameStatic__C                                       
0001112c  xdc_runtime_Text_nameUnknown__C                                      
00011130  xdc_runtime_Text_nodeTab__C                                          
00011134  xdc_runtime_Text_visitRopeFxn__C                                     
00011138  ti_sysbios_family_arm_v7r_tms570_Core_Module__id__C                  
0001113a  ti_sysbios_family_arm_v7r_vim_Hwi_Module__id__C                      
0001113c  ti_sysbios_gates_GateMutex_Module__id__C                             
0001113e  ti_sysbios_hal_Hwi_Module__id__C                                     
00011140  ti_sysbios_heaps_HeapMem_Module__id__C                               
00011142  ti_sysbios_knl_Semaphore_Module__id__C                               
00011144  ti_sysbios_knl_Task_Module__id__C                                    
00011146  ti_sysbios_timers_rti_Timer_Module__id__C                            
00011148  ti_sysbios_timers_rti_Timer_continueOnSuspend__C                     
0001114a  xdc_runtime_Core_Module__id__C                                       
0001114c  xdc_runtime_Error_maxDepth__C                                        
0001114e  xdc_runtime_Main_Module__id__C                                       
00011150  xdc_runtime_Memory_Module__id__C                                     
00011152  xdc_runtime_Text_charCnt__C                                          
00011154  xdc_runtime_Text_isLoaded__C                                         
00011156  xdc_runtime_Text_registryModsLastId__C                               
00011158  xdc_runtime_Text_unnamedModsLastId__C                                
000113e4  __TI_Handler_Table_Base                                              
000113f0  __TI_Handler_Table_Limit                                             
00011410  __TI_CINIT_Base                                                      
00011438  __TI_CINIT_Limit                                                     
08000000  calculatedDetMatrix                                                  
08010000  testDopplerWindow                                                    
08010800  fftDataInBuf                                                         
08011000  fftDataWindow                                                        
08012000  fftDataOutBuf                                                        
08013000  detMatRefTemp                                                        
08013800  detMatRef                                                            
08013c00  ti_sysbios_heaps_HeapMem_Instance_State_0_buf__A                     
08017c00  ti_sysbios_family_arm_exc_Exception_Module_State_0_excStack_0__A     
08018c00  edmaDbg                                                              
080190e8  ti_sysbios_knl_Task_Instance_State_0_stack__A                        
080194e8  ti_sysbios_family_arm_v7r_vim_Hwi_Module_State_0_fiqStack__A         
080198e8  __CIOBUF_                                                            
08019a08  __TI_tmpnams                                                         
08019aa8  gEsmMCB                                                              
08019b18  dopplerProcDpuCfg                                                    
08019b7c  parmbuf                                                              
08019b84  dopplerProcDpuHandle                                                 
08019b88  edmaHandle                                                           
08019b8c  hwaHandle                                                            
08019b90  socHandle                                                            
08019b94  checkResults                                                         
08019b95  finalResults                                                         
08019b96  MCPI_logMessage                                                      
0801bf98  __stack                                                              
0801cf98  __STACK_END                                                          
0801cf98  ti_sysbios_family_arm_v7r_vim_Hwi_Module_State_0_dispatchTable__A    
0801d198  _ftable                                                              
0801d288  ti_sysbios_knl_Swi_Module_State_0_readyQ__A                          
0801d308  ti_sysbios_knl_Task_Module_State_0_readyQ__A                         
0801d388  _device                                                              
0801d400  ti_sysbios_knl_Task_Object__table__V                                 
0801d45c  _stream                                                              
0801d4ac  ti_sysbios_knl_Task_Module__state__V                                 
0801d4f4  SOC_TranslateAddr_LUT                                                
0801d534  ti_sysbios_gates_GateMutex_Object__table__V                          
0801d574  ti_sysbios_timers_rti_Timer_Object__table__V                         
0801d5b0  ti_sysbios_family_arm_v7r_vim_Hwi_Module__state__V                   
0801d5e4  gHWAHwCfg                                                            
0801d614  ti_sysbios_knl_Swi_Object__table__V                                  
0801d644  ti_sysbios_family_arm_v7r_vim_Hwi_Object__table__V                   
0801d670  ti_sysbios_knl_Clock_Module__state__V                                
0801d69c  ti_sysbios_BIOS_Module__state__V                                     
0801d6c0  xdc_runtime_Error_IgnoreBlock                                        
0801d6e0  xdc_runtime_System_Module_State_0_atexitHandlers__A                  
0801d700  ti_sysbios_knl_Swi_Module__state__V                                  
0801d71c  ti_sysbios_heaps_HeapMem_Object__table__V                            
0801d734  ti_sysbios_timers_rti_Timer_Module_State_0_device__A                 
0801d74c  gSOCHwAttrib                                                         
0801d760  ti_sysbios_family_arm_exc_Exception_Module__state__V                 
0801d774  gHwaEDMAChanMapping                                                  
0801d784  __TI_ft_end                                                          
0801d788  __aeabi_stdin                                                        
0801d78c  __aeabi_stdout                                                       
0801d790  __aeabi_stderr                                                       
0801d794  ti_sysbios_timers_rti_Timer_Module_State_0_intFreqs__A               
0801d7a4  ti_sysbios_timers_rti_Timer_Module__state__V                         
0801d7b4  MCPI_Result                                                          
0801d7b8  MCPI_FailSignature                                                   
0801d7c0  __TI_cleanup_ptr                                                     
0801d7c4  __TI_dtors_ptr                                                       
0801d7c8  __TI_enable_exit_profile_output                                      
0801d7cc  gESMHwCfgAttrs                                                       
0801d7d8  ti_sysbios_family_arm_v7a_Pmu_Module__state__V                       
0801d7e4  _lock                                                                
0801d7e8  _unlock                                                              
0801d7ec  gMCPILogMessageSize                                                  
0801d7f8  ti_sysbios_family_arm_v7r_vim_Hwi_Module__root__V                    
0801d800  ti_sysbios_gates_GateHwi_Module__root__V                             
0801d808  ti_sysbios_gates_GateMutex_Module__root__V                           
0801d810  ti_sysbios_hal_Hwi_Object__table__V                                  
0801d818  ti_sysbios_heaps_HeapMem_Module__root__V                             
0801d820  ti_sysbios_knl_Queue_Module__root__V                                 
0801d828  ti_sysbios_knl_Semaphore_Module__root__V                             
0801d830  ti_sysbios_knl_Task_Module__root__V                                  
0801d838  ti_sysbios_timers_rti_Timer_Module_State_0_handles__A                
0801d840  xdc_runtime_Registry_Module__state__V                                
0801d848  xdc_runtime_Startup_Module__state__V                                 
0801d850  xdc_runtime_System_Module__state__V                                  
0801d858  gHWADriverPtr                                                        
0801d85c  regionId                                                             
0801d860  errno                                                                
0801d86c  main_func_sp                                                         
0801d870  ti_sysbios_family_arm_exc_Exception_Module_State_0_excContext__A     
0801d874  ti_sysbios_family_arm_exc_Exception_Module_State_0_excStackBuffers__A
0801d878  ti_sysbios_family_arm_exc_Exception_Module_State_0_excStack__A       
0801d87c  ti_sysbios_gates_GateHwi_Object__table__V                            
0801d880  ti_sysbios_heaps_HeapBuf_Module__state__V                            
0801d884  ti_sysbios_knl_Task_Module_State_0_idleTask__A                       
0801d888  xdc_runtime_Memory_Module__state__V                                  
0801d88c  ti_sysbios_family_arm_exc_Exception_Module_State_0_excActive__A      
0801d88e  xdc_runtime_Error_Module__state__V                                   
51000000  testRadarCube                                                        
fffffdec  ti_sysbios_family_arm_v7r_vim_Hwi_vim                                
ffffffff  __TI_pprof_out_hndl                                                  
ffffffff  __TI_prof_data_size                                                  
ffffffff  __TI_prof_data_start                                                 
ffffffff  __binit__                                                            
ffffffff  __c_args__                                                           
ffffffff  binit                                                                
UNDEFED   SHT$$INIT_ARRAY$$Base                                                
UNDEFED   SHT$$INIT_ARRAY$$Limit                                               

[747 symbols]
