******************************************************************************
               TMS320C6x Linker Unix v8.3.3                    
******************************************************************************
>> Linked Wed May  8 04:15:59 2019

OUTPUT FILE NAME:   <test/xwr18xx_objectdetection_test_dss.xe674>
ENTRY POINT SYMBOL: "_c_int00"  address: 007fdc00


MEMORY CONFIGURATION

         name            origin    length      used     unused   attr    fill
----------------------  --------  ---------  --------  --------  ----  --------
PAGE 0:
  L2SRAM_UMAP1          007e0000   00020000  0001ffe0  00000020  RWIX
  L2SRAM_UMAP0          00800000   00020000  0001fc2b  000003d5  RWIX
  L1PSRAM               00e00000   00004000  00000000  00004000  RWIX
  L1DSRAM               00f00000   00004000  00002400  00001c00  RWIX
  L3SRAM                20000000   00100000  000fef20  000010e0  RWIX
  HWA_RAM               21030000   00010000  00000000  00010000  RWIX
  HSRAM                 21080000   00008000  00004000  00004000  RWIX

PAGE 1:
  L3SRAM                20000000   00100000  00000000  00100000  RWIX


SEGMENT ALLOCATION MAP

run origin  load origin   length   init length attrs members
----------  ----------- ---------- ----------- ----- -------
007e0000    007e0000    0001ffe0   0001ffe0    r-x
  007e0000    007e0000    00000200   00000200    r-x .vecs
  007e0200    007e0200    0001fde0   0001fde0    r-x .text.1
00800000    00800000    00002e20   00002e20    r-x
  00800000    00800000    00002e20   00002e20    r-x .text.2
00802e20    00802e20    00018900   00000000    rw-
  00802e20    00802e20    0000a000   00000000    rw- .l2Heap
  0080ce20    0080ce20    00008000   00000000    rw- systemHeap
  00814e20    00814e20    00005fdc   00000000    rw- .far
  0081ae00    0081ae00    00000800   00000000    rw- .stack
  0081b600    0081b600    00000120   00000000    rw- .cio
0081b720    0081b720    0000002c   0000002c    rw-
  0081b720    0081b720    0000002c   0000002c    rw- .neardata
0081b750    0081b750    00003344   00003344    r--
  0081b750    0081b750    00003344   00003344    r-- .const
0081ea98    0081ea98    0000109c   0000109c    rw-
  0081ea98    0081ea98    0000109c   0000109c    rw- .fardata
0081fb34    0081fb34    000000f4   000000f4    r--
  0081fb34    0081fb34    000000f4   000000f4    r-- .switch
0081fc28    0081fc28    0000000f   00000000    rw-
  0081fc28    0081fc28    0000000f   00000000    rw- .bss
00f00000    00f00000    00002400   00000000    rw-
  00f00000    00f00000    00002400   00000000    rw- .MCPILogBuffer
20000000    20000000    000fef20   000fef20    rwx
  20000000    20000000    000fef20   000fef20    rwx .l3ram
21080000    21080000    00004000   00000000    rw-
  21080000    21080000    00004000   00000000    rw- .hsram


SECTION ALLOCATION MAP

 output                                  attributes/
section   page    origin      length       input sections
--------  ----  ----------  ----------   ----------------
xdc.meta   0    00000000    00000120     COPY SECTION
                  00000000    00000120     dss_pe674.oe674 (xdc.meta)

.vecs      0    007e0000    00000200     
                  007e0000    00000200     dss_pe674.oe674 (.vecs)

.stack     0    0081ae00    00000800     UNINITIALIZED
                  0081ae00    00000008     boot.ae674 : boot.oe674 (.stack)
                  0081ae08    000007f8     --HOLE--

.neardata 
*          0    0081b720    0000002c     
                  0081b720    00000016     main.oe674 (.neardata)
                  0081b736    00000002     --HOLE-- [fill = 0]
                  0081b738    00000008     gen_frame_data.oe674 (.neardata)
                  0081b740    00000004     libdpm_xwr18xx.ae674 : dpm_mailbox.oe674 (.neardata)
                  0081b744    00000004     libedma_xwr18xx.ae674 : edma_low_level.oe674 (.neardata)
                  0081b748    00000004     libtestlogger_xwr18xx.ae674 : logger.oe674 (.neardata)

.bss       0    0081fc28    0000000f     UNINITIALIZED
                  0081fc28    00000004     (.common:MCPI_FailSignature)
                  0081fc2c    00000004     (.common:gObjDetObj)
                  0081fc30    00000004     (.common:socHandle)
                  0081fc34    00000002     (.common:gCurrTestId)
                  0081fc36    00000001     (.common:MCPI_Result)

.cinit     0    00800000    00000000     UNINITIALIZED

.text.1    0    007e0200    0001fde0     
                  007e0200    00000c00     main.oe674 (.text:ObjectDetection_Test_task)
                  007e0e00    00000ba0     sysbios.ae674 : BIOS.obj (.text:xdc_runtime_System_doPrint__I)
                  007e19a0    00000b40     libdopplerproc_hwa_xwr18xx.ae674 : dopplerprochwa.oe674 (.text:DPU_DopplerProcHWA_config)
                  007e24e0    000009e0     librangeproc_hwa_xwr18xx.ae674 : rangeprochwa.oe674 (.text:DPU_RangeProcHWA_process)
                  007e2ec0    00000900     libhwa_xwr18xx.ae674 : hwa.oe674 (.text:HWA_configParamSet)
                  007e37c0    00000840     objectdetection.oe674 (.text:DPC_ObjectDetection_ioctl)
                  007e4000    000007e0     librangeproc_hwa_xwr18xx.ae674 : rangeprochwa.oe674 (.text:DPU_RangeProcHWA_config)
                  007e47e0    00000780     sysbios.ae674 : BIOS.obj (.text:ti_sysbios_family_c64p_Exception_handler__I)
                  007e4f60    00000740     objectdetection.oe674 (.text:DPC_ObjDet_rangeBiasRxChPhaseMeasure)
                  007e56a0    00000720     libaoaproc_hwa_xwr18xx.ae674 : aoaprochwa.oe674 (.text:AoAProcHWA_config_EDMA)
                  007e5dc0    00000720                                  : aoaprochwa.oe674 (.text:HWAutil_configHWA_extendedVelocityScheme)
                  007e64e0    000006a0     sysbios.ae674 : BIOS.obj (.text:ti_sysbios_knl_Semaphore_pend__E)
                  007e6b80    00000680                   : BIOS.obj (.text:ti_sysbios_heaps_HeapMem_allocUnprotected__E)
                  007e7200    00000660                   : BIOS.obj (.text:ti_sysbios_heaps_HeapMem_freeUnprotected__E)
                  007e7860    000005e0     libaoaproc_hwa_xwr18xx.ae674 : aoaprochwa.oe674 (.text:DPU_AoAProcHWA_process)
                  007e7e40    00000580     sysbios.ae674 : BIOS.obj (.text:ti_sysbios_knl_Task_Instance_finalize__E)
                  007e83c0    000004e0     main.oe674 (.text:ObjectDetection_Test_setProfile)
                  007e88a0    000004c0     objectdetection.oe674 (.text:DPC_ObjDet_AoAconfig)
                  007e8d60    000004c0     librangeproc_hwa_xwr18xx.ae674 : rangeprochwa.oe674 (.text:rangeProcHWA_ConfigEDMA_DataOut_nonInterleave)
                  007e9220    00000440     sysbios.ae674 : BIOS.obj (.text:ti_sysbios_knl_Task_Instance_init__E)
                  007e9660    00000420     libmailbox_xwr18xx.ae674 : mailbox.oe674 (.text:Mailbox_open)
                  007e9a80    000003e0     objectdetection.oe674 (.text:DPC_ObjDet_preStartConfig)
                  007e9e60    000003e0     sysbios.ae674 : BIOS.obj (.text:ti_sysbios_knl_Task_sleep__E)
                  007ea240    000003e0                   : BIOS.obj (.text:ti_sysbios_utils_Load_updateThreadContexts__E)
                  007ea620    000003c0     libaoaproc_hwa_xwr18xx.ae674 : aoaprochwa.oe674 (.text:AoAProcHWA_angleEstimationAzimElev)
                  007ea9e0    000003c0                                  : aoaprochwa.oe674 (.text:DPU_AoAProcHWA_config)
                  007eada0    000003c0     libhwa_xwr18xx.ae674 : hwa.oe674 (.text:HWA_configCommon)
                  007eb160    000003a0     librangeproc_hwa_xwr18xx.ae674 : rangeprochwa.oe674 (.text:rangeProcHWA_ConfigHWA)
                  007eb500    00000360     main.oe674 (.text:ObjectDetection_Test_CompareToRef)
                  007eb860    00000340     objectdetection.oe674 (.text:DPC_ObjDet_rangeConfig)
                  007ebba0    00000340     objectdetection.oe674 (.text:DPC_ObjectDetection_execute)
                  007ebee0    00000340     libstaticclutterproc_xwr18xx.ae674 : staticclutterproc.oe674 (.text:DPU_StaticClutterProc_process)
                  007ec220    00000320     rts6740_elf.lib : cos.c.obj (.text:cos)
                  007ec540    00000320                     : fputs.c.obj (.text:fputs)
                  007ec860    00000300     libaoaproc_hwa_xwr18xx.ae674 : aoaprochwa.oe674 (.text:HWAutil_configHWA_azimuthHeatMap)
                  007ecb60    000002e0     rts6740_elf.lib : sin.c.obj (.text:sin)
                  007ece40    000002e0     sysbios.ae674 : BIOS.obj (.text:ti_sysbios_heaps_HeapMem_Instance_init__E)
                  007ed120    000002e0                   : BIOS.obj (.text:xdc_runtime_Core_createObject__I)
                  007ed400    000002c0     libaoaproc_hwa_xwr18xx.ae674 : aoaprochwa.oe674 (.text:AoAProcHWA_XYZestimation)
                  007ed6c0    000002c0     objectdetection.oe674 (.text:DPC_ObjDet_dopplerConfig)
                  007ed980    000002c0     libedma_xwr18xx.ae674 : edma.oe674 (.text:EDMA_configChannel)
                  007edc40    000002c0                           : edma.oe674 (.text:EDMA_configErrorMonitoring)
                  007edf00    000002c0     sysbios.ae674 : BIOS.obj (.text:ti_sysbios_knl_Task_postInit__I)
                  007ee1c0    000002c0                   : BIOS.obj (.text:ti_sysbios_timers_rti_Timer_Module_startup__E)
                  007ee480    000002a0     libaoaproc_hwa_xwr18xx.ae674 : aoaprochwa.oe674 (.text:AoAProcHWA_PrepareRangeAzimuthHeatmap)
                  007ee720    000002a0     libcfarcaproc_hwa_xwr18xx.ae674 : cfarcaprochwa.oe674 (.text:DPU_CFARCAProcHWA_process)
                  007ee9c0    000002a0     libedma_xwr18xx.ae674 : edma.oe674 (.text:EDMA_open)
                  007eec60    000002a0     libhwa_xwr18xx.ae674 : hwa.oe674 (.text:HWA_open)
                  007eef00    000002a0     rts6740_elf.lib : divf.c.obj (.text:__c6xabi_divf)
                  007ef1a0    000002a0     sysbios.ae674 : BIOS.obj (.text:ti_sysbios_family_c64p_EventCombiner_dispatch__E)
                  007ef440    000002a0                   : BIOS.obj (.text:ti_sysbios_timers_rti_Timer_getFreq__E)
                  007ef6e0    00000280     objectdetection.oe674 (.text:DPC_ObjectDetection_init)
                  007ef960    00000280     sysbios.ae674 : BIOS.obj (.text:ti_sysbios_family_c64p_Cache_Module_startup__E)
                  007efbe0    00000280                   : BIOS.obj (.text:xdc_runtime_Startup_startMods__I)
                  007efe60    00000260     libaoaproc_hwa_xwr18xx.ae674 : aoaprochwa.oe674 (.text:AoAProcHWA_config_azimuthHeatMap_EDMA)
                  007f00c0    00000260     sysbios.ae674 : BIOS.obj (.text:ti_sysbios_gates_GateMutex_enter__E)
                  007f0320    00000240                   : BIOS.obj (.text:ti_sysbios_family_c64p_Exception_internalHandler__I)
                  007f0560    00000240                   : BIOS.obj (.text:xdc_runtime_Error_policyDefault__E)
                  007f07a0    00000240     dss_pe674.oe674 (.text:xdc_runtime_System_printfExtend__I)
                  007f09e0    00000220     libedma_xwr18xx.ae674 : edma.oe674 (.text:EDMA_transferComplete_isr)
                  007f0c00    00000220     libmailbox_xwr18xx.ae674 : mailbox.oe674 (.text:Mailbox_write)
                  007f0e20    00000220     libaoaproc_hwa_xwr18xx.ae674 : aoaprochwa.oe674 (.text:aoaHwa_dopplerCompensation)
                  007f1040    00000220     rts6740_elf.lib : open.c.obj (.text:open)
                  007f1260    00000220     sysbios.ae674 : BIOS.obj (.text:ti_sysbios_family_c64p_EventCombiner_dispatchPlug__E)
                  007f1480    00000220                   : BIOS.obj (.text:ti_sysbios_family_c64p_EventCombiner_enableEvent__E)
                  007f16a0    00000200     libaoaproc_hwa_xwr18xx.ae674 : aoaprochwa.oe674 (.text:DPU_AoAProcHWA_init)
                  007f18a0    00000200     sysbios.ae674 : c64p_Hwi_disp_always.obj (.text:_ti_sysbios_family_c64p_Hwi_dispatchAlways)
                  007f1aa0    00000200     libmathutils.ae674 : mathutils.oe674 (.text:mathUtils_genWindow)
                  007f1ca0    00000200     sysbios.ae674 : BIOS.obj (.text:ti_sysbios_family_c64p_EventCombiner_disableEvent__E)
                  007f1ea0    00000200                   : BIOS.obj (.text:ti_sysbios_utils_Load_idleFxn__E)
                  007f20a0    00000200                   : BIOS.obj (.text:xdc_runtime_Core_constructObject__I)
                  007f22a0    000001e0     objectdetection.oe674 (.text:DPC_ObjDet_CFARCAconfig)
                  007f2480    000001e0     libedma_xwr18xx.ae674 : edma.oe674 (.text:EDMA_init)
                  007f2660    000001e0     rts6740_elf.lib : log.c.obj (.text:log)
                  007f2840    000001e0     sysbios.ae674 : BIOS.obj (.text:ti_sysbios_knl_Semaphore_post__E)
                  007f2a20    000001c0     libdpedma_hwa_xwr18xx.ae674 : dpedma.oe674 (.text:DPEDMA_configSyncAB)
                  007f2be0    000001c0                                 : dpedma.oe674 (.text:DPEDMA_configSyncA_singleFrame)
                  007f2da0    000001c0     librangeproc_hwa_xwr18xx.ae674 : rangeprochwa.oe674 (.text:DPU_RangeProcHWA_control)
                  007f2f60    000001c0     libstaticclutterproc_xwr18xx.ae674 : staticclutterproc.oe674 (.text:DPU_StaticClutterProc_configEdma)
                  007f3120    000001c0     libcfarcaproc_hwa_xwr18xx.ae674 : cfarcaprochwa.oe674 (.text:HWAutil_configCFAR)
                  007f32e0    000001c0     libmailbox_xwr18xx.ae674 : mailbox.oe674 (.text:Mailbox_read)
                  007f34a0    000001c0     main.oe674 (.text:ObjectDetection_Test_configDPC)
                  007f3660    000001c0     libsoc_xwr18xx.ae674 : soc.oe674 (.text:SOC_deregisterSysIntListener)
                  007f3820    000001c0     rts6740_elf.lib : imath40.c.obj (.text:__c6xabi_divul)
                  007f39e0    000001c0                     : atan2.c.obj (.text:atan2)
                  007f3ba0    000001c0                     : fputc.c.obj (.text:fputc)
                  007f3d60    000001c0                     : frexp.c.obj (.text:frexp)
                  007f3f20    000001c0                     : ldexp.c.obj (.text:ldexp)
                  007f40e0    000001c0     librangeproc_hwa_xwr18xx.ae674 : rangeprochwa.oe674 (.text:rangeProcHWA_ConfigEDMADummyThreeLinks)
                  007f42a0    000001c0     rts6740_elf.lib : setvbuf.c.obj (.text:setvbuf)
                  007f4460    000001c0     sysbios.ae674 : BIOS.obj (.text:ti_sysbios_knl_Swi_restoreHwi__E)
                  007f4620    000001c0                   : BIOS.obj (.text:ti_sysbios_knl_Task_checkStacks__E)
                  007f47e0    000001c0                   : BIOS.obj (.text:xdc_runtime_Text_putSite__E)
                  007f49a0    000001a0     libcfarcaproc_hwa_xwr18xx.ae674 : cfarcaprochwa.oe674 (.text:CFARHWA_cfarRange_AND_cfarDoppler)
                  007f4b40    000001a0                                     : cfarcaprochwa.oe674 (.text:DPU_CFARCAProcHWA_config)
                  007f4ce0    000001a0     libdopplerproc_hwa_xwr18xx.ae674 : dopplerprochwa.oe674 (.text:DPU_DopplerProcHWA_init)
                  007f4e80    000001a0                                      : dopplerprochwa.oe674 (.text:DPU_DopplerProcHWA_process)
                  007f5020    000001a0     librangeproc_hwa_xwr18xx.ae674 : rangeprochwa.oe674 (.text:DPU_RangeProcHWA_init)
                  007f51c0    000001a0     libedma_xwr18xx.ae674 : edma.oe674 (.text:EDMA_paramConfig_assist)
                  007f5360    000001a0     rts6740_elf.lib : hostrename.c.obj (.text:HOSTrename)
                  007f5500    000001a0     main.oe674 (.text:ObjectDetection_Test_edmaOpen)
                  007f56a0    000001a0     main.oe674 (.text:ObjectDetection_Test_printAndCheckResults)
                  007f5840    000001a0     rts6740_elf.lib : asin.c.obj (.text:asin)
                  007f59e0    000001a0     sysbios.ae674 : BIOS.obj (.text:ti_sysbios_family_c64p_Cache_getL2InitSize__I)
                  007f5b80    000001a0                   : BIOS.obj (.text:ti_sysbios_heaps_HeapBuf_Module_startup__E)
                  007f5d20    000001a0                   : BIOS.obj (.text:ti_sysbios_knl_Swi_runLoop__I)
                  007f5ec0    000001a0                   : BIOS.obj (.text:ti_sysbios_knl_Task_exit__E)
                  007f6060    000001a0                   : BIOS.obj (.text:ti_sysbios_timers_rti_Timer_startup__E)
                  007f6200    00000180     libaoaproc_hwa_xwr18xx.ae674 : aoaprochwa.oe674 (.text:DPU_AoAProcHWA_control)
                  007f6380    00000180     libhwa_xwr18xx.ae674 : hwa.oe674 (.text:HWA_enableParamSetInterrupt)
                  007f6500    00000180     main.oe674 (.text:ObjectDetection_Test_DPCInit)
                  007f6680    00000180     sysbios.ae674 : c64p_Exception_asm.obj (.text)
                  007f6800    00000180                   : BIOS.obj (.text:ti_sysbios_knl_Task_schedule__I)
                  007f6980    00000180                   : BIOS.obj (.text:ti_sysbios_utils_Load_startup__E)
                  007f6b00    00000160     objectdetection.oe674 (.text:DPC_ObjDet_staticClutterConfig)
                  007f6c60    00000160     libedma_xwr18xx.ae674 : edma.oe674 (.text:EDMA_getErrorStatusInfo)
                  007f6dc0    00000160     libhwa_xwr18xx.ae674 : hwa.oe674 (.text:HWA_paramDoneISR)
                  007f6f20    00000160     libmailbox_xwr18xx.ae674 : mailbox.oe674 (.text:Mailbox_close)
                  007f7080    00000160     main.oe674 (.text:ObjectDetection_Test_reportFxn)
                  007f71e0    00000160     libsoc_xwr18xx.ae674 : soc.oe674 (.text:SOC_registerSysIntListener)
                  007f7340    00000160     rts6740_elf.lib : _bufread.c.obj (.text:__TI_buff_read)
                  007f74a0    00000160                     : sqrt.c.obj (.text:sqrt)
                  007f7600    00000160     sysbios.ae674 : BIOS.obj (.text:ti_sysbios_family_c64p_Cache_getL1DInitSize__I)
                  007f7760    00000160                   : BIOS.obj (.text:ti_sysbios_family_c64p_Cache_getL1PInitSize__I)
                  007f78c0    00000160                   : BIOS.obj (.text:ti_sysbios_family_c64p_Hwi_Module_startup__E)
                  007f7a20    00000160                   : BIOS.obj (.text:xdc_runtime_Core_deleteObject__I)
                  007f7b80    00000140     libaoaproc_hwa_xwr18xx.ae674 : aoaprochwa.oe674 (.text:AoAProcHWA_ConvertFov)
                  007f7cc0    00000140     libdpedma_hwa_xwr18xx.ae674 : dpedmahwa.oe674 (.text:DPEDMAHWA_configTwoHotSignature)
                  007f7e00    00000140     libcfarcaproc_hwa_xwr18xx.ae674 : cfarcaprochwa.oe674 (.text:DPU_CFARCAProcHWA_control)
                  007f7f40    00000140     libedma_xwr18xx.ae674 : edma_low_level.oe674 (.text:EDMA3Init)
                  007f8080    00000140                           : edma.oe674 (.text:EDMA_clearErrors)
                  007f81c0    00000140                           : edma.oe674 (.text:EDMA_startTransfer)
                  007f8300    00000140     libhwa_xwr18xx.ae674 : hwa.oe674 (.text:HWA_configRam)
                  007f8440    00000140     main.oe674 (.text:ObjectDetection_Test_convertCoordinates)
                  007f8580    00000140     librangeproc_hwa_xwr18xx.ae674 : rangeprochwa.oe674 (.text:rangeProcHWA_ConfigEDMA_DataIn)
                  007f86c0    00000140     sysbios.ae674 : BIOS.obj (.text:ti_sysbios_knl_Semaphore_Instance_init__E)
                  007f8800    00000140                   : BIOS.obj (.text:ti_sysbios_knl_Task_Module_startup__E)
                  007f8940    00000140                   : BIOS.obj (.text:ti_sysbios_knl_Task_startCore__E)
                  007f8a80    00000140                   : BIOS.obj (.text:ti_sysbios_timers_rti_Timer_initDevice__I)
                  007f8bc0    00000140                   : BIOS.obj (.text:ti_sysbios_utils_Load_addTask__E)
                  007f8d00    00000140                   : BIOS.obj (.text:ti_sysbios_utils_Load_updateLoads__E)
                  007f8e40    00000140                   : BIOS.obj (.text:xdc_runtime_Memory_alloc__E)
                  007f8f80    00000140                   : BIOS.obj (.text:xdc_runtime_Text_putLab__E)
                  007f90c0    00000140                   : BIOS.obj (.text:xdc_runtime_Text_putMod__E)
                  007f9200    00000140                   : BIOS.obj (.text:xdc_runtime_Text_visitRope2__I)
                  007f9340    00000120     objectdetection.oe674 (.text:DPC_ObjDet_GetRxChPhaseComp)
                  007f9460    00000120     libdpedma_hwa_xwr18xx.ae674 : dpedmahwa.oe674 (.text:DPEDMAHWA_configOneHotSignature)
                  007f9580    00000120     libedma_xwr18xx.ae674 : edma.oe674 (.text:EDMA_configParamSet)
                  007f96a0    00000120     libsoc_xwr18xx.ae674 : soc.oe674 (.text:SOC_init)
                  007f97c0    00000120     boot.ae674 : autoinit.oe674 (.text:_auto_init_elf)
                  007f98e0    00000120     rts6740_elf.lib : getdevice.c.obj (.text:getdevice)
                  007f9a00    00000120     sysbios.ae674 : BIOS.obj (.text:ti_sysbios_knl_Clock_workFunc__E)
                  007f9b20    00000120                   : BIOS.obj (.text:ti_sysbios_timers_rti_Timer_setPeriodMicroSecs__E)
                  007f9c40    00000120                   : BIOS.obj (.text:ti_sysbios_utils_Load_taskCreateHook__E)
                  007f9d60    00000120                   : BIOS.obj (.text:ti_sysbios_utils_Load_taskDeleteHook__E)
                  007f9e80    00000100     libaoaproc_hwa_xwr18xx.ae674 : aoaprochwa.oe674 (.text:AoAProcHWA_cfgAndTrigger_EDMA_2DFFT)
                  007f9f80    00000100     objectdetection.oe674 (.text:DPC_ObjDet_reconfigSubFrame)
                  007fa080    00000100     libcfarcaproc_hwa_xwr18xx.ae674 : cfarcaprochwa.oe674 (.text:DPU_CFARCAProcHWA_init)
                  007fa180    00000100     libstaticclutterproc_xwr18xx.ae674 : staticclutterproc.oe674 (.text:DPU_StaticClutterProc_config)
                  007fa280    00000100     libhwa_xwr18xx.ae674 : hwa.oe674 (.text:HWA_disableParamSetInterrupt)
                  007fa380    00000100     libmailbox_xwr18xx.ae674 : mailbox.oe674 (.text:Mailbox_readFlush)
                  007fa480    00000100     main.oe674 (.text:ObjectDetection_Test_dpmTask)
                  007fa580    00000100     libsoc_xwr18xx.ae674 : soc_xwr18xx_dss.oe674 (.text:SOC_deviceInit)
                  007fa680    00000100                          : soc_xwr18xx.oe674 (.text:SOC_translateAddress)
                  007fa780    00000100     rts6740_elf.lib : atoi.c.obj (.text:atoi)
                  007fa880    00000100                     : fflush.c.obj (.text:fflush)
                  007fa980    00000100                     : fseek.c.obj (.text:fseek)
                  007faa80    00000100     sysbios.ae674 : BIOS.obj (.text:xdc_runtime_Error_print__E)
                  007fab80    00000100                   : BIOS.obj (.text:xdc_runtime_Startup_exec__E)
                  007fac80    000000e0     objectdetection.oe674 (.text:DPC_ObjectDetection_deinit)
                  007fad60    000000e0     libedma_xwr18xx.ae674 : edma.oe674 (.text:EDMA_close)
                  007fae40    000000e0                           : edma.oe674 (.text:EDMA_isTransferComplete)
                  007faf20    000000e0                           : edma.oe674 (.text:EDMA_transferController_error_isr)
                  007fb000    000000e0     rts6740_elf.lib : hostlseek.c.obj (.text:HOSTlseek)
                  007fb0e0    000000e0                     : hostopen.c.obj (.text:HOSTopen)
                  007fb1c0    000000e0                     : hostwrite.c.obj (.text:HOSTwrite)
                  007fb2a0    000000e0     libmailbox_xwr18xx.ae674 : mailbox.oe674 (.text:Mailbox_boxFullISRMssDss)
                  007fb380    000000e0     rts6740_elf.lib : _ltoa.c.obj (.text:__TI_ltoa)
                  007fb460    000000e0                     : _io_perm.c.obj (.text:__TI_wrt_ok)
                  007fb540    000000e0                     : divi.asm.obj (.text:__divi)
                  007fb620    000000e0                     : close.c.obj (.text:close)
                  007fb700    000000e0                     : exit.c.obj (.text:exit)
                  007fb7e0    000000e0     main.oe674 (.text:main)
                  007fb8c0    000000e0     rts6740_elf.lib : memset.c.obj (.text:memset)
                  007fb9a0    000000e0                     : printf.c.obj (.text:printf)
                  007fba80    000000e0     sysbios.ae674 : BIOS.obj (.text:ti_sysbios_utils_Load_updateCurrentThreadTime__E)
                  007fbb60    000000c0     libcfarcaproc_hwa_xwr18xx.ae674 : cfarcaprochwa.oe674 (.text:CFARCAHWA_config_EDMA)
                  007fbc20    000000c0                                     : cfarcaprochwa.oe674 (.text:CFARHWA_prepareHwaRunTime)
                  007fbce0    000000c0     objectdetection.oe674 (.text:DPC_ObjectDetection_frameStart)
                  007fbda0    000000c0     libedma_xwr18xx.ae674 : edma.oe674 (.text:EDMA_error_isr)
                  007fbe60    000000c0                           : edma.oe674 (.text:EDMA_startDmaTransfer)
                  007fbf20    000000c0     rts6740_elf.lib : hostread.c.obj (.text:HOSTread)
                  007fbfe0    000000c0                     : hostunlink.c.obj (.text:HOSTunlink)
                  007fc0a0    000000c0     libhwa_xwr18xx.ae674 : hwa.oe674 (.text:HWA_close)
                  007fc160    000000c0                          : hwa.oe674 (.text:HWA_getDMAChanIndex)
                  007fc220    000000c0                          : hwa.oe674 (.text:HWA_getDMAconfig)
                  007fc2e0    000000c0                          : hwa.oe674 (.text:HWA_getDriverAccess)
                  007fc3a0    000000c0                          : hwa.oe674 (.text:HWA_getHWAMemInfo)
                  007fc460    000000c0     libmailbox_xwr18xx.ae674 : mailbox.oe674 (.text:Mailbox_boxFullISRProcessing)
                  007fc520    000000c0     objectdetection.oe674 (.text:_DPC_Objdet_Assert)
                  007fc5e0    000000c0     rts6740_elf.lib : divu.asm.obj (.text:__divu)
                  007fc6a0    000000c0                     : modf.c.obj (.text:modf)
                  007fc760    000000c0     librangeproc_hwa_xwr18xx.ae674 : rangeprochwa.oe674 (.text:rangeProcHWA_ConfigHWACommon)
                  007fc820    000000c0     sysbios.ae674 : BIOS.obj (.text:ti_sysbios_family_c64p_Hwi_dispatchCore__I)
                  007fc8e0    000000c0                   : BIOS.obj (.text:ti_sysbios_heaps_HeapMem_alloc__E)
                  007fc9a0    000000c0                   : BIOS.obj (.text:ti_sysbios_heaps_HeapMem_getStats__E)
                  007fca60    000000c0                   : BIOS.obj (.text:ti_sysbios_knl_Swi_schedule__I)
                  007fcb20    000000c0                   : BIOS.obj (.text:ti_sysbios_knl_Task_allBlockedFunction__I)
                  007fcbe0    000000c0     dss_pe674.oe674 (.text:ti_sysbios_knl_Task_create)
                  007fcca0    000000c0     sysbios.ae674 : BIOS.obj (.text:ti_sysbios_utils_Load_taskSwitchHook__E)
                  007fcd60    000000c0     rts6740_elf.lib : tls.c.obj (.text:tls:init:__TI_tls_init)
                  007fce20    000000c0     sysbios.ae674 : BIOS.obj (.text:xdc_runtime_Assert_raise__I)
                  007fcee0    000000a0     libcfarcaproc_hwa_xwr18xx.ae674 : cfarcaprochwa.oe674 (.text:CFARHWA_fovConvertDoppler)
                  007fcf80    000000a0                                     : cfarcaprochwa.oe674 (.text:CFARHWA_saveConfiguration)
                  007fd020    000000a0     objectdetection.oe674 (.text:DPC_ObjectDetection_start)
                  007fd0c0    000000a0     libdpedma_hwa_xwr18xx.ae674 : dpedma.oe674 (.text:DPEDMA_setup_shadow_link)
                  007fd160    000000a0     libedma_xwr18xx.ae674 : edma_low_level.oe674 (.text:EDMA3EnableChInShadowReg)
                  007fd200    000000a0                           : edma.oe674 (.text:EDMA_disableChannel)
                  007fd2a0    000000a0                           : edma.oe674 (.text:EDMA_enableChannel)
                  007fd340    000000a0     rts6740_elf.lib : hostclose.c.obj (.text:HOSTclose)
                  007fd3e0    000000a0     libhwa_xwr18xx.ae674 : hwa.oe674 (.text:HWA_deleteInstance)
                  007fd480    000000a0                          : hwa.oe674 (.text:HWA_disableDoneInterrupt)
                  007fd520    000000a0                          : hwa.oe674 (.text:HWA_enable)
                  007fd5c0    000000a0                          : hwa.oe674 (.text:HWA_enableDoneInterrupt)
                  007fd660    000000a0                          : hwa.oe674 (.text:HWA_readCFARPeakCountReg)
                  007fd700    000000a0     libmailbox_xwr18xx.ae674 : mailbox.oe674 (.text:Mailbox_boxEmptyISRProcessing)
                  007fd7a0    000000a0     main.oe674 (.text:ObjectDetection_Test_edmaInit)
                  007fd840    000000a0     libsoc_xwr18xx.ae674 : soc.oe674 (.text:SOC_SystemISR)
                  007fd8e0    000000a0     rts6740_elf.lib : fflush.c.obj (.text:__TI_doflush)
                  007fd980    000000a0                     : _io_perm.c.obj (.text:__TI_rd_ok)
                  007fda20    000000a0                     : fixfu.c.obj (.text:__c6xabi_fixfu)
                  007fdac0    000000a0                     : round.c.obj (.text:__c6xabi_nround)
                  007fdb60    000000a0                     : remu.asm.obj (.text:__remu)
                  007fdc00    000000a0     boot.ae674 : boot.oe674 (.text:_c_int00)
                  007fdca0    000000a0     rts6740_elf.lib : getdevice.c.obj (.text:finddevice)
                  007fdd40    000000a0                     : memcpy64.asm.obj (.text:memcpy)
                  007fdde0    000000a0     libmmwavealg_xwr18xx.ae674 : mmwavelib_vecsum.oe674 (.text:mmwavelib_vecsum)
                  007fde80    000000a0     mathlib.ae674 : sqrtsp.oe674 (.text:optasm)
                  007fdf20    000000a0     sysbios.ae674 : BIOS.obj (.text:ti_sysbios_family_c64p_Exception_Module_startup__E)
                  007fdfc0    000000a0                   : BIOS.obj (.text:ti_sysbios_family_c64p_Hwi_dispatchC__I)
                  007fe060    000000a0                   : BIOS.obj (.text:ti_sysbios_family_c64p_Hwi_getStackInfo__E)
                  007fe100    000000a0                   : BIOS.obj (.text:ti_sysbios_hal_Hwi_checkStack)
                  007fe1a0    000000a0                   : BIOS.obj (.text:ti_sysbios_knl_Semaphore_pendTimeout__I)
                  007fe240    000000a0                   : BIOS.obj (.text:xdc_runtime_Core_assignLabel__I)
                  007fe2e0    000000a0                   : BIOS.obj (.text:xdc_runtime_Core_assignParams__I)
                  007fe380    000000a0                   : BIOS.obj (.text:xdc_runtime_System_atexit__E)
                  007fe420    000000a0                   : BIOS.obj (.text:xdc_runtime_System_exit__E)
                  007fe4c0    000000a0                   : BIOS.obj (.text:xdc_runtime_Text_printVisFxn__I)
                  007fe560    000000a0                   : BIOS.obj (.text:xdc_runtime_Text_xprintf__I)
                  007fe600    00000080     libaoaproc_hwa_xwr18xx.ae674 : aoaprochwa.oe674 (.text:AoAProc_HWAutil_configCommon)
                  007fe680    00000080     libcfarcaproc_hwa_xwr18xx.ae674 : cfarcaprochwa.oe674 (.text:CFARHWA_convHwaCfarDetListToDetMask)
                  007fe700    00000080                                     : cfarcaprochwa.oe674 (.text:CFARHWA_fovConvertRange)
                  007fe780    00000080     objectdetection.oe674 (.text:DPC_ObjectDetection_stop)
                  007fe800    00000080     librangeproc_hwa_xwr18xx.ae674 : rangeprochwa.oe674 (.text:DPU_RangeProcHWA_deinit)
                  007fe880    00000080     libstaticclutterproc_xwr18xx.ae674 : staticclutterproc.oe674 (.text:DPU_StaticClutterProc_init)
                  007fe900    00000080                                        : staticclutterproc.oe674 (.text:DPU_StaticClutterProc_waitInData)
                  007fe980    00000080                                        : staticclutterproc.oe674 (.text:DPU_StaticClutterProc_waitOutData)
                  007fea00    00000080     libedma_xwr18xx.ae674 : edma_low_level.oe674 (.text:EDMA3MapChToEvtQ)
                  007fea80    00000080                           : edma.oe674 (.text:EDMA_getTransferControllerErrorStatusInfo)
                  007feb00    00000080                           : edma.oe674 (.text:EDMA_linkParamSets)
                  007feb80    00000080     libhwa_xwr18xx.ae674 : hwa.oe674 (.text:HWA_reset)
                  007fec00    00000080                          : hwa.oe674 (.text:HWA_setDMA2ACCManualTrig)
                  007fec80    00000080     main.oe674 (.text:ObjectDetection_Test_DPCDeinit)
                  007fed00    00000010     libdpm_xwr18xx.ae674 : dpm_core.oe674 ($Tramp$S$$DPM_deinit)
                  007fed10    00000010                          : dpm_core.oe674 ($Tramp$S$$DPM_start)
                  007fed20    00000080     main.oe674 (.text:ObjectDetection_Test_hwaOpen)
                  007feda0    00000080     main.oe674 (.text:ObjectDetection_Test_initComponents)
                  007fee20    00000080     main.oe674 (.text:ObjectDetection_Test_startDPC)
                  007feea0    00000010     libdpm_xwr18xx.ae674 : dpm_core.oe674 ($Tramp$S$$DPM_stop)
                  007feeb0    00000010                          : dpm_core.oe674 ($Tramp$S$$DPM_notifyExecute)
                  007feec0    00000080     main.oe674 (.text:ObjectDetection_Test_stopDPC)
                  007fef40    00000010     rts6740_elf.lib : _printfi.c.obj ($Tramp$S$$__TI_printfi)
                  007fef50    00000010     libtestlogger_xwr18xx.ae674 : logger.oe674 ($Tramp$S$$MCPI_Initialize)
                  007fef60    00000080     libosal_xwr18xx.ae674 : SemaphoreP_tirtos.oe674 (.text:SemaphoreP_create)
                  007fefe0    00000080     rts6740_elf.lib : trgmsg.c.obj (.text:__TI_readmsg)
                  007ff060    00000080                     : fixdu.c.obj (.text:__c6xabi_fixdu)
                  007ff0e0    00000080                     : llshift.c.obj (.text:__c6xabi_llshl)
                  007ff160    00000080                     : snprintf.c.obj (.text:_outs)
                  007ff1e0    00000080     sysbios.ae674 : c62_TaskSupport_asm.obj (.text:_ti_sysbios_family_c62_TaskSupport_swap__E)
                  007ff260    00000080     librangeproc_hwa_xwr18xx.ae674 : rangeprochwa.oe674 (.text:rangeProcHWA_ConfigEDMATranspose)
                  007ff2e0    00000080     rts6740_elf.lib : snprintf.c.obj (.text:snprintf)
                  007ff360    00000080     dss_pe674.oe674 (.text:ti_sysbios_BIOS_atExitFunc__I)
                  007ff3e0    00000080     dss_pe674.oe674 (.text:ti_sysbios_BIOS_registerRTSLock__I)
                  007ff460    00000080     dss_pe674.oe674 (.text:ti_sysbios_gates_GateHwi_Object__create__S)
                  007ff4e0    00000080     dss_pe674.oe674 (.text:ti_sysbios_gates_GateMutex_Object__create__S)
                  007ff560    00000080     dss_pe674.oe674 (.text:ti_sysbios_heaps_HeapMem_Object__create__S)
                  007ff5e0    00000080     sysbios.ae674 : BIOS.obj (.text:ti_sysbios_heaps_HeapMem_init__I)
                  007ff660    00000080     dss_pe674.oe674 (.text:ti_sysbios_knl_Clock_doTick__I)
                  007ff6e0    00000080     sysbios.ae674 : BIOS.obj (.text:ti_sysbios_knl_Idle_run__E)
                  007ff760    00000080     dss_pe674.oe674 (.text:ti_sysbios_knl_Semaphore_create)
                  007ff7e0    00000080     sysbios.ae674 : BIOS.obj (.text:ti_sysbios_knl_Swi_post__E)
                  007ff860    00000080                   : BIOS.obj (.text:ti_sysbios_knl_Swi_startup__E)
                  007ff8e0    00000080                   : BIOS.obj (.text:ti_sysbios_knl_Task_processVitalTaskFlag__I)
                  007ff960    00000080                   : BIOS.obj (.text:ti_sysbios_knl_Task_restore__E)
                  007ff9e0    00000080                   : BIOS.obj (.text:ti_sysbios_knl_Task_sleepTimeout__I)
                  007ffa60    00000080     dss_pe674.oe674 (.text:ti_sysbios_rts_MemAlloc_alloc)
                  007ffae0    00000080     sysbios.ae674 : BIOS.obj (.text:ti_sysbios_timers_rti_Timer_setPeriod__E)
                  007ffb60    00000080                   : BIOS.obj (.text:ti_sysbios_timers_rti_Timer_stop__E)
                  007ffbe0    00000080     rts6740_elf.lib : unlink.c.obj (.text:unlink)
                  007ffc60    00000080     sysbios.ae674 : BIOS.obj (.text:xdc_runtime_System_avprintf__E)
                  007ffce0    00000080                   : BIOS.obj (.text:xdc_runtime_System_vprintf__E)
                  007ffd60    00000060     libaoaproc_hwa_xwr18xx.ae674 : aoaprochwa.oe674 (.text:AOAHWA_waitEdma)
                  007ffdc0    00000060     libcfarcaproc_hwa_xwr18xx.ae674 : cfarcaprochwa.oe674 (.text:CFARHWA_triggerCFAR)
                  007ffe20    00000060     objectdetection.oe674 (.text:DPC_ObjDet_GenDopplerWindow)
                  007ffe80    00000060     objectdetection.oe674 (.text:DPC_ObjDet_MemPoolAlloc)
                  007ffee0    00000020     libaoaproc_hwa_xwr18xx.ae674 : aoaprochwa.oe674 (.text:AOAProcHWADoneIsrCallback)
                  007fff00    00000010     libdpm_xwr18xx.ae674 : dpm_core.oe674 ($Tramp$S$$DPM_execute)
                  007fff10    00000010     rts6740_elf.lib : imath64.c.obj ($Tramp$S$$__c6xabi_divull)
                  007fff20    00000010     libdpm_xwr18xx.ae674 : dpm_core.oe674 ($Tramp$S$$DPM_init)
                  007fff30    00000010     rts6740_elf.lib : atan.c.obj ($Tramp$S$$atan)
                  007fff40    00000010                     : divd.c.obj ($Tramp$S$$__c6xabi_divd)
                  007fff50    00000010     libtestlogger_xwr18xx.ae674 : logger.oe674 ($Tramp$S$$MCPI_setTestResult)
                  007fff60    00000010     rts6740_elf.lib : fclose.c.obj ($Tramp$S$$fclose)
                  007fff70    00000010     libtestlogger_xwr18xx.ae674 : logger.oe674 ($Tramp$S$$MCPI_setFeatureTestResult)
                  007fff80    00000010     gen_frame_data.oe674 ($Tramp$S$$genChirpData)
                  007fff90    00000010     gen_frame_data.oe674 ($Tramp$S$$initFrameData)
                  007fffa0    00000010     libdpm_xwr18xx.ae674 : dpm_core.oe674 ($Tramp$S$$DPM_ioctl)
                  007fffb0    00000010     rts6740_elf.lib : fread.c.obj ($Tramp$S$$fread)
                  007fffc0    00000010                     : fopen.c.obj ($Tramp$S$$fopen)
                  007fffd0    00000010     --HOLE-- [fill = 00000000]

.text.2    0    00800000    00002e20     
                  00800000    00000060     libaoaproc_hwa_xwr18xx.ae674 : aoaprochwa.oe674 (.text:DPU_AoAProcHWA_deinit)
                  00800060    00000060     libcfarcaproc_hwa_xwr18xx.ae674 : cfarcaprochwa.oe674 (.text:DPU_CFARCAProcHWA_deinit)
                  008000c0    00000060     libdopplerproc_hwa_xwr18xx.ae674 : dopplerprochwa.oe674 (.text:DPU_DopplerProcHWA_deinit)
                  00800120    00000060     libstaticclutterproc_xwr18xx.ae674 : staticclutterproc.oe674 (.text:DPU_StaticClutterProc_deinit)
                  00800180    00000060     libedma_xwr18xx.ae674 : edma_low_level.oe674 (.text:EDMA3ClrEvt)
                  008001e0    00000060                           : edma_low_level.oe674 (.text:EDMA3ClrIntr)
                  00800240    00000060                           : edma_low_level.oe674 (.text:EDMA3ClrMissEvt)
                  008002a0    00000060                           : edma_low_level.oe674 (.text:EDMA3DisableEvtIntr)
                  00800300    00000060                           : edma_low_level.oe674 (.text:EDMA3EnableDmaEvt)
                  00800360    00000060                           : edma_low_level.oe674 (.text:EDMA3EnableEvtIntr)
                  008003c0    00000060                           : edma_low_level.oe674 (.text:EDMA3SetEvt)
                  00800420    00000060                           : edma.oe674 (.text:EDMA_configTransferControllerError)
                  00800480    00000060                           : edma.oe674 (.text:EDMA_isError)
                  008004e0    00000060                           : edma.oe674 (.text:EDMA_setDestinationAddress)
                  00800540    00000060                           : edma.oe674 (.text:EDMA_setSourceAddress)
                  008005a0    00000060                           : edma.oe674 (.text:EDMA_validate_channelIdchannelType)
                  00800600    00000060     libhwa_xwr18xx.ae674 : hwa.oe674 (.text:HWA_allParamDoneISR)
                  00800660    00000060     libmailbox_xwr18xx.ae674 : mailbox.oe674 (.text:Mailbox_Config_init)
                  008006c0    00000060     main.oe674 (.text:ObjectDetection_Test_EDMA_errorCallbackFxn)
                  00800720    00000060     main.oe674 (.text:ObjectDetection_Test_EDMA_transferControllerErrorCallbackFxn)
                  00800780    00000060     main.oe674 (.text:ObjectDetection_Test_hwaClose)
                  008007e0    00000060     libsoc_xwr18xx.ae674 : soc_xwr18xx.oe674 (.text:SOC_enableHWA)
                  00800840    00000060                          : soc_xwr18xx.oe674 (.text:SOC_setDSSLinkState)
                  008008a0    00000060                          : soc.oe674 (.text:SOC_unhaltBSS)
                  00800900    00000060     rts6740_elf.lib : trgmsg.c.obj (.text:__TI_writemsg)
                  00800960    00000060                     : llshift.c.obj (.text:__c6xabi_llshru)
                  008009c0    00000060     sysbios.ae674 : c64p_Hwi_asm_switch.obj (.text:_ti_sysbios_family_c64p_Hwi_switchAndDispatch__I)
                  00800a20    00000060                   : c64p_Hwi_asm_switch.obj (.text:_ti_sysbios_family_xxx_Hwi_switchAndRunFunc)
                  00800a80    00000060     rts6740_elf.lib : lseek.c.obj (.text:lseek)
                  00800ae0    00000060                     : memccpy.c.obj (.text:memccpy)
                  00800b40    00000060     libmmwavealg_xwr18xx.ae674 : mmwavelib_vecsubc.oe674 (.text:mmwavelib_vecsubc)
                  00800ba0    00000060     rts6740_elf.lib : read.c.obj (.text:read)
                  00800c00    00000060                     : sprintf.c.obj (.text:sprintf)
                  00800c60    00000060     dss_pe674.oe674 (.text:ti_sysbios_BIOS_errorRaiseHook__I)
                  00800cc0    00000060     dss_pe674.oe674 (.text:ti_sysbios_BIOS_removeRTSLock__I)
                  00800d20    00000060     dss_pe674.oe674 (.text:ti_sysbios_BIOS_startFunc__I)
                  00800d80    00000060     sysbios.ae674 : BIOS.obj (.text:ti_sysbios_family_c62_TaskSupport_start__E)
                  00800de0    00000060                   : BIOS.obj (.text:ti_sysbios_family_c64p_Cache_setMar__E)
                  00800e40    00000060                   : BIOS.obj (.text:ti_sysbios_family_c64p_EventCombiner_Module_startup__E)
                  00800ea0    00000060                   : BIOS.obj (.text:ti_sysbios_family_c64p_EventCombiner_unused__E)
                  00800f00    00000060     dss_pe674.oe674 (.text:ti_sysbios_gates_GateMutex_Object__delete__S)
                  00800f60    00000060     sysbios.ae674 : BIOS.obj (.text:ti_sysbios_hal_Hwi_initStack)
                  00800fc0    00000060                   : BIOS.obj (.text:ti_sysbios_heaps_HeapMem_free__E)
                  00801020    00000060                   : BIOS.obj (.text:ti_sysbios_knl_Clock_Module_startup__E)
                  00801080    00000060     dss_pe674.oe674 (.text:ti_sysbios_knl_Queue_construct)
                  008010e0    00000060     dss_pe674.oe674 (.text:ti_sysbios_knl_Semaphore_Object__delete__S)
                  00801140    00000060     dss_pe674.oe674 (.text:ti_sysbios_knl_Semaphore_construct)
                  008011a0    00000060     sysbios.ae674 : BIOS.obj (.text:ti_sysbios_knl_Swi_Module_startup__E)
                  00801200    00000060                   : BIOS.obj (.text:ti_sysbios_knl_Task_enter__I)
                  00801260    00000060     rts6740_elf.lib : write.c.obj (.text:write)
                  008012c0    00000060     sysbios.ae674 : BIOS.obj (.text:xdc_runtime_SysStd_abort__E)
                  00801320    00000040     libhwa_xwr18xx.ae674 : hwa.oe674 (.text:CSL_FEXTR)
                  00801360    00000040     libsoc_xwr18xx.ae674 : soc.oe674 (.text:CSL_FEXTR)
                  008013a0    00000040                          : soc_xwr18xx.oe674 (.text:CSL_FEXTR)
                  008013e0    00000040     libhwa_xwr18xx.ae674 : hwa.oe674 (.text:CSL_FINSR)
                  00801420    00000040     libmailbox_xwr18xx.ae674 : mailbox.oe674 (.text:CSL_FINSR)
                  00801460    00000040     libsoc_xwr18xx.ae674 : soc.oe674 (.text:CSL_FINSR)
                  008014a0    00000040                          : soc_xwr18xx.oe674 (.text:CSL_FINSR)
                  008014e0    00000040                          : soc_xwr18xx_dss.oe674 (.text:CSL_FINSR)
                  00801520    00000040     objectdetection.oe674 (.text:DPC_ObjDet_GenRangeWindow)
                  00801560    00000040     libedma_xwr18xx.ae674 : edma_low_level.oe674 (.text:EDMA3DisableDmaEvt)
                  008015a0    00000040                           : edma_low_level.oe674 (.text:EDMA3MapQdmaChToPaRAM)
                  008015e0    00000040                           : edma_low_level.oe674 (.text:EDMA3SetPaRAM)
                  00801620    00000040                           : edma_low_level.oe674 (.text:EDMA3SetQdmaTrigWord)
                  00801660    00000040     libosal_xwr18xx.ae674 : HwiP_tirtos.oe674 (.text:HwiP_create)
                  008016a0    00000040                           : HwiP_tirtos.oe674 (.text:HwiP_delete)
                  008016e0    00000040     libmailbox_xwr18xx.ae674 : mailbox.oe674 (.text:Mailbox_boxEmptyISRBss)
                  00801720    00000040                              : mailbox.oe674 (.text:Mailbox_boxEmptyISRMssDss)
                  00801760    00000040                              : mailbox.oe674 (.text:Mailbox_boxFullISRBss)
                  008017a0    00000040     main.oe674 (.text:ObjectDetection_Test_edmaClose)
                  008017e0    00000040     libsoc_xwr18xx.ae674 : soc_xwr18xx_dss.oe674 (.text:SOC_getInAddr_LUTType)
                  00801820    00000040                          : soc_xwr18xx_dss.oe674 (.text:SOC_getOutAddr_LUTType)
                  00801860    00000040                          : soc_xwr18xx.oe674 (.text:SOC_isMSSOperational)
                  008018a0    00000040     rts6740_elf.lib : frcmpyd_div.c.obj (.text:__TI_frcmpyd_div)
                  008018e0    00000040                     : isinf.c.obj (.text:__c6xabi_isinf)
                  00801920    00000040                     : strasg.asm.obj (.text:__strasgi_64plus)
                  00801960    00000040                     : args_main.c.obj (.text:_args_main)
                  008019a0    00000040                     : snprintf.c.obj (.text:_outc)
                  008019e0    00000040                     : sprintf.c.obj (.text:_outs)
                  00801a20    00000040     sysbios.ae674 : c62_TaskSupport_asm.obj (.text:_ti_sysbios_family_c62_TaskSupport_buildTaskStack)
                  00801a60    00000040     dss_pe674.oe674 (.text:free)
                  00801aa0    00000040     libmathutils.ae674 : mathutils.oe674 (.text:mathUtils_pow2roundup)
                  00801ae0    00000040     librangeproc_hwa_xwr18xx.ae674 : rangeprochwa.oe674 (.text:rangeProcHWA_EDMA_transferCompletionCallbackFxn)
                  00801b20    00000040     dss_pe674.oe674 (.text:ti_sysbios_BIOS_exitFunc__I)
                  00801b60    00000040     dss_pe674.oe674 (.text:ti_sysbios_BIOS_rtsLock__I)
                  00801ba0    00000040     dss_pe674.oe674 (.text:ti_sysbios_BIOS_rtsUnlock__I)
                  00801be0    00000040     sysbios.ae674 : BIOS.obj (.text:ti_sysbios_family_c64p_Hwi_disableInterrupt__E)
                  00801c20    00000040                   : BIOS.obj (.text:ti_sysbios_family_c64p_Hwi_enableInterrupt__E)
                  00801c60    00000040     dss_pe674.oe674 (.text:ti_sysbios_gates_GateHwi_Handle__label__S)
                  00801ca0    00000040     dss_pe674.oe674 (.text:ti_sysbios_gates_GateHwi_Object__delete__S)
                  00801ce0    00000040     dss_pe674.oe674 (.text:ti_sysbios_gates_GateMutex_Handle__label__S)
                  00801d20    00000040     sysbios.ae674 : BIOS.obj (.text:ti_sysbios_gates_GateMutex_Instance_init__E)
                  00801d60    00000040                   : BIOS.obj (.text:ti_sysbios_gates_GateMutex_leave__E)
                  00801da0    00000040     dss_pe674.oe674 (.text:ti_sysbios_heaps_HeapMem_Handle__label__S)
                  00801de0    00000040     dss_pe674.oe674 (.text:ti_sysbios_heaps_HeapMem_Object__delete__S)
                  00801e20    00000040     dss_pe674.oe674 (.text:ti_sysbios_heaps_HeapMem_Object__get__S)
                  00801e60    00000040     dss_pe674.oe674 (.text:ti_sysbios_knl_Semaphore_destruct)
                  00801ea0    00000040     dss_pe674.oe674 (.text:ti_sysbios_knl_Swi_Object__get__S)
                  00801ee0    00000040     dss_pe674.oe674 (.text:ti_sysbios_knl_Task_Object__get__S)
                  00801f20    00000040     sysbios.ae674 : BIOS.obj (.text:ti_sysbios_timers_rti_Timer_periodicStub__E)
                  00801f60    00000040     rts6740_elf.lib : wcslen.c.obj (.text:wcslen)
                  00801fa0    00000040     sysbios.ae674 : BIOS.obj (.text:xdc_runtime_Error_init__E)
                  00801fe0    00000040     dss_pe674.oe674 (.text:xdc_runtime_System_aprintf__E)
                  00802020    00000040     dss_pe674.oe674 (.text:xdc_runtime_System_printf__E)
                  00802060    00000020     libcfarcaproc_hwa_xwr18xx.ae674 : cfarcaprochwa.oe674 (.text:CFARCAHWADoneIsrCallback)
                  00802080    00000020     objectdetection.oe674 (.text:DPC_ObjDet_GetRangeWinGenLen)
                  008020a0    00000020     objectdetection.oe674 (.text:DPC_ObjDet_MemPoolReset)
                  008020c0    00000020     libdopplerproc_hwa_xwr18xx.ae674 : dopplerprochwa.oe674 (.text:DPU_DopplerProcHWA_edmaDoneIsrCallback)
                  008020e0    00000020                                      : dopplerprochwa.oe674 (.text:DPU_DopplerProcHWA_hwaDoneIsrCallback)
                  00802100    00000020     libedma_xwr18xx.ae674 : edma_low_level.oe674 (.text:EDMA3ChannelToParamMap)
                  00802120    00000020                           : edma_low_level.oe674 (.text:EDMA3ClrCCErr)
                  00802140    00000020                           : edma_low_level.oe674 (.text:EDMA3DisableQdmaEvt)
                  00802160    00000020                           : edma_low_level.oe674 (.text:EDMA3EnableQdmaEvt)
                  00802180    00000020                           : edma_low_level.oe674 (.text:EDMA3ErrIntrHighStatusGet)
                  008021a0    00000020                           : edma_low_level.oe674 (.text:EDMA3GetCCErrStatus)
                  008021c0    00000020                           : edma_low_level.oe674 (.text:EDMA3GetErrIntrStatus)
                  008021e0    00000020                           : edma_low_level.oe674 (.text:EDMA3GetIntrStatus)
                  00802200    00000020                           : edma_low_level.oe674 (.text:EDMA3IntrStatusHighGet)
                  00802220    00000020                           : edma_low_level.oe674 (.text:EDMA3QdmaClrMissEvt)
                  00802240    00000020                           : edma_low_level.oe674 (.text:EDMA3QdmaGetErrIntrStatus)
                  00802260    00000020                           : edma.oe674 (.text:EDMA_getNumInstances)
                  00802280    00000020                           : edma_low_level.oe674 (.text:EDMAsetRegion)
                  008022a0    00000020     libhwa_xwr18xx.ae674 : hwa.oe674 (.text:HWA_init)
                  008022c0    00000020     libosal_xwr18xx.ae674 : HwiP_tirtos.oe674 (.text:HwiP_Params_init)
                  008022e0    00000020                           : HwiP_tirtos.oe674 (.text:HwiP_disable)
                  00802300    00000020                           : HwiP_tirtos.oe674 (.text:HwiP_disableInterrupt)
                  00802320    00000020                           : HwiP_tirtos.oe674 (.text:HwiP_enableInterrupt)
                  00802340    00000020                           : HwiP_tirtos.oe674 (.text:HwiP_restore)
                  00802360    00000020                           : MemoryP_tirtos.oe674 (.text:MemoryP_ctrlAlloc)
                  00802380    00000020                           : MemoryP_tirtos.oe674 (.text:MemoryP_ctrlFree)
                  008023a0    00000020                           : MemoryP_tirtos.oe674 (.text:MemoryP_getStats)
                  008023c0    00000020                           : SemaphoreP_tirtos.oe674 (.text:SemaphoreP_Params_init)
                  008023e0    00000020                           : SemaphoreP_tirtos.oe674 (.text:SemaphoreP_delete)
                  00802400    00000020                           : SemaphoreP_tirtos.oe674 (.text:SemaphoreP_pend)
                  00802420    00000020                           : SemaphoreP_tirtos.oe674 (.text:SemaphoreP_post)
                  00802440    00000020                           : DebugP_tirtos.oe674 (.text:_DebugP_assert)
                  00802460    00000020     rts6740_elf.lib : errno.c.obj (.text:__c6xabi_errno_addr)
                  00802480    00000020                     : trunc.c.obj (.text:__c6xabi_trunc)
                  008024a0    00000020                     : push.asm.obj (.text:__pop_rts)
                  008024c0    00000020                     : push.asm.obj (.text:__push_rts)
                  008024e0    00000020                     : _lock.c.obj (.text:_nop)
                  00802500    00000020                     : printf.c.obj (.text:_outc)
                  00802520    00000020                     : sprintf.c.obj (.text:_outc)
                  00802540    00000020                     : printf.c.obj (.text:_outs)
                  00802560    00000020                     : _lock.c.obj (.text:_register_lock)
                  00802580    00000020                     : _lock.c.obj (.text:_register_unlock)
                  008025a0    00000020                     : signbit.c.obj (.text:_signbit)
                  008025c0    00000020     sysbios.ae674 : c62_TaskSupport_asm.obj (.text:_ti_sysbios_family_c62_TaskSupport_glue)
                  008025e0    00000020     rts6740_elf.lib : exit.c.obj (.text:abort)
                  00802600    00000020                     : llabs.c.obj (.text:llabs)
                  00802620    00000020     libmathutils.ae674 : mathutils.oe674 (.text:mathUtils_ceilLog2)
                  00802640    00000020                        : mathutils.oe674 (.text:mathUtils_floorLog2)
                  00802660    00000020     rts6740_elf.lib : fputc.c.obj (.text:putchar)
                  00802680    00000020     librangeproc_hwa_xwr18xx.ae674 : rangeprochwa.oe674 (.text:rangeProcHWADoneIsrCallback)
                  008026a0    00000020     dss_pe674.oe674 (.text:ti_sysbios_BIOS_RtsGateProxy_enter__E)
                  008026c0    00000020     dss_pe674.oe674 (.text:ti_sysbios_BIOS_RtsGateProxy_leave__E)
                  008026e0    00000020     sysbios.ae674 : BIOS.obj (.text:ti_sysbios_BIOS_exit__E)
                  00802700    00000020                   : BIOS.obj (.text:ti_sysbios_BIOS_getCpuFreq__E)
                  00802720    00000020                   : BIOS.obj (.text:ti_sysbios_BIOS_linkedWithIncorrectBootLibrary__E)
                  00802740    00000020     dss_pe674.oe674 (.text:ti_sysbios_BIOS_nullFunc__I)
                  00802760    00000020     sysbios.ae674 : BIOS.obj (.text:ti_sysbios_BIOS_setThreadType__E)
                  00802780    00000020                   : BIOS.obj (.text:ti_sysbios_BIOS_start__E)
                  008027a0    00000020     dss_pe674.oe674 (.text:ti_sysbios_family_c62_TaskSupport_Module__startupDone__S)
                  008027c0    00000020     sysbios.ae674 : BIOS.obj (.text:ti_sysbios_family_c62_TaskSupport_checkStack__E)
                  008027e0    00000020                   : BIOS.obj (.text:ti_sysbios_family_c62_TaskSupport_getStackAlignment__E)
                  00802800    00000020     dss_pe674.oe674 (.text:ti_sysbios_family_c64p_Hwi_Module__startupDone__F)
                  00802820    00000020     sysbios.ae674 : BIOS.obj (.text:ti_sysbios_family_c64p_Hwi_clearInterrupt__E)
                  00802840    00000020                   : BIOS.obj (.text:ti_sysbios_family_c64p_Hwi_startup__E)
                  00802860    00000020                   : BIOS.obj (.text:ti_sysbios_family_c64p_Hwi_switchFromBootStack__E)
                  00802880    00000020                   : BIOS.obj (.text:ti_sysbios_family_c64p_TimestampProvider_Module_startup__E)
                  008028a0    00000020                   : BIOS.obj (.text:ti_sysbios_family_c64p_TimestampProvider_get32__E)
                  008028c0    00000020                   : BIOS.obj (.text:ti_sysbios_gates_GateHwi_Instance_init__E)
                  008028e0    00000020                   : BIOS.obj (.text:ti_sysbios_gates_GateHwi_enter__E)
                  00802900    00000020                   : BIOS.obj (.text:ti_sysbios_gates_GateHwi_leave__E)
                  00802920    00000020                   : BIOS.obj (.text:ti_sysbios_gates_GateHwi_query__E)
                  00802940    00000020                   : BIOS.obj (.text:ti_sysbios_gates_GateMutex_Instance_finalize__E)
                  00802960    00000020                   : BIOS.obj (.text:ti_sysbios_gates_GateMutex_query__E)
                  00802980    00000020                   : BIOS.obj (.text:ti_sysbios_hal_Hwi_Module_startup__E)
                  008029a0    00000020     dss_pe674.oe674 (.text:ti_sysbios_heaps_HeapBuf_Object__get__S)
                  008029c0    00000020     dss_pe674.oe674 (.text:ti_sysbios_heaps_HeapMem_Module_GateProxy_enter__E)
                  008029e0    00000020     dss_pe674.oe674 (.text:ti_sysbios_heaps_HeapMem_Module_GateProxy_leave__E)
                  00802a00    00000020     sysbios.ae674 : BIOS.obj (.text:ti_sysbios_heaps_HeapMem_isBlocking__E)
                  00802a20    00000020     dss_pe674.oe674 (.text:ti_sysbios_knl_Clock_TimerProxy_getMaxTicks__E)
                  00802a40    00000020     sysbios.ae674 : BIOS.obj (.text:ti_sysbios_knl_Clock_logTick__E)
                  00802a60    00000020                   : BIOS.obj (.text:ti_sysbios_knl_Idle_loop__E)
                  00802a80    00000020                   : BIOS.obj (.text:ti_sysbios_knl_Queue_Instance_init__E)
                  00802aa0    00000020     dss_pe674.oe674 (.text:ti_sysbios_knl_Queue_Object__get__S)
                  00802ac0    00000020     dss_pe674.oe674 (.text:ti_sysbios_knl_Queue_destruct)
                  00802ae0    00000020     sysbios.ae674 : BIOS.obj (.text:ti_sysbios_knl_Queue_empty__E)
                  00802b00    00000020                   : BIOS.obj (.text:ti_sysbios_knl_Semaphore_Instance_finalize__E)
                  00802b20    00000020     dss_pe674.oe674 (.text:ti_sysbios_knl_Semaphore_Params__init__S)
                  00802b40    00000020     dss_pe674.oe674 (.text:ti_sysbios_knl_Semaphore_delete)
                  00802b60    00000020     sysbios.ae674 : BIOS.obj (.text:ti_sysbios_knl_Swi_disable__E)
                  00802b80    00000020     dss_pe674.oe674 (.text:ti_sysbios_knl_Task_Params__init__S)
                  00802ba0    00000020     sysbios.ae674 : BIOS.obj (.text:ti_sysbios_knl_Task_disable__E)
                  00802bc0    00000020                   : BIOS.obj (.text:ti_sysbios_knl_Task_startup__E)
                  00802be0    00000020     dss_pe674.oe674 (.text:ti_sysbios_timers_rti_Timer_Module__startupDone__F)
                  00802c00    00000020     sysbios.ae674 : BIOS.obj (.text:ti_sysbios_timers_rti_Timer_getMaxTicks__E)
                  00802c20    00000020                   : BIOS.obj (.text:ti_sysbios_utils_Load_taskRegHook__E)
                  00802c40    00000020     dss_pe674.oe674 (.text:xdc_runtime_IHeap_alloc)
                  00802c60    00000020     dss_pe674.oe674 (.text:xdc_runtime_IHeap_free)
                  00802c80    00000020     dss_pe674.oe674 (.text:xdc_runtime_IHeap_getStats)
                  00802ca0    00000020     sysbios.ae674 : BIOS.obj (.text:xdc_runtime_Memory_free__E)
                  00802cc0    00000020                   : BIOS.obj (.text:xdc_runtime_Memory_getStats__E)
                  00802ce0    00000020     dss_pe674.oe674 (.text:xdc_runtime_Startup_exec__I)
                  00802d00    00000020     dss_pe674.oe674 (.text:xdc_runtime_Startup_reset__I)
                  00802d20    00000020     sysbios.ae674 : BIOS.obj (.text:xdc_runtime_Startup_rtsDone__E)
                  00802d40    00000020                   : BIOS.obj (.text:xdc_runtime_SysStd_exit__E)
                  00802d60    00000020                   : BIOS.obj (.text:xdc_runtime_SysStd_putch__E)
                  00802d80    00000020                   : BIOS.obj (.text:xdc_runtime_SysStd_ready__E)
                  00802da0    00000020     dss_pe674.oe674 (.text:xdc_runtime_System_Module_GateProxy_enter__E)
                  00802dc0    00000020     dss_pe674.oe674 (.text:xdc_runtime_System_Module_GateProxy_leave__E)
                  00802de0    00000020     sysbios.ae674 : BIOS.obj (.text:xdc_runtime_System_Module_startup__E)
                  00802e00    00000020     dss_pe674.oe674 (.text:xdc_runtime_Text_visitRope__I)

.l2Heap    0    00802e20    0000a000     UNINITIALIZED
                  00802e20    0000a000     main.oe674 (.l2Heap)

systemHeap 
*          0    0080ce20    00008000     UNINITIALIZED
                  0080ce20    00008000     dss_pe674.oe674 (systemHeap)

.far       0    00814e20    00005fdc     UNINITIALIZED
                  00814e20    00005220     (.common:gGenFrameDataObj)
                  0081a040    000004d8     libedma_xwr18xx.ae674 : edma.oe674 (.far:EDMA_object)
                  0081a518    00000400     dss_pe674.oe674 (.far:taskStackSection)
                  0081a918    00000384     (.common:gDataPathObj)
                  0081ac9c    00000004     --HOLE--
                  0081aca0    00000140     (.common:__TI_tmpnams)
                  0081ade0    00000010     (.common:edmaDbg)
                  0081adf0    00000008     (.common:parmbuf)
                  0081adf8    00000004     (.common:ti_sysbios_knl_Task_Instance_State_0_hookEnv__A)

.cio       0    0081b600    00000120     UNINITIALIZED
                  0081b600    00000120     rts6740_elf.lib : trgmsg.c.obj (.cio)

.const     0    0081b750    00003344     
                  0081b750    00001a46     dss_pe674.oe674 (.const:xdc_runtime_Text_charTab__A)
                  0081d196    00000002     dss_pe674.oe674 (.const:ti_sysbios_family_c64p_Cache_Module__id__C)
                  0081d198    00000880     main.oe674 (.const:.string)
                  0081da18    00000630     sysbios.ae674 : BIOS.obj (.const:.string)
                  0081e048    00000101     rts6740_elf.lib : ctype.c.obj (.const:.string:_ctypes_)
                  0081e149    00000001     --HOLE-- [fill = 0]
                  0081e14a    00000002     dss_pe674.oe674 (.const:ti_sysbios_family_c64p_EventCombiner_Module__id__C)
                  0081e14c    00000004     dss_pe674.oe674 (.const:ti_sysbios_family_c62_TaskSupport_stackAlignment__C)
                  0081e150    000000dc     dss_pe674.oe674 (.const:xdc_runtime_Text_nodeTab__A)
                  0081e22c    00000094     libtestlogger_xwr18xx.ae674 : logger.oe674 (.const:.string)
                  0081e2c0    00000074     dss_pe674.oe674 (.const:.string)
                  0081e334    00000058     libedma_xwr18xx.ae674 : edma.oe674 (.const:.string)
                  0081e38c    0000004c     libmailbox_xwr18xx.ae674 : mailbox.oe674 (.const:.string)
                  0081e3d8    00000044     dss_pe674.oe674 (.const:ti_sysbios_knl_Task_Object__PARAMS__C)
                  0081e41c    00000004     dss_pe674.oe674 (.const:ti_sysbios_family_c64p_Cache_E_invalidL1CacheSize__C)
                  0081e420    00000040     libhwa_xwr18xx.ae674 : hwa.oe674 (.const:gHwaTrigSignatures)
                  0081e460    0000003c     libsoc_xwr18xx.ae674 : soc_xwr18xx_dss.oe674 (.const:.string)
                  0081e49c    00000004     dss_pe674.oe674 (.const:ti_sysbios_family_c64p_Cache_E_invalidL2CacheSize__C)
                  0081e4a0    00000038     libedma_xwr18xx.ae674 : edma_xwr1xxx.oe674 (.const:gEdmaHwAttrs)
                  0081e4d8    00000030     dss_pe674.oe674 (.const:xdc_runtime_Startup_sfxnTab__A)
                  0081e508    0000002c     gen_frame_data.oe674 (.const:.string)
                  0081e534    00000004     dss_pe674.oe674 (.const:ti_sysbios_family_c64p_Cache_MAR0_31__C)
                  0081e538    00000028     libdpm_xwr18xx.ae674 : dpm_msg.oe674 (.const:gDPMMessageFxnTable)
                  0081e560    00000028     dss_pe674.oe674 (.const:ti_sysbios_heaps_HeapMem_Module__FXNS__C)
                  0081e588    00000024     rts6740_elf.lib : _printfi.c.obj (.const:.string)
                  0081e5ac    00000024     libmailbox_xwr18xx.ae674 : mailbox.oe674 (.const:Mailbox_defaultCfg)
                  0081e5d0    00000024     dss_pe674.oe674 (.const:ti_sysbios_gates_GateHwi_Module__FXNS__C)
                  0081e5f4    00000024     dss_pe674.oe674 (.const:ti_sysbios_gates_GateMutex_Module__FXNS__C)
                  0081e618    00000024     dss_pe674.oe674 (.const:ti_sysbios_heaps_HeapMem_Object__PARAMS__C)
                  0081e63c    00000024     dss_pe674.oe674 (.const:ti_sysbios_knl_Semaphore_Object__PARAMS__C)
                  0081e660    00000020     libhwa_xwr18xx.ae674 : hwa.oe674 (.const:$P$T0$1)
                  0081e680    00000020                          : hwa.oe674 (.const:.string)
                  0081e6a0    00000020     libosal_xwr18xx.ae674 : SemaphoreP_tirtos.oe674 (.const:.string)
                  0081e6c0    00000020     dss_pe674.oe674 (.const:ti_sysbios_gates_GateHwi_Object__DESC__C)
                  0081e6e0    00000020     dss_pe674.oe674 (.const:ti_sysbios_gates_GateMutex_Object__DESC__C)
                  0081e700    00000020     dss_pe674.oe674 (.const:ti_sysbios_heaps_HeapMem_Object__DESC__C)
                  0081e720    00000020     dss_pe674.oe674 (.const:ti_sysbios_knl_Queue_Object__DESC__C)
                  0081e740    00000020     dss_pe674.oe674 (.const:ti_sysbios_knl_Semaphore_Object__DESC__C)
                  0081e760    00000020     dss_pe674.oe674 (.const:ti_sysbios_knl_Task_Object__DESC__C)
                  0081e780    0000001c     libosal_xwr18xx.ae674 : HwiP_tirtos.oe674 (.const:.string)
                  0081e79c    00000018     objectdetection.oe674 (.const:.string)
                  0081e7b4    00000018     dss_pe674.oe674 (.const:ti_sysbios_gates_GateHwi_Object__PARAMS__C)
                  0081e7cc    00000018     dss_pe674.oe674 (.const:ti_sysbios_gates_GateMutex_Object__PARAMS__C)
                  0081e7e4    00000018     dss_pe674.oe674 (.const:ti_sysbios_knl_Queue_Object__PARAMS__C)
                  0081e7fc    00000004     dss_pe674.oe674 (.const:ti_sysbios_family_c64p_Cache_MAR128_159__C)
                  0081e800    00000018     dss_pe674.oe674 (.const:ti_sysbios_knl_Task_hooks__A)
                  0081e818    00000018     dss_pe674.oe674 (.const:xdc_runtime_Startup_sfxnRts__A)
                  0081e830    00000014     libdpm_xwr18xx.ae674 : dpm_mailbox.oe674 (.const:.string)
                  0081e844    00000010                          : dpm_core.oe674 (.const:.string)
                  0081e854    00000010                          : dpm_msg.oe674 (.const:.string)
                  0081e864    00000010                          : dpm_pipe.oe674 (.const:.string)
                  0081e874    00000004     dss_pe674.oe674 (.const:ti_sysbios_family_c64p_Cache_MAR160_191__C)
                  0081e878    00000010     libedma_xwr18xx.ae674 : edma.oe674 (.const:EDMA_config$1)
                  0081e888    00000010     dss_pe674.oe674 (.const:ti_sysbios_family_c64p_EventCombiner_EVTMASK__C)
                  0081e898    00000008     dss_pe674.oe674 (.const:ti_sysbios_knl_Idle_funcList__A)
                  0081e8a0    00000008     dss_pe674.oe674 (.const:ti_sysbios_knl_Idle_funcList__C)
                  0081e8a8    00000008     dss_pe674.oe674 (.const:ti_sysbios_knl_Task_hooks__C)
                  0081e8b0    00000008     dss_pe674.oe674 (.const:xdc_runtime_Startup_firstFxns__A)
                  0081e8b8    00000008     dss_pe674.oe674 (.const:xdc_runtime_Startup_firstFxns__C)
                  0081e8c0    00000008     dss_pe674.oe674 (.const:xdc_runtime_Startup_lastFxns__C)
                  0081e8c8    00000004     dss_pe674.oe674 (.const:ti_sysbios_family_c64p_Cache_MAR192_223__C)
                  0081e8cc    00000004     dss_pe674.oe674 (.const:ti_sysbios_family_c64p_Cache_MAR224_255__C)
                  0081e8d0    00000004     dss_pe674.oe674 (.const:ti_sysbios_family_c64p_Cache_MAR32_63__C)
                  0081e8d4    00000004     dss_pe674.oe674 (.const:ti_sysbios_family_c64p_Cache_MAR64_95__C)
                  0081e8d8    00000004     dss_pe674.oe674 (.const:ti_sysbios_family_c64p_Cache_MAR96_127__C)
                  0081e8dc    00000004     dss_pe674.oe674 (.const:ti_sysbios_family_c64p_EventCombiner_A_invalidEventId__C)
                  0081e8e0    00000004     dss_pe674.oe674 (.const:ti_sysbios_family_c64p_EventCombiner_EVTRegs__C)
                  0081e8e4    00000004     dss_pe674.oe674 (.const:ti_sysbios_family_c64p_EventCombiner_E_unpluggedEvent__C)
                  0081e8e8    00000004     dss_pe674.oe674 (.const:ti_sysbios_family_c64p_EventCombiner_Module__diagsEnabled__C)
                  0081e8ec    00000004     dss_pe674.oe674 (.const:ti_sysbios_family_c64p_EventCombiner_Module__diagsIncluded__C)
                  0081e8f0    00000004     dss_pe674.oe674 (.const:ti_sysbios_family_c64p_EventCombiner_Module__diagsMask__C)
                  0081e8f4    00000004     dss_pe674.oe674 (.const:ti_sysbios_family_c64p_Exception_E_exceptionMax__C)
                  0081e8f8    00000004     dss_pe674.oe674 (.const:ti_sysbios_family_c64p_Exception_exceptionHook__C)
                  0081e8fc    00000004     dss_pe674.oe674 (.const:ti_sysbios_family_c64p_Exception_externalHook__C)
                  0081e900    00000004     dss_pe674.oe674 (.const:ti_sysbios_family_c64p_Exception_internalHook__C)
                  0081e904    00000004     dss_pe674.oe674 (.const:ti_sysbios_family_c64p_Exception_nmiHook__C)
                  0081e908    00000004     dss_pe674.oe674 (.const:ti_sysbios_family_c64p_Hwi_INTRMUX1Address__C)
                  0081e90c    00000004     dss_pe674.oe674 (.const:ti_sysbios_gates_GateMutex_A_badContext__C)
                  0081e910    00000004     dss_pe674.oe674 (.const:ti_sysbios_gates_GateMutex_Instance_State_sem__O)
                  0081e914    00000004     dss_pe674.oe674 (.const:ti_sysbios_gates_GateMutex_Module__diagsEnabled__C)
                  0081e918    00000004     dss_pe674.oe674 (.const:ti_sysbios_gates_GateMutex_Module__diagsIncluded__C)
                  0081e91c    00000004     dss_pe674.oe674 (.const:ti_sysbios_gates_GateMutex_Module__diagsMask__C)
                  0081e920    00000004     dss_pe674.oe674 (.const:ti_sysbios_hal_Hwi_E_stackOverflow__C)
                  0081e924    00000004     dss_pe674.oe674 (.const:ti_sysbios_heaps_HeapBuf_Instance_State_freeList__O)
                  0081e928    00000004     dss_pe674.oe674 (.const:ti_sysbios_heaps_HeapBuf_Object__count__C)
                  0081e92c    00000004     dss_pe674.oe674 (.const:ti_sysbios_heaps_HeapBuf_numConstructedHeaps__C)
                  0081e930    00000004     dss_pe674.oe674 (.const:ti_sysbios_heaps_HeapMem_A_align__C)
                  0081e934    00000004     dss_pe674.oe674 (.const:ti_sysbios_heaps_HeapMem_A_heapSize__C)
                  0081e938    00000004     dss_pe674.oe674 (.const:ti_sysbios_heaps_HeapMem_A_invalidFree__C)
                  0081e93c    00000004     dss_pe674.oe674 (.const:ti_sysbios_heaps_HeapMem_A_zeroBlock__C)
                  0081e940    00000004     dss_pe674.oe674 (.const:ti_sysbios_heaps_HeapMem_E_memory__C)
                  0081e944    00000004     dss_pe674.oe674 (.const:ti_sysbios_heaps_HeapMem_Module__diagsEnabled__C)
                  0081e948    00000004     dss_pe674.oe674 (.const:ti_sysbios_heaps_HeapMem_Module__diagsIncluded__C)
                  0081e94c    00000004     dss_pe674.oe674 (.const:ti_sysbios_heaps_HeapMem_Module__diagsMask__C)
                  0081e950    00000004     dss_pe674.oe674 (.const:ti_sysbios_heaps_HeapMem_Module__gateObj__C)
                  0081e954    00000004     dss_pe674.oe674 (.const:ti_sysbios_heaps_HeapMem_Object__count__C)
                  0081e958    00000004     dss_pe674.oe674 (.const:ti_sysbios_heaps_HeapMem_reqAlign__C)
                  0081e95c    00000004     dss_pe674.oe674 (.const:ti_sysbios_knl_Clock_Module_State_clockQ__O)
                  0081e960    00000004     dss_pe674.oe674 (.const:ti_sysbios_knl_Semaphore_A_badContext__C)
                  0081e964    00000004     dss_pe674.oe674 (.const:ti_sysbios_knl_Semaphore_A_noEvents__C)
                  0081e968    00000004     dss_pe674.oe674 (.const:ti_sysbios_knl_Semaphore_A_overflow__C)
                  0081e96c    00000004     dss_pe674.oe674 (.const:ti_sysbios_knl_Semaphore_A_pendTaskDisabled__C)
                  0081e970    00000004     dss_pe674.oe674 (.const:ti_sysbios_knl_Semaphore_Instance_State_pendQ__O)
                  0081e974    00000004     dss_pe674.oe674 (.const:ti_sysbios_knl_Semaphore_Module__diagsEnabled__C)
                  0081e978    00000004     dss_pe674.oe674 (.const:ti_sysbios_knl_Semaphore_Module__diagsIncluded__C)
                  0081e97c    00000004     dss_pe674.oe674 (.const:ti_sysbios_knl_Semaphore_Module__diagsMask__C)
                  0081e980    00000004     dss_pe674.oe674 (.const:ti_sysbios_knl_Swi_Object__count__C)
                  0081e984    00000004     dss_pe674.oe674 (.const:ti_sysbios_knl_Task_A_badPriority__C)
                  0081e988    00000004     dss_pe674.oe674 (.const:ti_sysbios_knl_Task_A_badTaskState__C)
                  0081e98c    00000004     dss_pe674.oe674 (.const:ti_sysbios_knl_Task_A_badThreadType__C)
                  0081e990    00000004     dss_pe674.oe674 (.const:ti_sysbios_knl_Task_A_badTimeout__C)
                  0081e994    00000004     dss_pe674.oe674 (.const:ti_sysbios_knl_Task_A_noPendElem__C)
                  0081e998    00000004     dss_pe674.oe674 (.const:ti_sysbios_knl_Task_A_sleepTaskDisabled__C)
                  0081e99c    00000004     dss_pe674.oe674 (.const:ti_sysbios_knl_Task_E_spOutOfBounds__C)
                  0081e9a0    00000004     dss_pe674.oe674 (.const:ti_sysbios_knl_Task_E_stackOverflow__C)
                  0081e9a4    00000004     dss_pe674.oe674 (.const:ti_sysbios_knl_Task_Module_State_inactiveQ__O)
                  0081e9a8    00000004     dss_pe674.oe674 (.const:ti_sysbios_knl_Task_Module__diagsEnabled__C)
                  0081e9ac    00000004     dss_pe674.oe674 (.const:ti_sysbios_knl_Task_Module__diagsIncluded__C)
                  0081e9b0    00000004     dss_pe674.oe674 (.const:ti_sysbios_knl_Task_Module__diagsMask__C)
                  0081e9b4    00000004     dss_pe674.oe674 (.const:ti_sysbios_knl_Task_Object__count__C)
                  0081e9b8    00000004     dss_pe674.oe674 (.const:ti_sysbios_knl_Task_Object__heap__C)
                  0081e9bc    00000004     dss_pe674.oe674 (.const:ti_sysbios_knl_Task_allBlockedFunc__C)
                  0081e9c0    00000004     dss_pe674.oe674 (.const:ti_sysbios_knl_Task_defaultStackHeap__C)
                  0081e9c4    00000004     dss_pe674.oe674 (.const:ti_sysbios_knl_Task_defaultStackSize__C)
                  0081e9c8    00000004     dss_pe674.oe674 (.const:ti_sysbios_knl_Task_numConstructedTasks__C)
                  0081e9cc    00000004     dss_pe674.oe674 (.const:ti_sysbios_timers_rti_Timer_E_cannotSupport__C)
                  0081e9d0    00000004     dss_pe674.oe674 (.const:ti_sysbios_timers_rti_Timer_Module__diagsEnabled__C)
                  0081e9d4    00000004     dss_pe674.oe674 (.const:ti_sysbios_timers_rti_Timer_Module__diagsIncluded__C)
                  0081e9d8    00000004     dss_pe674.oe674 (.const:ti_sysbios_timers_rti_Timer_Module__diagsMask__C)
                  0081e9dc    00000004     dss_pe674.oe674 (.const:ti_sysbios_timers_rti_Timer_numTimerDevices__C)
                  0081e9e0    00000004     dss_pe674.oe674 (.const:ti_sysbios_timers_rti_Timer_startupNeeded__C)
                  0081e9e4    00000004     dss_pe674.oe674 (.const:ti_sysbios_utils_Load_Module_State_taskList__O)
                  0081e9e8    00000004     dss_pe674.oe674 (.const:ti_sysbios_utils_Load_Module__diagsEnabled__C)
                  0081e9ec    00000004     dss_pe674.oe674 (.const:ti_sysbios_utils_Load_Module__diagsIncluded__C)
                  0081e9f0    00000004     dss_pe674.oe674 (.const:ti_sysbios_utils_Load_Module__diagsMask__C)
                  0081e9f4    00000004     dss_pe674.oe674 (.const:ti_sysbios_utils_Load_postUpdate__C)
                  0081e9f8    00000004     dss_pe674.oe674 (.const:ti_sysbios_utils_Load_windowInMs__C)
                  0081e9fc    00000004     dss_pe674.oe674 (.const:xdc_runtime_Assert_E_assertFailed__C)
                  0081ea00    00000004     dss_pe674.oe674 (.const:xdc_runtime_Core_A_initializedParams__C)
                  0081ea04    00000004     dss_pe674.oe674 (.const:xdc_runtime_Core_Module__diagsEnabled__C)
                  0081ea08    00000004     dss_pe674.oe674 (.const:xdc_runtime_Core_Module__diagsIncluded__C)
                  0081ea0c    00000004     dss_pe674.oe674 (.const:xdc_runtime_Core_Module__diagsMask__C)
                  0081ea10    00000004     dss_pe674.oe674 (.const:xdc_runtime_Error_E_memory__C)
                  0081ea14    00000004     dss_pe674.oe674 (.const:xdc_runtime_Error_policyFxn__C)
                  0081ea18    00000004     dss_pe674.oe674 (.const:xdc_runtime_Error_policy__C)
                  0081ea1c    00000004     dss_pe674.oe674 (.const:xdc_runtime_Error_raiseHook__C)
                  0081ea20    00000004     dss_pe674.oe674 (.const:xdc_runtime_IGateProvider_Interface__BASE__C)
                  0081ea24    00000004     dss_pe674.oe674 (.const:xdc_runtime_IHeap_Interface__BASE__C)
                  0081ea28    00000004     dss_pe674.oe674 (.const:xdc_runtime_IModule_Interface__BASE__C)
                  0081ea2c    00000004     dss_pe674.oe674 (.const:xdc_runtime_Memory_defaultHeapInstance__C)
                  0081ea30    00000004     dss_pe674.oe674 (.const:xdc_runtime_Startup_execImpl__C)
                  0081ea34    00000004     dss_pe674.oe674 (.const:xdc_runtime_Startup_maxPasses__C)
[...]
0081e534  ti_sysbios_family_c64p_Cache_MAR0_31__C                      
0081e538  gDPMMessageFxnTable                                          
0081e560  ti_sysbios_heaps_HeapMem_Module__FXNS__C                     
0081e5ac  Mailbox_defaultCfg                                           
0081e5d0  ti_sysbios_gates_GateHwi_Module__FXNS__C                     
0081e5f4  ti_sysbios_gates_GateMutex_Module__FXNS__C                   
0081e618  ti_sysbios_heaps_HeapMem_Object__PARAMS__C                   
0081e63c  ti_sysbios_knl_Semaphore_Object__PARAMS__C                   
0081e6c0  ti_sysbios_gates_GateHwi_Object__DESC__C                     
0081e6e0  ti_sysbios_gates_GateMutex_Object__DESC__C                   
0081e700  ti_sysbios_heaps_HeapMem_Object__DESC__C                     
0081e720  ti_sysbios_knl_Queue_Object__DESC__C                         
0081e740  ti_sysbios_knl_Semaphore_Object__DESC__C                     
0081e760  ti_sysbios_knl_Task_Object__DESC__C                          
0081e7b4  ti_sysbios_gates_GateHwi_Object__PARAMS__C                   
0081e7cc  ti_sysbios_gates_GateMutex_Object__PARAMS__C                 
0081e7e4  ti_sysbios_knl_Queue_Object__PARAMS__C                       
0081e7fc  ti_sysbios_family_c64p_Cache_MAR128_159__C                   
0081e800  ti_sysbios_knl_Task_hooks__A                                 
0081e818  xdc_runtime_Startup_sfxnRts__A                               
0081e874  ti_sysbios_family_c64p_Cache_MAR160_191__C                   
0081e888  ti_sysbios_family_c64p_EventCombiner_EVTMASK__C              
0081e898  ti_sysbios_knl_Idle_funcList__A                              
0081e8a0  ti_sysbios_knl_Idle_funcList__C                              
0081e8a8  ti_sysbios_knl_Task_hooks__C                                 
0081e8b0  xdc_runtime_Startup_firstFxns__A                             
0081e8b8  xdc_runtime_Startup_firstFxns__C                             
0081e8c0  xdc_runtime_Startup_lastFxns__C                              
0081e8c8  ti_sysbios_family_c64p_Cache_MAR192_223__C                   
0081e8cc  ti_sysbios_family_c64p_Cache_MAR224_255__C                   
0081e8d0  ti_sysbios_family_c64p_Cache_MAR32_63__C                     
0081e8d4  ti_sysbios_family_c64p_Cache_MAR64_95__C                     
0081e8d8  ti_sysbios_family_c64p_Cache_MAR96_127__C                    
0081e8dc  ti_sysbios_family_c64p_EventCombiner_A_invalidEventId__C     
0081e8e0  ti_sysbios_family_c64p_EventCombiner_EVTRegs__C              
0081e8e4  ti_sysbios_family_c64p_EventCombiner_E_unpluggedEvent__C     
0081e8e8  ti_sysbios_family_c64p_EventCombiner_Module__diagsEnabled__C 
0081e8ec  ti_sysbios_family_c64p_EventCombiner_Module__diagsIncluded__C
0081e8f0  ti_sysbios_family_c64p_EventCombiner_Module__diagsMask__C    
0081e8f4  ti_sysbios_family_c64p_Exception_E_exceptionMax__C           
0081e8f8  ti_sysbios_family_c64p_Exception_exceptionHook__C            
0081e8fc  ti_sysbios_family_c64p_Exception_externalHook__C             
0081e900  ti_sysbios_family_c64p_Exception_internalHook__C             
0081e904  ti_sysbios_family_c64p_Exception_nmiHook__C                  
0081e908  ti_sysbios_family_c64p_Hwi_INTRMUX1Address__C                
0081e90c  ti_sysbios_gates_GateMutex_A_badContext__C                   
0081e910  ti_sysbios_gates_GateMutex_Instance_State_sem__O             
0081e914  ti_sysbios_gates_GateMutex_Module__diagsEnabled__C           
0081e918  ti_sysbios_gates_GateMutex_Module__diagsIncluded__C          
0081e91c  ti_sysbios_gates_GateMutex_Module__diagsMask__C              
0081e920  ti_sysbios_hal_Hwi_E_stackOverflow__C                        
0081e924  ti_sysbios_heaps_HeapBuf_Instance_State_freeList__O          
0081e928  ti_sysbios_heaps_HeapBuf_Object__count__C                    
0081e92c  ti_sysbios_heaps_HeapBuf_numConstructedHeaps__C              
0081e930  ti_sysbios_heaps_HeapMem_A_align__C                          
0081e934  ti_sysbios_heaps_HeapMem_A_heapSize__C                       
0081e938  ti_sysbios_heaps_HeapMem_A_invalidFree__C                    
0081e93c  ti_sysbios_heaps_HeapMem_A_zeroBlock__C                      
0081e940  ti_sysbios_heaps_HeapMem_E_memory__C                         
0081e944  ti_sysbios_heaps_HeapMem_Module__diagsEnabled__C             
0081e948  ti_sysbios_heaps_HeapMem_Module__diagsIncluded__C            
0081e94c  ti_sysbios_heaps_HeapMem_Module__diagsMask__C                
0081e950  ti_sysbios_heaps_HeapMem_Module__gateObj__C                  
0081e954  ti_sysbios_heaps_HeapMem_Object__count__C                    
0081e958  ti_sysbios_heaps_HeapMem_reqAlign__C                         
0081e95c  ti_sysbios_knl_Clock_Module_State_clockQ__O                  
0081e960  ti_sysbios_knl_Semaphore_A_badContext__C                     
0081e964  ti_sysbios_knl_Semaphore_A_noEvents__C                       
0081e968  ti_sysbios_knl_Semaphore_A_overflow__C                       
0081e96c  ti_sysbios_knl_Semaphore_A_pendTaskDisabled__C               
0081e970  ti_sysbios_knl_Semaphore_Instance_State_pendQ__O             
0081e974  ti_sysbios_knl_Semaphore_Module__diagsEnabled__C             
0081e978  ti_sysbios_knl_Semaphore_Module__diagsIncluded__C            
0081e97c  ti_sysbios_knl_Semaphore_Module__diagsMask__C                
0081e980  ti_sysbios_knl_Swi_Object__count__C                          
0081e984  ti_sysbios_knl_Task_A_badPriority__C                         
0081e988  ti_sysbios_knl_Task_A_badTaskState__C                        
0081e98c  ti_sysbios_knl_Task_A_badThreadType__C                       
0081e990  ti_sysbios_knl_Task_A_badTimeout__C                          
0081e994  ti_sysbios_knl_Task_A_noPendElem__C                          
0081e998  ti_sysbios_knl_Task_A_sleepTaskDisabled__C                   
0081e99c  ti_sysbios_knl_Task_E_spOutOfBounds__C                       
0081e9a0  ti_sysbios_knl_Task_E_stackOverflow__C                       
0081e9a4  ti_sysbios_knl_Task_Module_State_inactiveQ__O                
0081e9a8  ti_sysbios_knl_Task_Module__diagsEnabled__C                  
0081e9ac  ti_sysbios_knl_Task_Module__diagsIncluded__C                 
0081e9b0  ti_sysbios_knl_Task_Module__diagsMask__C                     
0081e9b4  ti_sysbios_knl_Task_Object__count__C                         
0081e9b8  ti_sysbios_knl_Task_Object__heap__C                          
0081e9bc  ti_sysbios_knl_Task_allBlockedFunc__C                        
0081e9c0  ti_sysbios_knl_Task_defaultStackHeap__C                      
0081e9c4  ti_sysbios_knl_Task_defaultStackSize__C                      
0081e9c8  ti_sysbios_knl_Task_numConstructedTasks__C                   
0081e9cc  ti_sysbios_timers_rti_Timer_E_cannotSupport__C               
0081e9d0  ti_sysbios_timers_rti_Timer_Module__diagsEnabled__C          
0081e9d4  ti_sysbios_timers_rti_Timer_Module__diagsIncluded__C         
0081e9d8  ti_sysbios_timers_rti_Timer_Module__diagsMask__C             
0081e9dc  ti_sysbios_timers_rti_Timer_numTimerDevices__C               
0081e9e0  ti_sysbios_timers_rti_Timer_startupNeeded__C                 
0081e9e4  ti_sysbios_utils_Load_Module_State_taskList__O               
0081e9e8  ti_sysbios_utils_Load_Module__diagsEnabled__C                
0081e9ec  ti_sysbios_utils_Load_Module__diagsIncluded__C               
0081e9f0  ti_sysbios_utils_Load_Module__diagsMask__C                   
0081e9f4  ti_sysbios_utils_Load_postUpdate__C                          
0081e9f8  ti_sysbios_utils_Load_windowInMs__C                          
0081e9fc  xdc_runtime_Assert_E_assertFailed__C                         
0081ea00  xdc_runtime_Core_A_initializedParams__C                      
0081ea04  xdc_runtime_Core_Module__diagsEnabled__C                     
0081ea08  xdc_runtime_Core_Module__diagsIncluded__C                    
0081ea0c  xdc_runtime_Core_Module__diagsMask__C                        
0081ea10  xdc_runtime_Error_E_memory__C                                
0081ea14  xdc_runtime_Error_policyFxn__C                               
0081ea18  xdc_runtime_Error_policy__C                                  
0081ea1c  xdc_runtime_Error_raiseHook__C                               
0081ea20  xdc_runtime_IGateProvider_Interface__BASE__C                 
0081ea24  xdc_runtime_IHeap_Interface__BASE__C                         
0081ea28  xdc_runtime_IModule_Interface__BASE__C                       
0081ea2c  xdc_runtime_Memory_defaultHeapInstance__C                    
0081ea30  xdc_runtime_Startup_execImpl__C                              
0081ea34  xdc_runtime_Startup_maxPasses__C                             
0081ea38  xdc_runtime_Startup_sfxnRts__C                               
0081ea3c  xdc_runtime_Startup_sfxnTab__C                               
0081ea40  xdc_runtime_System_Module__gateObj__C                        
0081ea44  xdc_runtime_System_abortFxn__C                               
0081ea48  xdc_runtime_System_exitFxn__C                                
0081ea4c  xdc_runtime_System_extendFxn__C                              
0081ea50  xdc_runtime_System_maxAtexitHandlers__C                      
0081ea54  xdc_runtime_Text_charTab__C                                  
0081ea58  xdc_runtime_Text_nameEmpty__C                                
0081ea5c  xdc_runtime_Text_nameStatic__C                               
0081ea60  xdc_runtime_Text_nameUnknown__C                              
0081ea64  xdc_runtime_Text_nodeTab__C                                  
0081ea68  xdc_runtime_Text_visitRopeFxn__C                             
0081ea6c  ti_sysbios_family_c64p_Exception_Module__id__C               
0081ea6e  ti_sysbios_family_c64p_Exception_useInternalBuffer__C        
0081ea70  ti_sysbios_gates_GateMutex_Module__id__C                     
0081ea72  ti_sysbios_hal_Hwi_Module__id__C                             
0081ea74  ti_sysbios_heaps_HeapMem_Module__id__C                       
0081ea76  ti_sysbios_knl_Semaphore_Module__id__C                       
0081ea78  ti_sysbios_knl_Task_Module__id__C                            
0081ea7a  ti_sysbios_timers_rti_Timer_Module__id__C                    
0081ea7c  ti_sysbios_timers_rti_Timer_continueOnSuspend__C             
0081ea7e  ti_sysbios_utils_Load_Module__id__C                          
0081ea80  ti_sysbios_utils_Load_autoAddTasks__C                        
0081ea82  ti_sysbios_utils_Load_updateInIdle__C                        
0081ea84  xdc_runtime_Core_Module__id__C                               
0081ea86  xdc_runtime_Error_maxDepth__C                                
0081ea88  xdc_runtime_Main_Module__id__C                               
0081ea8a  xdc_runtime_Memory_Module__id__C                             
0081ea8c  xdc_runtime_Text_charCnt__C                                  
0081ea8e  xdc_runtime_Text_isLoaded__C                                 
0081ea90  xdc_runtime_Text_registryModsLastId__C                       
0081ea92  xdc_runtime_Text_unnamedModsLastId__C                        
0081ea98  ti_sysbios_family_c64p_EventCombiner_Module__state__V        
0081ee98  _ftable                                                      
0081f078  _stream                                                      
0081f118  ti_sysbios_utils_Load_Module__state__V                       
0081f238  ti_sysbios_knl_Swi_Module_State_0_readyQ__A                  
0081f2b8  ti_sysbios_knl_Task_Module_State_0_readyQ__A                 
0081f338  _device                                                      
0081f3b0  ti_sysbios_family_c64p_Hwi_Object__table__V                  
0081f428  ti_sysbios_family_c64p_Hwi_Module__state__V                  
0081f494  _lock                                                        
0081f4f8  ti_sysbios_knl_Task_Object__table__V                         
0081f554  gMailboxMCB                                                  
0081f5a4  ti_sysbios_knl_Task_Module__state__V                         
0081f5ec  _unlock                                                      
0081f6b0  SOC_TranslateAddr_LUT                                        
0081f730  ti_sysbios_gates_GateMutex_Object__table__V                  
0081f770  ti_sysbios_timers_rti_Timer_Object__table__V                 
0081f7ac  __TI_ft_end                                                  
0081f7e8  gHWAHwCfg                                                    
0081f818  ti_sysbios_family_c64p_Exception_Module__state__V            
0081f848  ti_sysbios_knl_Swi_Object__table__V                          
0081f878  ti_sysbios_knl_Clock_Module__state__V                        
0081f8a4  gDPC_ObjectDetectionCfg                                      
0081f8c8  ti_sysbios_BIOS_Module__state__V                             
0081f8ec  __errno                                                      
0081f8ec  errno                                                        
0081f930  xdc_runtime_Error_IgnoreBlock                                
0081f950  xdc_runtime_System_Module_State_0_atexitHandlers__A          
0081f970  ti_sysbios_knl_Swi_Module__state__V                          
0081f990  ti_sysbios_utils_Load_Module_State_0_taskEnv__A              
0081f9e0  gMailboxDssBssHwCfg                                          
0081f9f8  gMailboxDssMssHwCfg                                          
0081fa10  gSOCHwAttrib                                                 
0081fa28  ti_sysbios_heaps_HeapMem_Object__table__V                    
0081fa40  ti_sysbios_timers_rti_Timer_Module_State_0_device__A         
0081fa58  gDPMRemoteTable                                              
0081fa6c  ti_sysbios_family_c64p_Cache_Module__state__V                
0081fa70  gHwaEDMAChanMapping                                          
0081fa80  ti_sysbios_timers_rti_Timer_Module_State_0_intFreqs__A       
0081fa90  ti_sysbios_timers_rti_Timer_Module__state__V                 
0081faa0  __TI_cleanup_ptr                                             
0081faa4  __TI_dtors_ptr                                               
0081faa8  __TI_enable_exit_profile_output                              
0081faac  gDPMHwAttrib                                                 
0081fab4  ti_sysbios_gates_GateHwi_Module__root__V                     
0081fabc  ti_sysbios_gates_GateMutex_Module__root__V                   
0081fac4  ti_sysbios_heaps_HeapBuf_Module__state__V                    
0081fac8  ti_sysbios_hal_Hwi_Object__table__V                          
0081fad0  ti_sysbios_heaps_HeapMem_Module__root__V                     
0081fad8  ti_sysbios_knl_Queue_Module__root__V                         
0081fae0  ti_sysbios_knl_Semaphore_Module__root__V                     
0081fae8  ti_sysbios_knl_Task_Module__root__V                          
0081faf0  ti_sysbios_timers_rti_Timer_Module_State_0_handles__A        
0081faf8  xdc_runtime_Registry_Module__state__V                        
0081fb00  xdc_runtime_Startup_Module__state__V                         
0081fb08  xdc_runtime_System_Module__state__V                          
0081fb10  gHWADriverPtr                                                
0081fb14  xdc_runtime_Memory_Module__state__V                          
0081fb18  ti_sysbios_gates_GateHwi_Object__table__V                    
0081fb1c  xdc_runtime_Error_Module__state__V                           
0081fb20  ti_sysbios_knl_Task_Module_State_0_idleTask__A               
0081fb28  ti_sysbios_utils_Load_Module_State_0_runningTask__A          
0081fb30  ti_sysbios_utils_Load_Module_State_0_taskStartTime__A        
0081fc28  MCPI_FailSignature                                           
0081fc2c  gObjDetObj                                                   
0081fc30  socHandle                                                    
0081fc34  gCurrTestId                                                  
0081fc36  MCPI_Result                                                  
00f00000  MCPI_logMessage                                              
20000000  gFrameConfig                                                 
20006de0  MCPI_setFeatureTestResult                                    
20007040  MCPI_Initialize                                              
20007080  MCPI_setTestResult                                           
200070e0  DPM_init                                                     
20007440  DPM_msgRecv                                                  
200079a0  DPM_deinit                                                   
20007b20  DPM_ioctl                                                    
20007f20  DPM_execute                                                  
20008000  DPM_pipeSend                                                 
20008380  DPM_notifyExecute                                            
20008420  DPM_pipeRecv                                                 
200084c0  DPM_start                                                    
20008560  DPM_stop                                                     
20008680  DPM_pipeDeinit                                               
20008700  DPM_pipeInit                                                 
20008780  DPM_listCat                                                  
20008840  DPM_msgInitHeader                                            
200088a0  DPM_listAdd                                                  
200088e0  DPM_listRemove                                               
20008dc0  genChirpData                                                 
20009620  initFrameData                                                
20009900  GaussianNoise                                                
20009a80  RandSimple                                                   
20009b80  __TI_printfi                                                 
2000d160  pow                                                          
2000d160  powl                                                         
2000d9a0  __c6xabi_divd                                                
2000dfa0  __c6xabi_divull                                              
2000e200  __c6xabi_divlli                                              
2000e340  __c6xabi_remlli                                              
2000e3a0  _subcull                                                     
2000e600  fopen                                                        
2000e720  __TI_cleanup                                                 
2000e7e0  __TI_closefile                                               
2000e8e0  fclose                                                       
2000e9e0  fread                                                        
2000ec20  atan                                                         
2000ec20  atanl                                                        
2000ee20  gObjectDetection_Test_L3Heap                                 
21080000  gObjectDetection_Test_chirpData                              
ffffffff  __TI_pprof_out_hndl                                          
ffffffff  __TI_prof_data_size                                          
ffffffff  __TI_prof_data_start                                         
ffffffff  __binit__                                                    
ffffffff  __c_args__                                                   
ffffffff  binit                                                        
UNDEFED   __TI_CINIT_Base                                              
UNDEFED   __TI_CINIT_Limit                                             
UNDEFED   __TI_Handler_Table_Base                                      
UNDEFED   __TI_Handler_Table_Limit                                     
UNDEFED   __TI_INITARRAY_Base                                          
UNDEFED   __TI_INITARRAY_Limit                                         
UNDEFED   __TI_TLS_INIT_Base                                           
UNDEFED   __TI_TLS_INIT_Limit                                          

[848 symbols]
