******************************************************************************
                  TI ARM Linker Unix v16.9.6                   
******************************************************************************
>> Linked Wed May  8 05:03:44 2019

OUTPUT FILE NAME:   <test/xwr68xx_objectdetection_test_mss.xer4f>
ENTRY POINT SYMBOL: "_c_int00"  address: 000122f4


MEMORY CONFIGURATION

         name            origin    length      used     unused   attr    fill
----------------------  --------  ---------  --------  --------  ----  --------
PAGE 0:
  VECTORS               00000000   00000100  0000003c  000000c4     X
  PROG_RAM              00000100   0007ff00  00018cc6  0006723a  R  X
  DATA_RAM              08000000   00030000  0002e080  00001f80  RW  
  L3_RAM                51000000   000c0000  000c0000  00000000  RW  
  HWA_RAM               52030000   00010000  00000000  00010000  RW  
  HS_RAM                52080000   00008000  00000000  00008000  RW  

PAGE 1:
  L3_RAM                51000000   000c0000  00000000  000c0000  RW  


SEGMENT ALLOCATION MAP

run origin  load origin   length   init length attrs members
----------  ----------- ---------- ----------- ----- -------
00000000    00000000    0000003c   0000003c    r--
  00000000    00000000    0000003c   0000003c    r-- .vecs
00000100    00000100    00018cd0   00018cd0    r-x
  00000100    00000100    00016222   00016222    r-x .text
  00016328    00016328    00002614   00002614    r-- .const
  00018940    00018940    00000490   00000490    r-- .cinit
08000000    08000000    0002e084   00000000    rw-
  08000000    08000000    00014000   00000000    rw- .tcmbHeap
  08014000    08014000    0000cd5c   00000000    rw- .data
  08020d60    08020d60    00009f24   00000000    rw- .bss
  0802ac84    0802ac84    00002400   00000000    rw- .MCPILogBuffer
  0802d084    0802d084    00001000   00000000    rw- .stack
51000000    51000000    000c0000   00000000    rw-
  51000000    51000000    000c0000   00000000    rw- .l3ram


SECTION ALLOCATION MAP

 output                                  attributes/
section   page    origin      length       input sections
--------  ----  ----------  ----------   ----------------
.vecs      0    00000000    0000003c     
                  00000000    0000003c     mss_per4ft.oer4ft (.vecs)

xdc.meta   0    00000000    00000117     COPY SECTION
                  00000000    00000117     mss_per4ft.oer4ft (xdc.meta)

.text      0    00000100    00016222     
                  00000100    0000107a     rtsv7R4_T_le_v3D16_eabi.lib : _printfi.obj (.text)
                  0000117a    00000002     libhwa_xwr68xx.aer4f : hwa.oer4f (.text:HWA_init)
                  0000117c    000008ff     main.oer4f (.text:ObjectDetection_Test_task)
                  00001a7b    00000001     --HOLE-- [fill = 0]
                  00001a7c    00000684     rtsv7R4_T_le_v3D16_eabi.lib : e_pow.obj (.text)
                  00002100    00000670     libdopplerproc_hwa_xwr68xx.aer4f : dopplerprochwa.oer4f (.text:DPU_DopplerProcHWA_config)
                  00002770    000005fc     rtsv7R4_T_le_v3D16_eabi.lib : k_rem_pio2.obj (.text)
                  00002d6c    00000591     objectdetection.oer4f (.text:DPC_ObjectDetection_ioctl)
                  000032fd    00000001     --HOLE-- [fill = 0]
                  000032fe    00000002     rtsv7R4_T_le_v3D16_eabi.lib : i_div0.obj (.text)
                  00003300    00000578     libhwa_xwr68xx.aer4f : hwa.oer4f (.text:HWA_configParamSet)
                  00003878    00000560     librangeproc_hwa_xwr68xx.aer4f : rangeprochwa.oer4f (.text:DPU_RangeProcHWA_process)
                  00003dd8    00000008     libaoaproc_hwa_xwr68xx.aer4f : aoaprochwa.oer4f (.text:AOAProcHWADoneIsrCallback)
                  00003de0    000004e1     sysbios.aer4ft : BIOS.obj (.text:xdc_runtime_System_doPrint__I)
                  000042c1    00000001     --HOLE-- [fill = 0]
                  000042c2    00000002     rtsv7R4_T_le_v3D16_eabi.lib : l_div0.obj (.text)
                  000042c4    0000044c     objectdetection.oer4f (.text:DPC_ObjDet_rangeBiasRxChPhaseMeasure)
                  00004710    0000044a     libaoaproc_hwa_xwr68xx.aer4f : aoaprochwa.oer4f (.text:AoAProcHWA_config_EDMA)
                  00004b5a    00000444                                  : aoaprochwa.oer4f (.text:HWAutil_configHWA_extendedVelocityScheme)
                  00004f9e    00000002     mss_per4ft.oer4ft (.text:ti_sysbios_BIOS_nullFunc__I)
                  00004fa0    0000041c     gen_frame_data.oer4f (.text:genChirpData)
                  000053bc    00000414     librangeproc_hwa_xwr68xx.aer4f : rangeprochwa.oer4f (.text:DPU_RangeProcHWA_config)
                  000057d0    000003f4     rtsv7R4_T_le_v3D16_eabi.lib : s_cos.obj (.text)
                  00005bc4    000003f4                                 : s_sin.obj (.text)
                  00005fb8    00000350     libaoaproc_hwa_xwr68xx.aer4f : aoaprochwa.oer4f (.text:DPU_AoAProcHWA_process)
                  00006308    00000304     librangeproc_hwa_xwr68xx.aer4f : rangeprochwa.oer4f (.text:rangeProcHWA_ConfigEDMA_DataOut_nonInterleave)
                  0000660c    00000300     libsoc_xwr68xx.aer4f : soc_xwr68xx_mss.oer4f (.text:SOC_deviceInit)
                  0000690c    000002ec     rtsv7R4_T_le_v3D16_eabi.lib : ll_div32.obj (.text)
                  00006bf8    00000008     libcfarcaproc_hwa_xwr68xx.aer4f : cfarcaprochwa.oer4f (.text:CFARCAHWADoneIsrCallback)
                  00006c00    000002e4     sysbios.aer4ft : BIOS.obj (.text:ti_sysbios_knl_Semaphore_pend__E)
                  00006ee4    000002b8     rtsv7R4_T_le_v3D16_eabi.lib : ull_div32.obj (.text)
                  0000719c    000002a4                                 : e_asin.obj (.text)
                  00007440    000002a4     sysbios.aer4ft : BIOS.obj (.text:ti_sysbios_heaps_HeapMem_freeUnprotected__E)
                  000076e4    00000294     objectdetection.oer4f (.text:DPC_ObjectDetection_execute)
                  00007978    00000290     objectdetection.oer4f (.text:DPC_ObjDet_AoAconfig)
                  00007c08    00000008     objectdetection.oer4f (.text:DPC_ObjDet_MemPoolReset)
                  00007c10    00000280     sysbios.aer4ft : BIOS.obj (.text:ti_sysbios_family_arm_exc_Exception_excDumpContext__I)
                  00007e90    00000264     main.oer4f (.text:ObjectDetection_Test_setProfile)
                  000080f4    00000264     rtsv7R4_T_le_v3D16_eabi.lib : e_log.obj (.text)
                  00008358    00000260     libmailbox_xwr68xx.aer4f : mailbox.oer4f (.text:Mailbox_open)
                  000085b8    0000024c     main.oer4f (.text:ObjectDetection_Test_CompareToRef)
                  00008804    00000230     objectdetection.oer4f (.text:DPC_ObjDet_rangeConfig)
                  00008a34    00000230     main.oer4f (.text:ObjectDetection_Test_configDPC)
                  00008c64    00000230     librangeproc_hwa_xwr68xx.aer4f : rangeprochwa.oer4f (.text:rangeProcHWA_ConfigHWA)
                  00008e94    0000000c     libedma_xwr68xx.aer4f : edma_low_level.oer4f (.text:EDMA3ChannelToParamMap)
                  00008ea0    0000022c     sysbios.aer4ft : BIOS.obj (.text:ti_sysbios_knl_Task_Instance_finalize__E)
                  000090cc    00000004     libedma_xwr68xx.aer4f : edma.oer4f (.text:EDMA_getNumInstances)
                  000090d0    00000228     sysbios.aer4ft : BIOS.obj (.text:ti_sysbios_heaps_HeapMem_allocUnprotected__E)
                  000092f8    0000021c     libaoaproc_hwa_xwr68xx.aer4f : aoaprochwa.oer4f (.text:AoAProcHWA_XYZestimation)
                  00009514    00000208     objectdetection.oer4f (.text:DPC_ObjDet_preStartConfig)
                  0000971c    000001fa     libaoaproc_hwa_xwr68xx.aer4f : aoaprochwa.oer4f (.text:HWAutil_configHWA_azimuthHeatMap)
                  00009916    000001f2     libhwa_xwr68xx.aer4f : hwa.oer4f (.text:HWA_configCommon)
                  00009b08    00000008     libdopplerproc_hwa_xwr68xx.aer4f : dopplerprochwa.oer4f (.text:DPU_DopplerProcHWA_edmaDoneIsrCallback)
                  00009b10    000001e0     sysbios.aer4ft : BIOS.obj (.text:ti_sysbios_knl_Task_sleep__E)
                  00009cf0    000001d8                    : BIOS.obj (.text:ti_sysbios_knl_Task_Module_startup__E)
                  00009ec8    000001d4     libaoaproc_hwa_xwr68xx.aer4f : aoaprochwa.oer4f (.text:DPU_AoAProcHWA_config)
                  0000a09c    000001c8     rtsv7R4_T_le_v3D16_eabi.lib : fopen.obj (.text)
                  0000a264    0000000c     libedma_xwr68xx.aer4f : edma_low_level.oer4f (.text:EDMAsetRegion)
                  0000a270    000001c8     sysbios.aer4ft : BIOS.obj (.text:ti_sysbios_knl_Task_Instance_init__E)
                  0000a438    000001c0     libedma_xwr68xx.aer4f : edma.oer4f (.text:EDMA_open)
                  0000a5f8    000001b4     rtsv7R4_T_le_v3D16_eabi.lib : e_atan2.obj (.text)
                  0000a7ac    000001ac     gen_frame_data.oer4f (.text:initFrameData)
                  0000a958    000001a8     rtsv7R4_T_le_v3D16_eabi.lib : s_atan.obj (.text)
                  0000ab00    000001a4     objectdetection.oer4f (.text:DPC_ObjectDetection_init)
                  0000aca4    0000018c     libstaticclutterproc_xwr68xx.aer4f : staticclutterproc.oer4f (.text:DPU_StaticClutterProc_process)
                  0000ae30    0000018c     libaoaproc_hwa_xwr68xx.aer4f : aoaprochwa.oer4f (.text:aoaHwa_dopplerCompensation)
                  0000afbc    00000188     libcfarcaproc_hwa_xwr68xx.aer4f : cfarcaprochwa.oer4f (.text:DPU_CFARCAProcHWA_process)
                  0000b144    00000188     libedma_xwr68xx.aer4f : edma.oer4f (.text:EDMA_configChannel)
                  0000b2cc    00000188     libhwa_xwr68xx.aer4f : hwa.oer4f (.text:HWA_open)
                  0000b454    00000182     libaoaproc_hwa_xwr68xx.aer4f : aoaprochwa.oer4f (.text:AoAProcHWA_angleEstimationAzimElev)
                  0000b5d6    00000002     mss_per4ft.oer4ft (.text:xdc_runtime_Startup_reset__I)
                  0000b5d8    00000180     libdpm_xwr68xx.aer4f : dpm_core.oer4f (.text:DPM_init)
                  0000b758    00000180                          : dpm_msg.oer4f (.text:DPM_msgRecv)
                  0000b8d8    00000008     libdopplerproc_hwa_xwr68xx.aer4f : dopplerprochwa.oer4f (.text:DPU_DopplerProcHWA_hwaDoneIsrCallback)
                  0000b8e0    0000017c     sysbios.aer4ft : BIOS.obj (.text:ti_sysbios_family_arm_exc_Exception_excHandler__I)
                  0000ba5c    0000016a     libaoaproc_hwa_xwr68xx.aer4f : aoaprochwa.oer4f (.text:AoAProcHWA_config_azimuthHeatMap_EDMA)
                  0000bbc6    0000000a     objectdetection.oer4f (.text:DPC_ObjDet_GetRangeWinGenLen)
                  0000bbd0    00000160     sysbios.aer4ft : BIOS.obj (.text:ti_sysbios_family_arm_v7r_vim_Hwi_reconfig__E)
                  0000bd30    0000015c     main.oer4f (.text:ObjectDetection_Test_reportFxn)
                  0000be8c    00000148     libstaticclutterproc_xwr68xx.aer4f : staticclutterproc.oer4f (.text:DPU_StaticClutterProc_configEdma)
                  0000bfd4    00000144     objectdetection.oer4f (.text:DPC_ObjDet_dopplerConfig)
                  0000c118    00000008     libosal_xwr68xx.aer4f : HwiP_tirtos.oer4f (.text:HwiP_disable)
                  0000c120    00000144     sysbios.aer4ft : BIOS.obj (.text:ti_sysbios_timers_rti_Timer_Module_startup__E)
                  0000c264    0000000c                    : arm_IntrinsicsSupport_asm.obj (.text:_ti_sysbios_family_arm_IntrinsicsSupport_maxbitA)
                  0000c270    00000140                    : BIOS.obj (.text:ti_sysbios_heaps_HeapMem_Instance_init__E)
                  0000c3b0    00000140                    : BIOS.obj (.text:xdc_runtime_Core_createObject__I)
                  0000c4f0    0000013c                    : BIOS.obj (.text:ti_sysbios_family_arm_v7r_vim_Hwi_dispatchIRQC__I)
                  0000c62c    00000138     rtsv7R4_T_le_v3D16_eabi.lib : fputs.obj (.text)
                  0000c764    00000134     libcfarcaproc_hwa_xwr68xx.aer4f : cfarcaprochwa.oer4f (.text:CFARHWA_cfarRange_AND_cfarDoppler)
                  0000c898    00000134     main.oer4f (.text:ObjectDetection_Test_DPCInit)
                  0000c9cc    00000004     libosal_xwr68xx.aer4f : HwiP_tirtos.oer4f (.text:HwiP_disableInterrupt)
                  0000c9d0    00000134     sysbios.aer4ft : BIOS.obj (.text:xdc_runtime_Startup_startMods__I)
                  0000cb04    0000000c     rtsv7R4_T_le_v3D16_eabi.lib : copy_zero_init.obj (.text:decompress:ZI)
                  0000cb10    00000130     sysbios.aer4ft : BIOS.obj (.text:xdc_runtime_Error_policyDefault__E)
                  0000cc40    0000012c     libcfarcaproc_hwa_xwr68xx.aer4f : cfarcaprochwa.oer4f (.text:HWAutil_configCFAR)
                  0000cd6c    0000012c     librangeproc_hwa_xwr68xx.aer4f : rangeprochwa.oer4f (.text:rangeProcHWA_ConfigEDMADummyThreeLinks)
                  0000ce98    00000128     libmathutils.aer4f : mathutils.oer4f (.text:mathUtils_genWindow)
                  0000cfc0    00000126     libaoaproc_hwa_xwr68xx.aer4f : aoaprochwa.oer4f (.text:AoAProcHWA_PrepareRangeAzimuthHeatmap)
                  0000d0e6    00000002     --HOLE-- [fill = 0]
                  0000d0e8    00000124     libedma_xwr68xx.aer4f : edma.oer4f (.text:EDMA_init)
                  0000d20c    00000124     main.oer4f (.text:ObjectDetection_Test_printAndCheckResults)
                  0000d330    00000120     libtestlogger_xwr68xx.aer4f : logger.oer4f (.text:MCPI_setFeatureTestResult)
                  0000d450    00000114     libedma_xwr68xx.aer4f : edma.oer4f (.text:EDMA_configErrorMonitoring)
                  0000d564    00000110     objectdetection.oer4f (.text:DPC_ObjDet_CFARCAconfig)
                  0000d674    00000110     libedma_xwr68xx.aer4f : edma.oer4f (.text:EDMA_transferComplete_isr)
                  0000d784    0000010c     libdpedma_hwa_xwr68xx.aer4f : dpedma.oer4f (.text:DPEDMA_configSyncAB)
                  0000d890    0000010c     libdpm_xwr68xx.aer4f : dpm_msg.oer4f (.text:DPM_msgResultHandler)
                  0000d99c    00000004     libosal_xwr68xx.aer4f : HwiP_tirtos.oer4f (.text:HwiP_enableInterrupt)
                  0000d9a0    0000010c     sysbios.aer4ft : BIOS.obj (.text:xdc_runtime_Core_constructObject__I)
                  0000daac    00000108     libmailbox_xwr68xx.aer4f : mailbox.oer4f (.text:Mailbox_write)
                  0000dbb4    00000108     main.oer4f (.text:ObjectDetection_Test_convertCoordinates)
                  0000dcbc    00000104     libdpedma_hwa_xwr68xx.aer4f : dpedma.oer4f (.text:DPEDMA_configSyncA_singleFrame)
                  0000ddc0    00000104     sysbios.aer4ft : BIOS.obj (.text:ti_sysbios_timers_rti_Timer_getFreq__E)
                  0000dec4    000000fc     libcfarcaproc_hwa_xwr68xx.aer4f : cfarcaprochwa.oer4f (.text:DPU_CFARCAProcHWA_config)
                  0000dfc0    000000f8     mss_per4ft.oer4ft (.text:xdc_runtime_System_printfExtend__I)
                  0000e0b8    000000f4     libaoaproc_hwa_xwr68xx.aer4f : aoaprochwa.oer4f (.text:DPU_AoAProcHWA_init)
                  0000e1ac    000000f0     main.oer4f (.text:ObjectDetection_Test_edmaOpen)
                  0000e29c    000000f0     rtsv7R4_T_le_v3D16_eabi.lib : fread.obj (.text)
                  0000e38c    000000ec                                 : s_scalbn.obj (.text)
                  0000e478    00000008     libosal_xwr68xx.aer4f : MemoryP_tirtos.oer4f (.text:MemoryP_getStats)
                  0000e480    000000ec     sysbios.aer4ft : BIOS.obj (.text:ti_sysbios_heaps_HeapBuf_Module_startup__E)
                  0000e56c    000000ea     libdpedma_hwa_xwr68xx.aer4f : dpedmahwa.oer4f (.text:DPEDMAHWA_configTwoHotSignature)
                  0000e656    00000002     --HOLE-- [fill = 0]
                  0000e658    000000e8     libdopplerproc_hwa_xwr68xx.aer4f : dopplerprochwa.oer4f (.text:DPU_DopplerProcHWA_process)
                  0000e740    000000e8     sysbios.aer4ft : BIOS.obj (.text:ti_sysbios_family_arm_v7r_vim_Hwi_Instance_init__E)
                  0000e828    000000e2     libedma_xwr68xx.aer4f : edma.oer4f (.text:EDMA_paramConfig_assist)
                  0000e90a    00000002     --HOLE-- [fill = 0]
                  0000e90c    000000e0     libcfarcaproc_hwa_xwr68xx.aer4f : cfarcaprochwa.oer4f (.text:DPU_CFARCAProcHWA_control)
                  0000e9ec    000000e0     rtsv7R4_T_le_v3D16_eabi.lib : s_floor.obj (.text)
                  0000eacc    000000dc                                 : setvbuf.obj (.text)
                  0000eba8    00000008     libosal_xwr68xx.aer4f : SemaphoreP_tirtos.oer4f (.text:SemaphoreP_Params_init)
                  0000ebb0    000000dc     sysbios.aer4ft : BIOS.obj (.text:ti_sysbios_knl_Semaphore_post__E)
                  0000ec8c    000000d4     libdopplerproc_hwa_xwr68xx.aer4f : dopplerprochwa.oer4f (.text:DPU_DopplerProcHWA_init)
                  0000ed60    000000d4     libmailbox_xwr68xx.aer4f : mailbox.oer4f (.text:Mailbox_read)
                  0000ee34    000000d4     librangeproc_hwa_xwr68xx.aer4f : rangeprochwa.oer4f (.text:rangeProcHWA_ConfigEDMA_DataIn)
                  0000ef08    000000d2     objectdetection.oer4f (.text:DPC_ObjectDetection_frameStart)
                  0000efda    00000002     --HOLE-- [fill = 0]
                  0000efdc    000000d0     librangeproc_hwa_xwr68xx.aer4f : rangeprochwa.oer4f (.text:DPU_RangeProcHWA_control)
                  0000f0ac    000000d0     sysbios.aer4ft : exc_Exception_asm.obj (.text:ti_sysbios_family_arm_exc_Exception_excHandlerAsm__I)
                  0000f17c    000000cc     objectdetection.oer4f (.text:DPC_ObjDet_staticClutterConfig)
                  0000f248    000000cc     libhwa_xwr68xx.aer4f : hwa.oer4f (.text:HWA_enableParamSetInterrupt)
                  0000f314    000000cc     rtsv7R4_T_le_v3D16_eabi.lib : fflush.obj (.text)
                  0000f3e0    000000cc     sysbios.aer4ft : BIOS.obj (.text:ti_sysbios_knl_Task_checkStacks__E)
                  0000f4ac    000000ca     libdpedma_hwa_xwr68xx.aer4f : dpedmahwa.oer4f (.text:DPEDMAHWA_configOneHotSignature)
                  0000f576    00000002     --HOLE-- [fill = 0]
                  0000f578    000000c4     libdpm_xwr68xx.aer4f : dpm_core.oer4f (.text:DPM_deinit)
                  0000f63c    000000c4                          : dpm_core.oer4f (.text:DPM_ioctl)
                  0000f700    000000c4     sysbios.aer4ft : BIOS.obj (.text:ti_sysbios_family_arm_v7a_Pmu_configureCounter__E)
                  0000f7c4    0000000c                    : BIOS.obj (.text:ti_sysbios_family_arm_v7a_Pmu_configureCounterI__I)
                  0000f7d0    000000c4                    : BIOS.obj (.text:ti_sysbios_family_arm_v7r_vim_Hwi_Module_startup__E)
                  0000f894    0000000c                    : BIOS.obj (.text:ti_sysbios_family_arm_v7a_Pmu_getCountI__E)
                  0000f8a0    000000c4                    : BIOS.obj (.text:ti_sysbios_knl_Task_postInit__I)
                  0000f964    000000c0     librangeproc_hwa_xwr68xx.aer4f : rangeprochwa.oer4f (.text:DPU_RangeProcHWA_init)
                  0000fa24    0000000c     mss_per4ft.oer4ft (.text:ti_sysbios_knl_Queue_Object__get__S)
                  0000fa30    000000c0     sysbios.aer4ft : BIOS.obj (.text:ti_sysbios_timers_rti_Timer_startup__E)
                  0000faf0    000000bc     rtsv7R4_T_le_v3D16_eabi.lib : open.obj (.text)
                  0000fbac    000000b8     gen_frame_data.oer4f (.text:GaussianNoise)
                  0000fc64    000000b8     rtsv7R4_T_le_v3D16_eabi.lib : k_cos.obj (.text)
                  0000fd1c    000000b6     libsoc_xwr68xx.aer4f : soc_mpu.o (.text)
                  0000fdd2    00000002     --HOLE-- [fill = 0]
                  0000fdd4    000000b4     libedma_xwr68xx.aer4f : edma.oer4f (.text:EDMA_startTransfer)
                  0000fe88    000000b4     main.oer4f (.text:ObjectDetection_Test_dpmTask)
                  0000ff3c    00000004     mss_per4ft.oer4ft (.text:ti_sysbios_BIOS_RtsGateProxy_enter__E)
                  0000ff40    000000b4     sysbios.aer4ft : BIOS.obj (.text:ti_sysbios_gates_GateMutex_enter__E)
                  0000fff4    0000000a     libdpm_xwr68xx.aer4f : dpm_core.oer4f (.text:DPM_chirpISR)
                  0000fffe    00000002     --HOLE-- [fill = 0]
                  00010000    000000b0     sysbios.aer4ft : BIOS.obj (.text:ti_sysbios_knl_Swi_restoreHwi__E)
                  000100b0    000000b0                    : BIOS.obj (.text:ti_sysbios_knl_Task_exit__E)
                  00010160    000000b0                    : BIOS.obj (.text:xdc_runtime_Text_putMod__E)
                  00010210    000000ae     rtsv7R4_T_le_v3D16_eabi.lib : _io_perm.obj (.text)
                  000102be    00000002     --HOLE-- [fill = 0]
                  000102c0    000000ac     libaoaproc_hwa_xwr68xx.aer4f : aoaprochwa.oer4f (.text:AoAProcHWA_ConvertFov)
                  0001036c    000000ac                                  : aoaprochwa.oer4f (.text:AoAProcHWA_rxChanPhaseBiasCompensation)
                  00010418    000000ac     libesm_xwr68xx.aer4f : esm.oer4f (.text:ESM_processInterrupt)
                  000104c4    000000ac     main.oer4f (.text:main)
                  00010570    000000a8     libedma_xwr68xx.aer4f : edma_low_level.oer4f (.text:EDMA3Init)
                  00010618    000000a8     libsoc_xwr68xx.aer4f : soc.oer4f (.text:SOC_deregisterSysIntListener)
                  000106c0    000000a4     libesm_xwr68xx.aer4f : esm.oer4f (.text:ESM_init)
                  00010764    000000a4     libsoc_xwr68xx.aer4f : soc_xwr68xx_mss.oer4f (.text:SOC_unhaltDSS)
                  00010808    000000a4     rtsv7R4_T_le_v3D16_eabi.lib : k_sin.obj (.text)
                  000108ac    00000004     mss_per4ft.oer4ft (.text:ti_sysbios_BIOS_RtsGateProxy_leave__E)
                  000108b0    000000a2     sysbios.aer4ft : BIOS.obj (.text:xdc_runtime_Text_putSite__E)
                  00010952    00000002     --HOLE-- [fill = 0]
                  00010954    000000a0     main.oer4f (.text:ObjectDetection_Test_trigFrameStart)
                  000109f4    000000a0     libsoc_xwr68xx.aer4f : soc.oer4f (.text:SOC_registerSysIntListener)
                  00010a94    000000a0     auto_init.aer4ft : auto_init.oer4ft (.text)
                  00010b34    0000009c     rtsv7R4_T_le_v3D16_eabi.lib : _bufread.obj (.text)
                  00010bd0    0000009c                                 : memcpy_t2.obj (.text)
                  00010c6c    00000004     mss_per4ft.oer4ft (.text:ti_sysbios_family_arm_TaskSupport_Module__startupDone__S)
                  00010c70    0000009c     sysbios.aer4ft : BIOS.obj (.text:ti_sysbios_family_arm_v7r_vim_Hwi_initIntController__I)
                  00010d0c    00000004     mss_per4ft.oer4ft (.text:ti_sysbios_family_arm_v7r_vim_Hwi_delete)
                  00010d10    0000009c     sysbios.aer4ft : BIOS.obj (.text:ti_sysbios_family_arm_v7r_vim_Hwi_mapChannel__I)
                  00010dac    00000004     mss_per4ft.oer4ft (.text:ti_sysbios_heaps_HeapMem_Module_GateProxy_enter__E)
                  00010db0    0000009c     sysbios.aer4ft : BIOS.obj (.text:ti_sysbios_knl_Semaphore_Instance_init__E)
                  00010e4c    00000004     mss_per4ft.oer4ft (.text:ti_sysbios_heaps_HeapMem_Module_GateProxy_leave__E)
                  00010e50    0000009c     sysbios.aer4ft : BIOS.obj (.text:ti_sysbios_knl_Swi_runLoop__I)
                  00010eec    0000009a     libdpm_xwr68xx.aer4f : dpm_msg.oer4f (.text:DPM_msgResponseHandler)
                  00010f86    00000002     --HOLE-- [fill = 0]
                  00010f88    00000098     libaoaproc_hwa_xwr68xx.aer4f : aoaprochwa.oer4f (.text:DPU_AoAProcHWA_control)
                  00011020    00000098     rtsv7R4_T_le_v3D16_eabi.lib : fclose.obj (.text)
                  000110b8    00000098                                 : fputc.obj (.text)
                  00011150    00000098     sysbios.aer4ft : vim_Hwi_asm_switch.obj (.text)
                  000111e8    00000096     libedma_xwr68xx.aer4f : edma.oer4f (.text:EDMA_getErrorStatusInfo)
                  0001127e    00000096     libhwa_xwr68xx.aer4f : hwa.oer4f (.text:HWA_configRam)
                  00011314    00000094     objectdetection.oer4f (.text:DPC_ObjectDetection_start)
                  000113a8    00000094     main.oer4f (.text:ObjectDetection_Test_DPCDeinit)
                  0001143c    00000094     rtsv7R4_T_le_v3D16_eabi.lib : snprintf.obj (.text)
                  000114d0    00000094     sysbios.aer4ft : vim_Hwi_asm.obj (.text:ti_sysbios_family_arm_v7r_vim_Hwi_dispatchIRQ__I)
                  00011564    00000090     libmailbox_xwr68xx.aer4f : mailbox.oer4f (.text:Mailbox_close)
                  000115f4    0000000a     libdpm_xwr68xx.aer4f : dpm_core.oer4f (.text:DPM_frameStartISR)
                  000115fe    00000002     --HOLE-- [fill = 0]
                  00011600    00000090     sysbios.aer4ft : BIOS.obj (.text:ti_sysbios_family_arm_v7a_Pmu_startCounter__E)
                  00011690    0000008c     libaoaproc_hwa_xwr68xx.aer4f : aoaprochwa.oer4f (.text:AoAProcHWA_cfgAndTrigger_EDMA_2DFFT)
                  0001171c    0000008c     main.oer4f (.text:ObjectDetection_Test_startDPC)
                  000117a8    0000008c     main.oer4f (.text:ObjectDetection_Test_stopDPC)
                  00011834    0000008c     libsoc_xwr68xx.aer4f : soc_xwr68xx.oer4f (.text:SOC_translateAddress)
                  000118c0    0000008c     sysbios.aer4ft : BIOS.obj (.text:ti_sysbios_family_arm_v7a_Pmu_getCount__E)
                  0001194c    00000004     mss_per4ft.oer4ft (.text:ti_sysbios_knl_Clock_TimerProxy_getMaxTicks__E)
                  00011950    0000008c     sysbios.aer4ft : BIOS.obj (.text:ti_sysbios_family_arm_v7r_vim_Hwi_Instance_finalize__E)
                  000119dc    00000004     mss_per4ft.oer4ft (.text:ti_sysbios_knl_Semaphore_delete)
                  000119e0    0000008c     sysbios.aer4ft : BIOS.obj (.text:xdc_runtime_Memory_alloc__E)
                  00011a6c    00000088     libhwa_xwr68xx.aer4f : hwa.oer4f (.text:HWA_disableParamSetInterrupt)
                  00011af4    00000088     libsoc_xwr68xx.aer4f : soc.oer4f (.text:SOC_init)
                  00011b7c    00000084     libcfarcaproc_hwa_xwr68xx.aer4f : cfarcaprochwa.oer4f (.text:DPU_CFARCAProcHWA_init)
                  00011c00    00000082     libhwa_xwr68xx.aer4f : hwa.oer4f (.text:HWA_paramDoneISR)
                  00011c82    00000002     --HOLE-- [fill = 0]
                  00011c84    00000080     libdpm_xwr68xx.aer4f : dpm_mailbox.oer4f (.text:DPM_mboxRemoteMailboxCallbackFxn)
                  00011d04    0000000a     libosal_xwr68xx.aer4f : MemoryP_tirtos.oer4f (.text:MemoryP_ctrlFree)
                  00011d0e    00000002     --HOLE-- [fill = 0]
                  00011d10    00000080     sysbios.aer4ft : BIOS.obj (.text:ti_sysbios_timers_rti_Timer_initDevice__I)
                  00011d90    0000007e     objectdetection.oer4f (.text:DPC_ObjDet_GetRxChPhaseComp)
                  00011e0e    00000002     --HOLE-- [fill = 0]
                  00011e10    0000007e     libosal_xwr68xx.aer4f : HwiP_tirtos.oer4f (.text:HwiP_create)
                  00011e8e    00000002     --HOLE-- [fill = 0]
                  00011e90    0000007c     libdpm_xwr68xx.aer4f : dpm_pipe.oer4f (.text:DPM_pipeSend)
                  00011f0c    0000007c     libedma_xwr68xx.aer4f : edma.oer4f (.text:EDMA_clearErrors)
                  00011f88    0000007c     sysbios.aer4ft : arm_TaskSupport_asm.obj (.text:_ti_sysbios_family_arm_TaskSupport_buildTaskStack)
                  00012004    0000000a     libosal_xwr68xx.aer4f : SemaphoreP_tirtos.oer4f (.text:SemaphoreP_post)
                  0001200e    00000002     --HOLE-- [fill = 0]
                  00012010    0000007c     sysbios.aer4ft : BIOS.obj (.text:ti_sysbios_knl_Clock_workFunc__E)
                  0001208c    00000004     mss_per4ft.oer4ft (.text:xdc_runtime_System_Module_GateProxy_enter__E)
                  00012090    0000007c     sysbios.aer4ft : BIOS.obj (.text:ti_sysbios_timers_rti_Timer_setPeriodMicroSecs__E)
                  0001210c    00000004     mss_per4ft.oer4ft (.text:xdc_runtime_System_Module_GateProxy_leave__E)
                  00012110    0000007c     sysbios.aer4ft : BIOS.obj (.text:xdc_runtime_Core_deleteObject__I)
                  0001218c    0000007a     rtsv7R4_T_le_v3D16_eabi.lib : memset_t2.obj (.text)
                  00012206    00000002     --HOLE-- [fill = 0]
                  00012208    00000078     libedma_xwr68xx.aer4f : edma.oer4f (.text:EDMA_configParamSet)
                  00012280    00000074     objectdetection.oer4f (.text:DPC_ObjDet_reconfigSubFrame)
                  000122f4    00000074     boot.aer4ft : boot.oer4ft (.text)
                  00012368    00000074     rtsv7R4_T_le_v3D16_eabi.lib : getdevice.obj (.text)
                  000123dc    00000074                                 : s_frexp.obj (.text)
                  00012450    00000072     libcfarcaproc_hwa_xwr68xx.aer4f : cfarcaprochwa.oer4f (.text:CFARHWA_saveConfiguration)
                  000124c2    00000002     --HOLE-- [fill = 0]
                  000124c4    00000070     libhwa_xwr68xx.aer4f : hwa.oer4f (.text:HWA_close)
                  00012534    00000070                          : hwa.oer4f (.text:HWA_getDriverAccess)
                  000125a4    00000070     rtsv7R4_T_le_v3D16_eabi.lib : printf.obj (.text)
                  00012614    0000000a     libmathutils.aer4f : mathutils.oer4f (.text:mathUtils_floorLog2)
                  0001261e    00000002     --HOLE-- [fill = 0]
                  00012620    00000070     sysbios.aer4ft : BIOS.obj (.text:xdc_runtime_Error_print__E)
                  00012690    00000070                    : BIOS.obj (.text:xdc_runtime_Text_visitRope2__I)
                  00012700    0000006f     objectdetection.oer4f (.text:DPC_ObjectDetection_stop)
                  0001276f    00000001     --HOLE-- [fill = 0]
                  00012770    0000006e     libcfarcaproc_hwa_xwr68xx.aer4f : cfarcaprochwa.oer4f (.text:CFARCAHWA_config_EDMA)
                  000127de    00000002     --HOLE-- [fill = 0]
                  000127e0    0000006c     libedma_xwr68xx.aer4f : edma.oer4f (.text:EDMA_isTransferComplete)
                  0001284c    0000006c     rtsv7R4_T_le_v3D16_eabi.lib : copy_decompress_lzss.obj (.text:decompress:lzss)
                  000128b8    0000006c                                 : trgmsg.obj (.text)
                  00012924    00000068     objectdetection.oer4f (.text:DPC_ObjectDetection_deinit)
                  0001298c    00000068     libdpm_xwr68xx.aer4f : dpm_msg.oer4f (.text:DPM_msgDPCCfgHandler)
                  000129f4    00000068     libmailbox_xwr68xx.aer4f : mailbox.oer4f (.text:Mailbox_readFlush)
                  00012a5c    00000068     librangeproc_hwa_xwr68xx.aer4f : rangeprochwa.oer4f (.text:rangeProcHWA_ConfigEDMATranspose)
                  00012ac4    00000068                                    : rangeprochwa.oer4f (.text:rangeProcHWA_ConfigHWACommon)
                  00012b2c    00000068     rtsv7R4_T_le_v3D16_eabi.lib : hostlseek.obj (.text)
                  00012b94    00000068                                 : hostrename.obj (.text)
                  00012bfc    00000064     libedma_xwr68xx.aer4f : edma.oer4f (.text:EDMA_getTransferControllerErrorStatusInfo)
                  00012c60    00000064                           : edma.oer4f (.text:EDMA_startDmaTransfer)
                  00012cc4    00000064     libhwa_xwr68xx.aer4f : hwa.oer4f (.text:HWA_getDMAChanIndex)
                  00012d28    00000064     main.oer4f (.text:ObjectDetection_Test_edmaInit)
                  00012d8c    00000064     libosal_xwr68xx.aer4f : SemaphoreP_tirtos.oer4f (.text:SemaphoreP_create)
                  00012df0    00000064     rtsv7R4_T_le_v3D16_eabi.lib : fseek.obj (.text)
                  00012e54    00000064                                 : sprintf.obj (.text)
                  00012eb8    00000064     sysbios.aer4ft : exc_Exception_asm.obj (.text:ti_sysbios_family_arm_exc_Exception_initCore0__I)
                  00012f1c    00000004     --HOLE-- [fill = 0]
                  00012f20    00000064                    : BIOS.obj (.text:ti_sysbios_family_arm_v7r_vim_Hwi_phantomIntHandler__I)
                  00012f84    0000000a                    : tms570_Core_asm.obj (.text:ti_sysbios_family_arm_v7r_tms570_Core_getId__E)
                  00012f8e    00000002     --HOLE-- [fill = 0]
                  00012f90    00000064                    : BIOS.obj (.text:ti_sysbios_knl_Task_schedule__I)
                  00012ff4    0000000a     mss_per4ft.oer4ft (.text:xdc_runtime_IHeap_alloc)
                  00012ffe    00000002     --HOLE-- [fill = 0]
                  00013000    00000064     sysbios.aer4ft : BIOS.obj (.text:xdc_runtime_Startup_exec__E)
                  00013064    00000060     libosal_xwr68xx.aer4f : DebugP_tirtos.oer4f (.text:DebugP_log2)
                  000130c4    00000060     libedma_xwr68xx.aer4f : edma.oer4f (.text:EDMA_close)
                  00013124    0000000a     mss_per4ft.oer4ft (.text:xdc_runtime_IHeap_free)
                  0001312e    00000002     --HOLE-- [fill = 0]
                  00013130    00000060     sysbios.aer4ft : BIOS.obj (.text:ti_sysbios_heaps_HeapMem_alloc__E)
                  00013190    00000060                    : BIOS.obj (.text:xdc_runtime_Assert_raise__I)
                  000131f0    0000005f                    : BIOS.obj (.text:xdc_runtime_Text_putLab__E)
                  0001324f    00000001     --HOLE-- [fill = 0]
                  00013250    0000005c     libcfarcaproc_hwa_xwr68xx.aer4f : cfarcaprochwa.oer4f (.text:CFARHWA_fovConvertDoppler)
                  000132ac    0000005c                                     : cfarcaprochwa.oer4f (.text:CFARHWA_prepareHwaRunTime)
                  00013308    0000005c     rtsv7R4_T_le_v3D16_eabi.lib : hostopen.obj (.text)
                  00013364    0000005c                                 : hostread.obj (.text)
                  000133c0    0000005c     sysbios.aer4ft : BIOS.obj (.text:ti_sysbios_knl_Swi_schedule__I)
                  0001341c    00000058     libdpm_xwr68xx.aer4f : dpm_core.oer4f (.text:DPM_execute)
                  00013474    00000058                          : dpm_mailbox.oer4f (.text:DPM_mboxInit)
                  000134cc    00000058     libosal_xwr68xx.aer4f : DebugP_tirtos.oer4f (.text:DebugP_log0)
                  00013524    00000058                           : DebugP_tirtos.oer4f (.text:DebugP_log1)
                  0001357c    00000058     libedma_xwr68xx.aer4f : edma_low_level.oer4f (.text:EDMA3EnableChInShadowReg)
                  000135d4    00000058     libesm_xwr68xx.aer4f : esm.oer4f (.text:ESM_highpriority_FIQ)
                  0001362c    00000058     libhwa_xwr68xx.aer4f : hwa.oer4f (.text:HWA_getDMAconfig)
                  00013684    00000058     main.oer4f (.text:ObjectDetection_Test_hwaOpen)
                  000136dc    00000058     rtsv7R4_T_le_v3D16_eabi.lib : close.obj (.text)
                  00013734    00000058                                 : hostwrite.obj (.text)
                  0001378c    00000054     libedma_xwr68xx.aer4f : edma.oer4f (.text:EDMA_error_isr)
                  000137e0    00000054     rtsv7R4_T_le_v3D16_eabi.lib : ltoa.obj (.text)
                  00013834    00000054     mss_per4ft.oer4ft (.text:ti_sysbios_family_arm_v7r_vim_Hwi_create)
                  00013888    00000008     librangeproc_hwa_xwr68xx.aer4f : rangeprochwa.oer4f (.text:rangeProcHWADoneIsrCallback)
                  00013890    00000054     sysbios.aer4ft : BIOS.obj (.text:ti_sysbios_heaps_HeapMem_getStats__E)
                  000138e4    0000000a     mss_per4ft.oer4ft (.text:xdc_runtime_IHeap_getStats)
                  000138ee    00000002     --HOLE-- [fill = 0]
                  000138f0    00000054     sysbios.aer4ft : BIOS.obj (.text:ti_sysbios_knl_Task_startCore__E)
                  00013944    00000008                    : BIOS.obj (.text:ti_sysbios_family_arm_v7a_Pmu_getEnabled__E)
                  0001394c    00000004     --HOLE-- [fill = 0]
                  00013950    00000054                    : BIOS.obj (.text:xdc_runtime_Core_assignLabel__I)
                  000139a4    00000052     libdpedma_hwa_xwr68xx.aer4f : dpedma.oer4f (.text:DPEDMA_setup_shadow_link)
                  000139f6    00000050     libaoaproc_hwa_xwr68xx.aer4f : aoaprochwa.oer4f (.text:AoAProc_HWAutil_configCommon)
                  00013a46    00000050     libedma_xwr68xx.aer4f : edma_low_level.oer4f (.text:EDMA3MapChToEvtQ)
                  00013a96    00000002     --HOLE-- [fill = 0]
                  00013a98    00000050     main.oer4f (.text:ObjectDetection_Test_hwaClose)
                  00013ae8    00000050     rtsv7R4_T_le_v3D16_eabi.lib : atoi.obj (.text)
                  00013b38    00000050                                 : exit.obj (.text)
                  00013b88    00000050                                 : u_div32.obj (.text)
                  00013bd8    00000006     libosal_xwr68xx.aer4f : CycleprofilerP_tirtos.oer4f (.text:CycleprofilerP_getTimeStamp)
                  00013bde    00000002     --HOLE-- [fill = 0]
                  00013be0    00000050     sysbios.aer4ft : BIOS.obj (.text:xdc_runtime_System_exit__E)
                  00013c30    0000004c     libstaticclutterproc_xwr68xx.aer4f : staticclutterproc.oer4f (.text:DPU_StaticClutterProc_config)
                  00013c7c    0000004c     libedma_xwr68xx.aer4f : edma.oer4f (.text:EDMA_disableChannel)
                  00013cc8    0000004c                           : edma.oer4f (.text:EDMA_enableChannel)
                  00013d14    0000004c     libhwa_xwr68xx.aer4f : hwa.oer4f (.text:HWA_enableDoneInterrupt)
                  00013d60    0000004c     libmailbox_xwr68xx.aer4f : mailbox.oer4f (.text:Mailbox_boxEmptyISRProcessing)
                  00013dac    0000004c     rtsv7R4_T_le_v3D16_eabi.lib : cpy_tbl.obj (.text)
                  00013df8    00000006     libdpm_xwr68xx.aer4f : dpm_mailbox.oer4f (.text:DPM_mboxSynch)
                  00013dfe    00000002     --HOLE-- [fill = 0]
                  00013e00    0000004c     sysbios.aer4ft : BIOS.obj (.text:ti_sysbios_family_arm_v7r_vim_Hwi_getStackInfo__E)
                  00013e4c    0000004c     mss_per4ft.oer4ft (.text:ti_sysbios_knl_Task_create)
                  00013e98    0000004a     libdpm_xwr68xx.aer4f : dpm_mailbox.oer4f (.text:DPM_mboxSendResult)
                  00013ee2    0000004a     libmailbox_xwr68xx.aer4f : mailbox.oer4f (.text:Mailbox_boxFullISRProcessing)
                  00013f2c    00000004     --HOLE-- [fill = 0]
                  00013f30    0000004a     sysbios.aer4ft : BIOS.obj (.text:xdc_runtime_Core_assignParams__I)
                  00013f7a    00000006     libedma_xwr68xx.aer4f : edma_low_level.oer4f (.text:EDMA3ClrCCErr)
                  00013f80    0000004a     sysbios.aer4ft : BIOS.obj (.text:xdc_runtime_Text_xprintf__I)
                  00013fca    00000048     libcfarcaproc_hwa_xwr68xx.aer4f : cfarcaprochwa.oer4f (.text:CFARHWA_convHwaCfarDetListToDetMask)
                  00014012    00000048     libdpm_xwr68xx.aer4f : dpm_pipe.oer4f (.text:DPM_pipeRecv)
                  0001405a    00000002     --HOLE-- [fill = 0]
                  0001405c    00000048     libhwa_xwr68xx.aer4f : hwa.oer4f (.text:HWA_deleteInstance)
                  000140a4    00000048                          : hwa.oer4f (.text:HWA_readCFARPeakCountReg)
                  000140ec    00000048     main.oer4f (.text:ObjectDetection_Test_EDMA_errorCallbackFxn)
                  00014134    00000048     main.oer4f (.text:ObjectDetection_Test_EDMA_transferControllerErrorCallbackFxn)
                  0001417c    00000046     libmailbox_xwr68xx.aer4f : mailbox.oer4f (.text:CSL_FINSR)
                  000141c2    00000002     --HOLE-- [fill = 0]
                  000141c4    00000044     libdpm_xwr68xx.aer4f : dpm_core.oer4f (.text:DPM_start)
                  00014208    00000044                          : dpm_core.oer4f (.text:DPM_stop)
                  0001424c    00000044     libmailbox_xwr68xx.aer4f : mailbox.oer4f (.text:Mailbox_boxFullISRMssDss)
                  00014290    00000044     rtsv7R4_T_le_v3D16_eabi.lib : hostclose.obj (.text)
                  000142d4    00000044                                 : hostunlink.obj (.text)
                  00014318    00000006     libedma_xwr68xx.aer4f : edma_low_level.oer4f (.text:EDMA3ErrIntrHighStatusGet)
                  0001431e    00000002     --HOLE-- [fill = 0]
                  00014320    00000044     sysbios.aer4ft : BIOS.obj (.text:ti_sysbios_family_arm_v7r_tms570_Core_Module_startup__E)
                  00014364    00000006     libedma_xwr68xx.aer4f : edma_low_level.oer4f (.text:EDMA3GetCCErrStatus)
                  0001436a    00000006                           : edma_low_level.oer4f (.text:EDMA3GetErrIntrStatus)
                  00014370    00000044     sysbios.aer4ft : BIOS.obj (.text:ti_sysbios_knl_Task_allBlockedFunction__I)
                  000143b4    00000006     libedma_xwr68xx.aer4f : edma_low_level.oer4f (.text:EDMA3QdmaGetErrIntrStatus)
                  000143ba    00000006     libosal_xwr68xx.aer4f : HwiP_tirtos.oer4f (.text:HwiP_restore)
                  000143c0    00000044     sysbios.aer4ft : BIOS.obj (.text:xdc_runtime_System_atexit__E)
                  00014404    00000042     libedma_xwr68xx.aer4f : edma.oer4f (.text:EDMA_transferController_error_isr)
                  00014446    00000042     libhwa_xwr68xx.aer4f : hwa.oer4f (.text:HWA_reset)
                  00014488    00000040     libedma_xwr68xx.aer4f : edma.oer4f (.text:EDMA_linkParamSets)
                  000144c8    00000040     libhwa_xwr68xx.aer4f : hwa.oer4f (.text:HWA_getHWAMemInfo)
                  00014508    00000040     main.oer4f (.text:ObjectDetection_Test_initComponents)
                  00014548    00000008     --HOLE-- [fill = 0]
                  00014550    00000040     sysbios.aer4ft : BIOS.obj (.text:ti_sysbios_family_arm_v7r_vim_Hwi_setType__E)
                  00014590    00000040                    : BIOS.obj (.text:ti_sysbios_knl_Swi_post__E)
                  000145d0    00000040                    : BIOS.obj (.text:ti_sysbios_timers_rti_Timer_stop__E)
                  00014610    0000003e     libhwa_xwr68xx.aer4f : hwa.oer4f (.text:CSL_FINSR)
                  0001464e    0000003e     libsoc_xwr68xx.aer4f : soc.oer4f (.text:CSL_FINSR)
                  0001468c    0000003e                          : soc_xwr68xx.oer4f (.text:CSL_FINSR)
                  000146ca    0000003e                          : soc_xwr68xx_mss.oer4f (.text:CSL_FINSR)
                  00014708    0000003e     libdpm_xwr68xx.aer4f : dpm_msg.oer4f (.text:DPM_msgStopHandler)
                  00014746    0000003e     libhwa_xwr68xx.aer4f : hwa.oer4f (.text:HWA_enable)
                  00014784    0000003c     main.oer4f (.text:ObjectDetection_Test_setCommonProfile)
                  000147c0    0000003c     libsoc_xwr68xx.aer4f : soc.oer4f (.text:SOC_unhaltBSS)
                  000147fc    0000003c     sysbios.aer4ft : vim_Hwi_asm.obj (.text:ti_sysbios_family_arm_v7r_vim_Hwi_init__I)
                  00014838    00000008     --HOLE-- [fill = 0]
                  00014840    0000003c                    : BIOS.obj (.text:ti_sysbios_hal_Hwi_checkStack)
                  0001487c    00000004     --HOLE-- [fill = 0]
                  00014880    0000003c                    : BIOS.obj (.text:ti_sysbios_heaps_HeapMem_init__I)
                  000148bc    00000004     --HOLE-- [fill = 0]
                  000148c0    0000003c                    : BIOS.obj (.text:ti_sysbios_knl_Swi_startup__E)
                  000148fc    00000004     --HOLE-- [fill = 0]
                  00014900    0000003c                    : BIOS.obj (.text:ti_sysbios_timers_rti_Timer_setPeriod__E)
                  0001493c    0000003a     libhwa_xwr68xx.aer4f : hwa.oer4f (.text:HWA_setDMA2ACCManualTrig)
                  00014976    00000002     --HOLE-- [fill = 0]
                  00014978    0000003a     libosal_xwr68xx.aer4f : HwiP_tirtos.oer4f (.text:HwiP_delete)
                  000149b2    00000002     --HOLE-- [fill = 0]
                  000149b4    00000038     libdpm_xwr68xx.aer4f : dpm_core.oer4f (.text:DPM_notifyExecute)
                  000149ec    00000038     libedma_xwr68xx.aer4f : edma_low_level.oer4f (.text:EDMA3ClrMissEvt)
                  00014a24    0000000c     --HOLE-- [fill = 0]
                  00014a30    00000038     sysbios.aer4ft : BIOS.obj (.text:ti_sysbios_knl_Task_sleepTimeout__I)
                  00014a68    00000036     rtsv7R4_T_le_v3D16_eabi.lib : strncpy.obj (.text)
                  00014a9e    00000034     libedma_xwr68xx.aer4f : edma.oer4f (.text:EDMA_configTransferControllerError)
                  00014ad2    00000002     --HOLE-- [fill = 0]
                  00014ad4    00000034     libhwa_xwr68xx.aer4f : hwa.oer4f (.text:HWA_disableDoneInterrupt)
                  00014b08    00000034     libsoc_xwr68xx.aer4f : soc_xwr68xx.oer4f (.text:SOC_enableHWA)
                  00014b3c    00000034                          : soc_xwr68xx.oer4f (.text:SOC_setMSSLinkState)
                  00014b70    00000034     mss_per4ft.oer4ft (.text:ti_sysbios_knl_Semaphore_create)
                  00014ba4    0000000c     --HOLE-- [fill = 0]
                  00014bb0    00000034     sysbios.aer4ft : BIOS.obj (.text:ti_sysbios_knl_Task_processVitalTaskFlag__I)
                  00014be4    00000032     libcfarcaproc_hwa_xwr68xx.aer4f : cfarcaprochwa.oer4f (.text:CFARHWA_fovConvertRange)
                  00014c16    00000032     libedma_xwr68xx.aer4f : edma.oer4f (.text:EDMA_configQueueThreshold)
                  00014c48    00000032     libhwa_xwr68xx.aer4f : hwa.oer4f (.text:HWA_allParamDoneISR)
                  00014c7a    00000006     --HOLE-- [fill = 0]
                  00014c80    00000032     sysbios.aer4ft : BIOS.obj (.text:ti_sysbios_hal_Hwi_initStack)
                  00014cb2    00000002     --HOLE-- [fill = 0]
                  00014cb4    00000030     gen_frame_data.oer4f (.text:RandSimple)
                  00014ce4    00000030     mss_per4ft.oer4ft (.text:ti_sysbios_BIOS_atExitFunc__I)
                  00014d14    00000030     mss_per4ft.oer4ft (.text:ti_sysbios_BIOS_startFunc__I)
                  00014d44    0000000c     --HOLE-- [fill = 0]
                  00014d50    00000030     sysbios.aer4ft : BIOS.obj (.text:ti_sysbios_family_arm_TaskSupport_start__E)
                  00014d80    00000030     mss_per4ft.oer4ft (.text:ti_sysbios_gates_GateHwi_Object__create__S)
                  00014db0    00000030     mss_per4ft.oer4ft (.text:ti_sysbios_gates_GateMutex_Object__create__S)
                  00014de0    00000030     mss_per4ft.oer4ft (.text:ti_sysbios_heaps_HeapMem_Object__create__S)
                  00014e10    00000030     sysbios.aer4ft : BIOS.obj (.text:ti_sysbios_heaps_HeapMem_free__E)
                  00014e40    00000030     mss_per4ft.oer4ft (.text:ti_sysbios_knl_Semaphore_construct)
                  00014e70    0000002f     sysbios.aer4ft : BIOS.obj (.text:xdc_runtime_Text_printVisFxn__I)
                  00014e9f    00000001     --HOLE-- [fill = 0]
                  00014ea0    0000002e     libcfarcaproc_hwa_xwr68xx.aer4f : cfarcaprochwa.oer4f (.text:CFARHWA_triggerCFAR)
                  00014ece    0000002e     libdpm_xwr68xx.aer4f : dpm_msg.oer4f (.text:DPM_msgStartHandler)
                  00014efc    0000002e     objectdetection.oer4f (.text:_DPC_Objdet_Assert)
                  00014f2a    0000002e     mss_per4ft.oer4ft (.text:ti_sysbios_rts_MemAlloc_alloc)
                  00014f58    0000002c     libdpm_xwr68xx.aer4f : dpm_pipe.oer4f (.text:DPM_pipeInit)
                  00014f84    0000002c     libstaticclutterproc_xwr68xx.aer4f : staticclutterproc.oer4f (.text:DPU_StaticClutterProc_init)
                  00014fb0    0000002c     libedma_xwr68xx.aer4f : edma.oer4f (.text:EDMA_setDestinationAddress)
                  00014fdc    0000002c                           : edma.oer4f (.text:EDMA_setSourceAddress)
                  00015008    0000002c                           : edma.oer4f (.text:EDMA_validate_channelIdchannelType)
                  00015034    0000002c     rtsv7R4_T_le_v3D16_eabi.lib : e_sqrt.obj (.text)
                  00015060    0000002c                                 : unlink.obj (.text)
                  0001508c    0000002c     mss_per4ft.oer4ft (.text:ti_sysbios_knl_Clock_doTick__I)
                  000150b8    0000002c     mss_per4ft.oer4ft (.text:ti_sysbios_knl_Queue_construct)
                  000150e4    0000000c     --HOLE-- [fill = 0]
                  000150f0    0000002c     sysbios.aer4ft : BIOS.obj (.text:ti_sysbios_knl_Semaphore_pendTimeout__I)
                  0001511c    00000004     --HOLE-- [fill = 0]
                  00015120    0000002c                    : BIOS.obj (.text:ti_sysbios_knl_Swi_Module_startup__E)
                  0001514c    00000004     --HOLE-- [fill = 0]
                  00015150    0000002c                    : BIOS.obj (.text:ti_sysbios_knl_Task_unblockI__E)
                  0001517c    00000004     --HOLE-- [fill = 0]
                  00015180    0000002c                    : BIOS.obj (.text:ti_sysbios_timers_rti_Timer_periodicStub__E)
                  000151ac    0000002a     objectdetection.oer4f (.text:DPC_ObjDet_MemPoolAlloc)
                  000151d6    0000002a     libdpm_xwr68xx.aer4f : dpm_pipe.oer4f (.text:DPM_pipeDeinit)
                  00015200    0000002a     libedma_xwr68xx.aer4f : edma.oer4f (.text:EDMA_isError)
                  0001522a    0000002a     libsoc_xwr68xx.aer4f : soc.oer4f (.text:SOC_SystemISR)
                  00015254    00000028     libdpm_xwr68xx.aer4f : dpm_mailbox.oer4f (.text:DPM_mboxDeinit)
                  0001527c    00000028                          : dpm_msg.oer4f (.text:DPM_msgInitHeader)
                  000152a4    00000028     librangeproc_hwa_xwr68xx.aer4f : rangeprochwa.oer4f (.text:DPU_RangeProcHWA_deinit)
                  000152cc    00000028     libmailbox_xwr68xx.aer4f : mailbox.oer4f (.text:Mailbox_Config_init)
                  000152f4    00000028     rtsv7R4_T_le_v3D16_eabi.lib : lseek.obj (.text)
                  0001531c    00000028                                 : read.obj (.text)
                  00015344    00000028                                 : write.obj (.text)
                  0001536c    00000004     --HOLE-- [fill = 0]
                  00015370    00000028     sysbios.aer4ft : BIOS.obj (.text:ti_sysbios_knl_Idle_run__E)
                  00015398    00000008     --HOLE-- [fill = 0]
                  000153a0    00000028                    : BIOS.obj (.text:ti_sysbios_knl_Task_restore__E)
                  000153c8    00000008     --HOLE-- [fill = 0]
                  000153d0    00000028                    : BIOS.obj (.text:xdc_runtime_SysStd_abort__E)
                  000153f8    00000008     --HOLE-- [fill = 0]
                  00015400    00000028                    : BIOS.obj (.text:xdc_runtime_System_aprintf_va__F)
                  00015428    00000026     libstaticclutterproc_xwr68xx.aer4f : staticclutterproc.oer4f (.text:DPU_StaticClutterProc_waitInData)
                  0001544e    00000026                                        : staticclutterproc.oer4f (.text:DPU_StaticClutterProc_waitOutData)
                  00015474    00000026     rtsv7R4_T_le_v3D16_eabi.lib : memcmp.obj (.text)
                  0001549a    00000006     --HOLE-- [fill = 0]
                  000154a0    00000026     sysbios.aer4ft : BIOS.obj (.text:xdc_runtime_System_printf_va__F)
                  000154c6    00000002     --HOLE-- [fill = 0]
                  000154c8    00000024     libedma_xwr68xx.aer4f : edma_low_level.oer4f (.text:EDMA3ClrEvt)
                  000154ec    00000024                           : edma_low_level.oer4f (.text:EDMA3ClrIntr)
                  00015510    00000024                           : edma_low_level.oer4f (.text:EDMA3DisableEvtIntr)
                  00015534    00000024                           : edma_low_level.oer4f (.text:EDMA3EnableDmaEvt)
                  00015558    00000024                           : edma_low_level.oer4f (.text:EDMA3EnableEvtIntr)
                  0001557c    00000024                           : edma_low_level.oer4f (.text:EDMA3SetEvt)
                  000155a0    00000024                           : edma.oer4f (.text:EDMA_clearTransferControllerErrors)
                  000155c4    00000024     libtestlogger_xwr68xx.aer4f : logger.oer4f (.text:MCPI_Initialize)
                  000155e8    00000024     libsoc_xwr68xx.aer4f : soc_xwr68xx.oer4f (.text:SOC_isDSSOperational)
                  0001560c    00000024     mss_per4ft.oer4ft (.text:ti_sysbios_BIOS_errorRaiseHook__I)
                  00015630    00000024     mss_per4ft.oer4ft (.text:ti_sysbios_BIOS_registerRTSLock__I)
                  00015654    00000024     mss_per4ft.oer4ft (.text:ti_sysbios_BIOS_removeRTSLock__I)
                  00015678    00000024     mss_per4ft.oer4ft (.text:ti_sysbios_gates_GateMutex_Object__delete__S)
                  0001569c    00000004     --HOLE-- [fill = 0]
                  000156a0    00000024     sysbios.aer4ft : BIOS.obj (.text:ti_sysbios_knl_Clock_Module_startup__E)
                  000156c4    00000024     mss_per4ft.oer4ft (.text:ti_sysbios_knl_Semaphore_Object__delete__S)
                  000156e8    00000008     --HOLE-- [fill = 0]
                  000156f0    00000024     sysbios.aer4ft : BIOS.obj (.text:ti_sysbios_knl_Task_restoreHwi__E)
                  00015714    00000022     objectdetection.oer4f (.text:DPC_ObjDet_GenDopplerWindow)
                  00015736    00000020     libdpm_xwr68xx.aer4f : dpm_listlib.oer4f (.text:DPM_listCat)
                  00015756    00000002     --HOLE-- [fill = 0]
                  00015758    00000020     libedma_xwr68xx.aer4f : edma_low_level.oer4f (.text:EDMA3DisableDmaEvt)
                  00015778    00000020                           : edma_low_level.oer4f (.text:EDMA3QdmaClrMissEvt)
                  00015798    00000020     libesm_xwr68xx.aer4f : esm.oer4f (.text:ESM_lowpriority_IRQ)
                  000157b8    00000020     rtsv7R4_T_le_v3D16_eabi.lib : memchr.obj (.text)
                  000157d8    00000008     --HOLE-- [fill = 0]
                  000157e0    00000020     sysbios.aer4ft : BIOS.obj (.text:ti_sysbios_family_arm_v7a_Pmu_Module_startup__E)
                  00015800    00000020     mss_per4ft.oer4ft (.text:ti_sysbios_family_arm_v7r_vim_Hwi_Object__delete__S)
                  00015820    00000020     sysbios.aer4ft : BIOS.obj (.text:ti_sysbios_family_arm_v7r_vim_Hwi_disableInterrupt__E)
                  00015840    00000020                    : BIOS.obj (.text:ti_sysbios_family_arm_v7r_vim_Hwi_enableInterrupt__E)
                  00015860    00000020     mss_per4ft.oer4ft (.text:ti_sysbios_gates_GateHwi_Object__delete__S)
                  00015880    00000020     mss_per4ft.oer4ft (.text:ti_sysbios_heaps_HeapMem_Object__delete__S)
                  000158a0    00000020     mss_per4ft.oer4ft (.text:ti_sysbios_knl_Semaphore_destruct)
                  000158c0    0000001e     libaoaproc_hwa_xwr68xx.aer4f : aoaprochwa.oer4f (.text:AOAHWA_waitEdma)
                  000158de    0000001e     libcfarcaproc_hwa_xwr68xx.aer4f : cfarcaprochwa.oer4f (.text:CFARHWA_isHwaCfarDetected)
                  000158fc    0000001e     libdpm_xwr68xx.aer4f : dpm_pipe.oer4f (.text:DPM_pipeDequeue)
                  0001591a    0000001e     libsoc_xwr68xx.aer4f : soc_xwr68xx_mss.oer4f (.text:SOC_getOutAddr_LUTType)
                  00015938    0000001e     rtsv7R4_T_le_v3D16_eabi.lib : strcat.obj (.text)
                  00015956    0000001c     libhwa_xwr68xx.aer4f : hwa.oer4f (.text:CSL_FEXTR)
                  00015972    0000001c     libsoc_xwr68xx.aer4f : soc.oer4f (.text:CSL_FEXTR)
                  0001598e    0000001c                          : soc_xwr68xx.oer4f (.text:CSL_FEXTR)
                  000159aa    0000001c                          : soc_xwr68xx_mss.oer4f (.text:CSL_FEXTR)
                  000159c6    0000001c     libdpm_xwr68xx.aer4f : dpm_listlib.oer4f (.text:DPM_listRemove)
                  000159e2    00000002     --HOLE-- [fill = 0]
                  000159e4    0000001c     libaoaproc_hwa_xwr68xx.aer4f : aoaprochwa.oer4f (.text:DPU_AoAProcHWA_deinit)
                  00015a00    0000001c     libstaticclutterproc_xwr68xx.aer4f : staticclutterproc.oer4f (.text:DPU_StaticClutterProc_deinit)
                  00015a1c    0000001c     libsoc_xwr68xx.aer4f : soc_xwr68xx_mss.oer4f (.text:SOC_getInAddr_LUTType)
                  00015a38    0000001c     sysbios.aer4ft : arm_TaskSupport_asm.obj (.text:_ti_sysbios_family_arm_TaskSupport_glue)
                  00015a54    0000001c                    : arm_TaskSupport_asm.obj (.text:_ti_sysbios_family_arm_TaskSupport_swap__E)
                  00015a70    0000001c     rtsv7R4_T_le_v3D16_eabi.lib : memccpy.obj (.text)
                  00015a8c    0000001c     mss_per4ft.oer4ft (.text:ti_sysbios_BIOS_rtsLock__I)
                  00015aa8    00000008     --HOLE-- [fill = 0]
                  00015ab0    0000001c     sysbios.aer4ft : BIOS.obj (.text:ti_sysbios_gates_GateMutex_Instance_init__E)
                  00015acc    00000004     --HOLE-- [fill = 0]
                  00015ad0    0000001c                    : BIOS.obj (.text:ti_sysbios_gates_GateMutex_leave__E)
                  00015aec    0000001c     mss_per4ft.oer4ft (.text:ti_sysbios_knl_Queue_destruct)
                  00015b08    0000001a     libdpm_xwr68xx.aer4f : dpm_listlib.oer4f (.text:DPM_listAdd)
                  00015b22    0000001a                          : dpm_mailbox.oer4f (.text:DPM_mboxMsgSend)
                  00015b3c    0000001a                          : dpm_msg.oer4f (.text:DPM_msgAssertHandler)
                  00015b56    0000001a                          : dpm_msg.oer4f (.text:DPM_msgDPCInfoHandler)
                  00015b70    0000001a     libedma_xwr68xx.aer4f : edma_low_level.oer4f (.text:EDMA3SetPaRAM)
                  00015b8a    0000001a     mss_per4ft.oer4ft (.text:free)
                  00015ba4    0000001a     rtsv7R4_T_le_v3D16_eabi.lib : s_copysign.obj (.text)
                  00015bbe    0000001a     mss_per4ft.oer4ft (.text:ti_sysbios_gates_GateHwi_Handle__label__S)
                  00015bd8    0000001a     mss_per4ft.oer4ft (.text:ti_sysbios_gates_GateMutex_Handle__label__S)
                  00015bf2    0000001a     mss_per4ft.oer4ft (.text:ti_sysbios_heaps_HeapMem_Handle__label__S)
                  00015c0c    0000001a     mss_per4ft.oer4ft (.text:xdc_runtime_System_aprintf__E)
                  00015c26    0000001a     mss_per4ft.oer4ft (.text:xdc_runtime_System_printf__E)
                  00015c40    00000018     objectdetection.oer4f (.text:DPC_ObjDet_GenRangeWindow)
                  00015c58    00000018     libdpm_xwr68xx.aer4f : dpm_msg.oer4f (.text:DPM_msgBSSFaultHandler)
                  00015c70    00000018     libcfarcaproc_hwa_xwr68xx.aer4f : cfarcaprochwa.oer4f (.text:DPU_CFARCAProcHWA_deinit)
                  00015c88    00000018     libdopplerproc_hwa_xwr68xx.aer4f : dopplerprochwa.oer4f (.text:DPU_DopplerProcHWA_deinit)
                  00015ca0    00000018     libedma_xwr68xx.aer4f : edma_low_level.oer4f (.text:EDMA3DisableQdmaEvt)
                  00015cb8    00000018                           : edma_low_level.oer4f (.text:EDMA3EnableQdmaEvt)
                  00015cd0    00000018     libmailbox_xwr68xx.aer4f : mailbox.oer4f (.text:Mailbox_boxEmptyISRBss)
                  00015ce8    00000018                              : mailbox.oer4f (.text:Mailbox_boxEmptyISRMssDss)
                  00015d00    00000018                              : mailbox.oer4f (.text:Mailbox_boxFullISRBss)
                  00015d18    00000018     main.oer4f (.text:ObjectDetection_Test_getChirpData)
                  00015d30    00000018     rtsv7R4_T_le_v3D16_eabi.lib : args_main.obj (.text)
                  00015d48    00000018                                 : ll_mul_t2.obj (.text)
                  00015d60    00000018                                 : strcmp.obj (.text)
                  00015d78    00000018     mss_per4ft.oer4ft (.text:ti_sysbios_BIOS_rtsUnlock__I)
                  00015d90    00000018     sysbios.aer4ft : BIOS.obj (.text:ti_sysbios_family_arm_v7a_Pmu_initCounters__I)
                  00015da8    00000018     mss_per4ft.oer4ft (.text:ti_sysbios_family_arm_v7r_vim_Hwi_Module__startupDone__F)
                  00015dc0    00000018     mss_per4ft.oer4ft (.text:ti_sysbios_family_arm_v7r_vim_Hwi_Params__init__S)
                  00015dd8    00000008     --HOLE-- [fill = 0]
                  00015de0    00000018     sysbios.aer4ft : BIOS.obj (.text:ti_sysbios_family_arm_v7r_vim_Hwi_clearInterrupt__E)
                  00015df8    00000018     mss_per4ft.oer4ft (.text:ti_sysbios_knl_Semaphore_Params__init__S)
                  00015e10    00000018     mss_per4ft.oer4ft (.text:ti_sysbios_knl_Task_Params__init__S)
                  00015e28    00000008     --HOLE-- [fill = 0]
                  00015e30    00000018     sysbios.aer4ft : BIOS.obj (.text:ti_sysbios_knl_Task_enter__I)
                  00015e48    00000018     mss_per4ft.oer4ft (.text:ti_sysbios_timers_rti_Timer_Module__startupDone__F)
                  00015e60    00000018     sysbios.aer4ft : BIOS.obj (.text:xdc_runtime_Error_init__E)
                  00015e78    00000016     main.oer4f (.text:ObjectDetection_Test_deinitComponents)
                  00015e8e    00000016     main.oer4f (.text:ObjectDetection_Test_edmaClose)
                  00015ea4    00000016     librangeproc_hwa_xwr68xx.aer4f : rangeprochwa.oer4f (.text:rangeProcHWA_EDMA_transferCompletionCallbackFxn)
                  00015eba    00000016     rtsv7R4_T_le_v3D16_eabi.lib : strchr.obj (.text)
                  00015ed0    00000016                                 : strlen.obj (.text)
                  00015ee6    00000016     mss_per4ft.oer4ft (.text:ti_sysbios_BIOS_exitFunc__I)
                  00015efc    00000004     --HOLE-- [fill = 0]
                  00015f00    00000016     sysbios.aer4ft : BIOS.obj (.text:ti_sysbios_knl_Idle_loop__E)
                  00015f16    00000014     libosal_xwr68xx.aer4f : CycleprofilerP_tirtos.oer4f (.text:CycleprofilerP_init)
                  00015f2a    00000002     --HOLE-- [fill = 0]
                  00015f2c    00000014     libedma_xwr68xx.aer4f : edma_low_level.oer4f (.text:EDMA3GetIntrStatus)
                  00015f40    00000014                           : edma_low_level.oer4f (.text:EDMA3IntrStatusHighGet)
                  00015f54    00000014                           : edma_low_level.oer4f (.text:EDMA3MapQdmaChToPaRAM)
                  00015f68    00000014     libosal_xwr68xx.aer4f : HwiP_tirtos.oer4f (.text:HwiP_Params_init)
                  00015f7c    00000014     libtestlogger_xwr68xx.aer4f : logger.oer4f (.text:MCPI_setTestResult)
                  00015f90    00000014     libosal_xwr68xx.aer4f : DebugP_tirtos.oer4f (.text:_DebugP_assert)
                  00015fa4    00000014     libmathutils.aer4f : mathutils.oer4f (.text:mathUtils_ceilLog2)
                  00015fb8    00000014     rtsv7R4_T_le_v3D16_eabi.lib : _lock.obj (.text)
                  00015fcc    00000014                                 : strcpy.obj (.text)
                  00015fe0    00000014     mss_per4ft.oer4ft (.text:ti_sysbios_heaps_HeapMem_Object__get__S)
                  00015ff4    00000014     mss_per4ft.oer4ft (.text:ti_sysbios_knl_Swi_Object__get__S)
                  00016008    00000012     libedma_xwr68xx.aer4f : edma_low_level.oer4f (.text:EDMA3SetQdmaTrigWord)
                  0001601a    00000012     libosal_xwr68xx.aer4f : MemoryP_tirtos.oer4f (.text:MemoryP_ctrlAlloc)
                  0001602c    00000012                           : SemaphoreP_tirtos.oer4f (.text:SemaphoreP_pend)
                  0001603e    00000012     libmathutils.aer4f : mathutils.oer4f (.text:mathUtils_pow2roundup)
                  00016050    00000012     sysbios.aer4ft : BIOS.obj (.text:ti_sysbios_hal_Hwi_Module_startup__E)
                  00016062    00000012     mss_per4ft.oer4ft (.text:xdc_runtime_Startup_exec__I)
                  00016074    00000010     libaoaproc_hwa_xwr68xx.aer4f : aoaprochwa.oer4f (.text:AoAProcHWA_trigger_EDMA_3DFFT)
                  00016084    00000010     main.oer4f (.text:ObjectDetection_Test_initGenerator)
                  00016094    0000000c     --HOLE-- [fill = 0]
                  000160a0    00000010     sysbios.aer4ft : BIOS.obj (.text:ti_sysbios_BIOS_exit__E)
                  000160b0    00000010                    : BIOS.obj (.text:ti_sysbios_BIOS_setThreadType__E)
                  000160c0    00000010                    : BIOS.obj (.text:ti_sysbios_BIOS_start__E)
                  000160d0    00000010                    : BIOS.obj (.text:ti_sysbios_family_arm_v7a_Pmu_disableInterruptI__E)
                  000160e0    00000010                    : BIOS.obj (.text:ti_sysbios_family_arm_v7a_Pmu_enableInterruptI__E)
                  000160f0    00000010                    : BIOS.obj (.text:ti_sysbios_family_arm_v7a_Pmu_getNumCounters__E)
                  00016100    00000010                    : BIOS.obj (.text:ti_sysbios_family_arm_v7a_Pmu_startCounterI__E)
                  00016110    00000010                    : BIOS.obj (.text:ti_sysbios_family_arm_v7a_Pmu_stopCounterI__E)
                  00016120    00000010                    : BIOS.obj (.text:ti_sysbios_gates_GateMutex_Instance_finalize__E)
                  00016130    00000010     mss_per4ft.oer4ft (.text:ti_sysbios_heaps_HeapBuf_Object__get__S)
                  00016140    00000010     sysbios.aer4ft : BIOS.obj (.text:ti_sysbios_knl_Semaphore_Instance_finalize__E)
                  00016150    00000010                    : BIOS.obj (.text:ti_sysbios_knl_Swi_disable__E)
                  00016160    00000010     mss_per4ft.oer4ft (.text:ti_sysbios_knl_Task_Object__get__S)
                  00016170    00000010     sysbios.aer4ft : BIOS.obj (.text:ti_sysbios_knl_Task_disable__E)
                  00016180    00000010                    : BIOS.obj (.text:xdc_runtime_Memory_free__E)
                  00016190    00000010                    : BIOS.obj (.text:xdc_runtime_Memory_getStats__E)
                  000161a0    00000010     mss_per4ft.oer4ft (.text:xdc_runtime_Text_visitRope__I)
                  000161b0    0000000e     libosal_xwr68xx.aer4f : SemaphoreP_tirtos.oer4f (.text:SemaphoreP_delete)
                  000161be    0000000e     rtsv7R4_T_le_v3D16_eabi.lib : copy_decompress_none.obj (.text:decompress:none)
                  000161cc    00000004     --HOLE-- [fill = 0]
                  000161d0    0000000e     sysbios.aer4ft : BIOS.obj (.text:ti_sysbios_knl_Queue_empty__E)
                  000161de    00000002     --HOLE-- [fill = 0]
                  000161e0    0000000c                    : BIOS.obj (.text:ti_sysbios_family_arm_TaskSupport_checkStack__E)
                  000161ec    00000004     --HOLE-- [fill = 0]
                  000161f0    0000000c                    : BIOS.obj (.text:ti_sysbios_family_arm_TaskSupport_getStackAlignment__E)
                  000161fc    00000004     --HOLE-- [fill = 0]
                  00016200    0000000c                    : BIOS.obj (.text:ti_sysbios_family_arm_exc_Exception_Module_startup__E)
                  0001620c    00000004     --HOLE-- [fill = 0]
                  00016210    0000000c                    : BIOS.obj (.text:ti_sysbios_family_arm_v7r_vim_Hwi_switchFromBootStack__E)
                  0001621c    00000004     --HOLE-- [fill = 0]
                  00016220    0000000c                    : BIOS.obj (.text:xdc_runtime_Startup_rtsDone__E)
                  0001622c    00000004     --HOLE-- [fill = 0]
                  00016230    0000000c                    : BIOS.obj (.text:xdc_runtime_SysStd_exit__E)
                  0001623c    00000004     --HOLE-- [fill = 0]
                  00016240    00000008                    : BIOS.obj (.text:ti_sysbios_gates_GateHwi_enter__E)
                  00016248    00000008     --HOLE-- [fill = 0]
                  00016250    00000006                    : BIOS.obj (.text:ti_sysbios_family_arm_v7r_vim_Hwi_startup__E)
                  00016256    0000000a     --HOLE-- [fill = 0]
                  00016260    00000006                    : BIOS.obj (.text:ti_sysbios_gates_GateHwi_leave__E)
                  00016266    0000000a     --HOLE-- [fill = 0]
                  00016270    00000006                    : BIOS.obj (.text:ti_sysbios_heaps_HeapMem_isBlocking__E)
                  00016276    0000000a     --HOLE-- [fill = 0]
                  00016280    00000006                    : BIOS.obj (.text:ti_sysbios_knl_Queue_Instance_init__E)
                  00016286    0000000a     --HOLE-- [fill = 0]
                  00016290    00000006                    : BIOS.obj (.text:xdc_runtime_System_Module_startup__E)
                  00016296    0000000a     --HOLE-- [fill = 0]
                  000162a0    00000004                    : BIOS.obj (.text:ti_sysbios_gates_GateHwi_query__E)
                  000162a4    0000000c     --HOLE-- [fill = 0]
                  000162b0    00000004                    : BIOS.obj (.text:ti_sysbios_gates_GateMutex_query__E)
                  000162b4    0000000c     --HOLE-- [fill = 0]
                  000162c0    00000004                    : BIOS.obj (.text:ti_sysbios_knl_Task_startup__E)
                  000162c4    0000000c     --HOLE-- [fill = 0]
                  000162d0    00000004                    : BIOS.obj (.text:ti_sysbios_timers_rti_Timer_getMaxTicks__E)
                  000162d4    0000000c     --HOLE-- [fill = 0]
                  000162e0    00000004                    : BIOS.obj (.text:xdc_runtime_SysStd_putch__E)
                  000162e4    0000000c     --HOLE-- [fill = 0]
                  000162f0    00000004                    : BIOS.obj (.text:xdc_runtime_SysStd_ready__E)
                  000162f4    0000000c     --HOLE-- [fill = 0]
                  00016300    00000002                    : BIOS.obj (.text:ti_sysbios_BIOS_linkedWithIncorrectBootLibrary__E)
                  00016302    0000000e     --HOLE-- [fill = 0]
                  00016310    00000002                    : BIOS.obj (.text:ti_sysbios_gates_GateHwi_Instance_init__E)
                  00016312    0000000e     --HOLE-- [fill = 0]
                  00016320    00000002                    : BIOS.obj (.text:ti_sysbios_knl_Clock_logTick__E)

.const     0    00016328    00002614     
                  00016328    00001b6f     mss_per4ft.oer4ft (.const:xdc_runtime_Text_charTab__A)
                  00017e97    00000001     --HOLE-- [fill = 0]
                  00017e98    00000158     rtsv7R4_T_le_v3D16_eabi.lib : k_rem_pio2.obj (.const:$O1$$)
                  00017ff0    00000101                                 : ctype.obj (.const:.string:_ctypes_)
                  000180f1    00000001     --HOLE-- [fill = 0]
                  000180f2    000000d8     mss_per4ft.oer4ft (.const:xdc_runtime_Text_nodeTab__A)
                  000181ca    00000002     mss_per4ft.oer4ft (.const:ti_sysbios_family_arm_exc_Exception_Module__id__C)
                  000181cc    00000004     mss_per4ft.oer4ft (.const:ti_sysbios_family_arm_TaskSupport_stackAlignment__C)
                  000181d0    00000098     rtsv7R4_T_le_v3D16_eabi.lib : s_atan.obj (.const:$O1$$)
                  00018268    00000080     mss_per4ft.oer4ft (.const:ti_sysbios_family_arm_v7r_vim_Hwi_channelMap__A)
                  000182e8    00000058     mss_per4ft.oer4ft (.const:.string)
                  00018340    00000044     mss_per4ft.oer4ft (.const:ti_sysbios_knl_Task_Object__PARAMS__C)
                  00018384    00000040     libhwa_xwr68xx.aer4f : hwa.oer4f (.const:gHwaTrigSignatures)
                  000183c4    00000038     libedma_xwr68xx.aer4f : edma_xwr1xxx.oer4f (.const:gEdmaHwAttrs)
                  000183fc    00000004     mss_per4ft.oer4ft (.const:ti_sysbios_family_arm_exc_Exception_E_dataAbort__C)
                  00018400    00000030     rtsv7R4_T_le_v3D16_eabi.lib : e_pow.obj (.const:$O1$$)
                  00018430    00000030     mss_per4ft.oer4ft (.const:ti_sysbios_family_arm_v7r_vim_Hwi_Object__PARAMS__C)
                  00018460    0000002c     mss_per4ft.oer4ft (.const:xdc_runtime_Startup_sfxnTab__A)
                  0001848c    00000028     libdpm_xwr68xx.aer4f : dpm_msg.oer4f (.const:gDPMMessageFxnTable)
                  000184b4    00000028     mss_per4ft.oer4ft (.const:ti_sysbios_heaps_HeapMem_Module__FXNS__C)
                  000184dc    00000024     libmailbox_xwr68xx.aer4f : mailbox.oer4f (.const:Mailbox_defaultCfg)
                  00018500    00000024     mss_per4ft.oer4ft (.const:ti_sysbios_gates_GateHwi_Module__FXNS__C)
                  00018524    00000024     mss_per4ft.oer4ft (.const:ti_sysbios_gates_GateMutex_Module__FXNS__C)
                  00018548    00000024     mss_per4ft.oer4ft (.const:ti_sysbios_heaps_HeapMem_Object__PARAMS__C)
                  0001856c    00000024     mss_per4ft.oer4ft (.const:ti_sysbios_knl_Semaphore_Object__PARAMS__C)
                  00018590    00000020     libhwa_xwr68xx.aer4f : hwa.oer4f (.const:$P$T0$1)
                  000185b0    00000020     mss_per4ft.oer4ft (.const:ti_sysbios_family_arm_v7r_vim_Hwi_Object__DESC__C)
                  000185d0    00000020     mss_per4ft.oer4ft (.const:ti_sysbios_gates_GateHwi_Object__DESC__C)
                  000185f0    00000020     mss_per4ft.oer4ft (.const:ti_sysbios_gates_GateMutex_Object__DESC__C)
                  00018610    00000020     mss_per4ft.oer4ft (.const:ti_sysbios_heaps_HeapMem_Object__DESC__C)
                  00018630    00000020     mss_per4ft.oer4ft (.const:ti_sysbios_knl_Queue_Object__DESC__C)
                  00018650    00000020     mss_per4ft.oer4ft (.const:ti_sysbios_knl_Semaphore_Object__DESC__C)
                  00018670    00000020     mss_per4ft.oer4ft (.const:ti_sysbios_knl_Task_Object__DESC__C)
                  00018690    00000018     mss_per4ft.oer4ft (.const:ti_sysbios_gates_GateHwi_Object__PARAMS__C)
                  000186a8    00000018     mss_per4ft.oer4ft (.const:ti_sysbios_gates_GateMutex_Object__PARAMS__C)
                  000186c0    00000018     mss_per4ft.oer4ft (.const:ti_sysbios_knl_Queue_Object__PARAMS__C)
                  000186d8    00000016     mss_per4ft.oer4ft (.const:xdc_runtime_Startup_sfxnRts__A)
                  000186ee    00000002     mss_per4ft.oer4ft (.const:ti_sysbios_family_arm_v7a_Pmu_Module__id__C)
                  000186f0    00000010     libedma_xwr68xx.aer4f : edma.oer4f (.const:EDMA_config$1)
                  00018700    00000010     mss_per4ft.oer4ft (.const:ti_sysbios_family_arm_v7r_vim_Hwi_intReqEnaSet__A)
                  00018710    00000010     mss_per4ft.oer4ft (.const:ti_sysbios_family_arm_v7r_vim_Hwi_wakeEnaSet__A)
                  00018720    00000008     mss_per4ft.oer4ft (.const:ti_sysbios_knl_Idle_funcList__C)
                  00018728    00000008     mss_per4ft.oer4ft (.const:xdc_runtime_Startup_firstFxns__A)
                  00018730    00000008     mss_per4ft.oer4ft (.const:xdc_runtime_Startup_firstFxns__C)
                  00018738    00000008     mss_per4ft.oer4ft (.const:xdc_runtime_Startup_lastFxns__C)
                  00018740    00000004     mss_per4ft.oer4ft (.const:ti_sysbios_family_arm_exc_Exception_E_prefetchAbort__C)
                  00018744    00000004     mss_per4ft.oer4ft (.const:ti_sysbios_family_arm_exc_Exception_E_swi__C)
                  00018748    00000004     mss_per4ft.oer4ft (.const:ti_sysbios_family_arm_exc_Exception_E_undefinedInstruction__C)
                  0001874c    00000004     mss_per4ft.oer4ft (.const:ti_sysbios_family_arm_exc_Exception_excHookFuncs__A)
                  00018750    00000004     mss_per4ft.oer4ft (.const:ti_sysbios_family_arm_exc_Exception_excHookFuncs__C)
                  00018754    00000004     mss_per4ft.oer4ft (.const:ti_sysbios_family_arm_v7a_Pmu_A_invalidCounterId__C)
                  00018758    00000004     mss_per4ft.oer4ft (.const:ti_sysbios_family_arm_v7a_Pmu_Module__diagsEnabled__C)
                  0001875c    00000004     mss_per4ft.oer4ft (.const:ti_sysbios_family_arm_v7a_Pmu_Module__diagsIncluded__C)
                  00018760    00000004     mss_per4ft.oer4ft (.const:ti_sysbios_family_arm_v7a_Pmu_Module__diagsMask__C)
                  00018764    00000004     mss_per4ft.oer4ft (.const:ti_sysbios_family_arm_v7r_tms570_Core_E_mismatchedIds__C)
                  00018768    00000004     mss_per4ft.oer4ft (.const:ti_sysbios_family_arm_v7r_tms570_Core_id__C)
                  0001876c    00000004     mss_per4ft.oer4ft (.const:ti_sysbios_family_arm_v7r_vim_Hwi_A_badChannelId__C)
                  00018770    00000004     mss_per4ft.oer4ft (.const:ti_sysbios_family_arm_v7r_vim_Hwi_E_alreadyDefined__C)
                  00018774    00000004     mss_per4ft.oer4ft (.const:ti_sysbios_family_arm_v7r_vim_Hwi_E_badIntNum__C)
                  00018778    00000004     mss_per4ft.oer4ft (.const:ti_sysbios_family_arm_v7r_vim_Hwi_E_phantomInterrupt__C)
                  0001877c    00000004     mss_per4ft.oer4ft (.const:ti_sysbios_family_arm_v7r_vim_Hwi_E_undefined__C)
                  00018780    00000004     mss_per4ft.oer4ft (.const:ti_sysbios_family_arm_v7r_vim_Hwi_E_unsupportedMaskingOption__C)
                  00018784    00000004     mss_per4ft.oer4ft (.const:ti_sysbios_family_arm_v7r_vim_Hwi_Module__diagsEnabled__C)
                  00018788    00000004     mss_per4ft.oer4ft (.const:ti_sysbios_family_arm_v7r_vim_Hwi_Module__diagsIncluded__C)
                  0001878c    00000004     mss_per4ft.oer4ft (.const:ti_sysbios_family_arm_v7r_vim_Hwi_Module__diagsMask__C)
                  00018790    00000004     mss_per4ft.oer4ft (.const:ti_sysbios_family_arm_v7r_vim_Hwi_NUM_INTERRUPTS__C)
                  00018794    00000004     mss_per4ft.oer4ft (.const:ti_sysbios_family_arm_v7r_vim_Hwi_channelMap__C)
                  00018798    00000004     mss_per4ft.oer4ft (.const:ti_sysbios_family_arm_v7r_vim_Hwi_intReqEnaSet__C)
                  0001879c    00000004     mss_per4ft.oer4ft (.const:ti_sysbios_family_arm_v7r_vim_Hwi_phantomFunc__C)
                  000187a0    00000004     mss_per4ft.oer4ft (.const:ti_sysbios_family_arm_v7r_vim_Hwi_swiDisable__C)
                  000187a4    00000004     mss_per4ft.oer4ft (.const:ti_sysbios_family_arm_v7r_vim_Hwi_swiRestoreHwi__C)
                  000187a8    00000004     mss_per4ft.oer4ft (.const:ti_sysbios_family_arm_v7r_vim_Hwi_taskDisable__C)
                  000187ac    00000004     mss_per4ft.oer4ft (.const:ti_sysbios_family_arm_v7r_vim_Hwi_taskRestoreHwi__C)
                  000187b0    00000004     mss_per4ft.oer4ft (.const:ti_sysbios_family_arm_v7r_vim_Hwi_wakeEnaSet__C)
                  000187b4    00000004     mss_per4ft.oer4ft (.const:ti_sysbios_gates_GateMutex_A_badContext__C)
                  000187b8    00000004     mss_per4ft.oer4ft (.const:ti_sysbios_gates_GateMutex_Instance_State_sem__O)
[...]
00018740  ti_sysbios_family_arm_exc_Exception_E_prefetchAbort__C               
00018744  ti_sysbios_family_arm_exc_Exception_E_swi__C                         
00018748  ti_sysbios_family_arm_exc_Exception_E_undefinedInstruction__C        
0001874c  ti_sysbios_family_arm_exc_Exception_excHookFuncs__A                  
00018750  ti_sysbios_family_arm_exc_Exception_excHookFuncs__C                  
00018754  ti_sysbios_family_arm_v7a_Pmu_A_invalidCounterId__C                  
00018758  ti_sysbios_family_arm_v7a_Pmu_Module__diagsEnabled__C                
0001875c  ti_sysbios_family_arm_v7a_Pmu_Module__diagsIncluded__C               
00018760  ti_sysbios_family_arm_v7a_Pmu_Module__diagsMask__C                   
00018764  ti_sysbios_family_arm_v7r_tms570_Core_E_mismatchedIds__C             
00018768  ti_sysbios_family_arm_v7r_tms570_Core_id__C                          
0001876c  ti_sysbios_family_arm_v7r_vim_Hwi_A_badChannelId__C                  
00018770  ti_sysbios_family_arm_v7r_vim_Hwi_E_alreadyDefined__C                
00018774  ti_sysbios_family_arm_v7r_vim_Hwi_E_badIntNum__C                     
00018778  ti_sysbios_family_arm_v7r_vim_Hwi_E_phantomInterrupt__C              
0001877c  ti_sysbios_family_arm_v7r_vim_Hwi_E_undefined__C                     
00018780  ti_sysbios_family_arm_v7r_vim_Hwi_E_unsupportedMaskingOption__C      
00018784  ti_sysbios_family_arm_v7r_vim_Hwi_Module__diagsEnabled__C            
00018788  ti_sysbios_family_arm_v7r_vim_Hwi_Module__diagsIncluded__C           
0001878c  ti_sysbios_family_arm_v7r_vim_Hwi_Module__diagsMask__C               
00018790  ti_sysbios_family_arm_v7r_vim_Hwi_NUM_INTERRUPTS__C                  
00018794  ti_sysbios_family_arm_v7r_vim_Hwi_channelMap__C                      
00018798  ti_sysbios_family_arm_v7r_vim_Hwi_intReqEnaSet__C                    
0001879c  ti_sysbios_family_arm_v7r_vim_Hwi_phantomFunc__C                     
000187a0  ti_sysbios_family_arm_v7r_vim_Hwi_swiDisable__C                      
000187a4  ti_sysbios_family_arm_v7r_vim_Hwi_swiRestoreHwi__C                   
000187a8  ti_sysbios_family_arm_v7r_vim_Hwi_taskDisable__C                     
000187ac  ti_sysbios_family_arm_v7r_vim_Hwi_taskRestoreHwi__C                  
000187b0  ti_sysbios_family_arm_v7r_vim_Hwi_wakeEnaSet__C                      
000187b4  ti_sysbios_gates_GateMutex_A_badContext__C                           
000187b8  ti_sysbios_gates_GateMutex_Instance_State_sem__O                     
000187bc  ti_sysbios_gates_GateMutex_Module__diagsEnabled__C                   
000187c0  ti_sysbios_gates_GateMutex_Module__diagsIncluded__C                  
000187c4  ti_sysbios_gates_GateMutex_Module__diagsMask__C                      
000187c8  ti_sysbios_hal_Hwi_E_stackOverflow__C                                
000187cc  ti_sysbios_heaps_HeapBuf_Instance_State_freeList__O                  
000187d0  ti_sysbios_heaps_HeapBuf_Object__count__C                            
000187d4  ti_sysbios_heaps_HeapBuf_numConstructedHeaps__C                      
000187d8  ti_sysbios_heaps_HeapMem_A_align__C                                  
000187dc  ti_sysbios_heaps_HeapMem_A_heapSize__C                               
000187e0  ti_sysbios_heaps_HeapMem_A_invalidFree__C                            
000187e4  ti_sysbios_heaps_HeapMem_A_zeroBlock__C                              
000187e8  ti_sysbios_heaps_HeapMem_E_memory__C                                 
000187ec  ti_sysbios_heaps_HeapMem_Module__diagsEnabled__C                     
000187f0  ti_sysbios_heaps_HeapMem_Module__diagsIncluded__C                    
000187f4  ti_sysbios_heaps_HeapMem_Module__diagsMask__C                        
000187f8  ti_sysbios_heaps_HeapMem_Module__gateObj__C                          
000187fc  ti_sysbios_heaps_HeapMem_Object__count__C                            
00018800  ti_sysbios_heaps_HeapMem_reqAlign__C                                 
00018804  ti_sysbios_knl_Clock_Module_State_clockQ__O                          
00018808  ti_sysbios_knl_Idle_funcList__A                                      
0001880c  ti_sysbios_knl_Semaphore_A_badContext__C                             
00018810  ti_sysbios_knl_Semaphore_A_noEvents__C                               
00018814  ti_sysbios_knl_Semaphore_A_overflow__C                               
00018818  ti_sysbios_knl_Semaphore_A_pendTaskDisabled__C                       
0001881c  ti_sysbios_knl_Semaphore_Instance_State_pendQ__O                     
00018820  ti_sysbios_knl_Semaphore_Module__diagsEnabled__C                     
00018824  ti_sysbios_knl_Semaphore_Module__diagsIncluded__C                    
00018828  ti_sysbios_knl_Semaphore_Module__diagsMask__C                        
0001882c  ti_sysbios_knl_Swi_Object__count__C                                  
00018830  ti_sysbios_knl_Task_A_badPriority__C                                 
00018834  ti_sysbios_knl_Task_A_badTaskState__C                                
00018838  ti_sysbios_knl_Task_A_badThreadType__C                               
0001883c  ti_sysbios_knl_Task_A_badTimeout__C                                  
00018840  ti_sysbios_knl_Task_A_noPendElem__C                                  
00018844  ti_sysbios_knl_Task_A_sleepTaskDisabled__C                           
00018848  ti_sysbios_knl_Task_E_spOutOfBounds__C                               
0001884c  ti_sysbios_knl_Task_E_stackOverflow__C                               
00018850  ti_sysbios_knl_Task_Module_State_inactiveQ__O                        
00018854  ti_sysbios_knl_Task_Module__diagsEnabled__C                          
00018858  ti_sysbios_knl_Task_Module__diagsIncluded__C                         
0001885c  ti_sysbios_knl_Task_Module__diagsMask__C                             
00018860  ti_sysbios_knl_Task_Object__count__C                                 
00018864  ti_sysbios_knl_Task_allBlockedFunc__C                                
00018868  ti_sysbios_knl_Task_defaultStackHeap__C                              
0001886c  ti_sysbios_knl_Task_defaultStackSize__C                              
00018870  ti_sysbios_knl_Task_numConstructedTasks__C                           
00018874  ti_sysbios_timers_rti_Timer_E_cannotSupport__C                       
00018878  ti_sysbios_timers_rti_Timer_Module__diagsEnabled__C                  
0001887c  ti_sysbios_timers_rti_Timer_Module__diagsIncluded__C                 
00018880  ti_sysbios_timers_rti_Timer_Module__diagsMask__C                     
00018884  ti_sysbios_timers_rti_Timer_numTimerDevices__C                       
00018888  ti_sysbios_timers_rti_Timer_startupNeeded__C                         
0001888c  xdc_runtime_Assert_E_assertFailed__C                                 
00018890  xdc_runtime_Core_A_initializedParams__C                              
00018894  xdc_runtime_Core_Module__diagsEnabled__C                             
00018898  xdc_runtime_Core_Module__diagsIncluded__C                            
0001889c  xdc_runtime_Core_Module__diagsMask__C                                
000188a0  xdc_runtime_Error_E_memory__C                                        
000188a4  xdc_runtime_Error_policyFxn__C                                       
000188a8  xdc_runtime_Error_policy__C                                          
000188ac  xdc_runtime_Error_raiseHook__C                                       
000188b0  xdc_runtime_IGateProvider_Interface__BASE__C                         
000188b4  xdc_runtime_IHeap_Interface__BASE__C                                 
000188b8  xdc_runtime_IModule_Interface__BASE__C                               
000188bc  xdc_runtime_Main_Module__diagsEnabled__C                             
000188c0  xdc_runtime_Main_Module__diagsIncluded__C                            
000188c4  xdc_runtime_Main_Module__diagsMask__C                                
000188c8  xdc_runtime_Main_Module__loggerFxn1__C                               
000188cc  xdc_runtime_Main_Module__loggerFxn2__C                               
000188d0  xdc_runtime_Main_Module__loggerFxn4__C                               
000188d4  xdc_runtime_Main_Module__loggerObj__C                                
000188d8  xdc_runtime_Memory_defaultHeapInstance__C                            
000188dc  xdc_runtime_Startup_execImpl__C                                      
000188e0  xdc_runtime_Startup_maxPasses__C                                     
000188e4  xdc_runtime_Startup_sfxnRts__C                                       
000188e8  xdc_runtime_Startup_sfxnTab__C                                       
000188ec  xdc_runtime_System_Module__gateObj__C                                
000188f0  xdc_runtime_System_abortFxn__C                                       
000188f4  xdc_runtime_System_exitFxn__C                                        
000188f8  xdc_runtime_System_extendFxn__C                                      
000188fc  xdc_runtime_System_maxAtexitHandlers__C                              
00018900  xdc_runtime_Text_charTab__C                                          
00018904  xdc_runtime_Text_nameEmpty__C                                        
00018908  xdc_runtime_Text_nameStatic__C                                       
0001890c  xdc_runtime_Text_nameUnknown__C                                      
00018910  xdc_runtime_Text_nodeTab__C                                          
00018914  xdc_runtime_Text_visitRopeFxn__C                                     
00018918  ti_sysbios_family_arm_v7r_tms570_Core_Module__id__C                  
0001891a  ti_sysbios_family_arm_v7r_vim_Hwi_Module__id__C                      
0001891c  ti_sysbios_gates_GateMutex_Module__id__C                             
0001891e  ti_sysbios_hal_Hwi_Module__id__C                                     
00018920  ti_sysbios_heaps_HeapMem_Module__id__C                               
00018922  ti_sysbios_knl_Semaphore_Module__id__C                               
00018924  ti_sysbios_knl_Task_Module__id__C                                    
00018926  ti_sysbios_timers_rti_Timer_Module__id__C                            
00018928  ti_sysbios_timers_rti_Timer_continueOnSuspend__C                     
0001892a  xdc_runtime_Core_Module__id__C                                       
0001892c  xdc_runtime_Error_maxDepth__C                                        
0001892e  xdc_runtime_Main_Module__id__C                                       
00018930  xdc_runtime_Main_Module__loggerDefined__C                            
00018932  xdc_runtime_Memory_Module__id__C                                     
00018934  xdc_runtime_Text_charCnt__C                                          
00018936  xdc_runtime_Text_isLoaded__C                                         
00018938  xdc_runtime_Text_registryModsLastId__C                               
0001893a  xdc_runtime_Text_unnamedModsLastId__C                                
00018d7c  __TI_Handler_Table_Base                                              
00018d88  __TI_Handler_Table_Limit                                             
00018da8  __TI_CINIT_Base                                                      
00018dd0  __TI_CINIT_Limit                                                     
08000000  gObjectDetection_Test_TCMramHeap                                     
08010000  gObjectDetection_Test_chirpData                                      
08014000  gNumSubFrames                                                        
08014001  gReadTestConfigFromBinFile                                           
08014002  gCurrTestId                                                          
08014004  gMaxL3RamUsageTestId                                                 
08014006  gMaxTCMUsageTestId                                                   
08014008  socHandle                                                            
0801400c  gMaxL3RamUsage                                                       
08014010  gMaxTCMUsage                                                         
08014014  gDataPathObj                                                         
08014398  gGenFrameDataObj                                                     
080195b8  gFrameConfig                                                         
08020398  ti_sysbios_family_arm_v7r_vim_Hwi_Module_State_0_dispatchTable__A    
08020598  _ftable                                                              
08020688  ti_sysbios_knl_Swi_Module_State_0_readyQ__A                          
08020708  ti_sysbios_knl_Task_Module_State_0_readyQ__A                         
08020788  _device                                                              
08020800  ti_sysbios_knl_Task_Object__table__V                                 
0802085c  _stream                                                              
080208ac  gMailboxMCB                                                          
080208fc  ti_sysbios_knl_Task_Module__state__V                                 
08020944  SOC_TranslateAddr_LUT                                                
08020984  ti_sysbios_gates_GateMutex_Object__table__V                          
080209c4  ti_sysbios_timers_rti_Timer_Object__table__V                         
08020a00  ti_sysbios_family_arm_v7r_vim_Hwi_Module__state__V                   
08020a34  gHWAHwCfg                                                            
08020a64  ti_sysbios_knl_Swi_Object__table__V                                  
08020a94  ti_sysbios_family_arm_v7r_vim_Hwi_Object__table__V                   
08020ac0  ti_sysbios_knl_Clock_Module__state__V                                
08020aec  gDPC_ObjectDetectionCfg                                              
08020b10  ti_sysbios_BIOS_Module__state__V                                     
08020b34  xdc_runtime_Error_IgnoreBlock                                        
08020b54  xdc_runtime_System_Module_State_0_atexitHandlers__A                  
08020b74  ti_sysbios_knl_Swi_Module__state__V                                  
08020b90  gMailboxMssBssHwCfg                                                  
08020ba8  gMailboxMssDssHwCfg                                                  
08020bc0  ti_sysbios_heaps_HeapMem_Object__table__V                            
08020bd8  ti_sysbios_timers_rti_Timer_Module_State_0_device__A                 
08020bf0  gDPMRemoteTable                                                      
08020c04  gSOCHwAttrib                                                         
08020c18  ti_sysbios_family_arm_exc_Exception_Module__state__V                 
08020c2c  gHWADriverPtr                                                        
08020c40  gHwaEDMAChanMapping                                                  
08020c50  __TI_ft_end                                                          
08020c54  __aeabi_stdin                                                        
08020c58  __aeabi_stdout                                                       
08020c5c  __aeabi_stderr                                                       
08020c60  ti_sysbios_timers_rti_Timer_Module_State_0_intFreqs__A               
08020c70  ti_sysbios_timers_rti_Timer_Module__state__V                         
08020c80  MCPI_Result                                                          
08020c84  MCPI_FailSignature                                                   
08020c8c  __TI_cleanup_ptr                                                     
08020c90  __TI_dtors_ptr                                                       
08020c94  __TI_enable_exit_profile_output                                      
08020c98  gESMHwCfgAttrs                                                       
08020ca4  ti_sysbios_family_arm_v7a_Pmu_Module__state__V                       
08020cb0  _lock                                                                
08020cb4  _unlock                                                              
08020cb8  gDPMHwAttrib                                                         
08020cc0  ti_sysbios_family_arm_v7r_vim_Hwi_Module__root__V                    
08020cc8  ti_sysbios_gates_GateHwi_Module__root__V                             
08020cd0  ti_sysbios_gates_GateMutex_Module__root__V                           
08020cd8  ti_sysbios_hal_Hwi_Object__table__V                                  
08020ce0  ti_sysbios_heaps_HeapMem_Module__root__V                             
08020ce8  ti_sysbios_knl_Queue_Module__root__V                                 
08020cf0  ti_sysbios_knl_Semaphore_Module__root__V                             
08020cf8  ti_sysbios_knl_Task_Module__root__V                                  
08020d00  ti_sysbios_timers_rti_Timer_Module_State_0_handles__A                
08020d08  xdc_runtime_Registry_Module__state__V                                
08020d10  xdc_runtime_Startup_Module__state__V                                 
08020d18  xdc_runtime_System_Module__state__V                                  
08020d20  gDPM                                                                 
08020d24  regionId                                                             
08020d28  gMCPILogMessageSize                                                  
08020d2c  errno                                                                
08020d38  main_func_sp                                                         
08020d3c  ti_sysbios_family_arm_exc_Exception_Module_State_0_excContext__A     
08020d40  ti_sysbios_family_arm_exc_Exception_Module_State_0_excStackBuffers__A
08020d44  ti_sysbios_family_arm_exc_Exception_Module_State_0_excStack__A       
08020d48  ti_sysbios_gates_GateHwi_Object__table__V                            
08020d4c  ti_sysbios_heaps_HeapBuf_Module__state__V                            
08020d50  ti_sysbios_knl_Task_Module_State_0_idleTask__A                       
08020d54  xdc_runtime_Memory_Module__state__V                                  
08020d58  ti_sysbios_family_arm_exc_Exception_Module_State_0_excActive__A      
08020d5a  xdc_runtime_Error_Module__state__V                                   
08020d60  ti_sysbios_heaps_HeapMem_Instance_State_0_buf__A                     
08028d60  ti_sysbios_family_arm_exc_Exception_Module_State_0_excStack_0__A     
08029d60  edmaDbg                                                              
0802a248  ti_sysbios_knl_Task_Instance_State_0_stack__A                        
0802a648  ti_sysbios_family_arm_v7r_vim_Hwi_Module_State_0_fiqStack__A         
0802aa48  __CIOBUF_                                                            
0802ab68  __TI_tmpnams                                                         
0802ac08  gEsmMCB                                                              
0802ac78  parmbuf                                                              
0802ac80  gObjDetObj                                                           
0802ac84  MCPI_logMessage                                                      
0802d084  __stack                                                              
0802e084  __STACK_END                                                          
51000000  gObjectDetection_Test_L3Heap                                         
fffffdec  ti_sysbios_family_arm_v7r_vim_Hwi_vim                                
ffffffff  __TI_pprof_out_hndl                                                  
ffffffff  __TI_prof_data_size                                                  
ffffffff  __TI_prof_data_start                                                 
ffffffff  __binit__                                                            
ffffffff  __c_args__                                                           
ffffffff  binit                                                                
UNDEFED   SHT$$INIT_ARRAY$$Base                                                
UNDEFED   SHT$$INIT_ARRAY$$Limit                                               

[873 symbols]
