******************************************************************************
               TMS320C6x Linker Unix v8.3.3                    
******************************************************************************
>> Linked Wed May  8 04:09:08 2019

OUTPUT FILE NAME:   <test/xwr18xx_aoaprochwa_dss.xe674>
ENTRY POINT SYMBOL: "_c_int00"  address: 007fc620


MEMORY CONFIGURATION

         name            origin    length      used     unused   attr    fill
----------------------  --------  ---------  --------  --------  ----  --------
PAGE 0:
  L2SRAM_UMAP1          007e0000   00020000  00020000  00000000  RWIX
  L2SRAM_UMAP0          00800000   00020000  0001fe8e  00000172  RWIX
  L1PSRAM               00e00000   00004000  00000000  00004000  RWIX
  L1DSRAM               00f00000   00004000  00000000  00004000  RWIX
  L3SRAM                20000000   00100000  00100000  00000000  RWIX
  HWA_RAM               21030000   00010000  00000000  00010000  RWIX
  HSRAM                 21080000   00008000  00000000  00008000  RWIX

PAGE 1:
  L3SRAM                20000000   00100000  00000000  00100000  RWIX


SEGMENT ALLOCATION MAP

run origin  load origin   length   init length attrs members
----------  ----------- ---------- ----------- ----- -------
007e0000    007e0000    00020000   00020000    r-x
  007e0000    007e0000    00000200   00000200    r-x .vecs
  007e0200    007e0200    0001fe00   0001fe00    r-x .text.1
00800000    00800000    00000080   00000000    rw-
  00800000    00800000    00000080   00000000    rw- .MCPILogBuffer
00800080    00800080    000009e0   000009e0    r-x
  00800080    00800080    000009e0   000009e0    r-x .text.2
00800a60    00800a60    00019538   00000000    rw-
  00800a60    00800a60    00011538   00000000    rw- .l2data
  00811f98    00811f98    00008000   00000000    rw- systemHeap
00819f98    00819f98    00002f78   00002f78    r--
  00819f98    00819f98    00002f78   00002f78    r-- .const
0081cf10    0081cf10    00001fa8   00000000    rw-
  0081cf10    0081cf10    00001000   00000000    rw- .stack
  0081df10    0081df10    00000fa8   00000000    rw- .far
0081eeb8    0081eeb8    00000f30   00000e0c    rw-
  0081eeb8    0081eeb8    00000e0c   00000e0c    rw- .fardata
  0081fcc8    0081fcc8    00000120   00000000    rw- .cio
0081fde8    0081fde8    00000070   00000070    r--
  0081fde8    0081fde8    00000070   00000070    r-- .switch
0081fe58    0081fe58    00000026   00000000    rw-
  0081fe58    0081fe58    00000026   00000000    rw- .bss
0081fe80    0081fe80    00000014   00000014    rw-
  0081fe80    0081fe80    00000014   00000014    rw- .neardata
20000000    20000000    00100000   00000000    rw-
  20000000    20000000    00100000   00000000    rw- .l3ram


SECTION ALLOCATION MAP

 output                                  attributes/
section   page    origin      length       input sections
--------  ----  ----------  ----------   ----------------
xdc.meta   0    00000000    00000110     COPY SECTION
                  00000000    00000110     dss_pe674.oe674 (xdc.meta)

.vecs      0    007e0000    00000200     
                  007e0000    00000200     dss_pe674.oe674 (.vecs)

.MCPILogBuffer 
*          0    00800000    00000080     UNINITIALIZED
                  00800000    00000080     aoaprochwa_test_main.oe674 (.MCPILogBuffer)

.stack     0    0081cf10    00001000     UNINITIALIZED
                  0081cf10    00000008     boot.ae674 : boot.oe674 (.stack)
                  0081cf18    00000ff8     --HOLE--

.bss       0    0081fe58    00000026     UNINITIALIZED
                  0081fe58    00000004     (.common:MCPI_FailSignature)
                  0081fe5c    00000004     (.common:aoaProcHandle)
                  0081fe60    00000004     (.common:edmaHandle)
                  0081fe64    00000004     (.common:hwaHandle)
                  0081fe68    00000004     (.common:pAoaDetObj)
                  0081fe6c    00000004     (.common:pCfarDetObjList)
                  0081fe70    00000004     (.common:pTestDopplerWindow)
                  0081fe74    00000004     (.common:socHandle)
                  0081fe78    00000004     (.common:testCount)
                  0081fe7c    00000001     (.common:MCPI_Result)
                  0081fe7d    00000001     (.common:finalResults)

.neardata 
*          0    0081fe80    00000014     
                  0081fe80    00000008     gen_rand_data.oe674 (.neardata)
                  0081fe88    00000004     aoaprochwa_test_main.oe674 (.neardata)
                  0081fe8c    00000004     libedma_xwr18xx.ae674 : edma_low_level.oe674 (.neardata)
                  0081fe90    00000004     libtestlogger_xwr18xx.ae674 : logger.oe674 (.neardata)

.cinit     0    00800000    00000000     UNINITIALIZED

.far       0    0081df10    00000fa8     UNINITIALIZED
                  0081df10    00000800     dss_pe674.oe674 (.far:taskStackSection)
                  0081e710    000004d8     libedma_xwr18xx.ae674 : edma.oe674 (.far:EDMA_object)
                  0081ebe8    00000140     (.common:__TI_tmpnams)
                  0081ed28    000000c4     (.common:aoaCfg)
                  0081edec    0000005a     (.common:aoaTestCfg)
                  0081ee46    00000001     (.common:extMaxVelCfg)
                  0081ee47    00000001     --HOLE--
                  0081ee48    00000034     (.common:aoaDynOutCompRxCfg)
                  0081ee7c    00000010     (.common:aoaDynFovCfg)
                  0081ee8c    00000010     (.common:edmaDbg)
                  0081ee9c    0000000c     (.common:outAoaProc)
                  0081eea8    00000008     (.common:aoaDynBmCfg)
                  0081eeb0    00000008     (.common:parmbuf)

.l3ram     0    20000000    00100000     UNINITIALIZED
                  20000000    00100000     aoaprochwa_test_main.oe674 (.l3ram)

.text.1    0    007e0200    0001fe00     
                  007e0200    00001fe0     rts6740_elf.lib : _printfi.c.obj (.text:__TI_printfi)
                  007e21e0    00001660     aoaprochwa_test_main.oe674 (.text:Test_task)
                  007e3840    000014a0     aoaprochwa_test_main.oe674 (.text:Test_printResults)
                  007e4ce0    00001080     aoaprochwa_test_main.oe674 (.text:Test_aoaDpu_cubaDataGen)
                  007e5d60    00000900     libhwa_xwr18xx.ae674 : hwa.oe674 (.text:HWA_configParamSet)
                  007e6660    000008a0     ti.targets.rts6000.ae674 : System.oe674 (.text:xdc_runtime_System_doPrint__I)
                  007e6f00    000007c0     sysbios.ae674 : BIOS.obj (.text:ti_sysbios_knl_Semaphore_pend__E)
                  007e76c0    00000780     aoaprochwa_test_main.oe674 (.text:Test_aoaDpu_cfarListGen)
                  007e7e40    00000780     sysbios.ae674 : BIOS.obj (.text:ti_sysbios_family_c64p_Exception_handler__I)
                  007e85c0    00000720     libaoaproc_hwa_xwr18xx.ae674 : aoaprochwa.oe674 (.text:AoAProcHWA_config_EDMA)
                  007e8ce0    00000720                                  : aoaprochwa.oe674 (.text:HWAutil_configHWA_extendedVelocityScheme)
                  007e9400    00000660     rts6740_elf.lib : _printfi.c.obj (.text:_pconv_a)
                  007e9a60    00000620     sysbios.ae674 : BIOS.obj (.text:ti_sysbios_heaps_HeapMem_allocUnprotected__E)
                  007ea080    00000600     rts6740_elf.lib : divd.c.obj (.text:__c6xabi_divd)
                  007ea680    000005e0     libaoaproc_hwa_xwr18xx.ae674 : aoaprochwa.oe674 (.text:DPU_AoAProcHWA_process)
                  007eac60    000005c0     sysbios.ae674 : BIOS.obj (.text:ti_sysbios_heaps_HeapMem_freeUnprotected__E)
                  007eb220    00000560     aoaprochwa_test_main.oe674 (.text:Test_updateProfile)
                  007eb780    00000520     sysbios.ae674 : BIOS.obj (.text:ti_sysbios_knl_Task_Instance_finalize__E)
                  007ebca0    000004c0     aoaprochwa_test_main.oe674 (.text:Test_setProfile)
                  007ec160    00000480     aoaprochwa_test_main.oe674 (.text:aoaProc_test_dpuConfig)
                  007ec5e0    00000400     rts6740_elf.lib : _printfi.c.obj (.text:_pconv_g)
                  007ec9e0    000003e0     sysbios.ae674 : BIOS.obj (.text:ti_sysbios_knl_Task_Module_startup__E)
                  007ecdc0    000003e0                   : BIOS.obj (.text:ti_sysbios_timers_rti_Timer_Module_startup__E)
                  007ed1a0    000003c0     libaoaproc_hwa_xwr18xx.ae674 : aoaprochwa.oe674 (.text:AoAProcHWA_angleEstimationAzimElev)
                  007ed560    000003c0                                  : aoaprochwa.oe674 (.text:DPU_AoAProcHWA_config)
                  007ed920    000003c0     libhwa_xwr18xx.ae674 : hwa.oe674 (.text:HWA_configCommon)
                  007edce0    000003c0     sysbios.ae674 : BIOS.obj (.text:ti_sysbios_knl_Task_Instance_init__E)
                  007ee0a0    00000380     dss_pe674.oe674 (.text:xdc_runtime_System_printfExtend__I)
                  007ee420    00000360     sysbios.ae674 : BIOS.obj (.text:ti_sysbios_knl_Semaphore_post__E)
                  007ee780    00000320     rts6740_elf.lib : cos.c.obj (.text:cos)
                  007eeaa0    00000320                     : fputs.c.obj (.text:fputs)
                  007eedc0    00000300     libaoaproc_hwa_xwr18xx.ae674 : aoaprochwa.oe674 (.text:HWAutil_configHWA_azimuthHeatMap)
                  007ef0c0    000002e0     rts6740_elf.lib : sin.c.obj (.text:sin)
                  007ef3a0    000002e0     sysbios.ae674 : BIOS.obj (.text:ti_sysbios_heaps_HeapMem_Instance_init__E)
                  007ef680    000002c0     libaoaproc_hwa_xwr18xx.ae674 : aoaprochwa.oe674 (.text:AoAProcHWA_XYZestimation)
                  007ef940    000002c0     libedma_xwr18xx.ae674 : edma.oe674 (.text:EDMA_configChannel)
                  007efc00    000002c0                           : edma.oe674 (.text:EDMA_configErrorMonitoring)
                  007efec0    000002c0     sysbios.ae674 : BIOS.obj (.text:ti_sysbios_knl_Clock_workFunc__E)
                  007f0180    000002a0     libaoaproc_hwa_xwr18xx.ae674 : aoaprochwa.oe674 (.text:AoAProcHWA_PrepareRangeAzimuthHeatmap)
                  007f0420    000002a0     libedma_xwr18xx.ae674 : edma.oe674 (.text:EDMA_open)
                  007f06c0    000002a0     libhwa_xwr18xx.ae674 : hwa.oe674 (.text:HWA_open)
                  007f0960    000002a0     rts6740_elf.lib : divf.c.obj (.text:__c6xabi_divf)
                  007f0c00    000002a0                     : _printfi.c.obj (.text:_pconv_e)
                  007f0ea0    000002a0                     : _printfi.c.obj (.text:fcvt)
                  007f1140    00000280     sysbios.ae674 : BIOS.obj (.text:ti_sysbios_family_c64p_Cache_Module_startup__E)
                  007f13c0    00000260     libaoaproc_hwa_xwr18xx.ae674 : aoaprochwa.oe674 (.text:AoAProcHWA_config_azimuthHeatMap_EDMA)
                  007f1620    00000260     libtestlogger_xwr18xx.ae674 : logger.oe674 (.text:MCPI_setFeatureTestResult)
                  007f1880    00000260     rts6740_elf.lib : imath64.c.obj (.text:__c6xabi_divull)
                  007f1ae0    00000260                     : cosf.c.obj (.text:cosf)
                  007f1d40    00000260                     : sinf.c.obj (.text:sinf)
                  007f1fa0    00000260     sysbios.ae674 : BIOS.obj (.text:ti_sysbios_family_c64p_Hwi_dispatchCore__I)
                  007f2200    00000260     ti.targets.rts6000.ae674 : Startup.oe674 (.text:xdc_runtime_Startup_startMods__I)
                  007f2460    00000240     sysbios.ae674 : BIOS.obj (.text:ti_sysbios_family_c64p_EventCombiner_dispatch__E)
                  007f26a0    00000240                   : BIOS.obj (.text:ti_sysbios_family_c64p_Exception_internalHandler__I)
                  007f28e0    00000240                   : BIOS.obj (.text:ti_sysbios_timers_rti_Timer_getFreq__E)
                  007f2b20    00000240     ti.targets.rts6000.ae674 : Core-mem.oe674 (.text:xdc_runtime_Core_createObject__I)
                  007f2d60    00000220     libedma_xwr18xx.ae674 : edma.oe674 (.text:EDMA_transferComplete_isr)
                  007f2f80    00000220     libaoaproc_hwa_xwr18xx.ae674 : aoaprochwa.oe674 (.text:aoaHwa_dopplerCompensation)
                  007f31a0    00000220     sysbios.ae674 : BIOS.obj (.text:ti_sysbios_knl_Swi_run__I)
                  007f33c0    00000200     libaoaproc_hwa_xwr18xx.ae674 : aoaprochwa.oe674 (.text:DPU_AoAProcHWA_init)
                  007f35c0    00000200     rts6740_elf.lib : _printfi.c.obj (.text:_ltostr)
                  007f37c0    00000200     sysbios.ae674 : c64p_Hwi_disp_always.obj (.text:_ti_sysbios_family_c64p_Hwi_dispatchAlways)
                  007f39c0    00000200     rts6740_elf.lib : atan.c.obj (.text:atan)
                  007f3bc0    00000200     ti.targets.rts6000.ae674 : Error.oe674 (.text:xdc_runtime_Error_policyDefault__E)
                  007f3dc0    000001e0     libedma_xwr18xx.ae674 : edma.oe674 (.text:EDMA_init)
                  007f3fa0    000001e0     aoaprochwa_test_main.oe674 (.text:Test_window2DCoef_gen)
                  007f4180    000001e0     rts6740_elf.lib : log.c.obj (.text:log)
                  007f4360    000001e0     sysbios.ae674 : BIOS.obj (.text:ti_sysbios_family_c64p_EventCombiner_dispatchPlug__E)
                  007f4540    000001e0                   : BIOS.obj (.text:ti_sysbios_gates_GateMutex_enter__E)
                  007f4720    000001e0                   : BIOS.obj (.text:ti_sysbios_knl_Task_exit__E)
                  007f4900    000001e0     ti.targets.rts6000.ae674 : Text.oe674 (.text:xdc_runtime_Text_putSite__E)
                  007f4ae0    000001c0     libdpedma_hwa_xwr18xx.ae674 : dpedma.oe674 (.text:DPEDMA_configSyncAB)
                  007f4ca0    000001c0     rts6740_elf.lib : imath40.c.obj (.text:__c6xabi_divul)
                  007f4e60    000001c0                     : atan2.c.obj (.text:atan2)
                  007f5020    000001c0                     : fputc.c.obj (.text:fputc)
                  007f51e0    000001c0                     : frexp.c.obj (.text:frexp)
                  007f53a0    000001c0                     : ldexp.c.obj (.text:ldexp)
                  007f5560    000001c0                     : setvbuf.c.obj (.text:setvbuf)
                  007f5720    000001c0     sysbios.ae674 : BIOS.obj (.text:ti_sysbios_knl_Task_checkStacks__E)
                  007f58e0    000001a0     libedma_xwr18xx.ae674 : edma.oe674 (.text:EDMA_paramConfig_assist)
                  007f5a80    000001a0     rts6740_elf.lib : hostrename.c.obj (.text:HOSTrename)
                  007f5c20    000001a0     aoaprochwa_test_main.oe674 (.text:aoaProc_test_hwaEdmainit)
                  007f5dc0    000001a0     rts6740_elf.lib : asin.c.obj (.text:asin)
                  007f5f60    000001a0     sysbios.ae674 : BIOS.obj (.text:ti_sysbios_family_c64p_Cache_getL2InitSize__I)
                  007f6100    000001a0                   : BIOS.obj (.text:ti_sysbios_family_c64p_EventCombiner_disableEvent__E)
                  007f62a0    000001a0                   : BIOS.obj (.text:ti_sysbios_family_c64p_EventCombiner_enableEvent__E)
                  007f6440    000001a0                   : BIOS.obj (.text:ti_sysbios_knl_Task_schedule__I)
                  007f65e0    000001a0                   : BIOS.obj (.text:ti_sysbios_timers_rti_Timer_startup__E)
                  007f6780    000001a0     ti.targets.rts6000.ae674 : Core-smem.oe674 (.text:xdc_runtime_Core_constructObject__I)
                  007f6920    00000180     libhwa_xwr18xx.ae674 : hwa.oe674 (.text:HWA_enableParamSetInterrupt)
                  007f6aa0    00000180     sysbios.ae674 : c64p_Exception_asm.obj (.text)
                  007f6c20    00000180                   : BIOS.obj (.text:ti_sysbios_knl_Task_postInit__I)
                  007f6da0    00000180                   : BIOS.obj (.text:ti_sysbios_knl_Task_startCore__E)
                  007f6f20    00000160     libedma_xwr18xx.ae674 : edma.oe674 (.text:EDMA_getErrorStatusInfo)
                  007f7080    00000160     gen_rand_data.oe674 (.text:GaussianNoise)
                  007f71e0    00000160     libhwa_xwr18xx.ae674 : hwa.oe674 (.text:HWA_paramDoneISR)
                  007f7340    00000160     rts6740_elf.lib : sqrt.c.obj (.text:sqrt)
                  007f74a0    00000160     sysbios.ae674 : BIOS.obj (.text:ti_sysbios_family_c64p_Hwi_Module_startup__E)
                  007f7600    00000160                   : BIOS.obj (.text:ti_sysbios_knl_Swi_post__E)
                  007f7760    00000160     ti.targets.rts6000.ae674 : Text.oe674 (.text:xdc_runtime_Text_putMod__E)
                  007f78c0    00000140     libaoaproc_hwa_xwr18xx.ae674 : aoaprochwa.oe674 (.text:AoAProcHWA_ConvertFov)
                  007f7a00    00000140     libedma_xwr18xx.ae674 : edma_low_level.oe674 (.text:EDMA3Init)
                  007f7b40    00000140                           : edma.oe674 (.text:EDMA_clearErrors)
                  007f7c80    00000140     libhwa_xwr18xx.ae674 : hwa.oe674 (.text:HWA_configRam)
                  007f7dc0    00000140     rts6740_elf.lib : imath64.c.obj (.text:__c6xabi_divlli)
                  007f7f00    00000140     sysbios.ae674 : BIOS.obj (.text:ti_sysbios_family_c64p_Cache_getL1DInitSize__I)
                  007f8040    00000140                   : BIOS.obj (.text:ti_sysbios_family_c64p_Cache_getL1PInitSize__I)
                  007f8180    00000140                   : BIOS.obj (.text:ti_sysbios_knl_Semaphore_Instance_init__E)
                  007f82c0    00000140                   : BIOS.obj (.text:ti_sysbios_knl_Task_blockI__E)
                  007f8400    00000140                   : BIOS.obj (.text:ti_sysbios_timers_rti_Timer_initDevice__I)
                  007f8540    00000140     ti.targets.rts6000.ae674 : Core-mem.oe674 (.text:xdc_runtime_Core_deleteObject__I)
                  007f8680    00000140                              : Text.oe674 (.text:xdc_runtime_Text_putLab__E)
                  007f87c0    00000120     libdpedma_hwa_xwr18xx.ae674 : dpedmahwa.oe674 (.text:DPEDMAHWA_configOneHotSignature)
                  007f88e0    00000120     libedma_xwr18xx.ae674 : edma.oe674 (.text:EDMA_configParamSet)
                  007f8a00    00000120     libsoc_xwr18xx.ae674 : soc.oe674 (.text:SOC_init)
                  007f8b20    00000120     boot.ae674 : autoinit.oe674 (.text:_auto_init_elf)
                  007f8c40    00000120     rts6740_elf.lib : _printfi.c.obj (.text:_pconv_f)
                  007f8d60    00000120                     : getdevice.c.obj (.text:getdevice)
                  007f8e80    00000120                     : sqrtf.c.obj (.text:sqrtf)
                  007f8fa0    00000120     sysbios.ae674 : BIOS.obj (.text:ti_sysbios_knl_Swi_restoreHwi__E)
                  007f90c0    00000120                   : BIOS.obj (.text:ti_sysbios_knl_Task_unblockI__E)
                  007f91e0    00000100     libaoaproc_hwa_xwr18xx.ae674 : aoaprochwa.oe674 (.text:AoAProcHWA_cfgAndTrigger_EDMA_2DFFT)
                  007f92e0    00000100     libhwa_xwr18xx.ae674 : hwa.oe674 (.text:HWA_disableParamSetInterrupt)
                  007f93e0    00000100     libsoc_xwr18xx.ae674 : soc_xwr18xx_dss.oe674 (.text:SOC_deviceInit)
                  007f94e0    00000100                          : soc_xwr18xx.oe674 (.text:SOC_translateAddress)
                  007f95e0    00000100     rts6740_elf.lib : fclose.c.obj (.text:__TI_closefile)
                  007f96e0    00000100                     : _printfi.c.obj (.text:_mcpy)
                  007f97e0    00000100                     : atoi.c.obj (.text:atoi)
                  007f98e0    00000100                     : fflush.c.obj (.text:fflush)
                  007f99e0    00000100                     : fseek.c.obj (.text:fseek)
                  007f9ae0    00000100     sysbios.ae674 : BIOS.obj (.text:ti_sysbios_knl_Swi_schedule__I)
                  007f9be0    00000100     ti.targets.rts6000.ae674 : Error.oe674 (.text:xdc_runtime_Error_print__E)
                  007f9ce0    00000100                              : Memory.oe674 (.text:xdc_runtime_Memory_alloc__E)
                  007f9de0    00000100                              : Startup.oe674 (.text:xdc_runtime_Startup_exec__E)
                  007f9ee0    000000e0     libedma_xwr18xx.ae674 : edma.oe674 (.text:EDMA_close)
                  007f9fc0    000000e0                           : edma.oe674 (.text:EDMA_isTransferComplete)
                  007fa0a0    000000e0                           : edma.oe674 (.text:EDMA_transferController_error_isr)
                  007fa180    000000e0     rts6740_elf.lib : hostlseek.c.obj (.text:HOSTlseek)
                  007fa260    000000e0                     : hostopen.c.obj (.text:HOSTopen)
                  007fa340    000000e0                     : hostwrite.c.obj (.text:HOSTwrite)
                  007fa420    000000e0                     : _ltoa.c.obj (.text:__TI_ltoa)
                  007fa500    000000e0                     : _io_perm.c.obj (.text:__TI_wrt_ok)
                  007fa5e0    000000e0                     : divi.asm.obj (.text:__divi)
                  007fa6c0    000000e0                     : close.c.obj (.text:close)
                  007fa7a0    000000e0                     : exit.c.obj (.text:exit)
                  007fa880    000000e0                     : memset.c.obj (.text:memset)
                  007fa960    000000e0                     : printf.c.obj (.text:printf)
                  007faa40    000000e0     sysbios.ae674 : BIOS.obj (.text:ti_sysbios_heaps_HeapMem_alloc__E)
                  007fab20    000000e0                   : BIOS.obj (.text:ti_sysbios_knl_Swi_runLoop__I)
                  007fac00    000000e0                   : BIOS.obj (.text:ti_sysbios_knl_Swi_startup__E)
                  007face0    000000e0     ti.targets.rts6000.ae674 : Text.oe674 (.text:xdc_runtime_Text_visitRope2__I)
                  007fadc0    000000c0     libedma_xwr18xx.ae674 : edma.oe674 (.text:EDMA_error_isr)
                  007fae80    000000c0                           : edma.oe674 (.text:EDMA_startDmaTransfer)
                  007faf40    000000c0     rts6740_elf.lib : hostread.c.obj (.text:HOSTread)
                  007fb000    000000c0                     : hostunlink.c.obj (.text:HOSTunlink)
                  007fb0c0    000000c0     libhwa_xwr18xx.ae674 : hwa.oe674 (.text:HWA_close)
                  007fb180    000000c0                          : hwa.oe674 (.text:HWA_getDMAChanIndex)
                  007fb240    000000c0                          : hwa.oe674 (.text:HWA_getDMAconfig)
                  007fb300    000000c0                          : hwa.oe674 (.text:HWA_getDriverAccess)
                  007fb3c0    000000c0                          : hwa.oe674 (.text:HWA_getHWAMemInfo)
                  007fb480    000000c0     aoaprochwa_test_main.oe674 (.text:Test_setAzim)
                  007fb540    000000c0     rts6740_elf.lib : divu.asm.obj (.text:__divu)
                  007fb600    000000c0     aoaprochwa_test_main.oe674 (.text:main)
                  007fb6c0    000000c0     rts6740_elf.lib : modf.c.obj (.text:modf)
                  007fb780    000000c0     sysbios.ae674 : BIOS.obj (.text:ti_sysbios_heaps_HeapMem_getStats__E)
                  007fb840    000000c0                   : BIOS.obj (.text:ti_sysbios_knl_Clock_logTick__E)
                  007fb900    000000c0                   : BIOS.obj (.text:ti_sysbios_knl_Task_allBlockedFunction__I)
                  007fb9c0    000000c0     dss_pe674.oe674 (.text:ti_sysbios_knl_Task_create)
                  007fba80    000000c0     rts6740_elf.lib : tls.c.obj (.text:tls:init:__TI_tls_init)
                  007fbb40    000000c0     ti.targets.rts6000.ae674 : Assert.oe674 (.text:xdc_runtime_Assert_raise__I)
                  007fbc00    000000c0                              : Error.oe674 (.text:xdc_runtime_Error_setX__E)
                  007fbcc0    000000a0     libdpedma_hwa_xwr18xx.ae674 : dpedma.oe674 (.text:DPEDMA_setup_shadow_link)
                  007fbd60    000000a0     libedma_xwr18xx.ae674 : edma_low_level.oe674 (.text:EDMA3EnableChInShadowReg)
                  007fbe00    000000a0                           : edma.oe674 (.text:EDMA_disableChannel)
                  007fbea0    000000a0                           : edma.oe674 (.text:EDMA_enableChannel)
                  007fbf40    000000a0     rts6740_elf.lib : hostclose.c.obj (.text:HOSTclose)
                  007fbfe0    000000a0     libhwa_xwr18xx.ae674 : hwa.oe674 (.text:HWA_deleteInstance)
                  007fc080    000000a0                          : hwa.oe674 (.text:HWA_disableDoneInterrupt)
                  007fc120    000000a0                          : hwa.oe674 (.text:HWA_enable)
                  007fc1c0    000000a0                          : hwa.oe674 (.text:HWA_enableDoneInterrupt)
                  007fc260    000000a0     libsoc_xwr18xx.ae674 : soc.oe674 (.text:SOC_SystemISR)
                  007fc300    000000a0     rts6740_elf.lib : fopen.c.obj (.text:__TI_cleanup)
                  007fc3a0    000000a0                     : fflush.c.obj (.text:__TI_doflush)
                  007fc440    000000a0                     : fixfu.c.obj (.text:__c6xabi_fixfu)
                  007fc4e0    000000a0                     : round.c.obj (.text:__c6xabi_nround)
                  007fc580    000000a0                     : remu.asm.obj (.text:__remu)
                  007fc620    000000a0     boot.ae674 : boot.oe674 (.text:_c_int00)
                  007fc6c0    000000a0     rts6740_elf.lib : _printfi.c.obj (.text:_ecpy)
                  007fc760    000000a0                     : getdevice.c.obj (.text:finddevice)
                  007fc800    000000a0                     : memcpy64.asm.obj (.text:memcpy)
                  007fc8a0    000000a0     sysbios.ae674 : BIOS.obj (.text:ti_sysbios_family_c64p_Exception_Module_startup__E)
                  007fc940    000000a0                   : BIOS.obj (.text:ti_sysbios_family_c64p_Hwi_dispatchC__I)
                  007fc9e0    000000a0                   : BIOS.obj (.text:ti_sysbios_family_c64p_Hwi_getStackInfo__E)
                  007fca80    000000a0     ti.targets.rts6000.ae674 : Core-params.oe674 (.text:xdc_runtime_Core_assignParams__I)
                  007fcb20    000000a0                              : System.oe674 (.text:xdc_runtime_System_formatNum__I)
                  007fcbc0    000000a0                              : System.oe674 (.text:xdc_runtime_System_putchar__I)
                  007fcc60    000000a0                              : Text.oe674 (.text:xdc_runtime_Text_printVisFxn__I)
                  007fcd00    000000a0                              : Text.oe674 (.text:xdc_runtime_Text_xprintf__I)
                  007fcda0    00000080     libaoaproc_hwa_xwr18xx.ae674 : aoaprochwa.oe674 (.text:AoAProc_HWAutil_configCommon)
                  007fce20    00000080     libedma_xwr18xx.ae674 : edma_low_level.oe674 (.text:EDMA3MapChToEvtQ)
                  007fcea0    00000080                           : edma.oe674 (.text:EDMA_getTransferControllerErrorStatusInfo)
                  007fcf20    00000080                           : edma.oe674 (.text:EDMA_linkParamSets)
                  007fcfa0    00000080     libosal_xwr18xx.ae674 : SemaphoreP_tirtos.oe674 (.text:SemaphoreP_create)
                  007fd020    00000080     rts6740_elf.lib : trgmsg.c.obj (.text:__TI_readmsg)
                  007fd0a0    00000080                     : fixdu.c.obj (.text:__c6xabi_fixdu)
                  007fd120    00000080                     : llshift.c.obj (.text:__c6xabi_llshl)
                  007fd1a0    00000080                     : roundf.c.obj (.text:__c6xabi_roundf)
                  007fd220    00000080                     : snprintf.c.obj (.text:_outs)
                  007fd2a0    00000080     sysbios.ae674 : c62_TaskSupport_asm.obj (.text:_ti_sysbios_family_c62_TaskSupport_swap__E)
                  007fd320    00000080     rts6740_elf.lib : snprintf.c.obj (.text:snprintf)
                  007fd3a0    00000080     dss_pe674.oe674 (.text:ti_sysbios_BIOS_atExitFunc__I)
                  007fd420    00000080     dss_pe674.oe674 (.text:ti_sysbios_BIOS_registerRTSLock__I)
                  007fd4a0    00000080     dss_pe674.oe674 (.text:ti_sysbios_gates_GateHwi_Object__create__S)
                  007fd520    00000080     dss_pe674.oe674 (.text:ti_sysbios_gates_GateMutex_Object__create__S)
                  007fd5a0    00000080     sysbios.ae674 : BIOS.obj (.text:ti_sysbios_hal_Hwi_checkStack)
                  007fd620    00000080     dss_pe674.oe674 (.text:ti_sysbios_heaps_HeapMem_Object__create__S)
                  007fd6a0    00000080     sysbios.ae674 : BIOS.obj (.text:ti_sysbios_heaps_HeapMem_init__I)
                  007fd720    00000080     dss_pe674.oe674 (.text:ti_sysbios_knl_Clock_doTick__I)
                  007fd7a0    00000080     sysbios.ae674 : BIOS.obj (.text:ti_sysbios_knl_Idle_run__E)
                  007fd820    00000080     dss_pe674.oe674 (.text:ti_sysbios_knl_Semaphore_create)
                  007fd8a0    00000080     sysbios.ae674 : BIOS.obj (.text:ti_sysbios_knl_Semaphore_pendTimeout__I)
                  007fd920    00000080                   : BIOS.obj (.text:ti_sysbios_knl_Task_processVitalTaskFlag__I)
                  007fd9a0    00000080     dss_pe674.oe674 (.text:ti_sysbios_rts_MemAlloc_alloc)
                  007fda20    00000080     sysbios.ae674 : BIOS.obj (.text:ti_sysbios_timers_rti_Timer_stop__E)
                  007fdaa0    00000080     rts6740_elf.lib : unlink.c.obj (.text:unlink)
                  007fdb20    00000080     ti.targets.rts6000.ae674 : Core-label.oe674 (.text:xdc_runtime_Core_assignLabel__I)
                  007fdba0    00000080                              : SysStd.oe674 (.text:xdc_runtime_SysStd_abort__E)
                  007fdc20    00000080                              : System.oe674 (.text:xdc_runtime_System_atexit__E)
                  007fdca0    00000080                              : System.oe674 (.text:xdc_runtime_System_avprintf__E)
                  007fdd20    00000080                              : System.oe674 (.text:xdc_runtime_System_processAtExit__E)
                  007fdda0    00000080                              : System.oe674 (.text:xdc_runtime_System_vprintf__E)
                  007fde20    00000060     libaoaproc_hwa_xwr18xx.ae674 : aoaprochwa.oe674 (.text:AOAHWA_waitEdma)
                  007fde80    00000060                                  : aoaprochwa.oe674 (.text:DPU_AoAProcHWA_deinit)
                  007fdee0    00000060     libedma_xwr18xx.ae674 : edma_low_level.oe674 (.text:EDMA3ClrEvt)
                  007fdf40    00000060                           : edma_low_level.oe674 (.text:EDMA3ClrIntr)
                  007fdfa0    00000060                           : edma_low_level.oe674 (.text:EDMA3ClrMissEvt)
                  007fe000    00000060                           : edma_low_level.oe674 (.text:EDMA3DisableEvtIntr)
                  007fe060    00000060                           : edma_low_level.oe674 (.text:EDMA3EnableDmaEvt)
                  007fe0c0    00000060                           : edma_low_level.oe674 (.text:EDMA3EnableEvtIntr)
                  007fe120    00000060                           : edma_low_level.oe674 (.text:EDMA3SetEvt)
                  007fe180    00000060                           : edma.oe674 (.text:EDMA_configTransferControllerError)
                  007fe1e0    00000060                           : edma.oe674 (.text:EDMA_isError)
                  007fe240    00000060                           : edma.oe674 (.text:EDMA_setSourceAddress)
                  007fe2a0    00000060                           : edma.oe674 (.text:EDMA_validate_channelIdchannelType)
                  007fe300    00000060     libhwa_xwr18xx.ae674 : hwa.oe674 (.text:HWA_allParamDoneISR)
                  007fe360    00000060     gen_rand_data.oe674 (.text:RandSimple)
                  007fe3c0    00000060     libsoc_xwr18xx.ae674 : soc_xwr18xx.oe674 (.text:SOC_enableHWA)
                  007fe420    00000060                          : soc.oe674 (.text:SOC_unhaltBSS)
                  007fe480    00000060     rts6740_elf.lib : trgmsg.c.obj (.text:__TI_writemsg)
                  007fe4e0    00000060                     : llshift.c.obj (.text:__c6xabi_llshru)
                  007fe540    00000060                     : imath64.c.obj (.text:__c6xabi_remlli)
                  007fe5a0    00000060                     : imath64.c.obj (.text:_subcull)
                  007fe600    00000060     sysbios.ae674 : c64p_Hwi_asm_switch.obj (.text:_ti_sysbios_family_c64p_Hwi_switchAndDispatch__I)
                  007fe660    00000060                   : c64p_Hwi_asm_switch.obj (.text:_ti_sysbios_family_xxx_Hwi_switchAndRunFunc)
                  007fe6c0    00000060     rts6740_elf.lib : lseek.c.obj (.text:lseek)
                  007fe720    00000060                     : memccpy.c.obj (.text:memccpy)
                  007fe780    00000060                     : modff.c.obj (.text:modff)
                  007fe7e0    00000060                     : sprintf.c.obj (.text:sprintf)
                  007fe840    00000060     aoaprochwa_test_main.oe674 (.text:test_modCalc)
                  007fe8a0    00000060     dss_pe674.oe674 (.text:ti_sysbios_BIOS_errorRaiseHook__I)
                  007fe900    00000060     dss_pe674.oe674 (.text:ti_sysbios_BIOS_removeRTSLock__I)
                  007fe960    00000060     dss_pe674.oe674 (.text:ti_sysbios_BIOS_startFunc__I)
                  007fe9c0    00000060     sysbios.ae674 : BIOS.obj (.text:ti_sysbios_family_c62_TaskSupport_start__E)
                  007fea20    00000060                   : BIOS.obj (.text:ti_sysbios_family_c64p_Cache_setMar__E)
                  007fea80    00000060                   : BIOS.obj (.text:ti_sysbios_family_c64p_EventCombiner_Module_startup__E)
                  007feae0    00000060                   : BIOS.obj (.text:ti_sysbios_family_c64p_EventCombiner_unused__E)
                  007feb40    00000060     dss_pe674.oe674 (.text:ti_sysbios_gates_GateMutex_Object__delete__S)
                  007feba0    00000060     sysbios.ae674 : BIOS.obj (.text:ti_sysbios_hal_Hwi_initStack)
                  007fec00    00000060                   : BIOS.obj (.text:ti_sysbios_heaps_HeapMem_free__E)
                  007fec60    00000060                   : BIOS.obj (.text:ti_sysbios_knl_Clock_Module_startup__E)
                  007fecc0    00000060     dss_pe674.oe674 (.text:ti_sysbios_knl_Queue_construct)
                  007fed20    00000060     dss_pe674.oe674 (.text:ti_sysbios_knl_Semaphore_construct)
                  007fed80    00000060     sysbios.ae674 : BIOS.obj (.text:ti_sysbios_knl_Swi_Module_startup__E)
                  007fede0    00000060                   : BIOS.obj (.text:ti_sysbios_knl_Task_enter__I)
                  007fee40    00000060     rts6740_elf.lib : write.c.obj (.text:write)
                  007feea0    00000060     ti.targets.rts6000.ae674 : Memory.oe674 (.text:xdc_runtime_Memory_valloc__E)
                  007fef00    00000060                              : Text.oe674 (.text:xdc_runtime_Text_cordText__E)
                  007fef60    00000040     libhwa_xwr18xx.ae674 : hwa.oe674 (.text:CSL_FEXTR)
                  007fefa0    00000040     libsoc_xwr18xx.ae674 : soc.oe674 (.text:CSL_FEXTR)
                  007fefe0    00000040     libhwa_xwr18xx.ae674 : hwa.oe674 (.text:CSL_FINSR)
                  007ff020    00000040     libsoc_xwr18xx.ae674 : soc.oe674 (.text:CSL_FINSR)
                  007ff060    00000040                          : soc_xwr18xx.oe674 (.text:CSL_FINSR)
                  007ff0a0    00000040                          : soc_xwr18xx_dss.oe674 (.text:CSL_FINSR)
                  007ff0e0    00000040     libedma_xwr18xx.ae674 : edma_low_level.oe674 (.text:EDMA3DisableDmaEvt)
                  007ff120    00000040                           : edma_low_level.oe674 (.text:EDMA3MapQdmaChToPaRAM)
                  007ff160    00000040                           : edma_low_level.oe674 (.text:EDMA3SetPaRAM)
                  007ff1a0    00000040                           : edma_low_level.oe674 (.text:EDMA3SetQdmaTrigWord)
                  007ff1e0    00000040     libosal_xwr18xx.ae674 : HwiP_tirtos.oe674 (.text:HwiP_create)
                  007ff220    00000040                           : HwiP_tirtos.oe674 (.text:HwiP_delete)
                  007ff260    00000040     libtestlogger_xwr18xx.ae674 : logger.oe674 (.text:MCPI_Initialize)
                  007ff2a0    00000040     aoaprochwa_test_main.oe674 (.text:MmwDemo_EDMA_errorCallbackFxn)
                  007ff2e0    00000040     aoaprochwa_test_main.oe674 (.text:MmwDemo_EDMA_transferControllerErrorCallbackFxn)
                  007ff320    00000040     libsoc_xwr18xx.ae674 : soc_xwr18xx_dss.oe674 (.text:SOC_getInAddr_LUTType)
                  007ff360    00000040                          : soc_xwr18xx_dss.oe674 (.text:SOC_getOutAddr_LUTType)
                  007ff3a0    00000040     rts6740_elf.lib : frcmpyd_div.c.obj (.text:__TI_frcmpyd_div)
                  007ff3e0    00000040                     : isinf.c.obj (.text:__c6xabi_isinf)
                  007ff420    00000040                     : _printfi.c.obj (.text:__c6xabi_isnan)
                  007ff460    00000040                     : strasg.asm.obj (.text:__strasgi_64plus)
                  007ff4a0    00000040                     : args_main.c.obj (.text:_args_main)
                  007ff4e0    00000040                     : snprintf.c.obj (.text:_outc)
                  007ff520    00000040                     : sprintf.c.obj (.text:_outs)
                  007ff560    00000040     sysbios.ae674 : c62_TaskSupport_asm.obj (.text:_ti_sysbios_family_c62_TaskSupport_buildTaskStack)
                  007ff5a0    00000040     aoaprochwa_test_main.oe674 (.text:aoaProc_test_dpuInit)
                  007ff5e0    00000040     dss_pe674.oe674 (.text:free)
                  007ff620    00000040     mathutils.oe674 (.text:mathUtils_ceilLog2)
                  007ff660    00000040     mathutils.oe674 (.text:mathUtils_floorLog2)
                  007ff6a0    00000040     dss_pe674.oe674 (.text:ti_sysbios_BIOS_exitFunc__I)
                  007ff6e0    00000040     dss_pe674.oe674 (.text:ti_sysbios_BIOS_rtsLock__I)
                  007ff720    00000040     dss_pe674.oe674 (.text:ti_sysbios_BIOS_rtsUnlock__I)
                  007ff760    00000040     sysbios.ae674 : BIOS.obj (.text:ti_sysbios_family_c64p_Hwi_disableInterrupt__E)
                  007ff7a0    00000040                   : BIOS.obj (.text:ti_sysbios_family_c64p_Hwi_enableInterrupt__E)
                  007ff7e0    00000040     dss_pe674.oe674 (.text:ti_sysbios_gates_GateHwi_Handle__label__S)
                  007ff820    00000040     dss_pe674.oe674 (.text:ti_sysbios_gates_GateHwi_Object__delete__S)
                  007ff860    00000040     dss_pe674.oe674 (.text:ti_sysbios_gates_GateMutex_Handle__label__S)
                  007ff8a0    00000040     sysbios.ae674 : BIOS.obj (.text:ti_sysbios_gates_GateMutex_Instance_init__E)
                  007ff8e0    00000040                   : BIOS.obj (.text:ti_sysbios_gates_GateMutex_leave__E)
                  007ff920    00000040     dss_pe674.oe674 (.text:ti_sysbios_heaps_HeapMem_Handle__label__S)
                  007ff960    00000040     dss_pe674.oe674 (.text:ti_sysbios_heaps_HeapMem_Object__delete__S)
                  007ff9a0    00000040     dss_pe674.oe674 (.text:ti_sysbios_heaps_HeapMem_Object__get__S)
                  007ff9e0    00000040     dss_pe674.oe674 (.text:ti_sysbios_knl_Semaphore_destruct)
                  007ffa20    00000040     dss_pe674.oe674 (.text:ti_sysbios_knl_Swi_Object__get__S)
                  007ffa60    00000040     dss_pe674.oe674 (.text:ti_sysbios_knl_Task_Object__get__S)
                  007ffaa0    00000040     sysbios.ae674 : BIOS.obj (.text:ti_sysbios_timers_rti_Timer_periodicStub__E)
                  007ffae0    00000040     rts6740_elf.lib : wcslen.c.obj (.text:wcslen)
                  007ffb20    00000040     ti.targets.rts6000.ae674 : Error.oe674 (.text:xdc_runtime_Error_check__E)
                  007ffb60    00000040                              : Error.oe674 (.text:xdc_runtime_Error_init__E)
                  007ffba0    00000040                              : Registry.oe674 (.text:xdc_runtime_Registry_findById__E)
                  007ffbe0    00000040                              : System.oe674 (.text:xdc_runtime_System_abort__E)
                  007ffc20    00000040     dss_pe674.oe674 (.text:xdc_runtime_System_aprintf__E)
                  007ffc60    00000040     ti.targets.rts6000.ae674 : System.oe674 (.text:xdc_runtime_System_exit__E)
                  007ffca0    00000040     dss_pe674.oe674 (.text:xdc_runtime_System_printf__E)
                  007ffce0    00000020     libaoaproc_hwa_xwr18xx.ae674 : aoaprochwa.oe674 (.text:AOAProcHWADoneIsrCallback)
                  007ffd00    00000020     aoaprochwa_test_main.oe674 (.text:Cycleprofiler_init)
                  007ffd20    00000020     libedma_xwr18xx.ae674 : edma_low_level.oe674 (.text:EDMA3ChannelToParamMap)
                  007ffd40    00000020                           : edma_low_level.oe674 (.text:EDMA3ClrCCErr)
                  007ffd60    00000020                           : edma_low_level.oe674 (.text:EDMA3DisableQdmaEvt)
                  007ffd80    00000020                           : edma_low_level.oe674 (.text:EDMA3EnableQdmaEvt)
                  007ffda0    00000020                           : edma_low_level.oe674 (.text:EDMA3ErrIntrHighStatusGet)
                  007ffdc0    00000020                           : edma_low_level.oe674 (.text:EDMA3GetCCErrStatus)
                  007ffde0    00000020                           : edma_low_level.oe674 (.text:EDMA3GetErrIntrStatus)
                  007ffe00    00000020                           : edma_low_level.oe674 (.text:EDMA3GetIntrStatus)
                  007ffe20    00000020                           : edma_low_level.oe674 (.text:EDMA3IntrStatusHighGet)
                  007ffe40    00000020                           : edma_low_level.oe674 (.text:EDMA3QdmaClrMissEvt)
                  007ffe60    00000020                           : edma_low_level.oe674 (.text:EDMA3QdmaGetErrIntrStatus)
                  007ffe80    00000020                           : edma.oe674 (.text:EDMA_getNumInstances)
                  007ffea0    00000020                           : edma_low_level.oe674 (.text:EDMAsetRegion)
                  007ffec0    00000020     libhwa_xwr18xx.ae674 : hwa.oe674 (.text:HWA_init)
                  007ffee0    00000020     libosal_xwr18xx.ae674 : HwiP_tirtos.oe674 (.text:HwiP_Params_init)
                  007fff00    00000020                           : HwiP_tirtos.oe674 (.text:HwiP_disable)
                  007fff20    00000020                           : HwiP_tirtos.oe674 (.text:HwiP_disableInterrupt)
                  007fff40    00000020                           : HwiP_tirtos.oe674 (.text:HwiP_enableInterrupt)
                  007fff60    00000020                           : HwiP_tirtos.oe674 (.text:HwiP_restore)
                  007fff80    00000020     libtestlogger_xwr18xx.ae674 : logger.oe674 (.text:MCPI_setTestResult)
                  007fffa0    00000020     libosal_xwr18xx.ae674 : MemoryP_tirtos.oe674 (.text:MemoryP_ctrlAlloc)
                  007fffc0    00000020                           : MemoryP_tirtos.oe674 (.text:MemoryP_ctrlFree)
                  007fffe0    00000020                           : SemaphoreP_tirtos.oe674 (.text:SemaphoreP_Params_init)

.text.2    0    00800080    000009e0     
                  00800080    00000020     libosal_xwr18xx.ae674 : SemaphoreP_tirtos.oe674 (.text:SemaphoreP_pend)
                  008000a0    00000020                           : SemaphoreP_tirtos.oe674 (.text:SemaphoreP_post)
                  008000c0    00000020                           : DebugP_tirtos.oe674 (.text:_DebugP_assert)
                  008000e0    00000020     rts6740_elf.lib : errno.c.obj (.text:__c6xabi_errno_addr)
                  00800100    00000020                     : trunc.c.obj (.text:__c6xabi_trunc)
                  00800120    00000020                     : truncf.c.obj (.text:__c6xabi_truncf)
                  00800140    00000020                     : push.asm.obj (.text:__pop_rts)
                  00800160    00000020                     : push.asm.obj (.text:__push_rts)
                  00800180    00000020                     : _lock.c.obj (.text:_nop)
                  008001a0    00000020                     : printf.c.obj (.text:_outc)
                  008001c0    00000020                     : sprintf.c.obj (.text:_outc)
                  008001e0    00000020                     : printf.c.obj (.text:_outs)
                  00800200    00000020                     : _lock.c.obj (.text:_register_lock)
                  00800220    00000020                     : _lock.c.obj (.text:_register_unlock)
                  00800240    00000020                     : signbit.c.obj (.text:_signbit)
                  00800260    00000020     sysbios.ae674 : c62_TaskSupport_asm.obj (.text:_ti_sysbios_family_c62_TaskSupport_glue)
                  00800280    00000020     rts6740_elf.lib : exit.c.obj (.text:abort)
                  008002a0    00000020                     : llabs.c.obj (.text:llabs)
                  008002c0    00000020                     : fputc.c.obj (.text:putchar)
                  008002e0    00000020     dss_pe674.oe674 (.text:ti_sysbios_BIOS_RtsGateProxy_enter__E)
                  00800300    00000020     dss_pe674.oe674 (.text:ti_sysbios_BIOS_RtsGateProxy_leave__E)
                  00800320    00000020     sysbios.ae674 : BIOS.obj (.text:ti_sysbios_BIOS_exit__E)
                  00800340    00000020                   : BIOS.obj (.text:ti_sysbios_BIOS_linkedWithIncorrectBootLibrary__E)
                  00800360    00000020     dss_pe674.oe674 (.text:ti_sysbios_BIOS_nullFunc__I)
                  00800380    00000020     sysbios.ae674 : BIOS.obj (.text:ti_sysbios_BIOS_setThreadType__E)
                  008003a0    00000020                   : BIOS.obj (.text:ti_sysbios_BIOS_start__E)
                  008003c0    00000020     dss_pe674.oe674 (.text:ti_sysbios_family_c62_TaskSupport_Module__startupDone__S)
                  008003e0    00000020     sysbios.ae674 : BIOS.obj (.text:ti_sysbios_family_c62_TaskSupport_checkStack__E)
                  00800400    00000020                   : BIOS.obj (.text:ti_sysbios_family_c62_TaskSupport_getStackAlignment__E)
                  00800420    00000020     dss_pe674.oe674 (.text:ti_sysbios_family_c64p_Hwi_Module__startupDone__F)
                  00800440    00000020     sysbios.ae674 : BIOS.obj (.text:ti_sysbios_family_c64p_Hwi_clearInterrupt__E)
                  00800460    00000020                   : BIOS.obj (.text:ti_sysbios_family_c64p_Hwi_startup__E)
                  00800480    00000020                   : BIOS.obj (.text:ti_sysbios_family_c64p_Hwi_switchFromBootStack__E)
                  008004a0    00000020                   : BIOS.obj (.text:ti_sysbios_gates_GateHwi_Instance_init__E)
                  008004c0    00000020                   : BIOS.obj (.text:ti_sysbios_gates_GateHwi_enter__E)
                  008004e0    00000020                   : BIOS.obj (.text:ti_sysbios_gates_GateHwi_leave__E)
                  00800500    00000020                   : BIOS.obj (.text:ti_sysbios_gates_GateHwi_query__E)
                  00800520    00000020                   : BIOS.obj (.text:ti_sysbios_gates_GateMutex_Instance_finalize__E)
                  00800540    00000020                   : BIOS.obj (.text:ti_sysbios_gates_GateMutex_query__E)
                  00800560    00000020                   : BIOS.obj (.text:ti_sysbios_hal_Hwi_Module_startup__E)
                  00800580    00000020     dss_pe674.oe674 (.text:ti_sysbios_heaps_HeapMem_Module_GateProxy_enter__E)
                  008005a0    00000020     dss_pe674.oe674 (.text:ti_sysbios_heaps_HeapMem_Module_GateProxy_leave__E)
                  008005c0    00000020     sysbios.ae674 : BIOS.obj (.text:ti_sysbios_heaps_HeapMem_isBlocking__E)
                  008005e0    00000020     dss_pe674.oe674 (.text:ti_sysbios_knl_Clock_TimerProxy_getMaxTicks__E)
                  00800600    00000020     sysbios.ae674 : BIOS.obj (.text:ti_sysbios_knl_Idle_loop__E)
                  00800620    00000020                   : BIOS.obj (.text:ti_sysbios_knl_Queue_Instance_init__E)
                  00800640    00000020     dss_pe674.oe674 (.text:ti_sysbios_knl_Queue_Object__get__S)
                  00800660    00000020     dss_pe674.oe674 (.text:ti_sysbios_knl_Queue_destruct)
                  00800680    00000020     sysbios.ae674 : BIOS.obj (.text:ti_sysbios_knl_Queue_empty__E)
                  008006a0    00000020                   : BIOS.obj (.text:ti_sysbios_knl_Semaphore_Instance_finalize__E)
                  008006c0    00000020     dss_pe674.oe674 (.text:ti_sysbios_knl_Semaphore_Params__init__S)
                  008006e0    00000020     sysbios.ae674 : BIOS.obj (.text:ti_sysbios_knl_Swi_disable__E)
                  00800700    00000020     dss_pe674.oe674 (.text:ti_sysbios_knl_Task_Params__init__S)
                  00800720    00000020     aoaprochwa_test_main.oe674 (.text:ti_sysbios_knl_Task_Params_init)
                  00800740    00000020     sysbios.ae674 : BIOS.obj (.text:ti_sysbios_knl_Task_disable__E)
                  00800760    00000020                   : BIOS.obj (.text:ti_sysbios_knl_Task_startup__E)
                  00800780    00000020     dss_pe674.oe674 (.text:ti_sysbios_timers_rti_Timer_Module__startupDone__F)
                  008007a0    00000020     sysbios.ae674 : BIOS.obj (.text:ti_sysbios_timers_rti_Timer_getMaxTicks__E)
                  008007c0    00000020     ti.targets.rts6000.ae674 : Error.oe674 (.text:xdc_runtime_Error_getSite__E)
                  008007e0    00000020                              : Error.oe674 (.text:xdc_runtime_Error_raiseX__E)
                  00800800    00000020                              : Gate.oe674 (.text:xdc_runtime_Gate_enterSystem__E)
                  00800820    00000020                              : Gate.oe674 (.text:xdc_runtime_Gate_leaveSystem__E)
                  00800840    00000020     dss_pe674.oe674 (.text:xdc_runtime_IHeap_alloc)
                  00800860    00000020     dss_pe674.oe674 (.text:xdc_runtime_IHeap_free)
                  00800880    00000020     ti.targets.rts6000.ae674 : Memory.oe674 (.text:xdc_runtime_Memory_calloc__E)
                  008008a0    00000020                              : Memory.oe674 (.text:xdc_runtime_Memory_free__E)
                  008008c0    00000020                              : Memory.oe674 (.text:xdc_runtime_Memory_getMaxDefaultTypeAlign__E)
                  008008e0    00000020     dss_pe674.oe674 (.text:xdc_runtime_Startup_exec__I)
                  00800900    00000020     dss_pe674.oe674 (.text:xdc_runtime_Startup_reset__I)
                  00800920    00000020     ti.targets.rts6000.ae674 : Startup.oe674 (.text:xdc_runtime_Startup_rtsDone__E)
                  00800940    00000020                              : SysStd.oe674 (.text:xdc_runtime_SysStd_exit__E)
                  00800960    00000020                              : SysStd.oe674 (.text:xdc_runtime_SysStd_putch__E)
                  00800980    00000020                              : SysStd.oe674 (.text:xdc_runtime_SysStd_ready__E)
                  008009a0    00000020     dss_pe674.oe674 (.text:xdc_runtime_System_Module_GateProxy_enter__E)
                  008009c0    00000020     dss_pe674.oe674 (.text:xdc_runtime_System_Module_GateProxy_leave__E)
                  008009e0    00000020     ti.targets.rts6000.ae674 : System.oe674 (.text:xdc_runtime_System_Module_startup__E)
                  00800a00    00000020                              : System.oe674 (.text:xdc_runtime_System_vsnprintf__E)
                  00800a20    00000020                              : Text.oe674 (.text:xdc_runtime_Text_ropeText__E)
                  00800a40    00000020     dss_pe674.oe674 (.text:xdc_runtime_Text_visitRope__I)

.l2data    0    00800a60    00011538     UNINITIALIZED
                  00800a60    00011538     aoaprochwa_test_main.oe674 (.l2data)

systemHeap 
*          0    00811f98    00008000     UNINITIALIZED
                  00811f98    00008000     dss_pe674.oe674 (systemHeap)

.const     0    00819f98    00002f78     
                  00819f98    000019be     dss_pe674.oe674 (.const:xdc_runtime_Text_charTab__A)
                  0081b956    00000002     dss_pe674.oe674 (.const:ti_sysbios_family_c64p_Cache_Module__id__C)
                  0081b958    000005f0     aoaprochwa_test_main.oe674 (.const:.string)
                  0081bf48    00000518     sysbios.ae674 : BIOS.obj (.const:.string)
                  0081c460    00000101     rts6740_elf.lib : ctype.c.obj (.const:.string:_ctypes_)
                  0081c561    00000001     --HOLE-- [fill = 0]
                  0081c562    00000002     dss_pe674.oe674 (.const:ti_sysbios_family_c64p_EventCombiner_Module__id__C)
                  0081c564    00000004     ti.targets.rts6000.ae674 : Assert.oe674 (.const:.string)
                  0081c568    000000c8     dss_pe674.oe674 (.const:xdc_runtime_Text_nodeTab__A)
                  0081c630    00000094     libtestlogger_xwr18xx.ae674 : logger.oe674 (.const:.string)
                  0081c6c4    0000007c     dss_pe674.oe674 (.const:.string)
                  0081c740    00000058     libedma_xwr18xx.ae674 : edma.oe674 (.const:.string)
                  0081c798    00000058     ti.targets.rts6000.ae674 : Error.oe674 (.const:.string)
                  0081c7f0    00000044     dss_pe674.oe674 (.const:ti_sysbios_knl_Task_Object__PARAMS__C)
                  0081c834    00000040     ti.targets.rts6000.ae674 : Text.oe674 (.const:.string)
                  0081c874    00000004     dss_pe674.oe674 (.const:ti_sysbios_family_c62_TaskSupport_stackAlignment__C)
                  0081c878    00000040     libhwa_xwr18xx.ae674 : hwa.oe674 (.const:gHwaTrigSignatures)
                  0081c8b8    0000003c     libsoc_xwr18xx.ae674 : soc_xwr18xx_dss.oe674 (.const:.string)
                  0081c8f4    00000004     dss_pe674.oe674 (.const:ti_sysbios_family_c64p_Cache_E_invalidL1CacheSize__C)
                  0081c8f8    00000038     libedma_xwr18xx.ae674 : edma_xwr1xxx.oe674 (.const:gEdmaHwAttrs)
                  0081c930    0000002c     ti.targets.rts6000.ae674 : Startup.oe674 (.const:.string)
                  0081c95c    00000028     dss_pe674.oe674 (.const:ti_sysbios_heaps_HeapMem_Module__FXNS__C)
                  0081c984    00000004     dss_pe674.oe674 (.const:ti_sysbios_family_c64p_Cache_E_invalidL2CacheSize__C)
                  0081c988    00000028     dss_pe674.oe674 (.const:xdc_runtime_Startup_sfxnTab__A)
                  0081c9b0    00000024     aoaprochwa_test_main.oe674 (.const:$P$T1$2)
                  0081c9d4    00000024     rts6740_elf.lib : _printfi.c.obj (.const:.string)
                  0081c9f8    00000024     dss_pe674.oe674 (.const:ti_sysbios_gates_GateHwi_Module__FXNS__C)
                  0081ca1c    00000024     dss_pe674.oe674 (.const:ti_sysbios_gates_GateMutex_Module__FXNS__C)
                  0081ca40    00000024     dss_pe674.oe674 (.const:ti_sysbios_heaps_HeapMem_Object__PARAMS__C)
                  0081ca64    00000024     dss_pe674.oe674 (.const:ti_sysbios_knl_Semaphore_Object__PARAMS__C)
                  0081ca88    00000020     libhwa_xwr18xx.ae674 : hwa.oe674 (.const:$P$T0$1)
                  0081caa8    00000020                          : hwa.oe674 (.const:.string)
                  0081cac8    00000020     libosal_xwr18xx.ae674 : SemaphoreP_tirtos.oe674 (.const:.string)
                  0081cae8    00000020     dss_pe674.oe674 (.const:ti_sysbios_gates_GateHwi_Object__DESC__C)
                  0081cb08    00000020     dss_pe674.oe674 (.const:ti_sysbios_gates_GateMutex_Object__DESC__C)
                  0081cb28    00000020     dss_pe674.oe674 (.const:ti_sysbios_heaps_HeapMem_Object__DESC__C)
                  0081cb48    00000020     dss_pe674.oe674 (.const:ti_sysbios_knl_Queue_Object__DESC__C)
                  0081cb68    00000020     dss_pe674.oe674 (.const:ti_sysbios_knl_Semaphore_Object__DESC__C)
                  0081cb88    00000020     dss_pe674.oe674 (.const:ti_sysbios_knl_Task_Object__DESC__C)
                  0081cba8    0000001c     aoaprochwa_test_main.oe674 (.const:$P$T2$3)
                  0081cbc4    0000001c     libosal_xwr18xx.ae674 : HwiP_tirtos.oe674 (.const:.string)
                  0081cbe0    00000018     ti.targets.rts6000.ae674 : System.oe674 (.const:.string)
                  0081cbf8    00000018     dss_pe674.oe674 (.const:ti_sysbios_gates_GateHwi_Object__PARAMS__C)
                  0081cc10    00000018     dss_pe674.oe674 (.const:ti_sysbios_gates_GateMutex_Object__PARAMS__C)
                  0081cc28    00000018     dss_pe674.oe674 (.const:ti_sysbios_knl_Queue_Object__PARAMS__C)
                  0081cc40    00000014     aoaprochwa_test_main.oe674 (.const:$P$T0$1)
                  0081cc54    00000004     dss_pe674.oe674 (.const:ti_sysbios_family_c64p_Cache_MAR0_31__C)
                  0081cc58    00000014     dss_pe674.oe674 (.const:xdc_runtime_Startup_sfxnRts__A)
                  0081cc6c    00000004     dss_pe674.oe674 (.const:ti_sysbios_family_c64p_Cache_MAR128_159__C)
                  0081cc70    00000010     libedma_xwr18xx.ae674 : edma.oe674 (.const:EDMA_config$1)
                  0081cc80    00000010     dss_pe674.oe674 (.const:ti_sysbios_family_c64p_EventCombiner_EVTMASK__C)
                  0081cc90    00000008     dss_pe674.oe674 (.const:ti_sysbios_knl_Idle_funcList__C)
                  0081cc98    00000008     dss_pe674.oe674 (.const:xdc_runtime_Startup_firstFxns__A)
                  0081cca0    00000008     dss_pe674.oe674 (.const:xdc_runtime_Startup_firstFxns__C)
                  0081cca8    00000008     dss_pe674.oe674 (.const:xdc_runtime_Startup_lastFxns__C)
                  0081ccb0    00000004     dss_pe674.oe674 (.const:ti_sysbios_family_c64p_Cache_MAR160_191__C)
                  0081ccb4    00000004     dss_pe674.oe674 (.const:ti_sysbios_family_c64p_Cache_MAR192_223__C)
                  0081ccb8    00000004     dss_pe674.oe674 (.const:ti_sysbios_family_c64p_Cache_MAR224_255__C)
                  0081ccbc    00000004     dss_pe674.oe674 (.const:ti_sysbios_family_c64p_Cache_MAR32_63__C)
                  0081ccc0    00000004     dss_pe674.oe674 (.const:ti_sysbios_family_c64p_Cache_MAR64_95__C)
                  0081ccc4    00000004     dss_pe674.oe674 (.const:ti_sysbios_family_c64p_Cache_MAR96_127__C)
                  0081ccc8    00000004     dss_pe674.oe674 (.const:ti_sysbios_family_c64p_EventCombiner_A_invalidEventId__C)
                  0081cccc    00000004     dss_pe674.oe674 (.const:ti_sysbios_family_c64p_EventCombiner_EVTRegs__C)
                  0081ccd0    00000004     dss_pe674.oe674 (.const:ti_sysbios_family_c64p_EventCombiner_E_unpluggedEvent__C)
                  0081ccd4    00000004     dss_pe674.oe674 (.const:ti_sysbios_family_c64p_EventCombiner_Module__diagsEnabled__C)
                  0081ccd8    00000004     dss_pe674.oe674 (.const:ti_sysbios_family_c64p_EventCombiner_Module__diagsIncluded__C)
                  0081ccdc    00000004     dss_pe674.oe674 (.const:ti_sysbios_family_c64p_EventCombiner_Module__diagsMask__C)
                  0081cce0    00000004     dss_pe674.oe674 (.const:ti_sysbios_family_c64p_Exception_E_exceptionMax__C)
                  0081cce4    00000004     dss_pe674.oe674 (.const:ti_sysbios_family_c64p_Exception_exceptionHook__C)
                  0081cce8    00000004     dss_pe674.oe674 (.const:ti_sysbios_family_c64p_Exception_externalHook__C)
                  0081ccec    00000004     dss_pe674.oe674 (.const:ti_sysbios_family_c64p_Exception_internalHook__C)
                  0081ccf0    00000004     dss_pe674.oe674 (.const:ti_sysbios_family_c64p_Exception_nmiHook__C)
                  0081ccf4    00000004     dss_pe674.oe674 (.const:ti_sysbios_family_c64p_Hwi_INTRMUX1Address__C)
                  0081ccf8    00000004     dss_pe674.oe674 (.const:ti_sysbios_family_c64p_Hwi_LD_end__C)
                  0081ccfc    00000004     dss_pe674.oe674 (.const:ti_sysbios_family_c64p_Hwi_LM_begin__C)
                  0081cd00    00000004     dss_pe674.oe674 (.const:ti_sysbios_family_c64p_Hwi_Module__diagsEnabled__C)
                  0081cd04    00000004     dss_pe674.oe674 (.const:ti_sysbios_family_c64p_Hwi_Module__diagsIncluded__C)
                  0081cd08    00000004     dss_pe674.oe674 (.const:ti_sysbios_family_c64p_Hwi_Module__diagsMask__C)
                  0081cd0c    00000004     dss_pe674.oe674 (.const:ti_sysbios_family_c64p_Hwi_Module__loggerFxn1__C)
                  0081cd10    00000004     dss_pe674.oe674 (.const:ti_sysbios_family_c64p_Hwi_Module__loggerFxn8__C)
                  0081cd14    00000004     dss_pe674.oe674 (.const:ti_sysbios_family_c64p_Hwi_Module__loggerObj__C)
                  0081cd18    00000004     dss_pe674.oe674 (.const:ti_sysbios_gates_GateMutex_A_badContext__C)
                  0081cd1c    00000004     dss_pe674.oe674 (.const:ti_sysbios_gates_GateMutex_Instance_State_sem__O)
                  0081cd20    00000004     dss_pe674.oe674 (.const:ti_sysbios_gates_GateMutex_Module__diagsEnabled__C)
                  0081cd24    00000004     dss_pe674.oe674 (.const:ti_sysbios_gates_GateMutex_Module__diagsIncluded__C)
                  0081cd28    00000004     dss_pe674.oe674 (.const:ti_sysbios_gates_GateMutex_Module__diagsMask__C)
                  0081cd2c    00000004     dss_pe674.oe674 (.const:ti_sysbios_hal_Hwi_E_stackOverflow__C)
                  0081cd30    00000004     dss_pe674.oe674 (.const:ti_sysbios_heaps_HeapMem_A_align__C)
                  0081cd34    00000004     dss_pe674.oe674 (.const:ti_sysbios_heaps_HeapMem_A_heapSize__C)
                  0081cd38    00000004     dss_pe674.oe674 (.const:ti_sysbios_heaps_HeapMem_A_invalidFree__C)
                  0081cd3c    00000004     dss_pe674.oe674 (.const:ti_sysbios_heaps_HeapMem_A_zeroBlock__C)
                  0081cd40    00000004     dss_pe674.oe674 (.const:ti_sysbios_heaps_HeapMem_E_memory__C)
                  0081cd44    00000004     dss_pe674.oe674 (.const:ti_sysbios_heaps_HeapMem_Module__diagsEnabled__C)
                  0081cd48    00000004     dss_pe674.oe674 (.const:ti_sysbios_heaps_HeapMem_Module__diagsIncluded__C)
                  0081cd4c    00000004     dss_pe674.oe674 (.const:ti_sysbios_heaps_HeapMem_Module__diagsMask__C)
                  0081cd50    00000004     dss_pe674.oe674 (.const:ti_sysbios_heaps_HeapMem_Module__gateObj__C)
                  0081cd54    00000004     dss_pe674.oe674 (.const:ti_sysbios_heaps_HeapMem_Object__count__C)
                  0081cd58    00000004     dss_pe674.oe674 (.const:ti_sysbios_heaps_HeapMem_reqAlign__C)
                  0081cd5c    00000004     dss_pe674.oe674 (.const:ti_sysbios_knl_Clock_LM_begin__C)
                  0081cd60    00000004     dss_pe674.oe674 (.const:ti_sysbios_knl_Clock_LM_tick__C)
                  0081cd64    00000004     dss_pe674.oe674 (.const:ti_sysbios_knl_Clock_LW_delayed__C)
                  0081cd68    00000004     dss_pe674.oe674 (.const:ti_sysbios_knl_Clock_Module_State_clockQ__O)
                  0081cd6c    00000004     dss_pe674.oe674 (.const:ti_sysbios_knl_Clock_Module__diagsEnabled__C)
                  0081cd70    00000004     dss_pe674.oe674 (.const:ti_sysbios_knl_Clock_Module__diagsIncluded__C)
                  0081cd74    00000004     dss_pe674.oe674 (.const:ti_sysbios_knl_Clock_Module__diagsMask__C)
                  0081cd78    00000004     dss_pe674.oe674 (.const:ti_sysbios_knl_Clock_Module__loggerFxn1__C)
                  0081cd7c    00000004     dss_pe674.oe674 (.const:ti_sysbios_knl_Clock_Module__loggerFxn2__C)
                  0081cd80    00000004     dss_pe674.oe674 (.const:ti_sysbios_knl_Clock_Module__loggerObj__C)
                  0081cd84    00000004     dss_pe674.oe674 (.const:ti_sysbios_knl_Semaphore_A_badContext__C)
                  0081cd88    00000004     dss_pe674.oe674 (.const:ti_sysbios_knl_Idle_funcList__A)
                  0081cd8c    00000004     dss_pe674.oe674 (.const:ti_sysbios_knl_Semaphore_A_noEvents__C)
                  0081cd90    00000004     dss_pe674.oe674 (.const:ti_sysbios_knl_Semaphore_A_overflow__C)
                  0081cd94    00000004     dss_pe674.oe674 (.const:ti_sysbios_knl_Semaphore_A_pendTaskDisabled__C)
                  0081cd98    00000004     dss_pe674.oe674 (.const:ti_sysbios_knl_Semaphore_Instance_State_pendQ__O)
                  0081cd9c    00000004     dss_pe674.oe674 (.const:ti_sysbios_knl_Semaphore_LM_pend__C)
                  0081cda0    00000004     dss_pe674.oe674 (.const:ti_sysbios_knl_Semaphore_LM_post__C)
                  0081cda4    00000004     dss_pe674.oe674 (.const:ti_sysbios_knl_Semaphore_Module__diagsEnabled__C)
                  0081cda8    00000004     dss_pe674.oe674 (.const:ti_sysbios_knl_Semaphore_Module__diagsIncluded__C)
                  0081cdac    00000004     dss_pe674.oe674 (.const:ti_sysbios_knl_Semaphore_Module__diagsMask__C)
                  0081cdb0    00000004     dss_pe674.oe674 (.const:ti_sysbios_knl_Semaphore_Module__loggerFxn2__C)
                  0081cdb4    00000004     dss_pe674.oe674 (.const:ti_sysbios_knl_Semaphore_Module__loggerFxn4__C)
                  0081cdb8    00000004     dss_pe674.oe674 (.const:ti_sysbios_knl_Semaphore_Module__loggerObj__C)
                  0081cdbc    00000004     dss_pe674.oe674 (.const:ti_sysbios_knl_Swi_LD_end__C)
                  0081cdc0    00000004     dss_pe674.oe674 (.const:ti_sysbios_knl_Swi_LM_begin__C)
                  0081cdc4    00000004     dss_pe674.oe674 (.const:ti_sysbios_knl_Swi_LM_post__C)
                  0081cdc8    00000004     dss_pe674.oe674 (.const:ti_sysbios_knl_Swi_Module__diagsEnabled__C)
                  0081cdcc    00000004     dss_pe674.oe674 (.const:ti_sysbios_knl_Swi_Module__diagsIncluded__C)
                  0081cdd0    00000004     dss_pe674.oe674 (.const:ti_sysbios_knl_Swi_Module__diagsMask__C)
                  0081cdd4    00000004     dss_pe674.oe674 (.const:ti_sysbios_knl_Swi_Module__loggerFxn1__C)
                  0081cdd8    00000004     dss_pe674.oe674 (.const:ti_sysbios_knl_Swi_Module__loggerFxn4__C)
                  0081cddc    00000004     dss_pe674.oe674 (.const:ti_sysbios_knl_Swi_Module__loggerObj__C)
                  0081cde0    00000004     dss_pe674.oe674 (.const:ti_sysbios_knl_Swi_Object__count__C)
                  0081cde4    00000004     dss_pe674.oe674 (.const:ti_sysbios_knl_Task_A_badPriority__C)
                  0081cde8    00000004     dss_pe674.oe674 (.const:ti_sysbios_knl_Task_A_badTaskState__C)
                  0081cdec    00000004     dss_pe674.oe674 (.const:ti_sysbios_knl_Task_A_badThreadType__C)
                  0081cdf0    00000004     dss_pe674.oe674 (.const:ti_sysbios_knl_Task_A_noPendElem__C)
                  0081cdf4    00000004     dss_pe674.oe674 (.const:ti_sysbios_knl_Task_E_spOutOfBounds__C)
                  0081cdf8    00000004     dss_pe674.oe674 (.const:ti_sysbios_knl_Task_E_stackOverflow__C)
                  0081cdfc    00000004     dss_pe674.oe674 (.const:ti_sysbios_knl_Task_LD_block__C)
                  0081ce00    00000004     dss_pe674.oe674 (.const:ti_sysbios_knl_Task_LD_exit__C)
                  0081ce04    00000004     dss_pe674.oe674 (.const:ti_sysbios_knl_Task_LD_ready__C)
                  0081ce08    00000004     dss_pe674.oe674 (.const:ti_sysbios_knl_Task_LM_switch__C)
                  0081ce0c    00000004     dss_pe674.oe674 (.const:ti_sysbios_knl_Task_Module_State_inactiveQ__O)
                  0081ce10    00000004     dss_pe674.oe674 (.const:ti_sysbios_knl_Task_Module__diagsEnabled__C)
                  0081ce14    00000004     dss_pe674.oe674 (.const:ti_sysbios_knl_Task_Module__diagsIncluded__C)
                  0081ce18    00000004     dss_pe674.oe674 (.const:ti_sysbios_knl_Task_Module__diagsMask__C)
                  0081ce1c    00000004     dss_pe674.oe674 (.const:ti_sysbios_knl_Task_Module__loggerFxn2__C)
                  0081ce20    00000004     dss_pe674.oe674 (.const:ti_sysbios_knl_Task_Module__loggerFxn4__C)
                  0081ce24    00000004     dss_pe674.oe674 (.const:ti_sysbios_knl_Task_Module__loggerObj__C)
                  0081ce28    00000004     dss_pe674.oe674 (.const:ti_sysbios_knl_Task_Object__count__C)
                  0081ce2c    00000004     dss_pe674.oe674 (.const:ti_sysbios_knl_Task_allBlockedFunc__C)
                  0081ce30    00000004     dss_pe674.oe674 (.const:ti_sysbios_knl_Task_defaultStackHeap__C)
                  0081ce34    00000004     dss_pe674.oe674 (.const:ti_sysbios_knl_Task_defaultStackSize__C)
                  0081ce38    00000004     dss_pe674.oe674 (.const:ti_sysbios_knl_Task_numConstructedTasks__C)
                  0081ce3c    00000004     dss_pe674.oe674 (.const:ti_sysbios_timers_rti_Timer_E_cannotSupport__C)
                  0081ce40    00000004     dss_pe674.oe674 (.const:ti_sysbios_timers_rti_Timer_Module__diagsEnabled__C)
                  0081ce44    00000004     dss_pe674.oe674 (.const:ti_sysbios_timers_rti_Timer_Module__diagsIncluded__C)
                  0081ce48    00000004     dss_pe674.oe674 (.const:ti_sysbios_timers_rti_Timer_Module__diagsMask__C)
                  0081ce4c    00000004     dss_pe674.oe674 (.const:ti_sysbios_timers_rti_Timer_numTimerDevices__C)
                  0081ce50    00000004     dss_pe674.oe674 (.const:ti_sysbios_timers_rti_Timer_startupNeeded__C)
                  0081ce54    00000004     dss_pe674.oe674 (.const:xdc_runtime_Assert_E_assertFailed__C)
                  0081ce58    00000004     dss_pe674.oe674 (.const:xdc_runtime_Core_A_initializedParams__C)
                  0081ce5c    00000004     dss_pe674.oe674 (.const:xdc_runtime_Core_Module__diagsEnabled__C)
                  0081ce60    00000004     dss_pe674.oe674 (.const:xdc_runtime_Core_Module__diagsIncluded__C)
                  0081ce64    00000004     dss_pe674.oe674 (.const:xdc_runtime_Core_Module__diagsMask__C)
                  0081ce68    00000004     dss_pe674.oe674 (.const:xdc_runtime_Error_E_memory__C)
                  0081ce6c    00000004     dss_pe674.oe674 (.const:xdc_runtime_Error_Module__diagsEnabled__C)
                  0081ce70    00000004     dss_pe674.oe674 (.const:xdc_runtime_Error_Module__diagsIncluded__C)
                  0081ce74    00000004     dss_pe674.oe674 (.const:xdc_runtime_Error_Module__diagsMask__C)
                  0081ce78    00000004     dss_pe674.oe674 (.const:xdc_runtime_Error_Module__loggerFxn8__C)
                  0081ce7c    00000004     dss_pe674.oe674 (.const:xdc_runtime_Error_Module__loggerObj__C)
                  0081ce80    00000004     dss_pe674.oe674 (.const:xdc_runtime_Error_policyFxn__C)
                  0081ce84    00000004     dss_pe674.oe674 (.const:xdc_runtime_Error_policy__C)
                  0081ce88    00000004     dss_pe674.oe674 (.const:xdc_runtime_Error_raiseHook__C)
                  0081ce8c    00000004     dss_pe674.oe674 (.const:xdc_runtime_IGateProvider_Interface__BASE__C)
                  0081ce90    00000004     dss_pe674.oe674 (.const:xdc_runtime_IHeap_Interface__BASE__C)
                  0081ce94    00000004     dss_pe674.oe674 (.const:xdc_runtime_IModule_Interface__BASE__C)
                  0081ce98    00000004     dss_pe674.oe674 (.const:xdc_runtime_Log_L_error__C)
                  0081ce9c    00000004     dss_pe674.oe674 (.const:xdc_runtime_Memory_defaultHeapInstance__C)
                  0081cea0    00000004     dss_pe674.oe674 (.const:xdc_runtime_Startup_execImpl__C)
                  0081cea4    00000004     dss_pe674.oe674 (.const:xdc_runtime_Startup_maxPasses__C)
                  0081cea8    00000004     dss_pe674.oe674 (.const:xdc_runtime_Startup_sfxnRts__C)
                  0081ceac    00000004     dss_pe674.oe674 (.const:xdc_runtime_Startup_sfxnTab__C)
                  0081ceb0    00000004     dss_pe674.oe674 (.const:xdc_runtime_System_Module__gateObj__C)
                  0081ceb4    00000004     dss_pe674.oe674 (.const:xdc_runtime_System_abortFxn__C)
                  0081ceb8    00000004     dss_pe674.oe674 (.const:xdc_runtime_System_exitFxn__C)
                  0081cebc    00000004     dss_pe674.oe674 (.const:xdc_runtime_System_extendFxn__C)
                  0081cec0    00000004     dss_pe674.oe674 (.const:xdc_runtime_System_maxAtexitHandlers__C)
                  0081cec4    00000004     dss_pe674.oe674 (.const:xdc_runtime_Text_charTab__C)
                  0081cec8    00000004     dss_pe674.oe674 (.const:xdc_runtime_Text_nameEmpty__C)
                  0081cecc    00000004     dss_pe674.oe674 (.const:xdc_runtime_Text_nameStatic__C)
                  0081ced0    00000004     dss_pe674.oe674 (.const:xdc_runtime_Text_nameUnknown__C)
                  0081ced4    00000004     dss_pe674.oe674 (.const:xdc_runtime_Text_nodeTab__C)
                  0081ced8    00000004     dss_pe674.oe674 (.const:xdc_runtime_Text_visitRopeFxn__C)
                  0081cedc    00000002     dss_pe674.oe674 (.const:ti_sysbios_family_c64p_Exception_Module__id__C)
                  0081cede    00000002     dss_pe674.oe674 (.const:ti_sysbios_family_c64p_Exception_useInternalBuffer__C)
                  0081cee0    00000002     dss_pe674.oe674 (.const:ti_sysbios_family_c64p_Hwi_Module__id__C)
                  0081cee2    00000002     dss_pe674.oe674 (.const:ti_sysbios_family_c64p_Hwi_Module__loggerDefined__C)
                  0081cee4    00000002     dss_pe674.oe674 (.const:ti_sysbios_gates_GateMutex_Module__id__C)
                  0081cee6    00000002     dss_pe674.oe674 (.const:ti_sysbios_hal_Hwi_Module__id__C)
                  0081cee8    00000002     dss_pe674.oe674 (.const:ti_sysbios_heaps_HeapMem_Module__id__C)
                  0081ceea    00000002     dss_pe674.oe674 (.const:ti_sysbios_knl_Clock_Module__id__C)
                  0081ceec    00000002     dss_pe674.oe674 (.const:ti_sysbios_knl_Clock_Module__loggerDefined__C)
                  0081ceee    00000002     dss_pe674.oe674 (.const:ti_sysbios_knl_Semaphore_Module__id__C)
                  0081cef0    00000002     dss_pe674.oe674 (.const:ti_sysbios_knl_Semaphore_Module__loggerDefined__C)
                  0081cef2    00000002     dss_pe674.oe674 (.const:ti_sysbios_knl_Swi_Module__id__C)
                  0081cef4    00000002     dss_pe674.oe674 (.const:ti_sysbios_knl_Swi_Module__loggerDefined__C)
                  0081cef6    00000002     dss_pe674.oe674 (.const:ti_sysbios_knl_Task_Module__id__C)
                  0081cef8    00000002     dss_pe674.oe674 (.const:ti_sysbios_knl_Task_Module__loggerDefined__C)
                  0081cefa    00000002     dss_pe674.oe674 (.const:ti_sysbios_timers_rti_Timer_Module__id__C)
                  0081cefc    00000002     dss_pe674.oe674 (.const:ti_sysbios_timers_rti_Timer_continueOnSuspend__C)
                  0081cefe    00000002     dss_pe674.oe674 (.const:xdc_runtime_Core_Module__id__C)
                  0081cf00    00000002     dss_pe674.oe674 (.const:xdc_runtime_Error_Module__loggerDefined__C)
                  0081cf02    00000002     dss_pe674.oe674 (.const:xdc_runtime_Error_maxDepth__C)
                  0081cf04    00000002     dss_pe674.oe674 (.const:xdc_runtime_Main_Module__id__C)
                  0081cf06    00000002     dss_pe674.oe674 (.const:xdc_runtime_Memory_Module__id__C)
                  0081cf08    00000002     dss_pe674.oe674 (.const:xdc_runtime_Text_charCnt__C)
                  0081cf0a    00000002     dss_pe674.oe674 (.const:xdc_runtime_Text_isLoaded__C)
                  0081cf0c    00000002     dss_pe674.oe674 (.const:xdc_runtime_Text_registryModsLastId__C)
                  0081cf0e    00000002     dss_pe674.oe674 (.const:xdc_runtime_Text_unnamedModsLastId__C)

.fardata   0    0081eeb8    00000e0c     
                  0081eeb8    00000400     dss_pe674.oe674 (.fardata:ti_sysbios_family_c64p_EventCombiner_Module__state__V)
                  0081f2b8    000001e0     rts6740_elf.lib : defs.c.obj (.fardata:_ftable)
                  0081f498    000000a0                     : write.c.obj (.fardata:_stream)
                  0081f538    00000080     dss_pe674.oe674 (.fardata:ti_sysbios_knl_Swi_Module_State_0_readyQ__A)
                  0081f5b8    00000080     dss_pe674.oe674 (.fardata:ti_sysbios_knl_Task_Module_State_0_readyQ__A)
                  0081f638    00000078     rts6740_elf.lib : write.c.obj (.fardata:_device)
                  0081f6b0    00000078     dss_pe674.oe674 (.fardata:ti_sysbios_family_c64p_Hwi_Object__table__V)
                  0081f728    0000006c     dss_pe674.oe674 (.fardata:ti_sysbios_family_c64p_Hwi_Module__state__V)
                  0081f794    00000004     rts6740_elf.lib : _lock.c.obj (.fardata:_lock)
                  0081f798    00000060                     : asin.c.obj (.fardata:asin_consts$1)
                  0081f7f8    0000005c     dss_pe674.oe674 (.fardata:ti_sysbios_knl_Task_Object__table__V)
                  0081f854    00000048     dss_pe674.oe674 (.fardata:ti_sysbios_knl_Task_Module__state__V)
                  0081f89c    00000004     rts6740_elf.lib : _lock.c.obj (.fardata:_unlock)
                  0081f8a0    00000040                     : cos.c.obj (.fardata:R$1)
                  0081f8e0    00000040                     : sin.c.obj (.fardata:R$1)
                  0081f920    00000040     libsoc_xwr18xx.ae674 : soc_xwr18xx.oe674 (.fardata:SOC_TranslateAddr_LUT)
                  0081f960    00000040     rts6740_elf.lib : atan.c.obj (.fardata:arctan_consts$1)
                  0081f9a0    00000040     dss_pe674.oe674 (.fardata:ti_sysbios_gates_GateMutex_Object__table__V)
                  0081f9e0    0000003c     dss_pe674.oe674 (.fardata:ti_sysbios_timers_rti_Timer_Object__table__V)
                  0081fa1c    00000004     rts6740_elf.lib : defs.c.obj (.fardata)
                  0081fa20    00000030     libhwa_xwr18xx.ae674 : hwa_xwr18xx.oe674 (.fardata:gHWAHwCfg)
                  0081fa50    00000030     dss_pe674.oe674 (.fardata:ti_sysbios_family_c64p_Exception_Module__state__V)
                  0081fa80    00000030     dss_pe674.oe674 (.fardata:ti_sysbios_knl_Swi_Object__table__V)
                  0081fab0    0000002c     dss_pe674.oe674 (.fardata:ti_sysbios_knl_Clock_Module__state__V)
                  0081fadc    00000024     dss_pe674.oe674 (.fardata:ti_sysbios_BIOS_Module__state__V)
                  0081fb00    00000020     rts6740_elf.lib : atan.c.obj (.fardata:A$2)
                  0081fb20    00000020     dss_pe674.oe674 (.fardata:xdc_runtime_Error_IgnoreBlock)
                  0081fb40    00000020     dss_pe674.oe674 (.fardata:xdc_runtime_System_Module_State_0_atexitHandlers__A)
                  0081fb60    0000001c     dss_pe674.oe674 (.fardata:ti_sysbios_knl_Swi_Module__state__V)
                  0081fb7c    00000004     rts6740_elf.lib : errno.c.obj (.fardata)
                  0081fb80    00000018                     : log.c.obj (.fardata:A$1)
                  0081fb98    00000018                     : log.c.obj (.fardata:B$2)
                  0081fbb0    00000018     libsoc_xwr18xx.ae674 : soc_xwr18xx_dss.oe674 (.fardata:gSOCHwAttrib)
[...]
0081cae8  ti_sysbios_gates_GateHwi_Object__DESC__C                     
0081cb08  ti_sysbios_gates_GateMutex_Object__DESC__C                   
0081cb28  ti_sysbios_heaps_HeapMem_Object__DESC__C                     
0081cb48  ti_sysbios_knl_Queue_Object__DESC__C                         
0081cb68  ti_sysbios_knl_Semaphore_Object__DESC__C                     
0081cb88  ti_sysbios_knl_Task_Object__DESC__C                          
0081cbf8  ti_sysbios_gates_GateHwi_Object__PARAMS__C                   
0081cc10  ti_sysbios_gates_GateMutex_Object__PARAMS__C                 
0081cc28  ti_sysbios_knl_Queue_Object__PARAMS__C                       
0081cc54  ti_sysbios_family_c64p_Cache_MAR0_31__C                      
0081cc58  xdc_runtime_Startup_sfxnRts__A                               
0081cc6c  ti_sysbios_family_c64p_Cache_MAR128_159__C                   
0081cc80  ti_sysbios_family_c64p_EventCombiner_EVTMASK__C              
0081cc90  ti_sysbios_knl_Idle_funcList__C                              
0081cc98  xdc_runtime_Startup_firstFxns__A                             
0081cca0  xdc_runtime_Startup_firstFxns__C                             
0081cca8  xdc_runtime_Startup_lastFxns__C                              
0081ccb0  ti_sysbios_family_c64p_Cache_MAR160_191__C                   
0081ccb4  ti_sysbios_family_c64p_Cache_MAR192_223__C                   
0081ccb8  ti_sysbios_family_c64p_Cache_MAR224_255__C                   
0081ccbc  ti_sysbios_family_c64p_Cache_MAR32_63__C                     
0081ccc0  ti_sysbios_family_c64p_Cache_MAR64_95__C                     
0081ccc4  ti_sysbios_family_c64p_Cache_MAR96_127__C                    
0081ccc8  ti_sysbios_family_c64p_EventCombiner_A_invalidEventId__C     
0081cccc  ti_sysbios_family_c64p_EventCombiner_EVTRegs__C              
0081ccd0  ti_sysbios_family_c64p_EventCombiner_E_unpluggedEvent__C     
0081ccd4  ti_sysbios_family_c64p_EventCombiner_Module__diagsEnabled__C 
0081ccd8  ti_sysbios_family_c64p_EventCombiner_Module__diagsIncluded__C
0081ccdc  ti_sysbios_family_c64p_EventCombiner_Module__diagsMask__C    
0081cce0  ti_sysbios_family_c64p_Exception_E_exceptionMax__C           
0081cce4  ti_sysbios_family_c64p_Exception_exceptionHook__C            
0081cce8  ti_sysbios_family_c64p_Exception_externalHook__C             
0081ccec  ti_sysbios_family_c64p_Exception_internalHook__C             
0081ccf0  ti_sysbios_family_c64p_Exception_nmiHook__C                  
0081ccf4  ti_sysbios_family_c64p_Hwi_INTRMUX1Address__C                
0081ccf8  ti_sysbios_family_c64p_Hwi_LD_end__C                         
0081ccfc  ti_sysbios_family_c64p_Hwi_LM_begin__C                       
0081cd00  ti_sysbios_family_c64p_Hwi_Module__diagsEnabled__C           
0081cd04  ti_sysbios_family_c64p_Hwi_Module__diagsIncluded__C          
0081cd08  ti_sysbios_family_c64p_Hwi_Module__diagsMask__C              
0081cd0c  ti_sysbios_family_c64p_Hwi_Module__loggerFxn1__C             
0081cd10  ti_sysbios_family_c64p_Hwi_Module__loggerFxn8__C             
0081cd14  ti_sysbios_family_c64p_Hwi_Module__loggerObj__C              
0081cd18  ti_sysbios_gates_GateMutex_A_badContext__C                   
0081cd1c  ti_sysbios_gates_GateMutex_Instance_State_sem__O             
0081cd20  ti_sysbios_gates_GateMutex_Module__diagsEnabled__C           
0081cd24  ti_sysbios_gates_GateMutex_Module__diagsIncluded__C          
0081cd28  ti_sysbios_gates_GateMutex_Module__diagsMask__C              
0081cd2c  ti_sysbios_hal_Hwi_E_stackOverflow__C                        
0081cd30  ti_sysbios_heaps_HeapMem_A_align__C                          
0081cd34  ti_sysbios_heaps_HeapMem_A_heapSize__C                       
0081cd38  ti_sysbios_heaps_HeapMem_A_invalidFree__C                    
0081cd3c  ti_sysbios_heaps_HeapMem_A_zeroBlock__C                      
0081cd40  ti_sysbios_heaps_HeapMem_E_memory__C                         
0081cd44  ti_sysbios_heaps_HeapMem_Module__diagsEnabled__C             
0081cd48  ti_sysbios_heaps_HeapMem_Module__diagsIncluded__C            
0081cd4c  ti_sysbios_heaps_HeapMem_Module__diagsMask__C                
0081cd50  ti_sysbios_heaps_HeapMem_Module__gateObj__C                  
0081cd54  ti_sysbios_heaps_HeapMem_Object__count__C                    
0081cd58  ti_sysbios_heaps_HeapMem_reqAlign__C                         
0081cd5c  ti_sysbios_knl_Clock_LM_begin__C                             
0081cd60  ti_sysbios_knl_Clock_LM_tick__C                              
0081cd64  ti_sysbios_knl_Clock_LW_delayed__C                           
0081cd68  ti_sysbios_knl_Clock_Module_State_clockQ__O                  
0081cd6c  ti_sysbios_knl_Clock_Module__diagsEnabled__C                 
0081cd70  ti_sysbios_knl_Clock_Module__diagsIncluded__C                
0081cd74  ti_sysbios_knl_Clock_Module__diagsMask__C                    
0081cd78  ti_sysbios_knl_Clock_Module__loggerFxn1__C                   
0081cd7c  ti_sysbios_knl_Clock_Module__loggerFxn2__C                   
0081cd80  ti_sysbios_knl_Clock_Module__loggerObj__C                    
0081cd84  ti_sysbios_knl_Semaphore_A_badContext__C                     
0081cd88  ti_sysbios_knl_Idle_funcList__A                              
0081cd8c  ti_sysbios_knl_Semaphore_A_noEvents__C                       
0081cd90  ti_sysbios_knl_Semaphore_A_overflow__C                       
0081cd94  ti_sysbios_knl_Semaphore_A_pendTaskDisabled__C               
0081cd98  ti_sysbios_knl_Semaphore_Instance_State_pendQ__O             
0081cd9c  ti_sysbios_knl_Semaphore_LM_pend__C                          
0081cda0  ti_sysbios_knl_Semaphore_LM_post__C                          
0081cda4  ti_sysbios_knl_Semaphore_Module__diagsEnabled__C             
0081cda8  ti_sysbios_knl_Semaphore_Module__diagsIncluded__C            
0081cdac  ti_sysbios_knl_Semaphore_Module__diagsMask__C                
0081cdb0  ti_sysbios_knl_Semaphore_Module__loggerFxn2__C               
0081cdb4  ti_sysbios_knl_Semaphore_Module__loggerFxn4__C               
0081cdb8  ti_sysbios_knl_Semaphore_Module__loggerObj__C                
0081cdbc  ti_sysbios_knl_Swi_LD_end__C                                 
0081cdc0  ti_sysbios_knl_Swi_LM_begin__C                               
0081cdc4  ti_sysbios_knl_Swi_LM_post__C                                
0081cdc8  ti_sysbios_knl_Swi_Module__diagsEnabled__C                   
0081cdcc  ti_sysbios_knl_Swi_Module__diagsIncluded__C                  
0081cdd0  ti_sysbios_knl_Swi_Module__diagsMask__C                      
0081cdd4  ti_sysbios_knl_Swi_Module__loggerFxn1__C                     
0081cdd8  ti_sysbios_knl_Swi_Module__loggerFxn4__C                     
0081cddc  ti_sysbios_knl_Swi_Module__loggerObj__C                      
0081cde0  ti_sysbios_knl_Swi_Object__count__C                          
0081cde4  ti_sysbios_knl_Task_A_badPriority__C                         
0081cde8  ti_sysbios_knl_Task_A_badTaskState__C                        
0081cdec  ti_sysbios_knl_Task_A_badThreadType__C                       
0081cdf0  ti_sysbios_knl_Task_A_noPendElem__C                          
0081cdf4  ti_sysbios_knl_Task_E_spOutOfBounds__C                       
0081cdf8  ti_sysbios_knl_Task_E_stackOverflow__C                       
0081cdfc  ti_sysbios_knl_Task_LD_block__C                              
0081ce00  ti_sysbios_knl_Task_LD_exit__C                               
0081ce04  ti_sysbios_knl_Task_LD_ready__C                              
0081ce08  ti_sysbios_knl_Task_LM_switch__C                             
0081ce0c  ti_sysbios_knl_Task_Module_State_inactiveQ__O                
0081ce10  ti_sysbios_knl_Task_Module__diagsEnabled__C                  
0081ce14  ti_sysbios_knl_Task_Module__diagsIncluded__C                 
0081ce18  ti_sysbios_knl_Task_Module__diagsMask__C                     
0081ce1c  ti_sysbios_knl_Task_Module__loggerFxn2__C                    
0081ce20  ti_sysbios_knl_Task_Module__loggerFxn4__C                    
0081ce24  ti_sysbios_knl_Task_Module__loggerObj__C                     
0081ce28  ti_sysbios_knl_Task_Object__count__C                         
0081ce2c  ti_sysbios_knl_Task_allBlockedFunc__C                        
0081ce30  ti_sysbios_knl_Task_defaultStackHeap__C                      
0081ce34  ti_sysbios_knl_Task_defaultStackSize__C                      
0081ce38  ti_sysbios_knl_Task_numConstructedTasks__C                   
0081ce3c  ti_sysbios_timers_rti_Timer_E_cannotSupport__C               
0081ce40  ti_sysbios_timers_rti_Timer_Module__diagsEnabled__C          
0081ce44  ti_sysbios_timers_rti_Timer_Module__diagsIncluded__C         
0081ce48  ti_sysbios_timers_rti_Timer_Module__diagsMask__C             
0081ce4c  ti_sysbios_timers_rti_Timer_numTimerDevices__C               
0081ce50  ti_sysbios_timers_rti_Timer_startupNeeded__C                 
0081ce54  xdc_runtime_Assert_E_assertFailed__C                         
0081ce58  xdc_runtime_Core_A_initializedParams__C                      
0081ce5c  xdc_runtime_Core_Module__diagsEnabled__C                     
0081ce60  xdc_runtime_Core_Module__diagsIncluded__C                    
0081ce64  xdc_runtime_Core_Module__diagsMask__C                        
0081ce68  xdc_runtime_Error_E_memory__C                                
0081ce6c  xdc_runtime_Error_Module__diagsEnabled__C                    
0081ce70  xdc_runtime_Error_Module__diagsIncluded__C                   
0081ce74  xdc_runtime_Error_Module__diagsMask__C                       
0081ce78  xdc_runtime_Error_Module__loggerFxn8__C                      
0081ce7c  xdc_runtime_Error_Module__loggerObj__C                       
0081ce80  xdc_runtime_Error_policyFxn__C                               
0081ce84  xdc_runtime_Error_policy__C                                  
0081ce88  xdc_runtime_Error_raiseHook__C                               
0081ce8c  xdc_runtime_IGateProvider_Interface__BASE__C                 
0081ce90  xdc_runtime_IHeap_Interface__BASE__C                         
0081ce94  xdc_runtime_IModule_Interface__BASE__C                       
0081ce98  xdc_runtime_Log_L_error__C                                   
0081ce9c  xdc_runtime_Memory_defaultHeapInstance__C                    
0081cea0  xdc_runtime_Startup_execImpl__C                              
0081cea4  xdc_runtime_Startup_maxPasses__C                             
0081cea8  xdc_runtime_Startup_sfxnRts__C                               
0081ceac  xdc_runtime_Startup_sfxnTab__C                               
0081ceb0  xdc_runtime_System_Module__gateObj__C                        
0081ceb4  xdc_runtime_System_abortFxn__C                               
0081ceb8  xdc_runtime_System_exitFxn__C                                
0081cebc  xdc_runtime_System_extendFxn__C                              
0081cec0  xdc_runtime_System_maxAtexitHandlers__C                      
0081cec4  xdc_runtime_Text_charTab__C                                  
0081cec8  xdc_runtime_Text_nameEmpty__C                                
0081cecc  xdc_runtime_Text_nameStatic__C                               
0081ced0  xdc_runtime_Text_nameUnknown__C                              
0081ced4  xdc_runtime_Text_nodeTab__C                                  
0081ced8  xdc_runtime_Text_visitRopeFxn__C                             
0081cedc  ti_sysbios_family_c64p_Exception_Module__id__C               
0081cede  ti_sysbios_family_c64p_Exception_useInternalBuffer__C        
0081cee0  ti_sysbios_family_c64p_Hwi_Module__id__C                     
0081cee2  ti_sysbios_family_c64p_Hwi_Module__loggerDefined__C          
0081cee4  ti_sysbios_gates_GateMutex_Module__id__C                     
0081cee6  ti_sysbios_hal_Hwi_Module__id__C                             
0081cee8  ti_sysbios_heaps_HeapMem_Module__id__C                       
0081ceea  ti_sysbios_knl_Clock_Module__id__C                           
0081ceec  ti_sysbios_knl_Clock_Module__loggerDefined__C                
0081ceee  ti_sysbios_knl_Semaphore_Module__id__C                       
0081cef0  ti_sysbios_knl_Semaphore_Module__loggerDefined__C            
0081cef2  ti_sysbios_knl_Swi_Module__id__C                             
0081cef4  ti_sysbios_knl_Swi_Module__loggerDefined__C                  
0081cef6  ti_sysbios_knl_Task_Module__id__C                            
0081cef8  ti_sysbios_knl_Task_Module__loggerDefined__C                 
0081cefa  ti_sysbios_timers_rti_Timer_Module__id__C                    
0081cefc  ti_sysbios_timers_rti_Timer_continueOnSuspend__C             
0081cefe  xdc_runtime_Core_Module__id__C                               
0081cf00  xdc_runtime_Error_Module__loggerDefined__C                   
0081cf02  xdc_runtime_Error_maxDepth__C                                
0081cf04  xdc_runtime_Main_Module__id__C                               
0081cf06  xdc_runtime_Memory_Module__id__C                             
0081cf08  xdc_runtime_Text_charCnt__C                                  
0081cf0a  xdc_runtime_Text_isLoaded__C                                 
0081cf0c  xdc_runtime_Text_registryModsLastId__C                       
0081cf0e  xdc_runtime_Text_unnamedModsLastId__C                        
0081cf10  _stack                                                       
0081df10  __TI_STACK_END                                               
0081df10  ti_sysbios_knl_Task_Instance_State_0_stack__A                
0081ebe8  __TI_tmpnams                                                 
0081ed28  aoaCfg                                                       
0081edec  aoaTestCfg                                                   
0081ee46  extMaxVelCfg                                                 
0081ee48  aoaDynOutCompRxCfg                                           
0081ee7c  aoaDynFovCfg                                                 
0081ee8c  edmaDbg                                                      
0081ee9c  outAoaProc                                                   
0081eea8  aoaDynBmCfg                                                  
0081eeb0  parmbuf                                                      
0081eeb8  ti_sysbios_family_c64p_EventCombiner_Module__state__V        
0081f2b8  _ftable                                                      
0081f498  _stream                                                      
0081f538  ti_sysbios_knl_Swi_Module_State_0_readyQ__A                  
0081f5b8  ti_sysbios_knl_Task_Module_State_0_readyQ__A                 
0081f638  _device                                                      
0081f6b0  ti_sysbios_family_c64p_Hwi_Object__table__V                  
0081f728  ti_sysbios_family_c64p_Hwi_Module__state__V                  
0081f794  _lock                                                        
0081f7f8  ti_sysbios_knl_Task_Object__table__V                         
0081f854  ti_sysbios_knl_Task_Module__state__V                         
0081f89c  _unlock                                                      
0081f920  SOC_TranslateAddr_LUT                                        
0081f9a0  ti_sysbios_gates_GateMutex_Object__table__V                  
0081f9e0  ti_sysbios_timers_rti_Timer_Object__table__V                 
0081fa1c  __TI_ft_end                                                  
0081fa20  gHWAHwCfg                                                    
0081fa50  ti_sysbios_family_c64p_Exception_Module__state__V            
0081fa80  ti_sysbios_knl_Swi_Object__table__V                          
0081fab0  ti_sysbios_knl_Clock_Module__state__V                        
0081fadc  ti_sysbios_BIOS_Module__state__V                             
0081fb20  xdc_runtime_Error_IgnoreBlock                                
0081fb40  xdc_runtime_System_Module_State_0_atexitHandlers__A          
0081fb60  ti_sysbios_knl_Swi_Module__state__V                          
0081fb7c  __errno                                                      
0081fb7c  errno                                                        
0081fbb0  gSOCHwAttrib                                                 
0081fbc8  ti_sysbios_heaps_HeapMem_Object__table__V                    
0081fbe0  ti_sysbios_timers_rti_Timer_Module_State_0_device__A         
0081fc18  gHwaEDMAChanMapping                                          
0081fc28  ti_sysbios_timers_rti_Timer_Module_State_0_intFreqs__A       
0081fc38  ti_sysbios_timers_rti_Timer_Module__state__V                 
0081fc48  __TI_cleanup_ptr                                             
0081fc4c  __TI_dtors_ptr                                               
0081fc50  __TI_enable_exit_profile_output                              
0081fc54  ti_sysbios_gates_GateHwi_Module__root__V                     
0081fc5c  ti_sysbios_gates_GateMutex_Module__root__V                   
0081fc64  ti_sysbios_family_c64p_Cache_Module__state__V                
0081fc68  ti_sysbios_hal_Hwi_Object__table__V                          
0081fc70  ti_sysbios_heaps_HeapMem_Module__root__V                     
0081fc78  ti_sysbios_knl_Queue_Module__root__V                         
0081fc80  ti_sysbios_knl_Semaphore_Module__root__V                     
0081fc88  ti_sysbios_knl_Task_Module__root__V                          
0081fc90  ti_sysbios_timers_rti_Timer_Module_State_0_handles__A        
0081fc98  xdc_runtime_Registry_Module__state__V                        
0081fca0  xdc_runtime_Startup_Module__state__V                         
0081fca8  xdc_runtime_System_Module__state__V                          
0081fcb0  gHWADriverPtr                                                
0081fcb4  xdc_runtime_Memory_Module__state__V                          
0081fcb8  ti_sysbios_gates_GateHwi_Object__table__V                    
0081fcbc  xdc_runtime_Error_Module__state__V                           
0081fcc0  ti_sysbios_knl_Task_Module_State_0_idleTask__A               
0081fcc8  __CIOBUF_                                                    
0081fe58  MCPI_FailSignature                                           
0081fe58  __TI_STATIC_BASE                                             
0081fe5c  aoaProcHandle                                                
0081fe60  edmaHandle                                                   
0081fe64  hwaHandle                                                    
0081fe68  pAoaDetObj                                                   
0081fe6c  pCfarDetObjList                                              
0081fe70  pTestDopplerWindow                                           
0081fe74  socHandle                                                    
0081fe78  testCount                                                    
0081fe7c  MCPI_Result                                                  
0081fe7d  finalResults                                                 
0081fe88  gMCPILogMessageSize                                          
0081fe8c  regionId                                                     
20000000  testRadarCube                                                
ffffffff  __TI_pprof_out_hndl                                          
ffffffff  __TI_prof_data_size                                          
ffffffff  __TI_prof_data_start                                         
ffffffff  __binit__                                                    
ffffffff  __c_args__                                                   
ffffffff  binit                                                        
UNDEFED   __TI_CINIT_Base                                              
UNDEFED   __TI_CINIT_Limit                                             
UNDEFED   __TI_Handler_Table_Base                                      
UNDEFED   __TI_Handler_Table_Limit                                     
UNDEFED   __TI_INITARRAY_Base                                          
UNDEFED   __TI_INITARRAY_Limit                                         
UNDEFED   __TI_TLS_INIT_Base                                           
UNDEFED   __TI_TLS_INIT_Limit                                          

[791 symbols]
