******************************************************************************
               TMS320C6x Linker Unix v8.3.3                    
******************************************************************************
>> Linked Wed May  8 02:37:01 2019

OUTPUT FILE NAME:   <test/xwr16xx_objectdetection_test_dss.xe674>
ENTRY POINT SYMBOL: "_c_int00"  address: 007fbf20


MEMORY CONFIGURATION

         name            origin    length      used     unused   attr    fill
----------------------  --------  ---------  --------  --------  ----  --------
PAGE 0:
  L2SRAM_UMAP1          007e0000   00020000  00020000  00000000  RWIX
  L2SRAM_UMAP0          00800000   00020000  0001e983  0000167d  RWIX
  L1PSRAM               00e00000   00004000  00000000  00004000  RWIX
  L1DSRAM               00f00000   00004000  00004000  00000000  RWIX
  L3SRAM                20000000   000c0000  000bfc40  000003c0  RWIX
  HSRAM                 21080000   00008000  00006400  00001c00  RWIX

PAGE 1:
  L3SRAM                20000000   000c0000  00000000  000c0000  RWIX


SEGMENT ALLOCATION MAP

run origin  load origin   length   init length attrs members
----------  ----------- ---------- ----------- ----- -------
007e0000    007e0000    00020e80   00020e80    r-x
  007e0000    007e0000    00000200   00000200    r-x .vecs
  007e0200    007e0200    0001fe00   0001fe00    r-x .text.1
  00800000    00800000    00000e80   00000e80    r-x .text.2
00800e80    00800e80    000183c4   00000000    rw-
  00800e80    00800e80    0000a000   00000000    rw- .l2Heap
  0080ae80    0080ae80    00008400   00000000    rw- systemHeap
  00813280    00813280    00005fc4   00000000    rw- .far
00819248    00819248    00003cac   00003cac    r--
  00819248    00819248    00003cac   00003cac    r-- .const
0081cef8    0081cef8    00001978   00001054    rw-
  0081cef8    0081cef8    00001054   00001054    rw- .fardata
  0081df50    0081df50    00000800   00000000    rw- .stack
  0081e750    0081e750    00000120   00000000    rw- .cio
0081e870    0081e870    000000dc   000000dc    r--
  0081e870    0081e870    000000dc   000000dc    r-- .switch
0081e950    0081e950    00000043   00000034    rw-
  0081e950    0081e950    00000034   00000034    rw- .neardata
  0081e984    0081e984    0000000f   00000000    rw- .bss
00f00000    00f00000    00004000   00000000    rw-
  00f00000    00f00000    00004000   00000000    rw- .l1Heap
20000000    20000000    000bfc40   000bfc40    rwx
  20000000    20000000    000bfc40   000bfc40    rwx .l3ram
21080000    21080000    00006400   00000000    rw-
  21080000    21080000    00004000   00000000    rw- .hsram
  21084000    21084000    00002400   00000000    rw- .MCPILogBuffer


SECTION ALLOCATION MAP

 output                                  attributes/
section   page    origin      length       input sections
--------  ----  ----------  ----------   ----------------
xdc.meta   0    00000000    00000120     COPY SECTION
                  00000000    00000120     dss_pe674.oe674 (xdc.meta)

.vecs      0    007e0000    00000200     
                  007e0000    00000200     dss_pe674.oe674 (.vecs)

.stack     0    0081df50    00000800     UNINITIALIZED
                  0081df50    00000008     boot.ae674 : boot.oe674 (.stack)
                  0081df58    000007f8     --HOLE--

.neardata 
*          0    0081e950    00000034     
                  0081e950    0000001e     main.oe674 (.neardata)
                  0081e96e    00000002     --HOLE-- [fill = 0]
                  0081e970    00000008     gen_frame_data.oe674 (.neardata)
                  0081e978    00000004     libdpm_xwr16xx.ae674 : dpm_mailbox.oe674 (.neardata)
                  0081e97c    00000004     libedma_xwr16xx.ae674 : edma_low_level.oe674 (.neardata)
                  0081e980    00000004     libtestlogger_xwr16xx.ae674 : logger.oe674 (.neardata)

.bss       0    0081e984    0000000f     UNINITIALIZED
                  0081e984    00000004     (.common:MCPI_FailSignature)
                  0081e988    00000004     (.common:gObjDetObj)
                  0081e98c    00000004     (.common:socHandle)
                  0081e990    00000002     (.common:gCurrTestId)
                  0081e992    00000001     (.common:MCPI_Result)

.cinit     0    00800000    00000000     UNINITIALIZED

.text.1    0    007e0200    0001fe00     
                  007e0200    00000ba0     sysbios.ae674 : BIOS.obj (.text:xdc_runtime_System_doPrint__I)
                  007e0da0    00000b00     libmmwavealg_xwr16xx.ae674 : mmwavelib_ffttwiddle_gen.oe674 (.text:mmwavelib_gen_twiddle_largefft_16x16_imre_sa)
                  007e18a0    00000880     objectdetection.oe674 (.text:DPC_ObjectDetection_ioctl)
                  007e2120    00000780     sysbios.ae674 : BIOS.obj (.text:ti_sysbios_family_c64p_Exception_handler__I)
                  007e28a0    00000720     objectdetection.oe674 (.text:DPC_ObjDetDSP_rangeBiasRxChPhaseMeasure)
                  007e2fc0    000006a0     sysbios.ae674 : BIOS.obj (.text:ti_sysbios_knl_Semaphore_pend__E)
                  007e3660    00000680                   : BIOS.obj (.text:ti_sysbios_heaps_HeapMem_allocUnprotected__E)
                  007e3ce0    00000660     libaoaproc_dsp_xwr16xx.ae674 : aoaprocdsp.oe674 (.text:AoAProcDSP_processMultipleVirtualAntennas)
                  007e4340    00000660     sysbios.ae674 : BIOS.obj (.text:ti_sysbios_heaps_HeapMem_freeUnprotected__E)
                  007e49a0    000005e0     libdopplerproc_dsp_xwr16xx.ae674 : dopplerprocdsp.oe674 (.text:DPU_DopplerProcDSP_process)
                  007e4f80    000005a0     objectdetection.oe674 (.text:DPC_ObjDetDSP_preStartConfig)
                  007e5520    00000580     libaoaproc_dsp_xwr16xx.ae674 : aoaprocdsp.oe674 (.text:DPU_AoAProcDSP_config)
                  007e5aa0    00000580     libmmwavealg_xwr16xx.ae674 : mmwavelib_peakpruning.oe674 (.text:mmwavelib_cfarPeakQualifiedInOrderPruning)
                  007e6020    00000580     sysbios.ae674 : BIOS.obj (.text:ti_sysbios_knl_Task_Instance_finalize__E)
                  007e65a0    00000500     libcfarcaproc_dsp_xwr16xx.ae674 : cfarcaprocdsp.oe674 (.text:CFARCADSP_cfarCadB_SOGO)
                  007e6aa0    000004e0                                     : cfarcaprocdsp.oe674 (.text:CFARCADSP_cfarCadBwrap)
                  007e6f80    000004e0     librangeproc_dsp_xwr16xx.ae674 : rangeprocdsp.oe674 (.text:DPU_RangeProcDSP_process)
                  007e7460    000004e0     libmmwavealg_xwr16xx.ae674 : mmwavelib_windowcoef_gen.oe674 (.text:mmwavelib_windowCoef_gen)
                  007e7940    000004c0     objectdetection.oe674 (.text:DPC_ObjDetDSP_AoAconfig)
                  007e7e00    00000480     libdopplerproc_dsp_xwr16xx.ae674 : dopplerprocdsp.oe674 (.text:DPU_DopplerProcDSP_config)
                  007e8280    00000460     librangeproc_dsp_xwr16xx.ae674 : rangeprocdsp.oe674 (.text:DPU_RangeProcDSP_config)
                  007e86e0    00000440     libcfarcaproc_dsp_xwr16xx.ae674 : cfarcaprocdsp.oe674 (.text:CFARCADSP_processRangeDomain)
                  007e8b20    00000440     sysbios.ae674 : BIOS.obj (.text:ti_sysbios_knl_Task_Instance_init__E)
                  007e8f60    00000420     libmailbox_xwr16xx.ae674 : mailbox.oe674 (.text:Mailbox_open)
                  007e9380    000003e0     libmmwavealg_xwr16xx.ae674 : mmwavelib_peakpruning.oe674 (.text:mmwavelib_cfarPeakPruning)
                  007e9760    000003e0     sysbios.ae674 : BIOS.obj (.text:ti_sysbios_knl_Task_sleep__E)
                  007e9b40    000003e0                   : BIOS.obj (.text:ti_sysbios_utils_Load_updateThreadContexts__E)
                  007e9f20    000003c0     libaoaproc_dsp_xwr16xx.ae674 : aoaprocdsp.oe674 (.text:AoAProcDSP_RangeAzimuthHeatmap)
                  007ea2e0    000003a0     libcfarcaproc_dsp_xwr16xx.ae674 : cfarcaprocdsp.oe674 (.text:DPU_CFARCAProcDSP_process)
                  007ea680    00000380     dsplib.ae64P : DSP_fft32x32_sa.oe64P (.text:psa)
                  007eaa00    00000360     libdpm_xwr16xx.ae674 : dpm_core.oe674 (.text:DPM_init)
                  007ead60    00000360                          : dpm_msg.oe674 (.text:DPM_msgRecv)
                  007eb0c0    00000340     libcfarcaproc_dsp_xwr16xx.ae674 : cfarcaprocdsp.oe674 (.text:CFARCADSP_processDopplerDomain)
                  007eb400    00000340     librangeproc_dsp_xwr16xx.ae674 : rangeprocdsp.oe674 (.text:rangeProcDSP_dcRangeSignatureCompensation)
                  007eb740    00000320     rts6740_elf.lib : cos.c.obj (.text:cos)
                  007eba60    00000320                     : fputs.c.obj (.text:fputs)
                  007ebd80    00000300     dsplib.ae64P : DSP_fft16x16_imre_sa.oe64P (.text:psa)
                  007ec080    000002e0     objectdetection.oe674 (.text:DPC_ObjectDetection_execute)
                  007ec360    000002e0     rts6740_elf.lib : sin.c.obj (.text:sin)
                  007ec640    000002e0     sysbios.ae674 : BIOS.obj (.text:ti_sysbios_heaps_HeapMem_Instance_init__E)
                  007ec920    000002e0                   : BIOS.obj (.text:xdc_runtime_Core_createObject__I)
                  007ecc00    000002c0     libaoaproc_dsp_xwr16xx.ae674 : aoaprocdsp.oe674 (.text:AoAProcDSP_XYZestimation)
                  007ecec0    000002c0     libedma_xwr16xx.ae674 : edma.oe674 (.text:EDMA_configChannel)
                  007ed180    000002c0                           : edma.oe674 (.text:EDMA_configErrorMonitoring)
                  007ed440    000002c0     sysbios.ae674 : BIOS.obj (.text:ti_sysbios_knl_Task_postInit__I)
                  007ed700    000002c0                   : BIOS.obj (.text:ti_sysbios_timers_rti_Timer_Module_startup__E)
                  007ed9c0    000002a0     libaoaproc_dsp_xwr16xx.ae674 : aoaprocdsp.oe674 (.text:AoAProcDSP_dopplerCompensation)
                  007edc60    000002a0     objectdetection.oe674 (.text:DPC_ObjDetDSP_dopplerConfig)
                  007edf00    000002a0     libedma_xwr16xx.ae674 : edma.oe674 (.text:EDMA_open)
                  007ee1a0    000002a0     rts6740_elf.lib : divf.c.obj (.text:__c6xabi_divf)
                  007ee440    000002a0     sysbios.ae674 : BIOS.obj (.text:ti_sysbios_family_c64p_EventCombiner_dispatch__E)
                  007ee6e0    000002a0                   : BIOS.obj (.text:ti_sysbios_timers_rti_Timer_getFreq__E)
                  007ee980    00000280     libaoaproc_dsp_xwr16xx.ae674 : aoaprocdsp.oe674 (.text:DPU_AoAProcDSP_control)
                  007eec00    00000280     sysbios.ae674 : BIOS.obj (.text:ti_sysbios_family_c64p_Cache_Module_startup__E)
                  007eee80    00000280                   : BIOS.obj (.text:xdc_runtime_Startup_startMods__I)
                  007ef100    00000260     objectdetection.oe674 (.text:DPC_ObjDetDSP_rangeConfig)
                  007ef360    00000260     sysbios.ae674 : BIOS.obj (.text:ti_sysbios_gates_GateMutex_enter__E)
                  007ef5c0    00000240     libcfarcaproc_dsp_xwr16xx.ae674 : cfarcaprocdsp.oe674 (.text:DPU_CFARCAProcDSP_config)
                  007ef800    00000240                                     : cfarcaprocdsp.oe674 (.text:DPU_CFARCAProcDSP_control)
                  007efa40    00000240     libmmwavealg_xwr16xx.ae674 : mmwavelib_ffttwiddle_gen.oe674 (.text:mmwavelib_gen_twiddle_fft16x16_imre_sa)
                  007efc80    00000240     sysbios.ae674 : BIOS.obj (.text:ti_sysbios_family_c64p_Exception_internalHandler__I)
                  007efec0    00000240                   : BIOS.obj (.text:xdc_runtime_Error_policyDefault__E)
                  007f0100    00000240     dss_pe674.oe674 (.text:xdc_runtime_System_printfExtend__I)
                  007f0340    00000220     objectdetection.oe674 (.text:DPC_ObjDetDSP_CFARCAconfig)
                  007f0560    00000220     libedma_xwr16xx.ae674 : edma.oe674 (.text:EDMA_transferComplete_isr)
                  007f0780    00000220     libmailbox_xwr16xx.ae674 : mailbox.oe674 (.text:Mailbox_write)
                  007f09a0    00000220     rts6740_elf.lib : open.c.obj (.text:open)
                  007f0bc0    00000220     sysbios.ae674 : BIOS.obj (.text:ti_sysbios_family_c64p_EventCombiner_dispatchPlug__E)
                  007f0de0    00000220                   : BIOS.obj (.text:ti_sysbios_family_c64p_EventCombiner_enableEvent__E)
                  007f1000    00000200     libdpm_xwr16xx.ae674 : dpm_msg.oe674 (.text:DPM_msgResultHandler)
                  007f1200    00000200     libaoaproc_dsp_xwr16xx.ae674 : aoaprocdsp.oe674 (.text:DPU_AoAProcDSP_process)
                  007f1400    00000200     sysbios.ae674 : c64p_Hwi_disp_always.obj (.text:_ti_sysbios_family_c64p_Hwi_dispatchAlways)
                  007f1600    00000200     libmmwavealg_xwr16xx.ae674 : mmwavelib_log2abs.oe674 (.text:mmwavelib_log2Abs32)
                  007f1800    00000200     sysbios.ae674 : BIOS.obj (.text:ti_sysbios_family_c64p_EventCombiner_disableEvent__E)
                  007f1a00    00000200                   : BIOS.obj (.text:ti_sysbios_utils_Load_idleFxn__E)
                  007f1c00    00000200                   : BIOS.obj (.text:xdc_runtime_Core_constructObject__I)
                  007f1e00    000001e0     objectdetection.oe674 (.text:DPC_ObjectDetection_init)
                  007f1fe0    000001e0     libedma_xwr16xx.ae674 : edma.oe674 (.text:EDMA_init)
                  007f21c0    000001e0     rts6740_elf.lib : log.c.obj (.text:log)
                  007f23a0    000001e0     libmmwavealg_xwr16xx.ae674 : mmwavelib_ffttwiddle_gen.oe674 (.text:mmwavelib_gen_twiddle_smallfft_32x32)
                  007f2580    000001e0                                : mmwavelib_windowing.oe674 (.text:mmwavelib_windowing16x16_evenlen)
                  007f2760    000001e0     sysbios.ae674 : BIOS.obj (.text:ti_sysbios_knl_Semaphore_post__E)
                  007f2940    000001c0     libdpedma_base_xwr16xx.ae674 : dpedma.oe674 (.text:DPEDMA_configSyncAB)
                  007f2b00    000001c0                                  : dpedma.oe674 (.text:DPEDMA_configSyncA_singleFrame)
                  007f2cc0    000001c0     libmailbox_xwr16xx.ae674 : mailbox.oe674 (.text:Mailbox_read)
                  007f2e80    000001c0     libsoc_xwr16xx.ae674 : soc.oe674 (.text:SOC_deregisterSysIntListener)
                  007f3040    000001c0     rts6740_elf.lib : imath40.c.obj (.text:__c6xabi_divul)
                  007f3200    000001c0                     : atan2.c.obj (.text:atan2)
                  007f33c0    000001c0                     : fputc.c.obj (.text:fputc)
                  007f3580    000001c0                     : frexp.c.obj (.text:frexp)
                  007f3740    000001c0                     : ldexp.c.obj (.text:ldexp)
                  007f3900    000001c0     libmmwavealg_xwr16xx.ae674 : mmwavelib_secondpeak.oe674 (.text:mmwavelib_secondPeakSearch)
                  007f3ac0    000001c0     rts6740_elf.lib : setvbuf.c.obj (.text:setvbuf)
                  007f3c80    000001c0     sysbios.ae674 : BIOS.obj (.text:ti_sysbios_knl_Swi_restoreHwi__E)
                  007f3e40    000001c0                   : BIOS.obj (.text:ti_sysbios_knl_Task_checkStacks__E)
                  007f4000    000001c0                   : BIOS.obj (.text:xdc_runtime_Text_putSite__E)
                  007f41c0    000001a0     libedma_xwr16xx.ae674 : edma.oe674 (.text:EDMA_paramConfig_assist)
                  007f4360    000001a0     rts6740_elf.lib : hostrename.c.obj (.text:HOSTrename)
                  007f4500    000001a0                     : asin.c.obj (.text:asin)
                  007f46a0    000001a0     sysbios.ae674 : BIOS.obj (.text:ti_sysbios_family_c64p_Cache_getL2InitSize__I)
                  007f4840    000001a0                   : BIOS.obj (.text:ti_sysbios_heaps_HeapBuf_Module_startup__E)
                  007f49e0    000001a0                   : BIOS.obj (.text:ti_sysbios_knl_Swi_runLoop__I)
                  007f4b80    000001a0                   : BIOS.obj (.text:ti_sysbios_knl_Task_exit__E)
                  007f4d20    000001a0                   : BIOS.obj (.text:ti_sysbios_timers_rti_Timer_startup__E)
                  007f4ec0    00000180     libdpm_xwr16xx.ae674 : dpm_core.oe674 (.text:DPM_deinit)
                  007f5040    00000180                          : dpm_core.oe674 (.text:DPM_ioctl)
                  007f51c0    00000180     sysbios.ae674 : c64p_Exception_asm.obj (.text)
                  007f5340    00000180                   : BIOS.obj (.text:ti_sysbios_knl_Task_schedule__I)
                  007f54c0    00000180                   : BIOS.obj (.text:ti_sysbios_utils_Load_startup__E)
                  007f5640    00000160     libdpm_xwr16xx.ae674 : dpm_msg.oe674 (.text:DPM_msgResponseHandler)
                  007f57a0    00000160     librangeproc_dsp_xwr16xx.ae674 : rangeprocdsp.oe674 (.text:DPU_RangeProcDSP_control)
                  007f5900    00000160     libedma_xwr16xx.ae674 : edma.oe674 (.text:EDMA_getErrorStatusInfo)
                  007f5a60    00000160     libmailbox_xwr16xx.ae674 : mailbox.oe674 (.text:Mailbox_close)
                  007f5bc0    00000160     libsoc_xwr16xx.ae674 : soc.oe674 (.text:SOC_registerSysIntListener)
                  007f5d20    00000160     rts6740_elf.lib : _bufread.c.obj (.text:__TI_buff_read)
                  007f5e80    00000160                     : sqrt.c.obj (.text:sqrt)
                  007f5fe0    00000160     sysbios.ae674 : BIOS.obj (.text:ti_sysbios_family_c64p_Cache_getL1DInitSize__I)
                  007f6140    00000160                   : BIOS.obj (.text:ti_sysbios_family_c64p_Cache_getL1PInitSize__I)
                  007f62a0    00000160                   : BIOS.obj (.text:ti_sysbios_family_c64p_Hwi_Module_startup__E)
                  007f6400    00000160                   : BIOS.obj (.text:xdc_runtime_Core_deleteObject__I)
                  007f6560    00000140     libaoaproc_dsp_xwr16xx.ae674 : aoaprocdsp.oe674 (.text:AoAProcDSP_ConvertFov)
                  007f66a0    00000140     libedma_xwr16xx.ae674 : edma_low_level.oe674 (.text:EDMA3Init)
                  007f67e0    00000140                           : edma.oe674 (.text:EDMA_clearErrors)
                  007f6920    00000140     librangeproc_dsp_xwr16xx.ae674 : rangeprocdsp.oe674 (.text:rangeProcDSP_ConfigDataOutEDMA)
                  007f6a60    00000140     sysbios.ae674 : BIOS.obj (.text:ti_sysbios_knl_Semaphore_Instance_init__E)
                  007f6ba0    00000140                   : BIOS.obj (.text:ti_sysbios_knl_Task_Module_startup__E)
                  007f6ce0    00000140                   : BIOS.obj (.text:ti_sysbios_knl_Task_startCore__E)
                  007f6e20    00000140                   : BIOS.obj (.text:ti_sysbios_timers_rti_Timer_initDevice__I)
                  007f6f60    00000140                   : BIOS.obj (.text:ti_sysbios_utils_Load_addTask__E)
                  007f70a0    00000140                   : BIOS.obj (.text:ti_sysbios_utils_Load_updateLoads__E)
                  007f71e0    00000140                   : BIOS.obj (.text:xdc_runtime_Memory_alloc__E)
                  007f7320    00000140                   : BIOS.obj (.text:xdc_runtime_Text_putLab__E)
                  007f7460    00000140                   : BIOS.obj (.text:xdc_runtime_Text_putMod__E)
                  007f75a0    00000140                   : BIOS.obj (.text:xdc_runtime_Text_visitRope2__I)
                  007f76e0    00000120     objectdetection.oe674 (.text:DPC_ObjDetDSP_GetRxChPhaseComp)
                  007f7800    00000120     objectdetection.oe674 (.text:DPC_ObjDetDSP_reconfigSubFrame)
                  007f7920    00000120     libdpm_xwr16xx.ae674 : dpm_msg.oe674 (.text:DPM_msgDPCCfgHandler)
                  007f7a40    00000120     libedma_xwr16xx.ae674 : edma.oe674 (.text:EDMA_configParamSet)
                  007f7b60    00000120     libsoc_xwr16xx.ae674 : soc.oe674 (.text:SOC_init)
                  007f7c80    00000120     boot.ae674 : autoinit.oe674 (.text:_auto_init_elf)
                  007f7da0    00000120     rts6740_elf.lib : getdevice.c.obj (.text:getdevice)
                  007f7ec0    00000120     mathlib.ae674 : cossp.oe674 (.text:optasm)
                  007f7fe0    00000120                   : sinsp.oe674 (.text:optasm)
                  007f8100    00000120     sysbios.ae674 : BIOS.obj (.text:ti_sysbios_knl_Clock_workFunc__E)
                  007f8220    00000120                   : BIOS.obj (.text:ti_sysbios_timers_rti_Timer_setPeriodMicroSecs__E)
                  007f8340    00000120                   : BIOS.obj (.text:ti_sysbios_utils_Load_taskCreateHook__E)
                  007f8460    00000120                   : BIOS.obj (.text:ti_sysbios_utils_Load_taskDeleteHook__E)
                  007f8580    00000100     libmailbox_xwr16xx.ae674 : mailbox.oe674 (.text:Mailbox_readFlush)
                  007f8680    00000100     libsoc_xwr16xx.ae674 : soc_xwr16xx_dss.oe674 (.text:SOC_deviceInit)
                  007f8780    00000100                          : soc_xwr16xx.oe674 (.text:SOC_translateAddress)
                  007f8880    00000100     rts6740_elf.lib : atoi.c.obj (.text:atoi)
                  007f8980    00000100                     : fflush.c.obj (.text:fflush)
                  007f8a80    00000100                     : fseek.c.obj (.text:fseek)
                  007f8b80    00000100     libmmwavealg_xwr16xx.ae674 : mmwavelib_dftsinglebin.oe674 (.text:mmwavelib_dftSinCosTabelGen)
                  007f8c80    00000100     sysbios.ae674 : BIOS.obj (.text:xdc_runtime_Error_print__E)
                  007f8d80    00000100                   : BIOS.obj (.text:xdc_runtime_Startup_exec__E)
                  007f8e80    000000e0     objectdetection.oe674 (.text:DPC_ObjectDetection_deinit)
                  007f8f60    000000e0     libdpm_xwr16xx.ae674 : dpm_core.oe674 (.text:DPM_execute)
                  007f9040    000000e0                          : dpm_pipe.oe674 (.text:DPM_pipeSend)
                  007f9120    000000e0     libedma_xwr16xx.ae674 : edma.oe674 (.text:EDMA_close)
                  007f9200    000000e0                           : edma.oe674 (.text:EDMA_isTransferComplete)
                  007f92e0    000000e0                           : edma.oe674 (.text:EDMA_transferController_error_isr)
                  007f93c0    000000e0     rts6740_elf.lib : hostlseek.c.obj (.text:HOSTlseek)
                  007f94a0    000000e0                     : hostopen.c.obj (.text:HOSTopen)
                  007f9580    000000e0                     : hostwrite.c.obj (.text:HOSTwrite)
                  007f9660    000000e0     libmailbox_xwr16xx.ae674 : mailbox.oe674 (.text:Mailbox_boxFullISRMssDss)
                  007f9740    000000e0     rts6740_elf.lib : _ltoa.c.obj (.text:__TI_ltoa)
                  007f9820    000000e0                     : _io_perm.c.obj (.text:__TI_wrt_ok)
                  007f9900    000000e0                     : divi.asm.obj (.text:__divi)
                  007f99e0    000000e0                     : close.c.obj (.text:close)
                  007f9ac0    000000e0                     : exit.c.obj (.text:exit)
                  007f9ba0    000000e0                     : memset.c.obj (.text:memset)
                  007f9c80    000000e0                     : printf.c.obj (.text:printf)
                  007f9d60    000000e0     sysbios.ae674 : BIOS.obj (.text:ti_sysbios_utils_Load_updateCurrentThreadTime__E)
                  007f9e40    000000c0     libaoaproc_dsp_xwr16xx.ae674 : aoaprocdsp.oe674 (.text:AoAProcDSP_computeHeatMapVal)
                  007f9f00    000000c0     libcfarcaproc_dsp_xwr16xx.ae674 : cfarcaprocdsp.oe674 (.text:CFARCADSP_saveConfiguration)
                  007f9fc0    000000c0     libdpm_xwr16xx.ae674 : dpm_mailbox.oe674 (.text:DPM_mboxRemoteMailboxCallbackFxn)
                  007fa080    000000c0     libdopplerproc_dsp_xwr16xx.ae674 : dopplerprocdsp.oe674 (.text:DPU_DopplerProcDSP_log2AbsAccum)
                  007fa140    000000c0     libedma_xwr16xx.ae674 : edma.oe674 (.text:EDMA_error_isr)
                  007fa200    000000c0                           : edma.oe674 (.text:EDMA_startDmaTransfer)
                  007fa2c0    000000c0     rts6740_elf.lib : hostread.c.obj (.text:HOSTread)
                  007fa380    000000c0                     : hostunlink.c.obj (.text:HOSTunlink)
                  007fa440    000000c0     libmailbox_xwr16xx.ae674 : mailbox.oe674 (.text:Mailbox_boxFullISRProcessing)
                  007fa500    000000c0     objectdetection.oe674 (.text:_DPC_Objdet_Assert)
                  007fa5c0    000000c0     rts6740_elf.lib : divu.asm.obj (.text:__divu)
                  007fa680    000000c0                     : remi.asm.obj (.text:__remi)
                  007fa740    000000c0     libmmwavealg_xwr16xx.ae674 : mmwavelib_maxpow.oe674 (.text:mmwavelib_powerAndMax)
                  007fa800    000000c0     rts6740_elf.lib : modf.c.obj (.text:modf)
                  007fa8c0    000000c0     sysbios.ae674 : BIOS.obj (.text:ti_sysbios_family_c64p_Hwi_dispatchCore__I)
                  007fa980    000000c0                   : BIOS.obj (.text:ti_sysbios_heaps_HeapMem_alloc__E)
                  007faa40    000000c0                   : BIOS.obj (.text:ti_sysbios_heaps_HeapMem_getStats__E)
                  007fab00    000000c0                   : BIOS.obj (.text:ti_sysbios_knl_Swi_schedule__I)
                  007fabc0    000000c0                   : BIOS.obj (.text:ti_sysbios_knl_Task_allBlockedFunction__I)
                  007fac80    000000c0     dss_pe674.oe674 (.text:ti_sysbios_knl_Task_create)
                  007fad40    000000c0     sysbios.ae674 : BIOS.obj (.text:ti_sysbios_utils_Load_taskSwitchHook__E)
                  007fae00    000000c0     rts6740_elf.lib : tls.c.obj (.text:tls:init:__TI_tls_init)
                  007faec0    000000c0     sysbios.ae674 : BIOS.obj (.text:xdc_runtime_Assert_raise__I)
                  007faf80    000000a0     libcfarcaproc_dsp_xwr16xx.ae674 : cfarcaprocdsp.oe674 (.text:CFARCADSP_configEDMARangeDomain)
                  007fb020    000000a0                                     : cfarcaprocdsp.oe674 (.text:CFARCADSP_fovConvertDoppler)
                  007fb0c0    000000a0     objectdetection.oe674 (.text:DPC_ObjDetDSP_GenDopplerWindow)
                  007fb160    000000a0     objectdetection.oe674 (.text:DPC_ObjDetDSP_GenRangeWindow)
                  007fb200    000000a0     objectdetection.oe674 (.text:DPC_ObjectDetection_frameStart)
                  007fb2a0    000000a0     objectdetection.oe674 (.text:DPC_ObjectDetection_start)
                  007fb340    000000a0     libdpedma_base_xwr16xx.ae674 : dpedma.oe674 (.text:DPEDMA_setup_shadow_link)
                  007fb3e0    000000a0     libdpm_xwr16xx.ae674 : dpm_mailbox.oe674 (.text:DPM_mboxInit)
                  007fb480    000000a0                          : dpm_msg.oe674 (.text:DPM_msgStartHandler)
                  007fb520    000000a0                          : dpm_msg.oe674 (.text:DPM_msgStopHandler)
                  007fb5c0    000000a0                          : dpm_core.oe674 (.text:DPM_notifyExecute)
                  007fb660    000000a0                          : dpm_pipe.oe674 (.text:DPM_pipeRecv)
                  007fb700    000000a0                          : dpm_core.oe674 (.text:DPM_start)
                  007fb7a0    000000a0                          : dpm_core.oe674 (.text:DPM_stop)
                  007fb840    000000a0     libedma_xwr16xx.ae674 : edma_low_level.oe674 (.text:EDMA3EnableChInShadowReg)
                  007fb8e0    000000a0                           : edma.oe674 (.text:EDMA_disableChannel)
                  007fb980    000000a0                           : edma.oe674 (.text:EDMA_enableChannel)
                  007fba20    000000a0     rts6740_elf.lib : hostclose.c.obj (.text:HOSTclose)
                  007fbac0    000000a0     libmailbox_xwr16xx.ae674 : mailbox.oe674 (.text:Mailbox_boxEmptyISRProcessing)
                  007fbb60    000000a0     libsoc_xwr16xx.ae674 : soc.oe674 (.text:SOC_SystemISR)
                  007fbc00    000000a0     rts6740_elf.lib : fflush.c.obj (.text:__TI_doflush)
                  007fbca0    000000a0                     : _io_perm.c.obj (.text:__TI_rd_ok)
                  007fbd40    000000a0                     : fixfu.c.obj (.text:__c6xabi_fixfu)
                  007fbde0    000000a0                     : round.c.obj (.text:__c6xabi_nround)
                  007fbe80    000000a0                     : remu.asm.obj (.text:__remu)
                  007fbf20    000000a0     boot.ae674 : boot.oe674 (.text:_c_int00)
                  007fbfc0    000000a0     rts6740_elf.lib : getdevice.c.obj (.text:finddevice)
                  007fc060    000000a0                     : memcpy64.asm.obj (.text:memcpy)
                  007fc100    000000a0     libmmwavealg_xwr16xx.ae674 : mmwavelib_vecsum.oe674 (.text:mmwavelib_vecsum)
                  007fc1a0    000000a0                                : mmwavelib_windowing.oe674 (.text:mmwavelib_windowing16x32_IQswap)
                  007fc240    000000a0     mathlib.ae674 : sqrtsp.oe674 (.text:optasm)
                  007fc2e0    000000a0     sysbios.ae674 : BIOS.obj (.text:ti_sysbios_family_c64p_Exception_Module_startup__E)
                  007fc380    000000a0                   : BIOS.obj (.text:ti_sysbios_family_c64p_Hwi_dispatchC__I)
                  007fc420    000000a0                   : BIOS.obj (.text:ti_sysbios_family_c64p_Hwi_getStackInfo__E)
                  007fc4c0    000000a0                   : BIOS.obj (.text:ti_sysbios_hal_Hwi_checkStack)
                  007fc560    000000a0                   : BIOS.obj (.text:ti_sysbios_knl_Semaphore_pendTimeout__I)
                  007fc600    000000a0                   : BIOS.obj (.text:xdc_runtime_Core_assignLabel__I)
                  007fc6a0    000000a0                   : BIOS.obj (.text:xdc_runtime_Core_assignParams__I)
                  007fc740    000000a0                   : BIOS.obj (.text:xdc_runtime_System_atexit__E)
                  007fc7e0    000000a0                   : BIOS.obj (.text:xdc_runtime_System_exit__E)
                  007fc880    000000a0                   : BIOS.obj (.text:xdc_runtime_Text_printVisFxn__I)
                  007fc920    000000a0                   : BIOS.obj (.text:xdc_runtime_Text_xprintf__I)
                  007fc9c0    00000080     libaoaproc_dsp_xwr16xx.ae674 : aoaprocdsp.oe674 (.text:AoAProcDSP_waitInData)
                  007fca40    00000080     libcfarcaproc_dsp_xwr16xx.ae674 : cfarcaprocdsp.oe674 (.text:CFARCADSP_fovConvertRange)
                  007fcac0    00000080     objectdetection.oe674 (.text:DPC_ObjectDetection_chirpEvent)
                  007fcb40    00000080     objectdetection.oe674 (.text:DPC_ObjectDetection_stop)
                  007fcbc0    00000080     libdpm_xwr16xx.ae674 : dpm_mailbox.oe674 (.text:DPM_mboxSendResult)
                  007fcc40    00000080                          : dpm_pipe.oe674 (.text:DPM_pipeDeinit)
                  007fccc0    00000080                          : dpm_pipe.oe674 (.text:DPM_pipeInit)
                  007fcd40    00000080     libcfarcaproc_dsp_xwr16xx.ae674 : cfarcaprocdsp.oe674 (.text:DPU_CFARCAProcDSP_init)
                  007fcdc0    00000080     libdopplerproc_dsp_xwr16xx.ae674 : dopplerprocdsp.oe674 (.text:DPU_DopplerProcDSP_control)
                  007fce40    00000080                                      : dopplerprocdsp.oe674 (.text:DPU_DopplerProcDSP_init)
                  007fcec0    00000080     libedma_xwr16xx.ae674 : edma_low_level.oe674 (.text:EDMA3MapChToEvtQ)
                  007fcf40    00000080                           : edma.oe674 (.text:EDMA_getTransferControllerErrorStatusInfo)
                  007fcfc0    00000080                           : edma.oe674 (.text:EDMA_linkParamSets)
                  007fd040    00000080     libosal_xwr16xx.ae674 : SemaphoreP_tirtos.oe674 (.text:SemaphoreP_create)
                  007fd0c0    00000080     rts6740_elf.lib : trgmsg.c.obj (.text:__TI_readmsg)
                  007fd140    00000080                     : llshift.c.obj (.text:__c6xabi_llshl)
                  007fd1c0    00000080                     : snprintf.c.obj (.text:_outs)
                  007fd240    00000080     sysbios.ae674 : c62_TaskSupport_asm.obj (.text:_ti_sysbios_family_c62_TaskSupport_swap__E)
                  007fd2c0    00000080     rts6740_elf.lib : snprintf.c.obj (.text:snprintf)
                  007fd340    00000080     dss_pe674.oe674 (.text:ti_sysbios_BIOS_atExitFunc__I)
                  007fd3c0    00000080     dss_pe674.oe674 (.text:ti_sysbios_BIOS_registerRTSLock__I)
                  007fd440    00000080     dss_pe674.oe674 (.text:ti_sysbios_gates_GateHwi_Object__create__S)
                  007fd4c0    00000080     dss_pe674.oe674 (.text:ti_sysbios_gates_GateMutex_Object__create__S)
                  007fd540    00000080     dss_pe674.oe674 (.text:ti_sysbios_heaps_HeapMem_Object__create__S)
                  007fd5c0    00000080     sysbios.ae674 : BIOS.obj (.text:ti_sysbios_heaps_HeapMem_init__I)
                  007fd640    00000080     dss_pe674.oe674 (.text:ti_sysbios_knl_Clock_doTick__I)
                  007fd6c0    00000080     sysbios.ae674 : BIOS.obj (.text:ti_sysbios_knl_Idle_run__E)
                  007fd740    00000080     dss_pe674.oe674 (.text:ti_sysbios_knl_Semaphore_create)
                  007fd7c0    00000080     sysbios.ae674 : BIOS.obj (.text:ti_sysbios_knl_Swi_post__E)
                  007fd840    00000080                   : BIOS.obj (.text:ti_sysbios_knl_Swi_startup__E)
                  007fd8c0    00000080                   : BIOS.obj (.text:ti_sysbios_knl_Task_processVitalTaskFlag__I)
                  007fd940    00000080                   : BIOS.obj (.text:ti_sysbios_knl_Task_restore__E)
                  007fd9c0    00000080                   : BIOS.obj (.text:ti_sysbios_knl_Task_sleepTimeout__I)
                  007fda40    00000080     dss_pe674.oe674 (.text:ti_sysbios_rts_MemAlloc_alloc)
                  007fdac0    00000080     sysbios.ae674 : BIOS.obj (.text:ti_sysbios_timers_rti_Timer_setPeriod__E)
                  007fdb40    00000080                   : BIOS.obj (.text:ti_sysbios_timers_rti_Timer_stop__E)
                  007fdbc0    00000080     rts6740_elf.lib : unlink.c.obj (.text:unlink)
                  007fdc40    00000080     sysbios.ae674 : BIOS.obj (.text:xdc_runtime_System_avprintf__E)
                  007fdcc0    00000080                   : BIOS.obj (.text:xdc_runtime_System_vprintf__E)
                  007fdd40    00000060     libcfarcaproc_dsp_xwr16xx.ae674 : cfarcaprocdsp.oe674 (.text:CFARCADSP_waitEDMATransComplete)
                  007fdda0    00000060     objectdetection.oe674 (.text:DPC_ObjDetDSP_MemPoolAlloc)
                  007fde00    00000060     libdpm_xwr16xx.ae674 : dpm_listlib.oe674 (.text:DPM_listCat)
                  007fde60    00000060                          : dpm_mailbox.oe674 (.text:DPM_mboxDeinit)
                  007fdec0    00000060                          : dpm_msg.oe674 (.text:DPM_msgInitHeader)
                  007fdf20    00000060     libaoaproc_dsp_xwr16xx.ae674 : aoaprocdsp.oe674 (.text:DPU_AoAProcDSP_deinit)
                  007fdf80    00000060                                  : aoaprocdsp.oe674 (.text:DPU_AoAProcDSP_init)
                  007fdfe0    00000060     libcfarcaproc_dsp_xwr16xx.ae674 : cfarcaprocdsp.oe674 (.text:DPU_CFARCAProcDSP_deinit)
                  007fe040    00000060     libdopplerproc_dsp_xwr16xx.ae674 : dopplerprocdsp.oe674 (.text:DPU_DopplerProcDSP_deinit)
                  007fe0a0    00000060                                      : dopplerprocdsp.oe674 (.text:DPU_DopplerProcDSP_waitInData)
                  007fe100    00000060                                      : dopplerprocdsp.oe674 (.text:DPU_DopplerProcDSP_waitTransDetMatrix)
                  007fe160    00000060     librangeproc_dsp_xwr16xx.ae674 : rangeprocdsp.oe674 (.text:DPU_RangeProcDSP_deinit)
                  007fe1c0    00000060                                    : rangeprocdsp.oe674 (.text:DPU_RangeProcDSP_init)
                  007fe220    00000060     libedma_xwr16xx.ae674 : edma_low_level.oe674 (.text:EDMA3ClrEvt)
                  007fe280    00000060                           : edma_low_level.oe674 (.text:EDMA3ClrIntr)
                  007fe2e0    00000060                           : edma_low_level.oe674 (.text:EDMA3ClrMissEvt)
                  007fe340    00000060                           : edma_low_level.oe674 (.text:EDMA3DisableEvtIntr)
                  007fe3a0    00000060                           : edma_low_level.oe674 (.text:EDMA3EnableDmaEvt)
                  007fe400    00000060                           : edma_low_level.oe674 (.text:EDMA3EnableEvtIntr)
                  007fe460    00000060                           : edma_low_level.oe674 (.text:EDMA3SetEvt)
                  007fe4c0    00000060                           : edma.oe674 (.text:EDMA_configTransferControllerError)
                  007fe520    00000060                           : edma.oe674 (.text:EDMA_isError)
                  007fe580    00000060                           : edma.oe674 (.text:EDMA_setDestinationAddress)
                  007fe5e0    00000060                           : edma.oe674 (.text:EDMA_setSourceAddress)
                  007fe640    00000060                           : edma.oe674 (.text:EDMA_validate_channelIdchannelType)
                  007fe6a0    00000060     libmailbox_xwr16xx.ae674 : mailbox.oe674 (.text:Mailbox_Config_init)
                  007fe700    00000060     libsoc_xwr16xx.ae674 : soc_xwr16xx.oe674 (.text:SOC_setDSSLinkState)
                  007fe760    00000060                          : soc.oe674 (.text:SOC_unhaltBSS)
                  007fe7c0    00000060     rts6740_elf.lib : trgmsg.c.obj (.text:__TI_writemsg)
                  007fe820    00000060                     : llshift.c.obj (.text:__c6xabi_llshru)
                  007fe880    00000060     sysbios.ae674 : c64p_Hwi_asm_switch.obj (.text:_ti_sysbios_family_c64p_Hwi_switchAndDispatch__I)
                  007fe8e0    00000060                   : c64p_Hwi_asm_switch.obj (.text:_ti_sysbios_family_xxx_Hwi_switchAndRunFunc)
                  007fe940    00000060     rts6740_elf.lib : lseek.c.obj (.text:lseek)
                  007fe9a0    00000060                     : memccpy.c.obj (.text:memccpy)
                  007fea00    00000060     libmmwavealg_xwr16xx.ae674 : mmwavelib_accum.oe674 (.text:mmwavelib_accum16shift)
                  007fea60    00000060                                : mmwavelib_vecsubc.oe674 (.text:mmwavelib_vecsubc)
                  007feac0    00000060     librangeproc_dsp_xwr16xx.ae674 : rangeprocdsp.oe674 (.text:rangeProcDSP_WaitEDMAComplete)
                  007feb20    00000060     rts6740_elf.lib : read.c.obj (.text:read)
                  007feb80    00000060                     : sprintf.c.obj (.text:sprintf)
                  007febe0    00000060     dss_pe674.oe674 (.text:ti_sysbios_BIOS_errorRaiseHook__I)
                  007fec40    00000060     dss_pe674.oe674 (.text:ti_sysbios_BIOS_removeRTSLock__I)
                  007feca0    00000060     dss_pe674.oe674 (.text:ti_sysbios_BIOS_startFunc__I)
                  007fed00    00000060     sysbios.ae674 : BIOS.obj (.text:ti_sysbios_family_c62_TaskSupport_start__E)
                  007fed60    00000060                   : BIOS.obj (.text:ti_sysbios_family_c64p_Cache_setMar__E)
                  007fedc0    00000060                   : BIOS.obj (.text:ti_sysbios_family_c64p_EventCombiner_Module_startup__E)
                  007fee20    00000060                   : BIOS.obj (.text:ti_sysbios_family_c64p_EventCombiner_unused__E)
                  007fee80    00000060     dss_pe674.oe674 (.text:ti_sysbios_gates_GateMutex_Object__delete__S)
                  007feee0    00000060     sysbios.ae674 : BIOS.obj (.text:ti_sysbios_hal_Hwi_initStack)
                  007fef40    00000060                   : BIOS.obj (.text:ti_sysbios_heaps_HeapMem_free__E)
                  007fefa0    00000060                   : BIOS.obj (.text:ti_sysbios_knl_Clock_Module_startup__E)
                  007ff000    00000060     dss_pe674.oe674 (.text:ti_sysbios_knl_Queue_construct)
                  007ff060    00000060     dss_pe674.oe674 (.text:ti_sysbios_knl_Semaphore_Object__delete__S)
                  007ff0c0    00000060     dss_pe674.oe674 (.text:ti_sysbios_knl_Semaphore_construct)
                  007ff120    00000060     sysbios.ae674 : BIOS.obj (.text:ti_sysbios_knl_Swi_Module_startup__E)
                  007ff180    00000060                   : BIOS.obj (.text:ti_sysbios_knl_Task_enter__I)
                  007ff1e0    00000060     rts6740_elf.lib : write.c.obj (.text:write)
                  007ff240    00000060     sysbios.ae674 : BIOS.obj (.text:xdc_runtime_SysStd_abort__E)
                  007ff2a0    00000040     libsoc_xwr16xx.ae674 : soc.oe674 (.text:CSL_FEXTR)
                  007ff2e0    00000040                          : soc_xwr16xx.oe674 (.text:CSL_FEXTR)
                  007ff320    00000040     libmailbox_xwr16xx.ae674 : mailbox.oe674 (.text:CSL_FINSR)
                  007ff360    00000040     libsoc_xwr16xx.ae674 : soc.oe674 (.text:CSL_FINSR)
                  007ff3a0    00000040                          : soc_xwr16xx.oe674 (.text:CSL_FINSR)
                  007ff3e0    00000040                          : soc_xwr16xx_dss.oe674 (.text:CSL_FINSR)
                  007ff420    00000040     libdpm_xwr16xx.ae674 : dpm_listlib.oe674 (.text:DPM_listAdd)
                  007ff460    00000040                          : dpm_listlib.oe674 (.text:DPM_listRemove)
                  007ff4a0    00000040                          : dpm_mailbox.oe674 (.text:DPM_mboxMsgSend)
                  007ff4e0    00000040                          : dpm_msg.oe674 (.text:DPM_msgAssertHandler)
                  007ff520    00000040                          : dpm_msg.oe674 (.text:DPM_msgBSSFaultHandler)
                  007ff560    00000040                          : dpm_msg.oe674 (.text:DPM_msgDPCInfoHandler)
                  007ff5a0    00000040                          : dpm_pipe.oe674 (.text:DPM_pipeDequeue)
                  007ff5e0    00000040     libedma_xwr16xx.ae674 : edma_low_level.oe674 (.text:EDMA3DisableDmaEvt)
                  007ff620    00000040                           : edma_low_level.oe674 (.text:EDMA3MapQdmaChToPaRAM)
                  007ff660    00000040                           : edma_low_level.oe674 (.text:EDMA3SetPaRAM)
                  007ff6a0    00000040                           : edma_low_level.oe674 (.text:EDMA3SetQdmaTrigWord)
                  007ff6e0    00000040     libosal_xwr16xx.ae674 : HwiP_tirtos.oe674 (.text:HwiP_create)
                  007ff720    00000040                           : HwiP_tirtos.oe674 (.text:HwiP_delete)
                  007ff760    00000040     libmailbox_xwr16xx.ae674 : mailbox.oe674 (.text:Mailbox_boxEmptyISRBss)
                  007ff7a0    00000040                              : mailbox.oe674 (.text:Mailbox_boxEmptyISRMssDss)
                  007ff7e0    00000040                              : mailbox.oe674 (.text:Mailbox_boxFullISRBss)
                  007ff820    00000040     libsoc_xwr16xx.ae674 : soc_xwr16xx_dss.oe674 (.text:SOC_getInAddr_LUTType)
                  007ff860    00000040                          : soc_xwr16xx_dss.oe674 (.text:SOC_getOutAddr_LUTType)
                  007ff8a0    00000040                          : soc_xwr16xx.oe674 (.text:SOC_isMSSOperational)
                  007ff8e0    00000040     rts6740_elf.lib : frcmpyd_div.c.obj (.text:__TI_frcmpyd_div)
                  007ff920    00000040                     : isinf.c.obj (.text:__c6xabi_isinf)
                  007ff960    00000040                     : strasg.asm.obj (.text:__strasgi_64plus)
                  007ff9a0    00000040                     : args_main.c.obj (.text:_args_main)
                  007ff9e0    00000040                     : snprintf.c.obj (.text:_outc)
                  007ffa20    00000040                     : sprintf.c.obj (.text:_outs)
                  007ffa60    00000040     sysbios.ae674 : c62_TaskSupport_asm.obj (.text:_ti_sysbios_family_c62_TaskSupport_buildTaskStack)
                  007ffaa0    00000040     dss_pe674.oe674 (.text:free)
                  007ffae0    00000040     libmathutils.ae674 : mathutils.oe674 (.text:mathUtils_pow2roundup)
                  007ffb20    00000040     libmmwavealg_xwr16xx.ae674 : mmwavelib_vecmul.oe674 (.text:mmwavelib_vecmul16x32_anylen)
                  007ffb60    00000040     dss_pe674.oe674 (.text:ti_sysbios_BIOS_exitFunc__I)
                  007ffba0    00000040     dss_pe674.oe674 (.text:ti_sysbios_BIOS_rtsLock__I)
                  007ffbe0    00000040     dss_pe674.oe674 (.text:ti_sysbios_BIOS_rtsUnlock__I)
                  007ffc20    00000040     sysbios.ae674 : BIOS.obj (.text:ti_sysbios_family_c64p_Hwi_disableInterrupt__E)
                  007ffc60    00000040                   : BIOS.obj (.text:ti_sysbios_family_c64p_Hwi_enableInterrupt__E)
                  007ffca0    00000040     dss_pe674.oe674 (.text:ti_sysbios_gates_GateHwi_Handle__label__S)
                  007ffce0    00000040     dss_pe674.oe674 (.text:ti_sysbios_gates_GateHwi_Object__delete__S)
                  007ffd20    00000040     dss_pe674.oe674 (.text:ti_sysbios_gates_GateMutex_Handle__label__S)
                  007ffd60    00000040     sysbios.ae674 : BIOS.obj (.text:ti_sysbios_gates_GateMutex_Instance_init__E)
                  007ffda0    00000040                   : BIOS.obj (.text:ti_sysbios_gates_GateMutex_leave__E)
                  007ffde0    00000040     dss_pe674.oe674 (.text:ti_sysbios_heaps_HeapMem_Handle__label__S)
                  007ffe20    00000040     dss_pe674.oe674 (.text:ti_sysbios_heaps_HeapMem_Object__delete__S)
                  007ffe60    00000040     dss_pe674.oe674 (.text:ti_sysbios_heaps_HeapMem_Object__get__S)
                  007ffea0    00000040     dss_pe674.oe674 (.text:ti_sysbios_knl_Semaphore_destruct)
                  007ffee0    00000040     dss_pe674.oe674 (.text:ti_sysbios_knl_Swi_Object__get__S)
                  007fff20    00000040     dss_pe674.oe674 (.text:ti_sysbios_knl_Task_Object__get__S)
                  007fff60    00000040     sysbios.ae674 : BIOS.obj (.text:ti_sysbios_timers_rti_Timer_periodicStub__E)
                  007fffa0    00000020     libcfarcaproc_dsp_xwr16xx.ae674 : cfarcaprocdsp.oe674 (.text:CFARCADSP_adjustCfarCfg)
                  007fffc0    00000010     rts6740_elf.lib : _printfi.c.obj ($Tramp$S$$__TI_printfi)
                  007fffd0    00000010                     : imath64.c.obj ($Tramp$S$$__c6xabi_divull)
                  007fffe0    00000010                     : atan.c.obj ($Tramp$S$$atan)
                  007ffff0    00000010                     : divd.c.obj ($Tramp$S$$__c6xabi_divd)

.text.2    0    00800000    00000e80     
                  00800000    00000040     rts6740_elf.lib : wcslen.c.obj (.text:wcslen)
                  00800040    00000040     sysbios.ae674 : BIOS.obj (.text:xdc_runtime_Error_init__E)
                  00800080    00000040     dss_pe674.oe674 (.text:xdc_runtime_System_aprintf__E)
                  008000c0    00000040     dss_pe674.oe674 (.text:xdc_runtime_System_printf__E)
                  00800100    00000020     objectdetection.oe674 (.text:DPC_ObjDetDSP_GetDopplerWinGenLen)
                  00800120    00000020     objectdetection.oe674 (.text:DPC_ObjDetDSP_GetRangeWinGenLen)
                  00800140    00000020     libdpm_xwr16xx.ae674 : dpm_core.oe674 (.text:DPM_chirpISR)
                  00800160    00000020                          : dpm_core.oe674 (.text:DPM_frameStartISR)
                  00800180    00000020                          : dpm_mailbox.oe674 (.text:DPM_mboxSynch)
                  008001a0    00000020     libedma_xwr16xx.ae674 : edma_low_level.oe674 (.text:EDMA3ChannelToParamMap)
                  008001c0    00000020                           : edma_low_level.oe674 (.text:EDMA3ClrCCErr)
                  008001e0    00000020                           : edma_low_level.oe674 (.text:EDMA3DisableQdmaEvt)
                  00800200    00000020                           : edma_low_level.oe674 (.text:EDMA3EnableQdmaEvt)
                  00800220    00000020                           : edma_low_level.oe674 (.text:EDMA3ErrIntrHighStatusGet)
                  00800240    00000020                           : edma_low_level.oe674 (.text:EDMA3GetCCErrStatus)
                  00800260    00000020                           : edma_low_level.oe674 (.text:EDMA3GetErrIntrStatus)
                  00800280    00000020                           : edma_low_level.oe674 (.text:EDMA3GetIntrStatus)
                  008002a0    00000020                           : edma_low_level.oe674 (.text:EDMA3IntrStatusHighGet)
                  008002c0    00000020                           : edma_low_level.oe674 (.text:EDMA3QdmaClrMissEvt)
                  008002e0    00000020                           : edma_low_level.oe674 (.text:EDMA3QdmaGetErrIntrStatus)
                  00800300    00000020                           : edma.oe674 (.text:EDMA_getNumInstances)
                  00800320    00000020                           : edma_low_level.oe674 (.text:EDMAsetRegion)
                  00800340    00000020     libosal_xwr16xx.ae674 : HwiP_tirtos.oe674 (.text:HwiP_Params_init)
                  00800360    00000020                           : HwiP_tirtos.oe674 (.text:HwiP_disable)
                  00800380    00000020                           : HwiP_tirtos.oe674 (.text:HwiP_disableInterrupt)
                  008003a0    00000020                           : HwiP_tirtos.oe674 (.text:HwiP_enableInterrupt)
                  008003c0    00000020                           : HwiP_tirtos.oe674 (.text:HwiP_restore)
                  008003e0    00000020                           : MemoryP_tirtos.oe674 (.text:MemoryP_ctrlAlloc)
                  00800400    00000020                           : MemoryP_tirtos.oe674 (.text:MemoryP_ctrlFree)
                  00800420    00000020                           : MemoryP_tirtos.oe674 (.text:MemoryP_getStats)
                  00800440    00000020                           : SemaphoreP_tirtos.oe674 (.text:SemaphoreP_Params_init)
                  00800460    00000020                           : SemaphoreP_tirtos.oe674 (.text:SemaphoreP_delete)
                  00800480    00000020                           : SemaphoreP_tirtos.oe674 (.text:SemaphoreP_pend)
                  008004a0    00000020                           : SemaphoreP_tirtos.oe674 (.text:SemaphoreP_post)
                  008004c0    00000020                           : DebugP_tirtos.oe674 (.text:_DebugP_assert)
                  008004e0    00000020     rts6740_elf.lib : errno.c.obj (.text:__c6xabi_errno_addr)
                  00800500    00000020                     : trunc.c.obj (.text:__c6xabi_trunc)
                  00800520    00000020                     : push.asm.obj (.text:__pop_rts)
                  00800540    00000020                     : push.asm.obj (.text:__push_rts)
                  00800560    00000020                     : _lock.c.obj (.text:_nop)
                  00800580    00000020                     : printf.c.obj (.text:_outc)
                  008005a0    00000020                     : sprintf.c.obj (.text:_outc)
                  008005c0    00000020                     : printf.c.obj (.text:_outs)
                  008005e0    00000020                     : _lock.c.obj (.text:_register_lock)
                  00800600    00000020                     : _lock.c.obj (.text:_register_unlock)
                  00800620    00000020                     : signbit.c.obj (.text:_signbit)
                  00800640    00000020     sysbios.ae674 : c62_TaskSupport_asm.obj (.text:_ti_sysbios_family_c62_TaskSupport_glue)
                  00800660    00000020     rts6740_elf.lib : exit.c.obj (.text:abort)
                  00800680    00000020                     : llabs.c.obj (.text:llabs)
                  008006a0    00000020     libmathutils.ae674 : mathutils.oe674 (.text:mathUtils_ceilLog2)
                  008006c0    00000020                        : mathutils.oe674 (.text:mathUtils_floorLog2)
                  008006e0    00000020     rts6740_elf.lib : fputc.c.obj (.text:putchar)
                  00800700    00000020     dss_pe674.oe674 (.text:ti_sysbios_BIOS_RtsGateProxy_enter__E)
                  00800720    00000020     dss_pe674.oe674 (.text:ti_sysbios_BIOS_RtsGateProxy_leave__E)
                  00800740    00000020     sysbios.ae674 : BIOS.obj (.text:ti_sysbios_BIOS_exit__E)
                  00800760    00000020                   : BIOS.obj (.text:ti_sysbios_BIOS_getCpuFreq__E)
                  00800780    00000020                   : BIOS.obj (.text:ti_sysbios_BIOS_linkedWithIncorrectBootLibrary__E)
                  008007a0    00000020     dss_pe674.oe674 (.text:ti_sysbios_BIOS_nullFunc__I)
                  008007c0    00000020     sysbios.ae674 : BIOS.obj (.text:ti_sysbios_BIOS_setThreadType__E)
                  008007e0    00000020                   : BIOS.obj (.text:ti_sysbios_BIOS_start__E)
                  00800800    00000020     dss_pe674.oe674 (.text:ti_sysbios_family_c62_TaskSupport_Module__startupDone__S)
                  00800820    00000020     sysbios.ae674 : BIOS.obj (.text:ti_sysbios_family_c62_TaskSupport_checkStack__E)
                  00800840    00000020                   : BIOS.obj (.text:ti_sysbios_family_c62_TaskSupport_getStackAlignment__E)
                  00800860    00000020     dss_pe674.oe674 (.text:ti_sysbios_family_c64p_Hwi_Module__startupDone__F)
                  00800880    00000020     sysbios.ae674 : BIOS.obj (.text:ti_sysbios_family_c64p_Hwi_clearInterrupt__E)
                  008008a0    00000020                   : BIOS.obj (.text:ti_sysbios_family_c64p_Hwi_startup__E)
                  008008c0    00000020                   : BIOS.obj (.text:ti_sysbios_family_c64p_Hwi_switchFromBootStack__E)
                  008008e0    00000020                   : BIOS.obj (.text:ti_sysbios_family_c64p_TimestampProvider_Module_startup__E)
                  00800900    00000020                   : BIOS.obj (.text:ti_sysbios_family_c64p_TimestampProvider_get32__E)
                  00800920    00000020                   : BIOS.obj (.text:ti_sysbios_gates_GateHwi_Instance_init__E)
                  00800940    00000020                   : BIOS.obj (.text:ti_sysbios_gates_GateHwi_enter__E)
                  00800960    00000020                   : BIOS.obj (.text:ti_sysbios_gates_GateHwi_leave__E)
                  00800980    00000020                   : BIOS.obj (.text:ti_sysbios_gates_GateHwi_query__E)
                  008009a0    00000020                   : BIOS.obj (.text:ti_sysbios_gates_GateMutex_Instance_finalize__E)
                  008009c0    00000020                   : BIOS.obj (.text:ti_sysbios_gates_GateMutex_query__E)
                  008009e0    00000020                   : BIOS.obj (.text:ti_sysbios_hal_Hwi_Module_startup__E)
                  00800a00    00000020     dss_pe674.oe674 (.text:ti_sysbios_heaps_HeapBuf_Object__get__S)
                  00800a20    00000020     dss_pe674.oe674 (.text:ti_sysbios_heaps_HeapMem_Module_GateProxy_enter__E)
                  00800a40    00000020     dss_pe674.oe674 (.text:ti_sysbios_heaps_HeapMem_Module_GateProxy_leave__E)
                  00800a60    00000020     sysbios.ae674 : BIOS.obj (.text:ti_sysbios_heaps_HeapMem_isBlocking__E)
                  00800a80    00000020     dss_pe674.oe674 (.text:ti_sysbios_knl_Clock_TimerProxy_getMaxTicks__E)
                  00800aa0    00000020     sysbios.ae674 : BIOS.obj (.text:ti_sysbios_knl_Clock_logTick__E)
                  00800ac0    00000020                   : BIOS.obj (.text:ti_sysbios_knl_Idle_loop__E)
                  00800ae0    00000020                   : BIOS.obj (.text:ti_sysbios_knl_Queue_Instance_init__E)
                  00800b00    00000020     dss_pe674.oe674 (.text:ti_sysbios_knl_Queue_Object__get__S)
                  00800b20    00000020     dss_pe674.oe674 (.text:ti_sysbios_knl_Queue_destruct)
                  00800b40    00000020     sysbios.ae674 : BIOS.obj (.text:ti_sysbios_knl_Queue_empty__E)
                  00800b60    00000020                   : BIOS.obj (.text:ti_sysbios_knl_Semaphore_Instance_finalize__E)
                  00800b80    00000020     dss_pe674.oe674 (.text:ti_sysbios_knl_Semaphore_Params__init__S)
                  00800ba0    00000020     dss_pe674.oe674 (.text:ti_sysbios_knl_Semaphore_delete)
                  00800bc0    00000020     sysbios.ae674 : BIOS.obj (.text:ti_sysbios_knl_Swi_disable__E)
                  00800be0    00000020     dss_pe674.oe674 (.text:ti_sysbios_knl_Task_Params__init__S)
                  00800c00    00000020     sysbios.ae674 : BIOS.obj (.text:ti_sysbios_knl_Task_disable__E)
                  00800c20    00000020                   : BIOS.obj (.text:ti_sysbios_knl_Task_startup__E)
                  00800c40    00000020     dss_pe674.oe674 (.text:ti_sysbios_timers_rti_Timer_Module__startupDone__F)
                  00800c60    00000020     sysbios.ae674 : BIOS.obj (.text:ti_sysbios_timers_rti_Timer_getMaxTicks__E)
                  00800c80    00000020                   : BIOS.obj (.text:ti_sysbios_utils_Load_taskRegHook__E)
                  00800ca0    00000020     dss_pe674.oe674 (.text:xdc_runtime_IHeap_alloc)
                  00800cc0    00000020     dss_pe674.oe674 (.text:xdc_runtime_IHeap_free)
                  00800ce0    00000020     dss_pe674.oe674 (.text:xdc_runtime_IHeap_getStats)
                  00800d00    00000020     sysbios.ae674 : BIOS.obj (.text:xdc_runtime_Memory_free__E)
                  00800d20    00000020                   : BIOS.obj (.text:xdc_runtime_Memory_getStats__E)
                  00800d40    00000020     dss_pe674.oe674 (.text:xdc_runtime_Startup_exec__I)
                  00800d60    00000020     dss_pe674.oe674 (.text:xdc_runtime_Startup_reset__I)
                  00800d80    00000020     sysbios.ae674 : BIOS.obj (.text:xdc_runtime_Startup_rtsDone__E)
                  00800da0    00000020                   : BIOS.obj (.text:xdc_runtime_SysStd_exit__E)
                  00800dc0    00000020                   : BIOS.obj (.text:xdc_runtime_SysStd_putch__E)
                  00800de0    00000020                   : BIOS.obj (.text:xdc_runtime_SysStd_ready__E)
                  00800e00    00000020     dss_pe674.oe674 (.text:xdc_runtime_System_Module_GateProxy_enter__E)
                  00800e20    00000020     dss_pe674.oe674 (.text:xdc_runtime_System_Module_GateProxy_leave__E)
                  00800e40    00000020     sysbios.ae674 : BIOS.obj (.text:xdc_runtime_System_Module_startup__E)
                  00800e60    00000020     dss_pe674.oe674 (.text:xdc_runtime_Text_visitRope__I)

.l2Heap    0    00800e80    0000a000     UNINITIALIZED
                  00800e80    0000a000     main.oe674 (.l2Heap)

systemHeap 
*          0    0080ae80    00008400     UNINITIALIZED
                  0080ae80    00008400     dss_pe674.oe674 (systemHeap)

.far       0    00813280    00005fc4     UNINITIALIZED
                  00813280    00005220     (.common:gGenFrameDataObj)
                  008184a0    000004d8     libedma_xwr16xx.ae674 : edma.oe674 (.far:EDMA_object)
                  00818978    00000400     dss_pe674.oe674 (.far:taskStackSection)
                  00818d78    00000370     (.common:gDataPathObj)
                  008190e8    00000140     (.common:__TI_tmpnams)
                  00819228    00000010     (.common:edmaDbg)
                  00819238    00000008     (.common:parmbuf)
                  00819240    00000004     (.common:ti_sysbios_knl_Task_Instance_State_0_hookEnv__A)

.const     0    00819248    00003cac     
                  00819248    00001a46     dss_pe674.oe674 (.const:xdc_runtime_Text_charTab__A)
                  0081ac8e    00000002     dss_pe674.oe674 (.const:ti_sysbios_family_c64p_Cache_Module__id__C)
                  0081ac90    00000988     main.oe674 (.const:.string)
                  0081b618    00000800     libmmwavealg_xwr16xx.ae674 : mmwavelib_ffttwiddle_gen.oe674 (.const:mmwavelib_twiddleTableCommon)
                  0081be18    00000630     sysbios.ae674 : BIOS.obj (.const:.string)
                  0081c448    00000101     rts6740_elf.lib : ctype.c.obj (.const:.string:_ctypes_)
                  0081c549    00000001     --HOLE-- [fill = 0]
                  0081c54a    00000002     dss_pe674.oe674 (.const:ti_sysbios_family_c64p_EventCombiner_Module__id__C)
                  0081c54c    00000004     dss_pe674.oe674 (.const:ti_sysbios_family_c62_TaskSupport_stackAlignment__C)
                  0081c550    000000dc     dss_pe674.oe674 (.const:xdc_runtime_Text_nodeTab__A)
                  0081c62c    00000094     libtestlogger_xwr16xx.ae674 : logger.oe674 (.const:.string)
                  0081c6c0    00000074     dss_pe674.oe674 (.const:.string)
                  0081c734    00000004     dss_pe674.oe674 (.const:ti_sysbios_family_c64p_Cache_E_invalidL1CacheSize__C)
                  0081c738    00000070     libmmwavealg_xwr16xx.ae674 : mmwavelib_ffttwiddle_gen.oe674 (.const:mmwavelib_twiddleTableLargeFFTSize)
                  0081c7a8    00000058     libedma_xwr16xx.ae674 : edma.oe674 (.const:.string)
                  0081c800    0000004c     libmailbox_xwr16xx.ae674 : mailbox.oe674 (.const:.string)
                  0081c84c    00000044     dss_pe674.oe674 (.const:ti_sysbios_knl_Task_Object__PARAMS__C)
                  0081c890    00000040     libmmwavealg_xwr16xx.ae674 : mmwavelib_log2abs.oe674 (.const:.string:c_Log2LookUp)
                  0081c8d0    0000003c     libsoc_xwr16xx.ae674 : soc_xwr16xx_dss.oe674 (.const:.string)
                  0081c90c    00000004     dss_pe674.oe674 (.const:ti_sysbios_family_c64p_Cache_E_invalidL2CacheSize__C)
                  0081c910    00000038     libedma_xwr16xx.ae674 : edma_xwr1xxx.oe674 (.const:gEdmaHwAttrs)
                  0081c948    00000030     dss_pe674.oe674 (.const:xdc_runtime_Startup_sfxnTab__A)
                  0081c978    0000002c     gen_frame_data.oe674 (.const:.string)
                  0081c9a4    00000004     dss_pe674.oe674 (.const:ti_sysbios_family_c64p_Cache_MAR0_31__C)
                  0081c9a8    00000028     libdpm_xwr16xx.ae674 : dpm_msg.oe674 (.const:gDPMMessageFxnTable)
                  0081c9d0    00000028     dss_pe674.oe674 (.const:ti_sysbios_heaps_HeapMem_Module__FXNS__C)
                  0081c9f8    00000024     rts6740_elf.lib : _printfi.c.obj (.const:.string)
                  0081ca1c    00000024     libmailbox_xwr16xx.ae674 : mailbox.oe674 (.const:Mailbox_defaultCfg)
                  0081ca40    00000024     libmmwavealg_xwr16xx.ae674 : mmwavelib_dftsinglebin.oe674 (.const:mmwavelib_dftHalfBinExpValue)
                  0081ca64    00000024     dss_pe674.oe674 (.const:ti_sysbios_gates_GateHwi_Module__FXNS__C)
                  0081ca88    00000024     dss_pe674.oe674 (.const:ti_sysbios_gates_GateMutex_Module__FXNS__C)
                  0081caac    00000024     dss_pe674.oe674 (.const:ti_sysbios_heaps_HeapMem_Object__PARAMS__C)
                  0081cad0    00000024     dss_pe674.oe674 (.const:ti_sysbios_knl_Semaphore_Object__PARAMS__C)
                  0081caf4    00000020     libosal_xwr16xx.ae674 : SemaphoreP_tirtos.oe674 (.const:.string)
                  0081cb14    00000020     dss_pe674.oe674 (.const:ti_sysbios_gates_GateHwi_Object__DESC__C)
                  0081cb34    00000020     dss_pe674.oe674 (.const:ti_sysbios_gates_GateMutex_Object__DESC__C)
                  0081cb54    00000020     dss_pe674.oe674 (.const:ti_sysbios_heaps_HeapMem_Object__DESC__C)
                  0081cb74    00000020     dss_pe674.oe674 (.const:ti_sysbios_knl_Queue_Object__DESC__C)
                  0081cb94    00000020     dss_pe674.oe674 (.const:ti_sysbios_knl_Semaphore_Object__DESC__C)
                  0081cbb4    00000020     dss_pe674.oe674 (.const:ti_sysbios_knl_Task_Object__DESC__C)
                  0081cbd4    0000001c     libosal_xwr16xx.ae674 : HwiP_tirtos.oe674 (.const:.string)
                  0081cbf0    00000018     objectdetection.oe674 (.const:.string)
                  0081cc08    00000018     dss_pe674.oe674 (.const:ti_sysbios_gates_GateHwi_Object__PARAMS__C)
                  0081cc20    00000018     dss_pe674.oe674 (.const:ti_sysbios_gates_GateMutex_Object__PARAMS__C)
                  0081cc38    00000018     dss_pe674.oe674 (.const:ti_sysbios_knl_Queue_Object__PARAMS__C)
                  0081cc50    00000018     dss_pe674.oe674 (.const:ti_sysbios_knl_Task_hooks__A)
                  0081cc68    00000018     dss_pe674.oe674 (.const:xdc_runtime_Startup_sfxnRts__A)
                  0081cc80    00000014     libdpm_xwr16xx.ae674 : dpm_mailbox.oe674 (.const:.string)
                  0081cc94    00000010                          : dpm_core.oe674 (.const:.string)
                  0081cca4    00000010                          : dpm_msg.oe674 (.const:.string)
                  0081ccb4    00000010                          : dpm_pipe.oe674 (.const:.string)
                  0081ccc4    00000004     dss_pe674.oe674 (.const:ti_sysbios_family_c64p_Cache_MAR128_159__C)
                  0081ccc8    00000010     libedma_xwr16xx.ae674 : edma.oe674 (.const:EDMA_config$1)
                  0081ccd8    00000010     dss_pe674.oe674 (.const:ti_sysbios_family_c64p_EventCombiner_EVTMASK__C)
                  0081cce8    0000000c     libmmwavealg_xwr16xx.ae674 : mmwavelib_ffttwiddle_gen.oe674 (.const:$P$T1$2)
                  0081ccf4    00000004     dss_pe674.oe674 (.const:ti_sysbios_family_c64p_Cache_MAR160_191__C)
                  0081ccf8    00000008     dss_pe674.oe674 (.const:ti_sysbios_knl_Idle_funcList__A)
                  0081cd00    00000008     dss_pe674.oe674 (.const:ti_sysbios_knl_Idle_funcList__C)
                  0081cd08    00000008     dss_pe674.oe674 (.const:ti_sysbios_knl_Task_hooks__C)
                  0081cd10    00000008     dss_pe674.oe674 (.const:xdc_runtime_Startup_firstFxns__A)
                  0081cd18    00000008     dss_pe674.oe674 (.const:xdc_runtime_Startup_firstFxns__C)
                  0081cd20    00000008     dss_pe674.oe674 (.const:xdc_runtime_Startup_lastFxns__C)
                  0081cd28    00000004     dss_pe674.oe674 (.const:ti_sysbios_family_c64p_Cache_MAR192_223__C)
                  0081cd2c    00000004     dss_pe674.oe674 (.const:ti_sysbios_family_c64p_Cache_MAR224_255__C)
                  0081cd30    00000004     dss_pe674.oe674 (.const:ti_sysbios_family_c64p_Cache_MAR32_63__C)
                  0081cd34    00000004     dss_pe674.oe674 (.const:ti_sysbios_family_c64p_Cache_MAR64_95__C)
                  0081cd38    00000004     dss_pe674.oe674 (.const:ti_sysbios_family_c64p_Cache_MAR96_127__C)
                  0081cd3c    00000004     dss_pe674.oe674 (.const:ti_sysbios_family_c64p_EventCombiner_A_invalidEventId__C)
                  0081cd40    00000004     dss_pe674.oe674 (.const:ti_sysbios_family_c64p_EventCombiner_EVTRegs__C)
                  0081cd44    00000004     dss_pe674.oe674 (.const:ti_sysbios_family_c64p_EventCombiner_E_unpluggedEvent__C)
                  0081cd48    00000004     dss_pe674.oe674 (.const:ti_sysbios_family_c64p_EventCombiner_Module__diagsEnabled__C)
                  0081cd4c    00000004     dss_pe674.oe674 (.const:ti_sysbios_family_c64p_EventCombiner_Module__diagsIncluded__C)
                  0081cd50    00000004     dss_pe674.oe674 (.const:ti_sysbios_family_c64p_EventCombiner_Module__diagsMask__C)
                  0081cd54    00000004     dss_pe674.oe674 (.const:ti_sysbios_family_c64p_Exception_E_exceptionMax__C)
                  0081cd58    00000004     dss_pe674.oe674 (.const:ti_sysbios_family_c64p_Exception_exceptionHook__C)
                  0081cd5c    00000004     dss_pe674.oe674 (.const:ti_sysbios_family_c64p_Exception_externalHook__C)
                  0081cd60    00000004     dss_pe674.oe674 (.const:ti_sysbios_family_c64p_Exception_internalHook__C)
                  0081cd64    00000004     dss_pe674.oe674 (.const:ti_sysbios_family_c64p_Exception_nmiHook__C)
                  0081cd68    00000004     dss_pe674.oe674 (.const:ti_sysbios_family_c64p_Hwi_INTRMUX1Address__C)
                  0081cd6c    00000004     dss_pe674.oe674 (.const:ti_sysbios_gates_GateMutex_A_badContext__C)
                  0081cd70    00000004     dss_pe674.oe674 (.const:ti_sysbios_gates_GateMutex_Instance_State_sem__O)
                  0081cd74    00000004     dss_pe674.oe674 (.const:ti_sysbios_gates_GateMutex_Module__diagsEnabled__C)
                  0081cd78    00000004     dss_pe674.oe674 (.const:ti_sysbios_gates_GateMutex_Module__diagsIncluded__C)
                  0081cd7c    00000004     dss_pe674.oe674 (.const:ti_sysbios_gates_GateMutex_Module__diagsMask__C)
                  0081cd80    00000004     dss_pe674.oe674 (.const:ti_sysbios_hal_Hwi_E_stackOverflow__C)
                  0081cd84    00000004     dss_pe674.oe674 (.const:ti_sysbios_heaps_HeapBuf_Instance_State_freeList__O)
                  0081cd88    00000004     dss_pe674.oe674 (.const:ti_sysbios_heaps_HeapBuf_Object__count__C)
                  0081cd8c    00000004     dss_pe674.oe674 (.const:ti_sysbios_heaps_HeapBuf_numConstructedHeaps__C)
                  0081cd90    00000004     dss_pe674.oe674 (.const:ti_sysbios_heaps_HeapMem_A_align__C)
                  0081cd94    00000004     dss_pe674.oe674 (.const:ti_sysbios_heaps_HeapMem_A_heapSize__C)
                  0081cd98    00000004     dss_pe674.oe674 (.const:ti_sysbios_heaps_HeapMem_A_invalidFree__C)
                  0081cd9c    00000004     dss_pe674.oe674 (.const:ti_sysbios_heaps_HeapMem_A_zeroBlock__C)
                  0081cda0    00000004     dss_pe674.oe674 (.const:ti_sysbios_heaps_HeapMem_E_memory__C)
                  0081cda4    00000004     dss_pe674.oe674 (.const:ti_sysbios_heaps_HeapMem_Module__diagsEnabled__C)
                  0081cda8    00000004     dss_pe674.oe674 (.const:ti_sysbios_heaps_HeapMem_Module__diagsIncluded__C)
                  0081cdac    00000004     dss_pe674.oe674 (.const:ti_sysbios_heaps_HeapMem_Module__diagsMask__C)
                  0081cdb0    00000004     dss_pe674.oe674 (.const:ti_sysbios_heaps_HeapMem_Module__gateObj__C)
                  0081cdb4    00000004     dss_pe674.oe674 (.const:ti_sysbios_heaps_HeapMem_Object__count__C)
                  0081cdb8    00000004     dss_pe674.oe674 (.const:ti_sysbios_heaps_HeapMem_reqAlign__C)
                  0081cdbc    00000004     dss_pe674.oe674 (.const:ti_sysbios_knl_Clock_Module_State_clockQ__O)
                  0081cdc0    00000004     dss_pe674.oe674 (.const:ti_sysbios_knl_Semaphore_A_badContext__C)
                  0081cdc4    00000004     dss_pe674.oe674 (.const:ti_sysbios_knl_Semaphore_A_noEvents__C)
                  0081cdc8    00000004     dss_pe674.oe674 (.const:ti_sysbios_knl_Semaphore_A_overflow__C)
                  0081cdcc    00000004     dss_pe674.oe674 (.const:ti_sysbios_knl_Semaphore_A_pendTaskDisabled__C)
                  0081cdd0    00000004     dss_pe674.oe674 (.const:ti_sysbios_knl_Semaphore_Instance_State_pendQ__O)
                  0081cdd4    00000004     dss_pe674.oe674 (.const:ti_sysbios_knl_Semaphore_Module__diagsEnabled__C)
                  0081cdd8    00000004     dss_pe674.oe674 (.const:ti_sysbios_knl_Semaphore_Module__diagsIncluded__C)
                  0081cddc    00000004     dss_pe674.oe674 (.const:ti_sysbios_knl_Semaphore_Module__diagsMask__C)
                  0081cde0    00000004     dss_pe674.oe674 (.const:ti_sysbios_knl_Swi_Object__count__C)
                  0081cde4    00000004     dss_pe674.oe674 (.const:ti_sysbios_knl_Task_A_badPriority__C)
                  0081cde8    00000004     dss_pe674.oe674 (.const:ti_sysbios_knl_Task_A_badTaskState__C)
                  0081cdec    00000004     dss_pe674.oe674 (.const:ti_sysbios_knl_Task_A_badThreadType__C)
                  0081cdf0    00000004     dss_pe674.oe674 (.const:ti_sysbios_knl_Task_A_badTimeout__C)
                  0081cdf4    00000004     dss_pe674.oe674 (.const:ti_sysbios_knl_Task_A_noPendElem__C)
                  0081cdf8    00000004     dss_pe674.oe674 (.const:ti_sysbios_knl_Task_A_sleepTaskDisabled__C)
                  0081cdfc    00000004     dss_pe674.oe674 (.const:ti_sysbios_knl_Task_E_spOutOfBounds__C)
                  0081ce00    00000004     dss_pe674.oe674 (.const:ti_sysbios_knl_Task_E_stackOverflow__C)
                  0081ce04    00000004     dss_pe674.oe674 (.const:ti_sysbios_knl_Task_Module_State_inactiveQ__O)
                  0081ce08    00000004     dss_pe674.oe674 (.const:ti_sysbios_knl_Task_Module__diagsEnabled__C)
                  0081ce0c    00000004     dss_pe674.oe674 (.const:ti_sysbios_knl_Task_Module__diagsIncluded__C)
                  0081ce10    00000004     dss_pe674.oe674 (.const:ti_sysbios_knl_Task_Module__diagsMask__C)
                  0081ce14    00000004     dss_pe674.oe674 (.const:ti_sysbios_knl_Task_Object__count__C)
                  0081ce18    00000004     dss_pe674.oe674 (.const:ti_sysbios_knl_Task_Object__heap__C)
                  0081ce1c    00000004     dss_pe674.oe674 (.const:ti_sysbios_knl_Task_allBlockedFunc__C)
                  0081ce20    00000004     dss_pe674.oe674 (.const:ti_sysbios_knl_Task_defaultStackHeap__C)
                  0081ce24    00000004     dss_pe674.oe674 (.const:ti_sysbios_knl_Task_defaultStackSize__C)
                  0081ce28    00000004     dss_pe674.oe674 (.const:ti_sysbios_knl_Task_numConstructedTasks__C)
                  0081ce2c    00000004     dss_pe674.oe674 (.const:ti_sysbios_timers_rti_Timer_E_cannotSupport__C)
                  0081ce30    00000004     dss_pe674.oe674 (.const:ti_sysbios_timers_rti_Timer_Module__diagsEnabled__C)
                  0081ce34    00000004     dss_pe674.oe674 (.const:ti_sysbios_timers_rti_Timer_Module__diagsIncluded__C)
                  0081ce38    00000004     dss_pe674.oe674 (.const:ti_sysbios_timers_rti_Timer_Module__diagsMask__C)
                  0081ce3c    00000004     dss_pe674.oe674 (.const:ti_sysbios_timers_rti_Timer_numTimerDevices__C)
                  0081ce40    00000004     dss_pe674.oe674 (.const:ti_sysbios_timers_rti_Timer_startupNeeded__C)
                  0081ce44    00000004     dss_pe674.oe674 (.const:ti_sysbios_utils_Load_Module_State_taskList__O)
                  0081ce48    00000004     dss_pe674.oe674 (.const:ti_sysbios_utils_Load_Module__diagsEnabled__C)
                  0081ce4c    00000004     dss_pe674.oe674 (.const:ti_sysbios_utils_Load_Module__diagsIncluded__C)
                  0081ce50    00000004     dss_pe674.oe674 (.const:ti_sysbios_utils_Load_Module__diagsMask__C)
                  0081ce54    00000004     dss_pe674.oe674 (.const:ti_sysbios_utils_Load_postUpdate__C)
                  0081ce58    00000004     dss_pe674.oe674 (.const:ti_sysbios_utils_Load_windowInMs__C)
                  0081ce5c    00000004     dss_pe674.oe674 (.const:xdc_runtime_Assert_E_assertFailed__C)
                  0081ce60    00000004     dss_pe674.oe674 (.const:xdc_runtime_Core_A_initializedParams__C)
                  0081ce64    00000004     dss_pe674.oe674 (.const:xdc_runtime_Core_Module__diagsEnabled__C)
                  0081ce68    00000004     dss_pe674.oe674 (.const:xdc_runtime_Core_Module__diagsIncluded__C)
                  0081ce6c    00000004     dss_pe674.oe674 (.const:xdc_runtime_Core_Module__diagsMask__C)
                  0081ce70    00000004     dss_pe674.oe674 (.const:xdc_runtime_Error_E_memory__C)
                  0081ce74    00000004     dss_pe674.oe674 (.const:xdc_runtime_Error_policyFxn__C)
                  0081ce78    00000004     dss_pe674.oe674 (.const:xdc_runtime_Error_policy__C)
                  0081ce7c    00000004     dss_pe674.oe674 (.const:xdc_runtime_Error_raiseHook__C)
                  0081ce80    00000004     dss_pe674.oe674 (.const:xdc_runtime_IGateProvider_Interface__BASE__C)
                  0081ce84    00000004     dss_pe674.oe674 (.const:xdc_runtime_IHeap_Interface__BASE__C)
                  0081ce88    00000004     dss_pe674.oe674 (.const:xdc_runtime_IModule_Interface__BASE__C)
                  0081ce8c    00000004     dss_pe674.oe674 (.const:xdc_runtime_Memory_defaultHeapInstance__C)
                  0081ce90    00000004     dss_pe674.oe674 (.const:xdc_runtime_Startup_execImpl__C)
                  0081ce94    00000004     dss_pe674.oe674 (.const:xdc_runtime_Startup_maxPasses__C)
                  0081ce98    00000004     dss_pe674.oe674 (.const:xdc_runtime_Startup_sfxnRts__C)
                  0081ce9c    00000004     dss_pe674.oe674 (.const:xdc_runtime_Startup_sfxnTab__C)
                  0081cea0    00000004     dss_pe674.oe674 (.const:xdc_runtime_System_Module__gateObj__C)
                  0081cea4    00000004     dss_pe674.oe674 (.const:xdc_runtime_System_abortFxn__C)
                  0081cea8    00000004     dss_pe674.oe674 (.const:xdc_runtime_System_exitFxn__C)
                  0081ceac    00000004     dss_pe674.oe674 (.const:xdc_runtime_System_extendFxn__C)
                  0081ceb0    00000004     dss_pe674.oe674 (.const:xdc_runtime_System_maxAtexitHandlers__C)
                  0081ceb4    00000004     dss_pe674.oe674 (.const:xdc_runtime_Text_charTab__C)
                  0081ceb8    00000004     dss_pe674.oe674 (.const:xdc_runtime_Text_nameEmpty__C)
                  0081cebc    00000004     dss_pe674.oe674 (.const:xdc_runtime_Text_nameStatic__C)
                  0081cec0    00000004     dss_pe674.oe674 (.const:xdc_runtime_Text_nameUnknown__C)
                  0081cec4    00000004     dss_pe674.oe674 (.const:xdc_runtime_Text_nodeTab__C)
                  0081cec8    00000004     dss_pe674.oe674 (.const:xdc_runtime_Text_visitRopeFxn__C)
                  0081cecc    00000002     dss_pe674.oe674 (.const:ti_sysbios_family_c64p_Exception_Module__id__C)
                  0081cece    00000002     dss_pe674.oe674 (.const:ti_sysbios_family_c64p_Exception_useInternalBuffer__C)
                  0081ced0    00000002     dss_pe674.oe674 (.const:ti_sysbios_gates_GateMutex_Module__id__C)
                  0081ced2    00000002     dss_pe674.oe674 (.const:ti_sysbios_hal_Hwi_Module__id__C)
                  0081ced4    00000002     dss_pe674.oe674 (.const:ti_sysbios_heaps_HeapMem_Module__id__C)
                  0081ced6    00000002     dss_pe674.oe674 (.const:ti_sysbios_knl_Semaphore_Module__id__C)
                  0081ced8    00000002     dss_pe674.oe674 (.const:ti_sysbios_knl_Task_Module__id__C)
                  0081ceda    00000002     dss_pe674.oe674 (.const:ti_sysbios_timers_rti_Timer_Module__id__C)
                  0081cedc    00000002     dss_pe674.oe674 (.const:ti_sysbios_timers_rti_Timer_continueOnSuspend__C)
                  0081cede    00000002     dss_pe674.oe674 (.const:ti_sysbios_utils_Load_Module__id__C)
                  0081cee0    00000002     dss_pe674.oe674 (.const:ti_sysbios_utils_Load_autoAddTasks__C)
                  0081cee2    00000002     dss_pe674.oe674 (.const:ti_sysbios_utils_Load_updateInIdle__C)
                  0081cee4    00000002     dss_pe674.oe674 (.const:xdc_runtime_Core_Module__id__C)
                  0081cee6    00000002     dss_pe674.oe674 (.const:xdc_runtime_Error_maxDepth__C)
[...]
0081cc08  ti_sysbios_gates_GateHwi_Object__PARAMS__C                   
0081cc20  ti_sysbios_gates_GateMutex_Object__PARAMS__C                 
0081cc38  ti_sysbios_knl_Queue_Object__PARAMS__C                       
0081cc50  ti_sysbios_knl_Task_hooks__A                                 
0081cc68  xdc_runtime_Startup_sfxnRts__A                               
0081ccc4  ti_sysbios_family_c64p_Cache_MAR128_159__C                   
0081ccd8  ti_sysbios_family_c64p_EventCombiner_EVTMASK__C              
0081ccf4  ti_sysbios_family_c64p_Cache_MAR160_191__C                   
0081ccf8  ti_sysbios_knl_Idle_funcList__A                              
0081cd00  ti_sysbios_knl_Idle_funcList__C                              
0081cd08  ti_sysbios_knl_Task_hooks__C                                 
0081cd10  xdc_runtime_Startup_firstFxns__A                             
0081cd18  xdc_runtime_Startup_firstFxns__C                             
0081cd20  xdc_runtime_Startup_lastFxns__C                              
0081cd28  ti_sysbios_family_c64p_Cache_MAR192_223__C                   
0081cd2c  ti_sysbios_family_c64p_Cache_MAR224_255__C                   
0081cd30  ti_sysbios_family_c64p_Cache_MAR32_63__C                     
0081cd34  ti_sysbios_family_c64p_Cache_MAR64_95__C                     
0081cd38  ti_sysbios_family_c64p_Cache_MAR96_127__C                    
0081cd3c  ti_sysbios_family_c64p_EventCombiner_A_invalidEventId__C     
0081cd40  ti_sysbios_family_c64p_EventCombiner_EVTRegs__C              
0081cd44  ti_sysbios_family_c64p_EventCombiner_E_unpluggedEvent__C     
0081cd48  ti_sysbios_family_c64p_EventCombiner_Module__diagsEnabled__C 
0081cd4c  ti_sysbios_family_c64p_EventCombiner_Module__diagsIncluded__C
0081cd50  ti_sysbios_family_c64p_EventCombiner_Module__diagsMask__C    
0081cd54  ti_sysbios_family_c64p_Exception_E_exceptionMax__C           
0081cd58  ti_sysbios_family_c64p_Exception_exceptionHook__C            
0081cd5c  ti_sysbios_family_c64p_Exception_externalHook__C             
0081cd60  ti_sysbios_family_c64p_Exception_internalHook__C             
0081cd64  ti_sysbios_family_c64p_Exception_nmiHook__C                  
0081cd68  ti_sysbios_family_c64p_Hwi_INTRMUX1Address__C                
0081cd6c  ti_sysbios_gates_GateMutex_A_badContext__C                   
0081cd70  ti_sysbios_gates_GateMutex_Instance_State_sem__O             
0081cd74  ti_sysbios_gates_GateMutex_Module__diagsEnabled__C           
0081cd78  ti_sysbios_gates_GateMutex_Module__diagsIncluded__C          
0081cd7c  ti_sysbios_gates_GateMutex_Module__diagsMask__C              
0081cd80  ti_sysbios_hal_Hwi_E_stackOverflow__C                        
0081cd84  ti_sysbios_heaps_HeapBuf_Instance_State_freeList__O          
0081cd88  ti_sysbios_heaps_HeapBuf_Object__count__C                    
0081cd8c  ti_sysbios_heaps_HeapBuf_numConstructedHeaps__C              
0081cd90  ti_sysbios_heaps_HeapMem_A_align__C                          
0081cd94  ti_sysbios_heaps_HeapMem_A_heapSize__C                       
0081cd98  ti_sysbios_heaps_HeapMem_A_invalidFree__C                    
0081cd9c  ti_sysbios_heaps_HeapMem_A_zeroBlock__C                      
0081cda0  ti_sysbios_heaps_HeapMem_E_memory__C                         
0081cda4  ti_sysbios_heaps_HeapMem_Module__diagsEnabled__C             
0081cda8  ti_sysbios_heaps_HeapMem_Module__diagsIncluded__C            
0081cdac  ti_sysbios_heaps_HeapMem_Module__diagsMask__C                
0081cdb0  ti_sysbios_heaps_HeapMem_Module__gateObj__C                  
0081cdb4  ti_sysbios_heaps_HeapMem_Object__count__C                    
0081cdb8  ti_sysbios_heaps_HeapMem_reqAlign__C                         
0081cdbc  ti_sysbios_knl_Clock_Module_State_clockQ__O                  
0081cdc0  ti_sysbios_knl_Semaphore_A_badContext__C                     
0081cdc4  ti_sysbios_knl_Semaphore_A_noEvents__C                       
0081cdc8  ti_sysbios_knl_Semaphore_A_overflow__C                       
0081cdcc  ti_sysbios_knl_Semaphore_A_pendTaskDisabled__C               
0081cdd0  ti_sysbios_knl_Semaphore_Instance_State_pendQ__O             
0081cdd4  ti_sysbios_knl_Semaphore_Module__diagsEnabled__C             
0081cdd8  ti_sysbios_knl_Semaphore_Module__diagsIncluded__C            
0081cddc  ti_sysbios_knl_Semaphore_Module__diagsMask__C                
0081cde0  ti_sysbios_knl_Swi_Object__count__C                          
0081cde4  ti_sysbios_knl_Task_A_badPriority__C                         
0081cde8  ti_sysbios_knl_Task_A_badTaskState__C                        
0081cdec  ti_sysbios_knl_Task_A_badThreadType__C                       
0081cdf0  ti_sysbios_knl_Task_A_badTimeout__C                          
0081cdf4  ti_sysbios_knl_Task_A_noPendElem__C                          
0081cdf8  ti_sysbios_knl_Task_A_sleepTaskDisabled__C                   
0081cdfc  ti_sysbios_knl_Task_E_spOutOfBounds__C                       
0081ce00  ti_sysbios_knl_Task_E_stackOverflow__C                       
0081ce04  ti_sysbios_knl_Task_Module_State_inactiveQ__O                
0081ce08  ti_sysbios_knl_Task_Module__diagsEnabled__C                  
0081ce0c  ti_sysbios_knl_Task_Module__diagsIncluded__C                 
0081ce10  ti_sysbios_knl_Task_Module__diagsMask__C                     
0081ce14  ti_sysbios_knl_Task_Object__count__C                         
0081ce18  ti_sysbios_knl_Task_Object__heap__C                          
0081ce1c  ti_sysbios_knl_Task_allBlockedFunc__C                        
0081ce20  ti_sysbios_knl_Task_defaultStackHeap__C                      
0081ce24  ti_sysbios_knl_Task_defaultStackSize__C                      
0081ce28  ti_sysbios_knl_Task_numConstructedTasks__C                   
0081ce2c  ti_sysbios_timers_rti_Timer_E_cannotSupport__C               
0081ce30  ti_sysbios_timers_rti_Timer_Module__diagsEnabled__C          
0081ce34  ti_sysbios_timers_rti_Timer_Module__diagsIncluded__C         
0081ce38  ti_sysbios_timers_rti_Timer_Module__diagsMask__C             
0081ce3c  ti_sysbios_timers_rti_Timer_numTimerDevices__C               
0081ce40  ti_sysbios_timers_rti_Timer_startupNeeded__C                 
0081ce44  ti_sysbios_utils_Load_Module_State_taskList__O               
0081ce48  ti_sysbios_utils_Load_Module__diagsEnabled__C                
0081ce4c  ti_sysbios_utils_Load_Module__diagsIncluded__C               
0081ce50  ti_sysbios_utils_Load_Module__diagsMask__C                   
0081ce54  ti_sysbios_utils_Load_postUpdate__C                          
0081ce58  ti_sysbios_utils_Load_windowInMs__C                          
0081ce5c  xdc_runtime_Assert_E_assertFailed__C                         
0081ce60  xdc_runtime_Core_A_initializedParams__C                      
0081ce64  xdc_runtime_Core_Module__diagsEnabled__C                     
0081ce68  xdc_runtime_Core_Module__diagsIncluded__C                    
0081ce6c  xdc_runtime_Core_Module__diagsMask__C                        
0081ce70  xdc_runtime_Error_E_memory__C                                
0081ce74  xdc_runtime_Error_policyFxn__C                               
0081ce78  xdc_runtime_Error_policy__C                                  
0081ce7c  xdc_runtime_Error_raiseHook__C                               
0081ce80  xdc_runtime_IGateProvider_Interface__BASE__C                 
0081ce84  xdc_runtime_IHeap_Interface__BASE__C                         
0081ce88  xdc_runtime_IModule_Interface__BASE__C                       
0081ce8c  xdc_runtime_Memory_defaultHeapInstance__C                    
0081ce90  xdc_runtime_Startup_execImpl__C                              
0081ce94  xdc_runtime_Startup_maxPasses__C                             
0081ce98  xdc_runtime_Startup_sfxnRts__C                               
0081ce9c  xdc_runtime_Startup_sfxnTab__C                               
0081cea0  xdc_runtime_System_Module__gateObj__C                        
0081cea4  xdc_runtime_System_abortFxn__C                               
0081cea8  xdc_runtime_System_exitFxn__C                                
0081ceac  xdc_runtime_System_extendFxn__C                              
0081ceb0  xdc_runtime_System_maxAtexitHandlers__C                      
0081ceb4  xdc_runtime_Text_charTab__C                                  
0081ceb8  xdc_runtime_Text_nameEmpty__C                                
0081cebc  xdc_runtime_Text_nameStatic__C                               
0081cec0  xdc_runtime_Text_nameUnknown__C                              
0081cec4  xdc_runtime_Text_nodeTab__C                                  
0081cec8  xdc_runtime_Text_visitRopeFxn__C                             
0081cecc  ti_sysbios_family_c64p_Exception_Module__id__C               
0081cece  ti_sysbios_family_c64p_Exception_useInternalBuffer__C        
0081ced0  ti_sysbios_gates_GateMutex_Module__id__C                     
0081ced2  ti_sysbios_hal_Hwi_Module__id__C                             
0081ced4  ti_sysbios_heaps_HeapMem_Module__id__C                       
0081ced6  ti_sysbios_knl_Semaphore_Module__id__C                       
0081ced8  ti_sysbios_knl_Task_Module__id__C                            
0081ceda  ti_sysbios_timers_rti_Timer_Module__id__C                    
0081cedc  ti_sysbios_timers_rti_Timer_continueOnSuspend__C             
0081cede  ti_sysbios_utils_Load_Module__id__C                          
0081cee0  ti_sysbios_utils_Load_autoAddTasks__C                        
0081cee2  ti_sysbios_utils_Load_updateInIdle__C                        
0081cee4  xdc_runtime_Core_Module__id__C                               
0081cee6  xdc_runtime_Error_maxDepth__C                                
0081cee8  xdc_runtime_Main_Module__id__C                               
0081ceea  xdc_runtime_Memory_Module__id__C                             
0081ceec  xdc_runtime_Text_charCnt__C                                  
0081ceee  xdc_runtime_Text_isLoaded__C                                 
0081cef0  xdc_runtime_Text_registryModsLastId__C                       
0081cef2  xdc_runtime_Text_unnamedModsLastId__C                        
0081cef8  ti_sysbios_family_c64p_EventCombiner_Module__state__V        
0081d2f8  _ftable                                                      
0081d4d8  _stream                                                      
0081d578  ti_sysbios_utils_Load_Module__state__V                       
0081d698  ti_sysbios_knl_Swi_Module_State_0_readyQ__A                  
0081d718  ti_sysbios_knl_Task_Module_State_0_readyQ__A                 
0081d798  _device                                                      
0081d810  ti_sysbios_family_c64p_Hwi_Object__table__V                  
0081d888  ti_sysbios_family_c64p_Hwi_Module__state__V                  
0081d8f4  _lock                                                        
0081d958  ti_sysbios_knl_Task_Object__table__V                         
0081d9b4  gMailboxMCB                                                  
0081da04  ti_sysbios_knl_Task_Module__state__V                         
0081da4c  _unlock                                                      
0081db10  SOC_TranslateAddr_LUT                                        
0081db90  ti_sysbios_gates_GateMutex_Object__table__V                  
0081dbd0  ti_sysbios_timers_rti_Timer_Object__table__V                 
0081dc0c  __TI_ft_end                                                  
0081dc48  ti_sysbios_family_c64p_Exception_Module__state__V            
0081dc78  ti_sysbios_knl_Swi_Object__table__V                          
0081dca8  ti_sysbios_knl_Clock_Module__state__V                        
0081dcd4  gDPC_ObjectDetectionCfg                                      
0081dcf8  ti_sysbios_BIOS_Module__state__V                             
0081dd1c  __errno                                                      
0081dd1c  errno                                                        
0081dd60  xdc_runtime_Error_IgnoreBlock                                
0081dd80  xdc_runtime_System_Module_State_0_atexitHandlers__A          
0081dda0  ti_sysbios_knl_Swi_Module__state__V                          
0081ddc0  ti_sysbios_utils_Load_Module_State_0_taskEnv__A              
0081de10  gMailboxDssBssHwCfg                                          
0081de28  gMailboxDssMssHwCfg                                          
0081de40  gSOCHwAttrib                                                 
0081de58  ti_sysbios_heaps_HeapMem_Object__table__V                    
0081de70  ti_sysbios_timers_rti_Timer_Module_State_0_device__A         
0081de88  gDPMRemoteTable                                              
0081de9c  ti_sysbios_family_c64p_Cache_Module__state__V                
0081dea0  ti_sysbios_timers_rti_Timer_Module_State_0_intFreqs__A       
0081deb0  ti_sysbios_timers_rti_Timer_Module__state__V                 
0081dec0  __TI_cleanup_ptr                                             
0081dec4  __TI_dtors_ptr                                               
0081dec8  __TI_enable_exit_profile_output                              
0081decc  gDPMHwAttrib                                                 
0081ded4  ti_sysbios_gates_GateHwi_Module__root__V                     
0081dedc  ti_sysbios_gates_GateMutex_Module__root__V                   
0081dee4  ti_sysbios_heaps_HeapBuf_Module__state__V                    
0081dee8  ti_sysbios_hal_Hwi_Object__table__V                          
0081def0  ti_sysbios_heaps_HeapMem_Module__root__V                     
0081def8  ti_sysbios_knl_Queue_Module__root__V                         
0081df00  ti_sysbios_knl_Semaphore_Module__root__V                     
0081df08  ti_sysbios_knl_Task_Module__root__V                          
0081df10  ti_sysbios_timers_rti_Timer_Module_State_0_handles__A        
0081df18  xdc_runtime_Registry_Module__state__V                        
0081df20  xdc_runtime_Startup_Module__state__V                         
0081df28  xdc_runtime_System_Module__state__V                          
0081df30  ti_sysbios_gates_GateHwi_Object__table__V                    
0081df34  xdc_runtime_Memory_Module__state__V                          
0081df38  ti_sysbios_knl_Task_Module_State_0_idleTask__A               
0081df3c  xdc_runtime_Error_Module__state__V                           
0081df40  ti_sysbios_utils_Load_Module_State_0_runningTask__A          
0081df48  ti_sysbios_utils_Load_Module_State_0_taskStartTime__A        
0081df50  _stack                                                       
0081e750  __CIOBUF_                                                    
0081e750  __TI_STACK_END                                               
0081e950  __TI_STATIC_BASE                                             
0081e950  gMCPILogMessageSize                                          
0081e954  gNumSubFrames                                                
0081e955  gReadTestConfigFromBinFile                                   
0081e958  gMaxL3RamUsage                                               
0081e95c  gMaxL3RamUsageTestId                                         
0081e960  gMaxL2Usage                                                  
0081e964  gMaxL2UsageTestId                                            
0081e968  gMaxL1Usage                                                  
0081e96c  gMaxL1UsageTestId                                            
0081e978  gDPM                                                         
0081e97c  regionId                                                     
0081e984  MCPI_FailSignature                                           
0081e988  gObjDetObj                                                   
0081e98c  socHandle                                                    
0081e990  gCurrTestId                                                  
0081e992  MCPI_Result                                                  
00f00000  gObjectDetection_Test_L1RamHeap                              
20000000  gFrameConfig                                                 
20006de0  ObjectDetection_Test_task                                    
20007b20  ObjectDetection_Test_setProfile                              
20008160  ObjectDetection_Test_CompareToRef                            
20008500  ObjectDetection_Test_configDPC                               
200086c0  ObjectDetection_Test_printAndCheckResults                    
20008a00  ObjectDetection_Test_DPCInit                                 
20008b80  ObjectDetection_Test_edmaOpen                                
20008d00  ObjectDetection_Test_convertCoordinates                      
20008f40  main                                                         
20009020  ObjectDetection_Test_edmaInit                                
200090c0  ObjectDetection_Test_DPCDeinit                               
20009140  ObjectDetection_Test_startDPC                                
200091c0  ObjectDetection_Test_stopDPC                                 
20009240  ObjectDetection_Test_trigFrameStart                          
200092c0  ObjectDetection_Test_EDMA_errorCallbackFxn                   
20009320  ObjectDetection_Test_EDMA_transferControllerErrorCallbackFxn 
20009380  ObjectDetection_Test_edmaClose                               
20009840  MCPI_setFeatureTestResult                                    
20009aa0  MCPI_Initialize                                              
20009ae0  MCPI_setTestResult                                           
20009b20  genChirpData                                                 
2000a380  initFrameData                                                
2000a660  GaussianNoise                                                
2000a7e0  RandSimple                                                   
2000a8a0  __TI_printfi                                                 
2000de60  pow                                                          
2000de60  powl                                                         
2000e6a0  __c6xabi_divd                                                
2000eca0  __c6xabi_divull                                              
2000ef00  __c6xabi_divlli                                              
2000f040  __c6xabi_remlli                                              
2000f0a0  _subcull                                                     
2000f300  fopen                                                        
2000f420  __TI_cleanup                                                 
2000f4e0  __TI_closefile                                               
2000f5e0  fclose                                                       
2000f6e0  fread                                                        
2000f920  atan                                                         
2000f920  atanl                                                        
2000fb20  gObjectDetection_Test_L3Heap                                 
21080000  gObjectDetection_Test_chirpData                              
21084000  MCPI_logMessage                                              
ffffffff  __TI_pprof_out_hndl                                          
ffffffff  __TI_prof_data_size                                          
ffffffff  __TI_prof_data_start                                         
ffffffff  __binit__                                                    
ffffffff  __c_args__                                                   
ffffffff  binit                                                        
UNDEFED   __TI_CINIT_Base                                              
UNDEFED   __TI_CINIT_Limit                                             
UNDEFED   __TI_Handler_Table_Base                                      
UNDEFED   __TI_Handler_Table_Limit                                     
UNDEFED   __TI_INITARRAY_Base                                          
UNDEFED   __TI_INITARRAY_Limit                                         
UNDEFED   __TI_TLS_INIT_Base                                           
UNDEFED   __TI_TLS_INIT_Limit                                          

[827 symbols]
